2018-04-21 00:00:29.792 48014 INFO rally.task.engine [-] Task 8548a7d9-c020-4238-9f2f-6cdb36f98156 | Starting:  Task validation.
2018-04-21 00:00:29.803 48014 INFO rally.task.engine [-] Task 8548a7d9-c020-4238-9f2f-6cdb36f98156 | Starting:  Task validation of syntax.
2018-04-21 00:00:29.835 48014 INFO rally.task.engine [-] Task 8548a7d9-c020-4238-9f2f-6cdb36f98156 | Completed: Task validation of syntax.
2018-04-21 00:00:29.835 48014 INFO rally.task.engine [-] Task 8548a7d9-c020-4238-9f2f-6cdb36f98156 | Starting:  Task validation of required platforms.
2018-04-21 00:00:29.849 48014 INFO rally.task.engine [-] Task 8548a7d9-c020-4238-9f2f-6cdb36f98156 | Completed: Task validation of required platforms.
2018-04-21 00:00:29.849 48014 INFO rally.task.engine [-] Task 8548a7d9-c020-4238-9f2f-6cdb36f98156 | Starting:  Task validation of semantic.
2018-04-21 00:00:32.827 48014 INFO rally.task.context [-] Task 8548a7d9-c020-4238-9f2f-6cdb36f98156 | Context users@openstack setup()  finished in 2.25 sec
2018-04-21 00:00:35.476 48014 INFO rally.task.context [-] Task 8548a7d9-c020-4238-9f2f-6cdb36f98156 | Context users@openstack cleanup() started
2018-04-21 00:00:38.936 48014 INFO rally.task.context [-] Task 8548a7d9-c020-4238-9f2f-6cdb36f98156 | Context users@openstack cleanup() finished in 3.46 sec
2018-04-21 00:00:38.937 48014 INFO rally.task.engine [-] Task 8548a7d9-c020-4238-9f2f-6cdb36f98156 | Completed: Task validation of semantic.
2018-04-21 00:00:38.937 48014 INFO rally.task.engine [-] Task 8548a7d9-c020-4238-9f2f-6cdb36f98156 | Completed: Task validation.
2018-04-21 00:00:38.937 48014 INFO rally.api [-] Task 8548a7d9-c020-4238-9f2f-6cdb36f98156 input file is valid.
2018-04-21 00:00:38.938 48014 INFO rally.api [-] Run Task 8548a7d9-c020-4238-9f2f-6cdb36f98156 against Deployment ab52c4ca-1635-4294-83f0-32b091812a67
2018-04-21 00:00:38.938 48014 INFO rally.task.engine [-] Task 8548a7d9-c020-4238-9f2f-6cdb36f98156 | Starting:  Running task.
2018-04-21 00:00:38.997 48014 INFO rally.task.engine [-] Running workload: 
  position = 0
  config = {
   "version": 2, 
   "title": "A cropped version of a bigger task.", 
   "description": "Auto-generated task from a single workload (uuid=aad81e42-4d27-46b1-92b3-c800ecc66b85)", 
   "subtasks": [
      {
         "title": "NovaServers.boot_and_delete_server", 
         "description": "Boot and delete a server.", 
         "scenario": {
            "NovaServers.boot_and_delete_server": {
               "flavor": {
                  "name": "m1.medium"
               }, 
               "image": {
                  "name": "Ubuntu 16.04"
               }, 
               "force_delete": false
            }
         }, 
         "contexts": {
            "users": {
               "tenants": 3, 
               "users_per_tenant": 5
            }
         }, 
         "runner": {
            "constant": {
               "times": 200, 
               "concurrency": 10
            }
         }, 
         "hooks": [], 
         "sla": {
            "failure_rate": {
               "max": 0
            }
         }
      }
   ]
}
2018-04-21 00:00:42.113 48014 INFO rally.task.context [-] Task 8548a7d9-c020-4238-9f2f-6cdb36f98156 | Context users@openstack setup()  finished in 3.08 sec
2018-04-21 00:00:42.114 48014 INFO rally.task.context [-] Task 8548a7d9-c020-4238-9f2f-6cdb36f98156 | Context cleanup@openstack setup()  finished in 0.03 msec
2018-04-21 00:00:42.789 48142 INFO rally.task.runner [-] Task 8548a7d9-c020-4238-9f2f-6cdb36f98156 | ITER: 1 START
2018-04-21 00:00:42.794 48144 INFO rally.task.runner [-] Task 8548a7d9-c020-4238-9f2f-6cdb36f98156 | ITER: 3 START
2018-04-21 00:00:42.795 48143 INFO rally.task.runner [-] Task 8548a7d9-c020-4238-9f2f-6cdb36f98156 | ITER: 2 START
2018-04-21 00:00:42.798 48145 INFO rally.task.runner [-] Task 8548a7d9-c020-4238-9f2f-6cdb36f98156 | ITER: 4 START
2018-04-21 00:00:42.807 48154 INFO rally.task.runner [-] Task 8548a7d9-c020-4238-9f2f-6cdb36f98156 | ITER: 7 START
2018-04-21 00:00:42.807 48148 INFO rally.task.runner [-] Task 8548a7d9-c020-4238-9f2f-6cdb36f98156 | ITER: 5 START
2018-04-21 00:00:42.807 48151 INFO rally.task.runner [-] Task 8548a7d9-c020-4238-9f2f-6cdb36f98156 | ITER: 6 START
2018-04-21 00:00:42.808 48157 INFO rally.task.runner [-] Task 8548a7d9-c020-4238-9f2f-6cdb36f98156 | ITER: 8 START
2018-04-21 00:00:42.811 48159 INFO rally.task.runner [-] Task 8548a7d9-c020-4238-9f2f-6cdb36f98156 | ITER: 9 START
2018-04-21 00:00:42.813 48160 INFO rally.task.runner [-] Task 8548a7d9-c020-4238-9f2f-6cdb36f98156 | ITER: 10 START
2018-04-21 00:02:05.239 48145 INFO rally.task.runner [-] Task 8548a7d9-c020-4238-9f2f-6cdb36f98156 | ITER: 4 END: OK
2018-04-21 00:02:05.248 48145 INFO rally.task.runner [-] Task 8548a7d9-c020-4238-9f2f-6cdb36f98156 | ITER: 11 START
2018-04-21 00:02:07.287 48142 INFO rally.task.runner [-] Task 8548a7d9-c020-4238-9f2f-6cdb36f98156 | ITER: 1 END: OK
2018-04-21 00:02:07.300 48142 INFO rally.task.runner [-] Task 8548a7d9-c020-4238-9f2f-6cdb36f98156 | ITER: 12 START
2018-04-21 00:02:07.348 48148 INFO rally.task.runner [-] Task 8548a7d9-c020-4238-9f2f-6cdb36f98156 | ITER: 5 END: OK
2018-04-21 00:02:07.356 48148 INFO rally.task.runner [-] Task 8548a7d9-c020-4238-9f2f-6cdb36f98156 | ITER: 13 START
2018-04-21 00:02:07.380 48143 INFO rally.task.runner [-] Task 8548a7d9-c020-4238-9f2f-6cdb36f98156 | ITER: 2 END: OK
2018-04-21 00:02:07.389 48143 INFO rally.task.runner [-] Task 8548a7d9-c020-4238-9f2f-6cdb36f98156 | ITER: 14 START
2018-04-21 00:02:07.419 48159 INFO rally.task.runner [-] Task 8548a7d9-c020-4238-9f2f-6cdb36f98156 | ITER: 9 END: OK
2018-04-21 00:02:07.426 48159 INFO rally.task.runner [-] Task 8548a7d9-c020-4238-9f2f-6cdb36f98156 | ITER: 15 START
2018-04-21 00:02:07.583 48160 INFO rally.task.runner [-] Task 8548a7d9-c020-4238-9f2f-6cdb36f98156 | ITER: 10 END: OK
2018-04-21 00:02:07.588 48151 INFO rally.task.runner [-] Task 8548a7d9-c020-4238-9f2f-6cdb36f98156 | ITER: 6 END: OK
2018-04-21 00:02:07.591 48160 INFO rally.task.runner [-] Task 8548a7d9-c020-4238-9f2f-6cdb36f98156 | ITER: 16 START
2018-04-21 00:02:07.596 48151 INFO rally.task.runner [-] Task 8548a7d9-c020-4238-9f2f-6cdb36f98156 | ITER: 17 START
2018-04-21 00:02:21.208 48154 INFO rally.task.runner [-] Task 8548a7d9-c020-4238-9f2f-6cdb36f98156 | ITER: 7 END: OK
2018-04-21 00:02:21.216 48154 INFO rally.task.runner [-] Task 8548a7d9-c020-4238-9f2f-6cdb36f98156 | ITER: 18 START
2018-04-21 00:02:21.312 48144 INFO rally.task.runner [-] Task 8548a7d9-c020-4238-9f2f-6cdb36f98156 | ITER: 3 END: OK
2018-04-21 00:02:21.321 48144 INFO rally.task.runner [-] Task 8548a7d9-c020-4238-9f2f-6cdb36f98156 | ITER: 19 START
2018-04-21 00:02:23.604 48157 INFO rally.task.runner [-] Task 8548a7d9-c020-4238-9f2f-6cdb36f98156 | ITER: 8 END: OK
2018-04-21 00:02:23.612 48157 INFO rally.task.runner [-] Task 8548a7d9-c020-4238-9f2f-6cdb36f98156 | ITER: 20 START
2018-04-21 00:03:06.696 48145 INFO rally.task.runner [-] Task 8548a7d9-c020-4238-9f2f-6cdb36f98156 | ITER: 11 END: OK
2018-04-21 00:03:06.702 48145 INFO rally.task.runner [-] Task 8548a7d9-c020-4238-9f2f-6cdb36f98156 | ITER: 21 START
2018-04-21 00:03:16.126 48142 INFO rally.task.runner [-] Task 8548a7d9-c020-4238-9f2f-6cdb36f98156 | ITER: 12 END: OK
2018-04-21 00:03:16.133 48142 INFO rally.task.runner [-] Task 8548a7d9-c020-4238-9f2f-6cdb36f98156 | ITER: 22 START
2018-04-21 00:03:17.956 48143 INFO rally.task.runner [-] Task 8548a7d9-c020-4238-9f2f-6cdb36f98156 | ITER: 14 END: OK
2018-04-21 00:03:17.963 48143 INFO rally.task.runner [-] Task 8548a7d9-c020-4238-9f2f-6cdb36f98156 | ITER: 23 START
2018-04-21 00:03:20.448 48148 INFO rally.task.runner [-] Task 8548a7d9-c020-4238-9f2f-6cdb36f98156 | ITER: 13 END: OK
2018-04-21 00:03:20.455 48148 INFO rally.task.runner [-] Task 8548a7d9-c020-4238-9f2f-6cdb36f98156 | ITER: 24 START
2018-04-21 00:03:20.593 48160 INFO rally.task.runner [-] Task 8548a7d9-c020-4238-9f2f-6cdb36f98156 | ITER: 16 END: OK
2018-04-21 00:03:20.599 48160 INFO rally.task.runner [-] Task 8548a7d9-c020-4238-9f2f-6cdb36f98156 | ITER: 25 START
2018-04-21 00:03:20.685 48151 INFO rally.task.runner [-] Task 8548a7d9-c020-4238-9f2f-6cdb36f98156 | ITER: 17 END: OK
2018-04-21 00:03:20.692 48151 INFO rally.task.runner [-] Task 8548a7d9-c020-4238-9f2f-6cdb36f98156 | ITER: 26 START
2018-04-21 00:03:20.764 48159 INFO rally.task.runner [-] Task 8548a7d9-c020-4238-9f2f-6cdb36f98156 | ITER: 15 END: OK
2018-04-21 00:03:20.770 48159 INFO rally.task.runner [-] Task 8548a7d9-c020-4238-9f2f-6cdb36f98156 | ITER: 27 START
2018-04-21 00:03:29.598 48154 INFO rally.task.runner [-] Task 8548a7d9-c020-4238-9f2f-6cdb36f98156 | ITER: 18 END: OK
2018-04-21 00:03:29.604 48154 INFO rally.task.runner [-] Task 8548a7d9-c020-4238-9f2f-6cdb36f98156 | ITER: 28 START
2018-04-21 00:03:29.751 48144 INFO rally.task.runner [-] Task 8548a7d9-c020-4238-9f2f-6cdb36f98156 | ITER: 19 END: OK
2018-04-21 00:03:29.758 48144 INFO rally.task.runner [-] Task 8548a7d9-c020-4238-9f2f-6cdb36f98156 | ITER: 29 START
2018-04-21 00:03:29.768 48157 INFO rally.task.runner [-] Task 8548a7d9-c020-4238-9f2f-6cdb36f98156 | ITER: 20 END: OK
2018-04-21 00:03:29.774 48157 INFO rally.task.runner [-] Task 8548a7d9-c020-4238-9f2f-6cdb36f98156 | ITER: 30 START
2018-04-21 00:03:47.513 48145 INFO rally.task.runner [-] Task 8548a7d9-c020-4238-9f2f-6cdb36f98156 | ITER: 21 END: OK
2018-04-21 00:03:47.519 48145 INFO rally.task.runner [-] Task 8548a7d9-c020-4238-9f2f-6cdb36f98156 | ITER: 31 START
2018-04-21 00:04:17.289 48142 INFO rally.task.runner [-] Task 8548a7d9-c020-4238-9f2f-6cdb36f98156 | ITER: 22 END: OK
2018-04-21 00:04:17.297 48142 INFO rally.task.runner [-] Task 8548a7d9-c020-4238-9f2f-6cdb36f98156 | ITER: 32 START
2018-04-21 00:04:19.664 48143 INFO rally.task.runner [-] Task 8548a7d9-c020-4238-9f2f-6cdb36f98156 | ITER: 23 END: OK
2018-04-21 00:04:19.673 48143 INFO rally.task.runner [-] Task 8548a7d9-c020-4238-9f2f-6cdb36f98156 | ITER: 33 START
2018-04-21 00:04:29.083 48151 INFO rally.task.runner [-] Task 8548a7d9-c020-4238-9f2f-6cdb36f98156 | ITER: 26 END: OK
2018-04-21 00:04:29.089 48151 INFO rally.task.runner [-] Task 8548a7d9-c020-4238-9f2f-6cdb36f98156 | ITER: 34 START
2018-04-21 00:04:30.789 48148 INFO rally.task.runner [-] Task 8548a7d9-c020-4238-9f2f-6cdb36f98156 | ITER: 24 END: OK
2018-04-21 00:04:30.797 48148 INFO rally.task.runner [-] Task 8548a7d9-c020-4238-9f2f-6cdb36f98156 | ITER: 35 START
2018-04-21 00:04:30.909 48160 INFO rally.task.runner [-] Task 8548a7d9-c020-4238-9f2f-6cdb36f98156 | ITER: 25 END: OK
2018-04-21 00:04:30.915 48160 INFO rally.task.runner [-] Task 8548a7d9-c020-4238-9f2f-6cdb36f98156 | ITER: 36 START
2018-04-21 00:04:32.092 48159 INFO rally.task.runner [-] Task 8548a7d9-c020-4238-9f2f-6cdb36f98156 | ITER: 27 END: OK
2018-04-21 00:04:32.098 48159 INFO rally.task.runner [-] Task 8548a7d9-c020-4238-9f2f-6cdb36f98156 | ITER: 37 START
2018-04-21 00:04:33.232 48145 INFO rally.task.runner [-] Task 8548a7d9-c020-4238-9f2f-6cdb36f98156 | ITER: 31 END: OK
2018-04-21 00:04:33.240 48145 INFO rally.task.runner [-] Task 8548a7d9-c020-4238-9f2f-6cdb36f98156 | ITER: 38 START
2018-04-21 00:04:37.685 48157 INFO rally.task.runner [-] Task 8548a7d9-c020-4238-9f2f-6cdb36f98156 | ITER: 30 END: OK
2018-04-21 00:04:37.692 48157 INFO rally.task.runner [-] Task 8548a7d9-c020-4238-9f2f-6cdb36f98156 | ITER: 39 START
2018-04-21 00:04:37.892 48154 INFO rally.task.runner [-] Task 8548a7d9-c020-4238-9f2f-6cdb36f98156 | ITER: 28 END: OK
2018-04-21 00:04:37.899 48154 INFO rally.task.runner [-] Task 8548a7d9-c020-4238-9f2f-6cdb36f98156 | ITER: 40 START
2018-04-21 00:04:38.204 48144 INFO rally.task.runner [-] Task 8548a7d9-c020-4238-9f2f-6cdb36f98156 | ITER: 29 END: OK
2018-04-21 00:04:38.211 48144 INFO rally.task.runner [-] Task 8548a7d9-c020-4238-9f2f-6cdb36f98156 | ITER: 41 START
2018-04-21 00:05:00.579 48142 INFO rally.task.runner [-] Task 8548a7d9-c020-4238-9f2f-6cdb36f98156 | ITER: 32 END: OK
2018-04-21 00:05:00.585 48142 INFO rally.task.runner [-] Task 8548a7d9-c020-4238-9f2f-6cdb36f98156 | ITER: 42 START
2018-04-21 00:05:07.789 48143 INFO rally.task.runner [-] Task 8548a7d9-c020-4238-9f2f-6cdb36f98156 | ITER: 33 END: OK
2018-04-21 00:05:07.795 48143 INFO rally.task.runner [-] Task 8548a7d9-c020-4238-9f2f-6cdb36f98156 | ITER: 43 START
2018-04-21 00:05:30.313 48151 INFO rally.task.runner [-] Task 8548a7d9-c020-4238-9f2f-6cdb36f98156 | ITER: 34 END: OK
2018-04-21 00:05:30.320 48151 INFO rally.task.runner [-] Task 8548a7d9-c020-4238-9f2f-6cdb36f98156 | ITER: 44 START
2018-04-21 00:05:36.965 48160 INFO rally.task.runner [-] Task 8548a7d9-c020-4238-9f2f-6cdb36f98156 | ITER: 36 END: OK
2018-04-21 00:05:36.971 48160 INFO rally.task.runner [-] Task 8548a7d9-c020-4238-9f2f-6cdb36f98156 | ITER: 45 START
2018-04-21 00:05:37.028 48148 INFO rally.task.runner [-] Task 8548a7d9-c020-4238-9f2f-6cdb36f98156 | ITER: 35 END: OK
2018-04-21 00:05:37.035 48148 INFO rally.task.runner [-] Task 8548a7d9-c020-4238-9f2f-6cdb36f98156 | ITER: 46 START
2018-04-21 00:05:40.419 48159 INFO rally.task.runner [-] Task 8548a7d9-c020-4238-9f2f-6cdb36f98156 | ITER: 37 END: OK
2018-04-21 00:05:40.425 48159 INFO rally.task.runner [-] Task 8548a7d9-c020-4238-9f2f-6cdb36f98156 | ITER: 47 START
2018-04-21 00:05:41.436 48144 INFO rally.task.runner [-] Task 8548a7d9-c020-4238-9f2f-6cdb36f98156 | ITER: 41 END: OK
2018-04-21 00:05:41.443 48144 INFO rally.task.runner [-] Task 8548a7d9-c020-4238-9f2f-6cdb36f98156 | ITER: 48 START
2018-04-21 00:05:41.684 48145 INFO rally.task.runner [-] Task 8548a7d9-c020-4238-9f2f-6cdb36f98156 | ITER: 38 END: OK
2018-04-21 00:05:41.689 48145 INFO rally.task.runner [-] Task 8548a7d9-c020-4238-9f2f-6cdb36f98156 | ITER: 49 START
2018-04-21 00:05:45.720 48154 INFO rally.task.runner [-] Task 8548a7d9-c020-4238-9f2f-6cdb36f98156 | ITER: 40 END: OK
2018-04-21 00:05:45.728 48154 INFO rally.task.runner [-] Task 8548a7d9-c020-4238-9f2f-6cdb36f98156 | ITER: 50 START
2018-04-21 00:05:46.046 48157 INFO rally.task.runner [-] Task 8548a7d9-c020-4238-9f2f-6cdb36f98156 | ITER: 39 END: OK
2018-04-21 00:05:46.052 48157 INFO rally.task.runner [-] Task 8548a7d9-c020-4238-9f2f-6cdb36f98156 | ITER: 51 START
2018-04-21 00:05:57.277 48142 INFO rally.task.runner [-] Task 8548a7d9-c020-4238-9f2f-6cdb36f98156 | ITER: 42 END: OK
2018-04-21 00:05:57.284 48142 INFO rally.task.runner [-] Task 8548a7d9-c020-4238-9f2f-6cdb36f98156 | ITER: 52 START
2018-04-21 00:05:59.916 48143 INFO rally.task.runner [-] Task 8548a7d9-c020-4238-9f2f-6cdb36f98156 | ITER: 43 END: OK
2018-04-21 00:05:59.922 48143 INFO rally.task.runner [-] Task 8548a7d9-c020-4238-9f2f-6cdb36f98156 | ITER: 53 START
2018-04-21 00:06:13.398 48151 INFO rally.task.runner [-] Task 8548a7d9-c020-4238-9f2f-6cdb36f98156 | ITER: 44 END: OK
2018-04-21 00:06:13.405 48151 INFO rally.task.runner [-] Task 8548a7d9-c020-4238-9f2f-6cdb36f98156 | ITER: 54 START
2018-04-21 00:06:36.381 48160 INFO rally.task.runner [-] Task 8548a7d9-c020-4238-9f2f-6cdb36f98156 | ITER: 45 END: OK
2018-04-21 00:06:36.388 48160 INFO rally.task.runner [-] Task 8548a7d9-c020-4238-9f2f-6cdb36f98156 | ITER: 55 START
2018-04-21 00:06:38.464 48148 INFO rally.task.runner [-] Task 8548a7d9-c020-4238-9f2f-6cdb36f98156 | ITER: 46 END: OK
2018-04-21 00:06:38.471 48148 INFO rally.task.runner [-] Task 8548a7d9-c020-4238-9f2f-6cdb36f98156 | ITER: 56 START
2018-04-21 00:06:48.863 48159 INFO rally.task.runner [-] Task 8548a7d9-c020-4238-9f2f-6cdb36f98156 | ITER: 47 END: OK
2018-04-21 00:06:48.869 48159 INFO rally.task.runner [-] Task 8548a7d9-c020-4238-9f2f-6cdb36f98156 | ITER: 57 START
2018-04-21 00:06:49.808 48145 INFO rally.task.runner [-] Task 8548a7d9-c020-4238-9f2f-6cdb36f98156 | ITER: 49 END: OK
2018-04-21 00:06:49.813 48145 INFO rally.task.runner [-] Task 8548a7d9-c020-4238-9f2f-6cdb36f98156 | ITER: 58 START
2018-04-21 00:06:49.823 48144 INFO rally.task.runner [-] Task 8548a7d9-c020-4238-9f2f-6cdb36f98156 | ITER: 48 END: OK
2018-04-21 00:06:49.830 48144 INFO rally.task.runner [-] Task 8548a7d9-c020-4238-9f2f-6cdb36f98156 | ITER: 59 START
2018-04-21 00:06:51.881 48154 INFO rally.task.runner [-] Task 8548a7d9-c020-4238-9f2f-6cdb36f98156 | ITER: 50 END: OK
2018-04-21 00:06:51.887 48154 INFO rally.task.runner [-] Task 8548a7d9-c020-4238-9f2f-6cdb36f98156 | ITER: 60 START
2018-04-21 00:06:52.150 48157 INFO rally.task.runner [-] Task 8548a7d9-c020-4238-9f2f-6cdb36f98156 | ITER: 51 END: OK
2018-04-21 00:06:52.160 48157 INFO rally.task.runner [-] Task 8548a7d9-c020-4238-9f2f-6cdb36f98156 | ITER: 61 START
2018-04-21 00:07:03.003 48142 INFO rally.task.runner [-] Task 8548a7d9-c020-4238-9f2f-6cdb36f98156 | ITER: 52 END: OK
2018-04-21 00:07:03.008 48142 INFO rally.task.runner [-] Task 8548a7d9-c020-4238-9f2f-6cdb36f98156 | ITER: 62 START
2018-04-21 00:07:03.516 48151 INFO rally.task.runner [-] Task 8548a7d9-c020-4238-9f2f-6cdb36f98156 | ITER: 54 END: OK
2018-04-21 00:07:03.522 48151 INFO rally.task.runner [-] Task 8548a7d9-c020-4238-9f2f-6cdb36f98156 | ITER: 63 START
2018-04-21 00:07:03.649 48143 INFO rally.task.runner [-] Task 8548a7d9-c020-4238-9f2f-6cdb36f98156 | ITER: 53 END: OK
2018-04-21 00:07:03.655 48143 INFO rally.task.runner [-] Task 8548a7d9-c020-4238-9f2f-6cdb36f98156 | ITER: 64 START
2018-04-21 00:07:22.010 48160 INFO rally.task.runner [-] Task 8548a7d9-c020-4238-9f2f-6cdb36f98156 | ITER: 55 END: OK
2018-04-21 00:07:22.016 48160 INFO rally.task.runner [-] Task 8548a7d9-c020-4238-9f2f-6cdb36f98156 | ITER: 65 START
2018-04-21 00:07:30.663 48148 INFO rally.task.runner [-] Task 8548a7d9-c020-4238-9f2f-6cdb36f98156 | ITER: 56 END: OK
2018-04-21 00:07:30.668 48148 INFO rally.task.runner [-] Task 8548a7d9-c020-4238-9f2f-6cdb36f98156 | ITER: 66 START
2018-04-21 00:07:50.197 48159 INFO rally.task.runner [-] Task 8548a7d9-c020-4238-9f2f-6cdb36f98156 | ITER: 57 END: OK
2018-04-21 00:07:50.203 48159 INFO rally.task.runner [-] Task 8548a7d9-c020-4238-9f2f-6cdb36f98156 | ITER: 67 START
2018-04-21 00:07:53.331 48144 INFO rally.task.runner [-] Task 8548a7d9-c020-4238-9f2f-6cdb36f98156 | ITER: 59 END: OK
2018-04-21 00:07:53.337 48144 INFO rally.task.runner [-] Task 8548a7d9-c020-4238-9f2f-6cdb36f98156 | ITER: 68 START
2018-04-21 00:07:53.443 48145 INFO rally.task.runner [-] Task 8548a7d9-c020-4238-9f2f-6cdb36f98156 | ITER: 58 END: OK
2018-04-21 00:07:53.448 48145 INFO rally.task.runner [-] Task 8548a7d9-c020-4238-9f2f-6cdb36f98156 | ITER: 69 START
2018-04-21 00:07:53.864 48157 INFO rally.task.runner [-] Task 8548a7d9-c020-4238-9f2f-6cdb36f98156 | ITER: 61 END: OK
2018-04-21 00:07:53.870 48157 INFO rally.task.runner [-] Task 8548a7d9-c020-4238-9f2f-6cdb36f98156 | ITER: 70 START
2018-04-21 00:07:55.250 48154 INFO rally.task.runner [-] Task 8548a7d9-c020-4238-9f2f-6cdb36f98156 | ITER: 60 END: OK
2018-04-21 00:07:55.256 48154 INFO rally.task.runner [-] Task 8548a7d9-c020-4238-9f2f-6cdb36f98156 | ITER: 71 START
2018-04-21 00:08:11.225 48142 INFO rally.task.runner [-] Task 8548a7d9-c020-4238-9f2f-6cdb36f98156 | ITER: 62 END: OK
2018-04-21 00:08:11.231 48142 INFO rally.task.runner [-] Task 8548a7d9-c020-4238-9f2f-6cdb36f98156 | ITER: 72 START
2018-04-21 00:08:11.973 48151 INFO rally.task.runner [-] Task 8548a7d9-c020-4238-9f2f-6cdb36f98156 | ITER: 63 END: OK
2018-04-21 00:08:11.980 48151 INFO rally.task.runner [-] Task 8548a7d9-c020-4238-9f2f-6cdb36f98156 | ITER: 73 START
2018-04-21 00:08:13.831 48143 INFO rally.task.runner [-] Task 8548a7d9-c020-4238-9f2f-6cdb36f98156 | ITER: 64 END: OK
2018-04-21 00:08:13.837 48143 INFO rally.task.runner [-] Task 8548a7d9-c020-4238-9f2f-6cdb36f98156 | ITER: 74 START
2018-04-21 00:08:21.032 48160 INFO rally.task.runner [-] Task 8548a7d9-c020-4238-9f2f-6cdb36f98156 | ITER: 65 END: OK
2018-04-21 00:08:21.037 48160 INFO rally.task.runner [-] Task 8548a7d9-c020-4238-9f2f-6cdb36f98156 | ITER: 75 START
2018-04-21 00:08:23.075 48148 INFO rally.task.runner [-] Task 8548a7d9-c020-4238-9f2f-6cdb36f98156 | ITER: 66 END: OK
2018-04-21 00:08:23.081 48148 INFO rally.task.runner [-] Task 8548a7d9-c020-4238-9f2f-6cdb36f98156 | ITER: 76 START
2018-04-21 00:08:40.219 48159 INFO rally.task.runner [-] Task 8548a7d9-c020-4238-9f2f-6cdb36f98156 | ITER: 67 END: OK
2018-04-21 00:08:40.226 48159 INFO rally.task.runner [-] Task 8548a7d9-c020-4238-9f2f-6cdb36f98156 | ITER: 77 START
2018-04-21 00:08:57.381 48157 INFO rally.task.runner [-] Task 8548a7d9-c020-4238-9f2f-6cdb36f98156 | ITER: 70 END: OK
2018-04-21 00:08:57.389 48157 INFO rally.task.runner [-] Task 8548a7d9-c020-4238-9f2f-6cdb36f98156 | ITER: 78 START
2018-04-21 00:08:58.769 48154 INFO rally.task.runner [-] Task 8548a7d9-c020-4238-9f2f-6cdb36f98156 | ITER: 71 END: OK
2018-04-21 00:08:58.774 48154 INFO rally.task.runner [-] Task 8548a7d9-c020-4238-9f2f-6cdb36f98156 | ITER: 79 START
2018-04-21 00:08:58.867 48145 INFO rally.task.runner [-] Task 8548a7d9-c020-4238-9f2f-6cdb36f98156 | ITER: 69 END: OK
2018-04-21 00:08:58.874 48145 INFO rally.task.runner [-] Task 8548a7d9-c020-4238-9f2f-6cdb36f98156 | ITER: 80 START
2018-04-21 00:08:59.039 48144 INFO rally.task.runner [-] Task 8548a7d9-c020-4238-9f2f-6cdb36f98156 | ITER: 68 END: OK
2018-04-21 00:08:59.051 48144 INFO rally.task.runner [-] Task 8548a7d9-c020-4238-9f2f-6cdb36f98156 | ITER: 81 START
2018-04-21 00:09:17.417 48142 INFO rally.task.runner [-] Task 8548a7d9-c020-4238-9f2f-6cdb36f98156 | ITER: 72 END: OK
2018-04-21 00:09:17.423 48142 INFO rally.task.runner [-] Task 8548a7d9-c020-4238-9f2f-6cdb36f98156 | ITER: 82 START
2018-04-21 00:09:18.031 48151 INFO rally.task.runner [-] Task 8548a7d9-c020-4238-9f2f-6cdb36f98156 | ITER: 73 END: OK
2018-04-21 00:09:18.042 48151 INFO rally.task.runner [-] Task 8548a7d9-c020-4238-9f2f-6cdb36f98156 | ITER: 83 START
2018-04-21 00:09:19.512 48143 INFO rally.task.runner [-] Task 8548a7d9-c020-4238-9f2f-6cdb36f98156 | ITER: 74 END: OK
2018-04-21 00:09:19.517 48143 INFO rally.task.runner [-] Task 8548a7d9-c020-4238-9f2f-6cdb36f98156 | ITER: 84 START
2018-04-21 00:09:22.255 48160 INFO rally.task.runner [-] Task 8548a7d9-c020-4238-9f2f-6cdb36f98156 | ITER: 75 END: OK
2018-04-21 00:09:22.261 48160 INFO rally.task.runner [-] Task 8548a7d9-c020-4238-9f2f-6cdb36f98156 | ITER: 85 START
2018-04-21 00:09:23.447 48159 INFO rally.task.runner [-] Task 8548a7d9-c020-4238-9f2f-6cdb36f98156 | ITER: 77 END: OK
2018-04-21 00:09:23.453 48159 INFO rally.task.runner [-] Task 8548a7d9-c020-4238-9f2f-6cdb36f98156 | ITER: 86 START
2018-04-21 00:09:24.591 48148 INFO rally.task.runner [-] Task 8548a7d9-c020-4238-9f2f-6cdb36f98156 | ITER: 76 END: OK
2018-04-21 00:09:24.596 48148 INFO rally.task.runner [-] Task 8548a7d9-c020-4238-9f2f-6cdb36f98156 | ITER: 87 START
2018-04-21 00:09:51.868 48157 INFO rally.task.runner [-] Task 8548a7d9-c020-4238-9f2f-6cdb36f98156 | ITER: 78 END: OK
2018-04-21 00:09:51.874 48157 INFO rally.task.runner [-] Task 8548a7d9-c020-4238-9f2f-6cdb36f98156 | ITER: 88 START
2018-04-21 00:09:58.290 48144 INFO rally.task.runner [-] Task 8548a7d9-c020-4238-9f2f-6cdb36f98156 | ITER: 81 END: OK
2018-04-21 00:09:58.296 48144 INFO rally.task.runner [-] Task 8548a7d9-c020-4238-9f2f-6cdb36f98156 | ITER: 89 START
2018-04-21 00:09:59.892 48154 INFO rally.task.runner [-] Task 8548a7d9-c020-4238-9f2f-6cdb36f98156 | ITER: 79 END: OK
2018-04-21 00:09:59.897 48154 INFO rally.task.runner [-] Task 8548a7d9-c020-4238-9f2f-6cdb36f98156 | ITER: 90 START
2018-04-21 00:10:00.188 48145 INFO rally.task.runner [-] Task 8548a7d9-c020-4238-9f2f-6cdb36f98156 | ITER: 80 END: OK
2018-04-21 00:10:00.193 48145 INFO rally.task.runner [-] Task 8548a7d9-c020-4238-9f2f-6cdb36f98156 | ITER: 91 START
2018-04-21 00:10:24.024 48151 INFO rally.task.runner [-] Task 8548a7d9-c020-4238-9f2f-6cdb36f98156 | ITER: 83 END: OK
2018-04-21 00:10:24.031 48151 INFO rally.task.runner [-] Task 8548a7d9-c020-4238-9f2f-6cdb36f98156 | ITER: 92 START
2018-04-21 00:10:25.309 48142 INFO rally.task.runner [-] Task 8548a7d9-c020-4238-9f2f-6cdb36f98156 | ITER: 82 END: OK
2018-04-21 00:10:25.314 48142 INFO rally.task.runner [-] Task 8548a7d9-c020-4238-9f2f-6cdb36f98156 | ITER: 93 START
2018-04-21 00:10:25.469 48143 INFO rally.task.runner [-] Task 8548a7d9-c020-4238-9f2f-6cdb36f98156 | ITER: 84 END: OK
2018-04-21 00:10:25.474 48143 INFO rally.task.runner [-] Task 8548a7d9-c020-4238-9f2f-6cdb36f98156 | ITER: 94 START
2018-04-21 00:10:25.572 48160 INFO rally.task.runner [-] Task 8548a7d9-c020-4238-9f2f-6cdb36f98156 | ITER: 85 END: OK
2018-04-21 00:10:25.578 48160 INFO rally.task.runner [-] Task 8548a7d9-c020-4238-9f2f-6cdb36f98156 | ITER: 95 START
2018-04-21 00:10:26.162 48148 INFO rally.task.runner [-] Task 8548a7d9-c020-4238-9f2f-6cdb36f98156 | ITER: 87 END: OK
2018-04-21 00:10:26.168 48148 INFO rally.task.runner [-] Task 8548a7d9-c020-4238-9f2f-6cdb36f98156 | ITER: 96 START
2018-04-21 00:10:27.168 48159 INFO rally.task.runner [-] Task 8548a7d9-c020-4238-9f2f-6cdb36f98156 | ITER: 86 END: OK
2018-04-21 00:10:27.174 48159 INFO rally.task.runner [-] Task 8548a7d9-c020-4238-9f2f-6cdb36f98156 | ITER: 97 START
2018-04-21 00:10:49.052 48157 INFO rally.task.runner [-] Task 8548a7d9-c020-4238-9f2f-6cdb36f98156 | ITER: 88 END: OK
2018-04-21 00:10:49.058 48157 INFO rally.task.runner [-] Task 8548a7d9-c020-4238-9f2f-6cdb36f98156 | ITER: 98 START
2018-04-21 00:10:56.681 48154 INFO rally.task.runner [-] Task 8548a7d9-c020-4238-9f2f-6cdb36f98156 | ITER: 90 END: OK
2018-04-21 00:10:56.687 48154 INFO rally.task.runner [-] Task 8548a7d9-c020-4238-9f2f-6cdb36f98156 | ITER: 99 START
2018-04-21 00:10:57.125 48145 INFO rally.task.runner [-] Task 8548a7d9-c020-4238-9f2f-6cdb36f98156 | ITER: 91 END: OK
2018-04-21 00:10:57.131 48145 INFO rally.task.runner [-] Task 8548a7d9-c020-4238-9f2f-6cdb36f98156 | ITER: 100 START
2018-04-21 00:10:57.463 48144 INFO rally.task.runner [-] Task 8548a7d9-c020-4238-9f2f-6cdb36f98156 | ITER: 89 END: OK
2018-04-21 00:10:57.472 48144 INFO rally.task.runner [-] Task 8548a7d9-c020-4238-9f2f-6cdb36f98156 | ITER: 101 START
2018-04-21 00:11:20.687 48151 INFO rally.task.runner [-] Task 8548a7d9-c020-4238-9f2f-6cdb36f98156 | ITER: 92 END: OK
2018-04-21 00:11:20.693 48151 INFO rally.task.runner [-] Task 8548a7d9-c020-4238-9f2f-6cdb36f98156 | ITER: 102 START
2018-04-21 00:11:28.963 48142 INFO rally.task.runner [-] Task 8548a7d9-c020-4238-9f2f-6cdb36f98156 | ITER: 93 END: OK
2018-04-21 00:11:28.969 48142 INFO rally.task.runner [-] Task 8548a7d9-c020-4238-9f2f-6cdb36f98156 | ITER: 103 START
2018-04-21 00:11:30.761 48159 INFO rally.task.runner [-] Task 8548a7d9-c020-4238-9f2f-6cdb36f98156 | ITER: 97 END: OK
2018-04-21 00:11:30.771 48159 INFO rally.task.runner [-] Task 8548a7d9-c020-4238-9f2f-6cdb36f98156 | ITER: 104 START
2018-04-21 00:11:31.212 48160 INFO rally.task.runner [-] Task 8548a7d9-c020-4238-9f2f-6cdb36f98156 | ITER: 95 END: OK
2018-04-21 00:11:31.216 48160 INFO rally.task.runner [-] Task 8548a7d9-c020-4238-9f2f-6cdb36f98156 | ITER: 105 START
2018-04-21 00:11:31.361 48143 INFO rally.task.runner [-] Task 8548a7d9-c020-4238-9f2f-6cdb36f98156 | ITER: 94 END: OK
2018-04-21 00:11:31.367 48143 INFO rally.task.runner [-] Task 8548a7d9-c020-4238-9f2f-6cdb36f98156 | ITER: 106 START
2018-04-21 00:11:31.885 48148 INFO rally.task.runner [-] Task 8548a7d9-c020-4238-9f2f-6cdb36f98156 | ITER: 96 END: OK
2018-04-21 00:11:31.890 48148 INFO rally.task.runner [-] Task 8548a7d9-c020-4238-9f2f-6cdb36f98156 | ITER: 107 START
2018-04-21 00:11:48.033 48157 INFO rally.task.runner [-] Task 8548a7d9-c020-4238-9f2f-6cdb36f98156 | ITER: 98 END: OK
2018-04-21 00:11:48.038 48157 INFO rally.task.runner [-] Task 8548a7d9-c020-4238-9f2f-6cdb36f98156 | ITER: 108 START
2018-04-21 00:11:56.535 48145 INFO rally.task.runner [-] Task 8548a7d9-c020-4238-9f2f-6cdb36f98156 | ITER: 100 END: OK
2018-04-21 00:11:56.540 48145 INFO rally.task.runner [-] Task 8548a7d9-c020-4238-9f2f-6cdb36f98156 | ITER: 109 START
2018-04-21 00:12:00.121 48154 INFO rally.task.runner [-] Task 8548a7d9-c020-4238-9f2f-6cdb36f98156 | ITER: 99 END: OK
2018-04-21 00:12:00.126 48154 INFO rally.task.runner [-] Task 8548a7d9-c020-4238-9f2f-6cdb36f98156 | ITER: 110 START
2018-04-21 00:12:00.942 48144 INFO rally.task.runner [-] Task 8548a7d9-c020-4238-9f2f-6cdb36f98156 | ITER: 101 END: OK
2018-04-21 00:12:00.947 48144 INFO rally.task.runner [-] Task 8548a7d9-c020-4238-9f2f-6cdb36f98156 | ITER: 111 START
2018-04-21 00:12:08.464 48151 INFO rally.task.runner [-] Task 8548a7d9-c020-4238-9f2f-6cdb36f98156 | ITER: 102 END: OK
2018-04-21 00:12:08.470 48151 INFO rally.task.runner [-] Task 8548a7d9-c020-4238-9f2f-6cdb36f98156 | ITER: 112 START
2018-04-21 00:12:29.915 48142 INFO rally.task.runner [-] Task 8548a7d9-c020-4238-9f2f-6cdb36f98156 | ITER: 103 END: OK
2018-04-21 00:12:29.920 48142 INFO rally.task.runner [-] Task 8548a7d9-c020-4238-9f2f-6cdb36f98156 | ITER: 113 START
2018-04-21 00:12:34.495 48159 INFO rally.task.runner [-] Task 8548a7d9-c020-4238-9f2f-6cdb36f98156 | ITER: 104 END: OK
2018-04-21 00:12:34.503 48159 INFO rally.task.runner [-] Task 8548a7d9-c020-4238-9f2f-6cdb36f98156 | ITER: 114 START
2018-04-21 00:12:34.884 48160 INFO rally.task.runner [-] Task 8548a7d9-c020-4238-9f2f-6cdb36f98156 | ITER: 105 END: OK
2018-04-21 00:12:34.889 48160 INFO rally.task.runner [-] Task 8548a7d9-c020-4238-9f2f-6cdb36f98156 | ITER: 115 START
2018-04-21 00:12:35.342 48143 INFO rally.task.runner [-] Task 8548a7d9-c020-4238-9f2f-6cdb36f98156 | ITER: 106 END: OK
2018-04-21 00:12:35.347 48143 INFO rally.task.runner [-] Task 8548a7d9-c020-4238-9f2f-6cdb36f98156 | ITER: 116 START
2018-04-21 00:12:37.375 48148 INFO rally.task.runner [-] Task 8548a7d9-c020-4238-9f2f-6cdb36f98156 | ITER: 107 END: OK
2018-04-21 00:12:37.380 48148 INFO rally.task.runner [-] Task 8548a7d9-c020-4238-9f2f-6cdb36f98156 | ITER: 117 START
2018-04-21 00:12:51.564 48157 INFO rally.task.runner [-] Task 8548a7d9-c020-4238-9f2f-6cdb36f98156 | ITER: 108 END: OK
2018-04-21 00:12:51.571 48157 INFO rally.task.runner [-] Task 8548a7d9-c020-4238-9f2f-6cdb36f98156 | ITER: 118 START
2018-04-21 00:13:02.056 48145 INFO rally.task.runner [-] Task 8548a7d9-c020-4238-9f2f-6cdb36f98156 | ITER: 109 END: OK
2018-04-21 00:13:02.061 48145 INFO rally.task.runner [-] Task 8548a7d9-c020-4238-9f2f-6cdb36f98156 | ITER: 119 START
2018-04-21 00:13:04.530 48144 INFO rally.task.runner [-] Task 8548a7d9-c020-4238-9f2f-6cdb36f98156 | ITER: 111 END: OK
2018-04-21 00:13:04.535 48144 INFO rally.task.runner [-] Task 8548a7d9-c020-4238-9f2f-6cdb36f98156 | ITER: 120 START
2018-04-21 00:13:06.349 48154 INFO rally.task.runner [-] Task 8548a7d9-c020-4238-9f2f-6cdb36f98156 | ITER: 110 END: OK
2018-04-21 00:13:06.354 48154 INFO rally.task.runner [-] Task 8548a7d9-c020-4238-9f2f-6cdb36f98156 | ITER: 121 START
2018-04-21 00:13:07.611 48151 INFO rally.task.runner [-] Task 8548a7d9-c020-4238-9f2f-6cdb36f98156 | ITER: 112 END: OK
2018-04-21 00:13:07.617 48151 INFO rally.task.runner [-] Task 8548a7d9-c020-4238-9f2f-6cdb36f98156 | ITER: 122 START
2018-04-21 00:13:22.203 48142 INFO rally.task.runner [-] Task 8548a7d9-c020-4238-9f2f-6cdb36f98156 | ITER: 113 END: OK
2018-04-21 00:13:22.209 48142 INFO rally.task.runner [-] Task 8548a7d9-c020-4238-9f2f-6cdb36f98156 | ITER: 123 START
2018-04-21 00:13:36.308 48160 INFO rally.task.runner [-] Task 8548a7d9-c020-4238-9f2f-6cdb36f98156 | ITER: 115 END: OK
2018-04-21 00:13:36.313 48160 INFO rally.task.runner [-] Task 8548a7d9-c020-4238-9f2f-6cdb36f98156 | ITER: 124 START
2018-04-21 00:13:36.316 48159 INFO rally.task.runner [-] Task 8548a7d9-c020-4238-9f2f-6cdb36f98156 | ITER: 114 END: OK
2018-04-21 00:13:36.323 48159 INFO rally.task.runner [-] Task 8548a7d9-c020-4238-9f2f-6cdb36f98156 | ITER: 125 START
2018-04-21 00:13:38.875 48148 INFO rally.task.runner [-] Task 8548a7d9-c020-4238-9f2f-6cdb36f98156 | ITER: 117 END: OK
2018-04-21 00:13:38.881 48148 INFO rally.task.runner [-] Task 8548a7d9-c020-4238-9f2f-6cdb36f98156 | ITER: 126 START
2018-04-21 00:13:39.354 48143 INFO rally.task.runner [-] Task 8548a7d9-c020-4238-9f2f-6cdb36f98156 | ITER: 116 END: OK
2018-04-21 00:13:39.359 48143 INFO rally.task.runner [-] Task 8548a7d9-c020-4238-9f2f-6cdb36f98156 | ITER: 127 START
2018-04-21 00:13:53.124 48157 INFO rally.task.runner [-] Task 8548a7d9-c020-4238-9f2f-6cdb36f98156 | ITER: 118 END: OK
2018-04-21 00:13:53.129 48157 INFO rally.task.runner [-] Task 8548a7d9-c020-4238-9f2f-6cdb36f98156 | ITER: 128 START
2018-04-21 00:14:05.825 48145 INFO rally.task.runner [-] Task 8548a7d9-c020-4238-9f2f-6cdb36f98156 | ITER: 119 END: OK
2018-04-21 00:14:05.830 48145 INFO rally.task.runner [-] Task 8548a7d9-c020-4238-9f2f-6cdb36f98156 | ITER: 129 START
2018-04-21 00:14:06.076 48144 INFO rally.task.runner [-] Task 8548a7d9-c020-4238-9f2f-6cdb36f98156 | ITER: 120 END: OK
2018-04-21 00:14:06.083 48144 INFO rally.task.runner [-] Task 8548a7d9-c020-4238-9f2f-6cdb36f98156 | ITER: 130 START
2018-04-21 00:14:09.287 48151 INFO rally.task.runner [-] Task 8548a7d9-c020-4238-9f2f-6cdb36f98156 | ITER: 122 END: OK
2018-04-21 00:14:09.294 48151 INFO rally.task.runner [-] Task 8548a7d9-c020-4238-9f2f-6cdb36f98156 | ITER: 131 START
2018-04-21 00:14:10.055 48154 INFO rally.task.runner [-] Task 8548a7d9-c020-4238-9f2f-6cdb36f98156 | ITER: 121 END: OK
2018-04-21 00:14:10.060 48154 INFO rally.task.runner [-] Task 8548a7d9-c020-4238-9f2f-6cdb36f98156 | ITER: 132 START
2018-04-21 00:14:14.342 48142 INFO rally.task.runner [-] Task 8548a7d9-c020-4238-9f2f-6cdb36f98156 | ITER: 123 END: OK
2018-04-21 00:14:14.347 48142 INFO rally.task.runner [-] Task 8548a7d9-c020-4238-9f2f-6cdb36f98156 | ITER: 133 START
2018-04-21 00:14:35.256 48159 INFO rally.task.runner [-] Task 8548a7d9-c020-4238-9f2f-6cdb36f98156 | ITER: 125 END: OK
2018-04-21 00:14:35.263 48159 INFO rally.task.runner [-] Task 8548a7d9-c020-4238-9f2f-6cdb36f98156 | ITER: 134 START
2018-04-21 00:14:35.320 48160 INFO rally.task.runner [-] Task 8548a7d9-c020-4238-9f2f-6cdb36f98156 | ITER: 124 END: OK
2018-04-21 00:14:35.326 48160 INFO rally.task.runner [-] Task 8548a7d9-c020-4238-9f2f-6cdb36f98156 | ITER: 135 START
2018-04-21 00:14:38.326 48143 INFO rally.task.runner [-] Task 8548a7d9-c020-4238-9f2f-6cdb36f98156 | ITER: 127 END: OK
2018-04-21 00:14:38.331 48143 INFO rally.task.runner [-] Task 8548a7d9-c020-4238-9f2f-6cdb36f98156 | ITER: 136 START
2018-04-21 00:14:40.609 48148 INFO rally.task.runner [-] Task 8548a7d9-c020-4238-9f2f-6cdb36f98156 | ITER: 126 END: OK
2018-04-21 00:14:40.614 48148 INFO rally.task.runner [-] Task 8548a7d9-c020-4238-9f2f-6cdb36f98156 | ITER: 137 START
2018-04-21 00:14:52.331 48157 INFO rally.task.runner [-] Task 8548a7d9-c020-4238-9f2f-6cdb36f98156 | ITER: 128 END: OK
2018-04-21 00:14:52.336 48157 INFO rally.task.runner [-] Task 8548a7d9-c020-4238-9f2f-6cdb36f98156 | ITER: 138 START
2018-04-21 00:15:09.634 48144 INFO rally.task.runner [-] Task 8548a7d9-c020-4238-9f2f-6cdb36f98156 | ITER: 130 END: OK
2018-04-21 00:15:09.640 48144 INFO rally.task.runner [-] Task 8548a7d9-c020-4238-9f2f-6cdb36f98156 | ITER: 139 START
2018-04-21 00:15:09.703 48145 INFO rally.task.runner [-] Task 8548a7d9-c020-4238-9f2f-6cdb36f98156 | ITER: 129 END: OK
2018-04-21 00:15:09.708 48145 INFO rally.task.runner [-] Task 8548a7d9-c020-4238-9f2f-6cdb36f98156 | ITER: 140 START
2018-04-21 00:15:10.892 48151 INFO rally.task.runner [-] Task 8548a7d9-c020-4238-9f2f-6cdb36f98156 | ITER: 131 END: OK
2018-04-21 00:15:10.899 48151 INFO rally.task.runner [-] Task 8548a7d9-c020-4238-9f2f-6cdb36f98156 | ITER: 141 START
2018-04-21 00:15:11.823 48154 INFO rally.task.runner [-] Task 8548a7d9-c020-4238-9f2f-6cdb36f98156 | ITER: 132 END: OK
2018-04-21 00:15:11.829 48154 INFO rally.task.runner [-] Task 8548a7d9-c020-4238-9f2f-6cdb36f98156 | ITER: 142 START
2018-04-21 00:15:13.410 48142 INFO rally.task.runner [-] Task 8548a7d9-c020-4238-9f2f-6cdb36f98156 | ITER: 133 END: OK
2018-04-21 00:15:13.415 48142 INFO rally.task.runner [-] Task 8548a7d9-c020-4238-9f2f-6cdb36f98156 | ITER: 143 START
2018-04-21 00:15:37.254 48159 INFO rally.task.runner [-] Task 8548a7d9-c020-4238-9f2f-6cdb36f98156 | ITER: 134 END: OK
2018-04-21 00:15:37.260 48159 INFO rally.task.runner [-] Task 8548a7d9-c020-4238-9f2f-6cdb36f98156 | ITER: 144 START
2018-04-21 00:15:39.601 48143 INFO rally.task.runner [-] Task 8548a7d9-c020-4238-9f2f-6cdb36f98156 | ITER: 136 END: OK
2018-04-21 00:15:39.606 48143 INFO rally.task.runner [-] Task 8548a7d9-c020-4238-9f2f-6cdb36f98156 | ITER: 145 START
2018-04-21 00:15:39.804 48148 INFO rally.task.runner [-] Task 8548a7d9-c020-4238-9f2f-6cdb36f98156 | ITER: 137 END: OK
2018-04-21 00:15:39.809 48148 INFO rally.task.runner [-] Task 8548a7d9-c020-4238-9f2f-6cdb36f98156 | ITER: 146 START
2018-04-21 00:15:41.444 48160 INFO rally.task.runner [-] Task 8548a7d9-c020-4238-9f2f-6cdb36f98156 | ITER: 135 END: OK
2018-04-21 00:15:41.450 48160 INFO rally.task.runner [-] Task 8548a7d9-c020-4238-9f2f-6cdb36f98156 | ITER: 147 START
2018-04-21 00:15:44.651 48157 INFO rally.task.runner [-] Task 8548a7d9-c020-4238-9f2f-6cdb36f98156 | ITER: 138 END: OK
2018-04-21 00:15:44.658 48157 INFO rally.task.runner [-] Task 8548a7d9-c020-4238-9f2f-6cdb36f98156 | ITER: 148 START
2018-04-21 00:16:10.886 48145 INFO rally.task.runner [-] Task 8548a7d9-c020-4238-9f2f-6cdb36f98156 | ITER: 140 END: OK
2018-04-21 00:16:10.893 48145 INFO rally.task.runner [-] Task 8548a7d9-c020-4238-9f2f-6cdb36f98156 | ITER: 149 START
2018-04-21 00:16:11.044 48144 INFO rally.task.runner [-] Task 8548a7d9-c020-4238-9f2f-6cdb36f98156 | ITER: 139 END: OK
2018-04-21 00:16:11.048 48144 INFO rally.task.runner [-] Task 8548a7d9-c020-4238-9f2f-6cdb36f98156 | ITER: 150 START
2018-04-21 00:16:14.786 48142 INFO rally.task.runner [-] Task 8548a7d9-c020-4238-9f2f-6cdb36f98156 | ITER: 143 END: OK
2018-04-21 00:16:14.791 48142 INFO rally.task.runner [-] Task 8548a7d9-c020-4238-9f2f-6cdb36f98156 | ITER: 151 START
2018-04-21 00:16:16.609 48151 INFO rally.task.runner [-] Task 8548a7d9-c020-4238-9f2f-6cdb36f98156 | ITER: 141 END: OK
2018-04-21 00:16:16.614 48151 INFO rally.task.runner [-] Task 8548a7d9-c020-4238-9f2f-6cdb36f98156 | ITER: 152 START
2018-04-21 00:16:17.566 48154 INFO rally.task.runner [-] Task 8548a7d9-c020-4238-9f2f-6cdb36f98156 | ITER: 142 END: OK
2018-04-21 00:16:17.572 48154 INFO rally.task.runner [-] Task 8548a7d9-c020-4238-9f2f-6cdb36f98156 | ITER: 153 START
2018-04-21 00:16:40.882 48159 INFO rally.task.runner [-] Task 8548a7d9-c020-4238-9f2f-6cdb36f98156 | ITER: 144 END: OK
2018-04-21 00:16:40.888 48159 INFO rally.task.runner [-] Task 8548a7d9-c020-4238-9f2f-6cdb36f98156 | ITER: 154 START
2018-04-21 00:16:41.156 48148 INFO rally.task.runner [-] Task 8548a7d9-c020-4238-9f2f-6cdb36f98156 | ITER: 146 END: OK
2018-04-21 00:16:41.162 48148 INFO rally.task.runner [-] Task 8548a7d9-c020-4238-9f2f-6cdb36f98156 | ITER: 155 START
2018-04-21 00:16:42.823 48160 INFO rally.task.runner [-] Task 8548a7d9-c020-4238-9f2f-6cdb36f98156 | ITER: 147 END: OK
2018-04-21 00:16:42.829 48160 INFO rally.task.runner [-] Task 8548a7d9-c020-4238-9f2f-6cdb36f98156 | ITER: 156 START
2018-04-21 00:16:42.981 48143 INFO rally.task.runner [-] Task 8548a7d9-c020-4238-9f2f-6cdb36f98156 | ITER: 145 END: OK
2018-04-21 00:16:42.986 48143 INFO rally.task.runner [-] Task 8548a7d9-c020-4238-9f2f-6cdb36f98156 | ITER: 157 START
2018-04-21 00:16:43.820 48157 INFO rally.task.runner [-] Task 8548a7d9-c020-4238-9f2f-6cdb36f98156 | ITER: 148 END: OK
2018-04-21 00:16:43.826 48157 INFO rally.task.runner [-] Task 8548a7d9-c020-4238-9f2f-6cdb36f98156 | ITER: 158 START
2018-04-21 00:17:07.760 48145 INFO rally.task.runner [-] Task 8548a7d9-c020-4238-9f2f-6cdb36f98156 | ITER: 149 END: OK
2018-04-21 00:17:07.765 48145 INFO rally.task.runner [-] Task 8548a7d9-c020-4238-9f2f-6cdb36f98156 | ITER: 159 START
2018-04-21 00:17:09.874 48144 INFO rally.task.runner [-] Task 8548a7d9-c020-4238-9f2f-6cdb36f98156 | ITER: 150 END: OK
2018-04-21 00:17:09.881 48144 INFO rally.task.runner [-] Task 8548a7d9-c020-4238-9f2f-6cdb36f98156 | ITER: 160 START
2018-04-21 00:17:16.544 48154 INFO rally.task.runner [-] Task 8548a7d9-c020-4238-9f2f-6cdb36f98156 | ITER: 153 END: OK
2018-04-21 00:17:16.549 48154 INFO rally.task.runner [-] Task 8548a7d9-c020-4238-9f2f-6cdb36f98156 | ITER: 161 START
2018-04-21 00:17:17.675 48151 INFO rally.task.runner [-] Task 8548a7d9-c020-4238-9f2f-6cdb36f98156 | ITER: 152 END: OK
2018-04-21 00:17:17.681 48151 INFO rally.task.runner [-] Task 8548a7d9-c020-4238-9f2f-6cdb36f98156 | ITER: 162 START
2018-04-21 00:17:18.531 48142 INFO rally.task.runner [-] Task 8548a7d9-c020-4238-9f2f-6cdb36f98156 | ITER: 151 END: OK
2018-04-21 00:17:18.538 48142 INFO rally.task.runner [-] Task 8548a7d9-c020-4238-9f2f-6cdb36f98156 | ITER: 163 START
2018-04-21 00:17:40.395 48159 INFO rally.task.runner [-] Task 8548a7d9-c020-4238-9f2f-6cdb36f98156 | ITER: 154 END: OK
2018-04-21 00:17:40.401 48159 INFO rally.task.runner [-] Task 8548a7d9-c020-4238-9f2f-6cdb36f98156 | ITER: 164 START
2018-04-21 00:17:44.154 48160 INFO rally.task.runner [-] Task 8548a7d9-c020-4238-9f2f-6cdb36f98156 | ITER: 156 END: OK
2018-04-21 00:17:44.159 48160 INFO rally.task.runner [-] Task 8548a7d9-c020-4238-9f2f-6cdb36f98156 | ITER: 165 START
2018-04-21 00:17:44.489 48143 INFO rally.task.runner [-] Task 8548a7d9-c020-4238-9f2f-6cdb36f98156 | ITER: 157 END: OK
2018-04-21 00:17:44.495 48143 INFO rally.task.runner [-] Task 8548a7d9-c020-4238-9f2f-6cdb36f98156 | ITER: 166 START
2018-04-21 00:17:44.871 48148 INFO rally.task.runner [-] Task 8548a7d9-c020-4238-9f2f-6cdb36f98156 | ITER: 155 END: OK
2018-04-21 00:17:44.876 48148 INFO rally.task.runner [-] Task 8548a7d9-c020-4238-9f2f-6cdb36f98156 | ITER: 167 START
2018-04-21 00:17:47.360 48157 INFO rally.task.runner [-] Task 8548a7d9-c020-4238-9f2f-6cdb36f98156 | ITER: 158 END: OK
2018-04-21 00:17:47.365 48157 INFO rally.task.runner [-] Task 8548a7d9-c020-4238-9f2f-6cdb36f98156 | ITER: 168 START
2018-04-21 00:18:08.818 48145 INFO rally.task.runner [-] Task 8548a7d9-c020-4238-9f2f-6cdb36f98156 | ITER: 159 END: OK
2018-04-21 00:18:08.824 48145 INFO rally.task.runner [-] Task 8548a7d9-c020-4238-9f2f-6cdb36f98156 | ITER: 169 START
2018-04-21 00:18:10.917 48144 INFO rally.task.runner [-] Task 8548a7d9-c020-4238-9f2f-6cdb36f98156 | ITER: 160 END: OK
2018-04-21 00:18:10.922 48144 INFO rally.task.runner [-] Task 8548a7d9-c020-4238-9f2f-6cdb36f98156 | ITER: 170 START
2018-04-21 00:18:17.870 48154 INFO rally.task.runner [-] Task 8548a7d9-c020-4238-9f2f-6cdb36f98156 | ITER: 161 END: OK
2018-04-21 00:18:17.876 48154 INFO rally.task.runner [-] Task 8548a7d9-c020-4238-9f2f-6cdb36f98156 | ITER: 171 START
2018-04-21 00:18:19.174 48151 INFO rally.task.runner [-] Task 8548a7d9-c020-4238-9f2f-6cdb36f98156 | ITER: 162 END: OK
2018-04-21 00:18:19.180 48151 INFO rally.task.runner [-] Task 8548a7d9-c020-4238-9f2f-6cdb36f98156 | ITER: 172 START
2018-04-21 00:18:19.920 48142 INFO rally.task.runner [-] Task 8548a7d9-c020-4238-9f2f-6cdb36f98156 | ITER: 163 END: OK
2018-04-21 00:18:19.925 48142 INFO rally.task.runner [-] Task 8548a7d9-c020-4238-9f2f-6cdb36f98156 | ITER: 173 START
2018-04-21 00:18:39.675 48159 INFO rally.task.runner [-] Task 8548a7d9-c020-4238-9f2f-6cdb36f98156 | ITER: 164 END: OK
2018-04-21 00:18:39.682 48159 INFO rally.task.runner [-] Task 8548a7d9-c020-4238-9f2f-6cdb36f98156 | ITER: 174 START
2018-04-21 00:18:47.889 48160 INFO rally.task.runner [-] Task 8548a7d9-c020-4238-9f2f-6cdb36f98156 | ITER: 165 END: OK
2018-04-21 00:18:47.895 48160 INFO rally.task.runner [-] Task 8548a7d9-c020-4238-9f2f-6cdb36f98156 | ITER: 175 START
2018-04-21 00:18:48.192 48143 INFO rally.task.runner [-] Task 8548a7d9-c020-4238-9f2f-6cdb36f98156 | ITER: 166 END: OK
2018-04-21 00:18:48.197 48143 INFO rally.task.runner [-] Task 8548a7d9-c020-4238-9f2f-6cdb36f98156 | ITER: 176 START
2018-04-21 00:18:48.377 48148 INFO rally.task.runner [-] Task 8548a7d9-c020-4238-9f2f-6cdb36f98156 | ITER: 167 END: OK
2018-04-21 00:18:48.382 48148 INFO rally.task.runner [-] Task 8548a7d9-c020-4238-9f2f-6cdb36f98156 | ITER: 177 START
2018-04-21 00:18:48.781 48157 INFO rally.task.runner [-] Task 8548a7d9-c020-4238-9f2f-6cdb36f98156 | ITER: 168 END: OK
2018-04-21 00:18:48.785 48157 INFO rally.task.runner [-] Task 8548a7d9-c020-4238-9f2f-6cdb36f98156 | ITER: 178 START
2018-04-21 00:19:07.625 48145 INFO rally.task.runner [-] Task 8548a7d9-c020-4238-9f2f-6cdb36f98156 | ITER: 169 END: OK
2018-04-21 00:19:07.631 48145 INFO rally.task.runner [-] Task 8548a7d9-c020-4238-9f2f-6cdb36f98156 | ITER: 179 START
2018-04-21 00:19:09.794 48144 INFO rally.task.runner [-] Task 8548a7d9-c020-4238-9f2f-6cdb36f98156 | ITER: 170 END: OK
2018-04-21 00:19:09.799 48144 INFO rally.task.runner [-] Task 8548a7d9-c020-4238-9f2f-6cdb36f98156 | ITER: 180 START
2018-04-21 00:19:20.582 48151 INFO rally.task.runner [-] Task 8548a7d9-c020-4238-9f2f-6cdb36f98156 | ITER: 172 END: OK
2018-04-21 00:19:20.588 48151 INFO rally.task.runner [-] Task 8548a7d9-c020-4238-9f2f-6cdb36f98156 | ITER: 181 START
2018-04-21 00:19:21.189 48142 INFO rally.task.runner [-] Task 8548a7d9-c020-4238-9f2f-6cdb36f98156 | ITER: 173 END: OK
2018-04-21 00:19:21.194 48142 INFO rally.task.runner [-] Task 8548a7d9-c020-4238-9f2f-6cdb36f98156 | ITER: 182 START
2018-04-21 00:19:21.633 48154 INFO rally.task.runner [-] Task 8548a7d9-c020-4238-9f2f-6cdb36f98156 | ITER: 171 END: OK
2018-04-21 00:19:21.638 48154 INFO rally.task.runner [-] Task 8548a7d9-c020-4238-9f2f-6cdb36f98156 | ITER: 183 START
2018-04-21 00:19:36.711 48159 INFO rally.task.runner [-] Task 8548a7d9-c020-4238-9f2f-6cdb36f98156 | ITER: 174 END: OK
2018-04-21 00:19:36.717 48159 INFO rally.task.runner [-] Task 8548a7d9-c020-4238-9f2f-6cdb36f98156 | ITER: 184 START
2018-04-21 00:19:49.052 48160 INFO rally.task.runner [-] Task 8548a7d9-c020-4238-9f2f-6cdb36f98156 | ITER: 175 END: OK
2018-04-21 00:19:49.058 48160 INFO rally.task.runner [-] Task 8548a7d9-c020-4238-9f2f-6cdb36f98156 | ITER: 185 START
2018-04-21 00:19:49.577 48143 INFO rally.task.runner [-] Task 8548a7d9-c020-4238-9f2f-6cdb36f98156 | ITER: 176 END: OK
2018-04-21 00:19:49.583 48143 INFO rally.task.runner [-] Task 8548a7d9-c020-4238-9f2f-6cdb36f98156 | ITER: 186 START
2018-04-21 00:19:52.127 48148 INFO rally.task.runner [-] Task 8548a7d9-c020-4238-9f2f-6cdb36f98156 | ITER: 177 END: OK
2018-04-21 00:19:52.132 48148 INFO rally.task.runner [-] Task 8548a7d9-c020-4238-9f2f-6cdb36f98156 | ITER: 187 START
2018-04-21 00:19:52.714 48157 INFO rally.task.runner [-] Task 8548a7d9-c020-4238-9f2f-6cdb36f98156 | ITER: 178 END: OK
2018-04-21 00:19:52.719 48157 INFO rally.task.runner [-] Task 8548a7d9-c020-4238-9f2f-6cdb36f98156 | ITER: 188 START
2018-04-21 00:20:08.732 48144 INFO rally.task.runner [-] Task 8548a7d9-c020-4238-9f2f-6cdb36f98156 | ITER: 180 END: OK
2018-04-21 00:20:08.738 48144 INFO rally.task.runner [-] Task 8548a7d9-c020-4238-9f2f-6cdb36f98156 | ITER: 189 START
2018-04-21 00:20:09.092 48145 INFO rally.task.runner [-] Task 8548a7d9-c020-4238-9f2f-6cdb36f98156 | ITER: 179 END: OK
2018-04-21 00:20:09.097 48145 INFO rally.task.runner [-] Task 8548a7d9-c020-4238-9f2f-6cdb36f98156 | ITER: 190 START
2018-04-21 00:20:22.472 48142 INFO rally.task.runner [-] Task 8548a7d9-c020-4238-9f2f-6cdb36f98156 | ITER: 182 END: OK
2018-04-21 00:20:22.478 48142 INFO rally.task.runner [-] Task 8548a7d9-c020-4238-9f2f-6cdb36f98156 | ITER: 191 START
2018-04-21 00:20:22.527 48151 INFO rally.task.runner [-] Task 8548a7d9-c020-4238-9f2f-6cdb36f98156 | ITER: 181 END: OK
2018-04-21 00:20:22.532 48151 INFO rally.task.runner [-] Task 8548a7d9-c020-4238-9f2f-6cdb36f98156 | ITER: 192 START
2018-04-21 00:20:25.480 48154 INFO rally.task.runner [-] Task 8548a7d9-c020-4238-9f2f-6cdb36f98156 | ITER: 183 END: OK
2018-04-21 00:20:25.485 48154 INFO rally.task.runner [-] Task 8548a7d9-c020-4238-9f2f-6cdb36f98156 | ITER: 193 START
2018-04-21 00:20:33.618 48159 INFO rally.task.runner [-] Task 8548a7d9-c020-4238-9f2f-6cdb36f98156 | ITER: 184 END: OK
2018-04-21 00:20:33.625 48159 INFO rally.task.runner [-] Task 8548a7d9-c020-4238-9f2f-6cdb36f98156 | ITER: 194 START
2018-04-21 00:20:48.577 48160 INFO rally.task.runner [-] Task 8548a7d9-c020-4238-9f2f-6cdb36f98156 | ITER: 185 END: OK
2018-04-21 00:20:48.582 48160 INFO rally.task.runner [-] Task 8548a7d9-c020-4238-9f2f-6cdb36f98156 | ITER: 195 START
2018-04-21 00:20:51.014 48143 INFO rally.task.runner [-] Task 8548a7d9-c020-4238-9f2f-6cdb36f98156 | ITER: 186 END: OK
2018-04-21 00:20:51.020 48143 INFO rally.task.runner [-] Task 8548a7d9-c020-4238-9f2f-6cdb36f98156 | ITER: 196 START
2018-04-21 00:20:54.283 48157 INFO rally.task.runner [-] Task 8548a7d9-c020-4238-9f2f-6cdb36f98156 | ITER: 188 END: OK
2018-04-21 00:20:54.288 48157 INFO rally.task.runner [-] Task 8548a7d9-c020-4238-9f2f-6cdb36f98156 | ITER: 197 START
2018-04-21 00:20:55.749 48148 INFO rally.task.runner [-] Task 8548a7d9-c020-4238-9f2f-6cdb36f98156 | ITER: 187 END: OK
2018-04-21 00:20:55.754 48148 INFO rally.task.runner [-] Task 8548a7d9-c020-4238-9f2f-6cdb36f98156 | ITER: 198 START
2018-04-21 00:21:10.387 48144 INFO rally.task.runner [-] Task 8548a7d9-c020-4238-9f2f-6cdb36f98156 | ITER: 189 END: OK
2018-04-21 00:21:10.393 48144 INFO rally.task.runner [-] Task 8548a7d9-c020-4238-9f2f-6cdb36f98156 | ITER: 199 START
2018-04-21 00:21:12.424 48145 INFO rally.task.runner [-] Task 8548a7d9-c020-4238-9f2f-6cdb36f98156 | ITER: 190 END: OK
2018-04-21 00:21:12.429 48145 INFO rally.task.runner [-] Task 8548a7d9-c020-4238-9f2f-6cdb36f98156 | ITER: 200 START
2018-04-21 00:21:23.999 48151 INFO rally.task.runner [-] Task 8548a7d9-c020-4238-9f2f-6cdb36f98156 | ITER: 192 END: OK
2018-04-21 00:21:24.077 48142 INFO rally.task.runner [-] Task 8548a7d9-c020-4238-9f2f-6cdb36f98156 | ITER: 191 END: OK
2018-04-21 00:21:26.943 48154 INFO rally.task.runner [-] Task 8548a7d9-c020-4238-9f2f-6cdb36f98156 | ITER: 193 END: OK
2018-04-21 00:21:30.912 48159 INFO rally.task.runner [-] Task 8548a7d9-c020-4238-9f2f-6cdb36f98156 | ITER: 194 END: OK
2018-04-21 00:21:38.825 48143 INFO rally.task.runner [-] Task 8548a7d9-c020-4238-9f2f-6cdb36f98156 | ITER: 196 END: OK
2018-04-21 00:21:38.851 48160 INFO rally.task.runner [-] Task 8548a7d9-c020-4238-9f2f-6cdb36f98156 | ITER: 195 END: OK
