2018-04-20 23:26:40.486 47259 INFO rally.task.runner [-] Task 5fc67c41-2553-47f7-abfe-4efcd77cb9c3 | ITER: 66 START
2018-04-20 23:26:40.836 47258 INFO rally.task.runner [-] Task 5fc67c41-2553-47f7-abfe-4efcd77cb9c3 | ITER: 57 END: OK
2018-04-20 23:26:40.842 47258 INFO rally.task.runner [-] Task 5fc67c41-2553-47f7-abfe-4efcd77cb9c3 | ITER: 67 START
2018-04-20 23:26:40.934 47260 INFO rally.task.runner [-] Task 5fc67c41-2553-47f7-abfe-4efcd77cb9c3 | ITER: 58 END: OK
2018-04-20 23:26:40.939 47260 INFO rally.task.runner [-] Task 5fc67c41-2553-47f7-abfe-4efcd77cb9c3 | ITER: 68 START
2018-04-20 23:26:41.016 47264 INFO rally.task.runner [-] Task 5fc67c41-2553-47f7-abfe-4efcd77cb9c3 | ITER: 59 END: OK
2018-04-20 23:26:41.021 47264 INFO rally.task.runner [-] Task 5fc67c41-2553-47f7-abfe-4efcd77cb9c3 | ITER: 69 START
2018-04-20 23:26:41.064 47261 INFO rally.task.runner [-] Task 5fc67c41-2553-47f7-abfe-4efcd77cb9c3 | ITER: 60 END: OK
2018-04-20 23:26:41.070 47261 INFO rally.task.runner [-] Task 5fc67c41-2553-47f7-abfe-4efcd77cb9c3 | ITER: 70 START
2018-04-20 23:26:41.077 47276 INFO rally.task.runner [-] Task 5fc67c41-2553-47f7-abfe-4efcd77cb9c3 | ITER: 62 END: OK
2018-04-20 23:26:41.082 47276 INFO rally.task.runner [-] Task 5fc67c41-2553-47f7-abfe-4efcd77cb9c3 | ITER: 71 START
2018-04-20 23:26:41.118 47265 INFO rally.task.runner [-] Task 5fc67c41-2553-47f7-abfe-4efcd77cb9c3 | ITER: 61 END: OK
2018-04-20 23:26:41.123 47265 INFO rally.task.runner [-] Task 5fc67c41-2553-47f7-abfe-4efcd77cb9c3 | ITER: 72 START
2018-04-20 23:26:41.194 47279 INFO rally.task.runner [-] Task 5fc67c41-2553-47f7-abfe-4efcd77cb9c3 | ITER: 63 END: OK
2018-04-20 23:26:41.199 47279 INFO rally.task.runner [-] Task 5fc67c41-2553-47f7-abfe-4efcd77cb9c3 | ITER: 73 START
2018-04-20 23:26:41.328 47259 INFO rally.task.runner [-] Task 5fc67c41-2553-47f7-abfe-4efcd77cb9c3 | ITER: 66 END: OK
2018-04-20 23:26:41.333 47259 INFO rally.task.runner [-] Task 5fc67c41-2553-47f7-abfe-4efcd77cb9c3 | ITER: 74 START
2018-04-20 23:26:41.346 47267 INFO rally.task.runner [-] Task 5fc67c41-2553-47f7-abfe-4efcd77cb9c3 | ITER: 65 END: OK
2018-04-20 23:26:41.350 47267 INFO rally.task.runner [-] Task 5fc67c41-2553-47f7-abfe-4efcd77cb9c3 | ITER: 75 START
2018-04-20 23:26:41.351 47257 INFO rally.task.runner [-] Task 5fc67c41-2553-47f7-abfe-4efcd77cb9c3 | ITER: 64 END: OK
2018-04-20 23:26:41.356 47257 INFO rally.task.runner [-] Task 5fc67c41-2553-47f7-abfe-4efcd77cb9c3 | ITER: 76 START
2018-04-20 23:26:41.804 47260 INFO rally.task.runner [-] Task 5fc67c41-2553-47f7-abfe-4efcd77cb9c3 | ITER: 68 END: OK
2018-04-20 23:26:41.809 47260 INFO rally.task.runner [-] Task 5fc67c41-2553-47f7-abfe-4efcd77cb9c3 | ITER: 77 START
2018-04-20 23:26:41.836 47258 INFO rally.task.runner [-] Task 5fc67c41-2553-47f7-abfe-4efcd77cb9c3 | ITER: 67 END: OK
2018-04-20 23:26:41.841 47258 INFO rally.task.runner [-] Task 5fc67c41-2553-47f7-abfe-4efcd77cb9c3 | ITER: 78 START
2018-04-20 23:26:41.967 47261 INFO rally.task.runner [-] Task 5fc67c41-2553-47f7-abfe-4efcd77cb9c3 | ITER: 70 END: OK
2018-04-20 23:26:41.972 47261 INFO rally.task.runner [-] Task 5fc67c41-2553-47f7-abfe-4efcd77cb9c3 | ITER: 79 START
2018-04-20 23:26:42.050 47264 INFO rally.task.runner [-] Task 5fc67c41-2553-47f7-abfe-4efcd77cb9c3 | ITER: 69 END: OK
2018-04-20 23:26:42.054 47264 INFO rally.task.runner [-] Task 5fc67c41-2553-47f7-abfe-4efcd77cb9c3 | ITER: 80 START
2018-04-20 23:26:42.059 47265 INFO rally.task.runner [-] Task 5fc67c41-2553-47f7-abfe-4efcd77cb9c3 | ITER: 72 END: OK
2018-04-20 23:26:42.064 47265 INFO rally.task.runner [-] Task 5fc67c41-2553-47f7-abfe-4efcd77cb9c3 | ITER: 81 START
2018-04-20 23:26:42.071 47276 INFO rally.task.runner [-] Task 5fc67c41-2553-47f7-abfe-4efcd77cb9c3 | ITER: 71 END: OK
2018-04-20 23:26:42.076 47276 INFO rally.task.runner [-] Task 5fc67c41-2553-47f7-abfe-4efcd77cb9c3 | ITER: 82 START
2018-04-20 23:26:42.200 47279 INFO rally.task.runner [-] Task 5fc67c41-2553-47f7-abfe-4efcd77cb9c3 | ITER: 73 END: OK
2018-04-20 23:26:42.205 47279 INFO rally.task.runner [-] Task 5fc67c41-2553-47f7-abfe-4efcd77cb9c3 | ITER: 83 START
2018-04-20 23:26:42.221 47257 INFO rally.task.runner [-] Task 5fc67c41-2553-47f7-abfe-4efcd77cb9c3 | ITER: 76 END: OK
2018-04-20 23:26:42.223 47267 INFO rally.task.runner [-] Task 5fc67c41-2553-47f7-abfe-4efcd77cb9c3 | ITER: 75 END: OK
2018-04-20 23:26:42.226 47257 INFO rally.task.runner [-] Task 5fc67c41-2553-47f7-abfe-4efcd77cb9c3 | ITER: 84 START
2018-04-20 23:26:42.228 47267 INFO rally.task.runner [-] Task 5fc67c41-2553-47f7-abfe-4efcd77cb9c3 | ITER: 85 START
2018-04-20 23:26:42.375 47259 INFO rally.task.runner [-] Task 5fc67c41-2553-47f7-abfe-4efcd77cb9c3 | ITER: 74 END: OK
2018-04-20 23:26:42.381 47259 INFO rally.task.runner [-] Task 5fc67c41-2553-47f7-abfe-4efcd77cb9c3 | ITER: 86 START
2018-04-20 23:26:42.698 47260 INFO rally.task.runner [-] Task 5fc67c41-2553-47f7-abfe-4efcd77cb9c3 | ITER: 77 END: OK
2018-04-20 23:26:42.703 47260 INFO rally.task.runner [-] Task 5fc67c41-2553-47f7-abfe-4efcd77cb9c3 | ITER: 87 START
2018-04-20 23:26:42.723 47258 INFO rally.task.runner [-] Task 5fc67c41-2553-47f7-abfe-4efcd77cb9c3 | ITER: 78 END: OK
2018-04-20 23:26:42.729 47258 INFO rally.task.runner [-] Task 5fc67c41-2553-47f7-abfe-4efcd77cb9c3 | ITER: 88 START
2018-04-20 23:26:42.852 47261 INFO rally.task.runner [-] Task 5fc67c41-2553-47f7-abfe-4efcd77cb9c3 | ITER: 79 END: OK
2018-04-20 23:26:42.857 47261 INFO rally.task.runner [-] Task 5fc67c41-2553-47f7-abfe-4efcd77cb9c3 | ITER: 89 START
2018-04-20 23:26:42.931 47276 INFO rally.task.runner [-] Task 5fc67c41-2553-47f7-abfe-4efcd77cb9c3 | ITER: 82 END: OK
2018-04-20 23:26:42.936 47276 INFO rally.task.runner [-] Task 5fc67c41-2553-47f7-abfe-4efcd77cb9c3 | ITER: 90 START
2018-04-20 23:26:42.939 47265 INFO rally.task.runner [-] Task 5fc67c41-2553-47f7-abfe-4efcd77cb9c3 | ITER: 81 END: OK
2018-04-20 23:26:42.943 47265 INFO rally.task.runner [-] Task 5fc67c41-2553-47f7-abfe-4efcd77cb9c3 | ITER: 91 START
2018-04-20 23:26:43.068 47257 INFO rally.task.runner [-] Task 5fc67c41-2553-47f7-abfe-4efcd77cb9c3 | ITER: 84 END: OK
2018-04-20 23:26:43.074 47257 INFO rally.task.runner [-] Task 5fc67c41-2553-47f7-abfe-4efcd77cb9c3 | ITER: 92 START
2018-04-20 23:26:43.134 47264 INFO rally.task.runner [-] Task 5fc67c41-2553-47f7-abfe-4efcd77cb9c3 | ITER: 80 END: OK
2018-04-20 23:26:43.139 47264 INFO rally.task.runner [-] Task 5fc67c41-2553-47f7-abfe-4efcd77cb9c3 | ITER: 93 START
2018-04-20 23:26:43.177 47267 INFO rally.task.runner [-] Task 5fc67c41-2553-47f7-abfe-4efcd77cb9c3 | ITER: 85 END: OK
2018-04-20 23:26:43.181 47267 INFO rally.task.runner [-] Task 5fc67c41-2553-47f7-abfe-4efcd77cb9c3 | ITER: 94 START
2018-04-20 23:26:43.205 47279 INFO rally.task.runner [-] Task 5fc67c41-2553-47f7-abfe-4efcd77cb9c3 | ITER: 83 END: OK
2018-04-20 23:26:43.210 47279 INFO rally.task.runner [-] Task 5fc67c41-2553-47f7-abfe-4efcd77cb9c3 | ITER: 95 START
2018-04-20 23:26:43.368 47259 INFO rally.task.runner [-] Task 5fc67c41-2553-47f7-abfe-4efcd77cb9c3 | ITER: 86 END: OK
2018-04-20 23:26:43.373 47259 INFO rally.task.runner [-] Task 5fc67c41-2553-47f7-abfe-4efcd77cb9c3 | ITER: 96 START
2018-04-20 23:26:43.674 47258 INFO rally.task.runner [-] Task 5fc67c41-2553-47f7-abfe-4efcd77cb9c3 | ITER: 88 END: OK
2018-04-20 23:26:43.679 47258 INFO rally.task.runner [-] Task 5fc67c41-2553-47f7-abfe-4efcd77cb9c3 | ITER: 97 START
2018-04-20 23:26:43.756 47260 INFO rally.task.runner [-] Task 5fc67c41-2553-47f7-abfe-4efcd77cb9c3 | ITER: 87 END: OK
2018-04-20 23:26:43.761 47260 INFO rally.task.runner [-] Task 5fc67c41-2553-47f7-abfe-4efcd77cb9c3 | ITER: 98 START
2018-04-20 23:26:43.899 47261 INFO rally.task.runner [-] Task 5fc67c41-2553-47f7-abfe-4efcd77cb9c3 | ITER: 89 END: OK
2018-04-20 23:26:43.904 47261 INFO rally.task.runner [-] Task 5fc67c41-2553-47f7-abfe-4efcd77cb9c3 | ITER: 99 START
2018-04-20 23:26:43.916 47257 INFO rally.task.runner [-] Task 5fc67c41-2553-47f7-abfe-4efcd77cb9c3 | ITER: 92 END: OK
2018-04-20 23:26:43.921 47257 INFO rally.task.runner [-] Task 5fc67c41-2553-47f7-abfe-4efcd77cb9c3 | ITER: 100 START
2018-04-20 23:26:43.932 47276 INFO rally.task.runner [-] Task 5fc67c41-2553-47f7-abfe-4efcd77cb9c3 | ITER: 90 END: OK
2018-04-20 23:26:44.027 47264 INFO rally.task.runner [-] Task 5fc67c41-2553-47f7-abfe-4efcd77cb9c3 | ITER: 93 END: OK
2018-04-20 23:26:44.109 47265 INFO rally.task.runner [-] Task 5fc67c41-2553-47f7-abfe-4efcd77cb9c3 | ITER: 91 END: OK
2018-04-20 23:26:44.222 47279 INFO rally.task.runner [-] Task 5fc67c41-2553-47f7-abfe-4efcd77cb9c3 | ITER: 95 END: OK
2018-04-20 23:26:44.275 47259 INFO rally.task.runner [-] Task 5fc67c41-2553-47f7-abfe-4efcd77cb9c3 | ITER: 96 END: OK
2018-04-20 23:26:44.539 47258 INFO rally.task.runner [-] Task 5fc67c41-2553-47f7-abfe-4efcd77cb9c3 | ITER: 97 END: OK
2018-04-20 23:26:44.607 47267 INFO rally.task.runner [-] Task 5fc67c41-2553-47f7-abfe-4efcd77cb9c3 | ITER: 94 END: OK
2018-04-20 23:26:44.635 47260 INFO rally.task.runner [-] Task 5fc67c41-2553-47f7-abfe-4efcd77cb9c3 | ITER: 98 END: OK
2018-04-20 23:26:44.784 47261 INFO rally.task.runner [-] Task 5fc67c41-2553-47f7-abfe-4efcd77cb9c3 | ITER: 99 END: OK
2018-04-20 23:26:44.867 47257 INFO rally.task.runner [-] Task 5fc67c41-2553-47f7-abfe-4efcd77cb9c3 | ITER: 100 END: OK
2018-04-20 23:26:44.892 46687 INFO rally.task.context [-] Task 5fc67c41-2553-47f7-abfe-4efcd77cb9c3 | Context cleanup@openstack cleanup() started
2018-04-20 23:27:12.459 46687 INFO rally.task.context [-] Task 5fc67c41-2553-47f7-abfe-4efcd77cb9c3 | Context cleanup@openstack cleanup() finished in 27.57 sec
2018-04-20 23:27:12.460 46687 INFO rally.task.context [-] Task 5fc67c41-2553-47f7-abfe-4efcd77cb9c3 | Context roles@openstack cleanup() started
2018-04-20 23:27:13.644 46687 INFO rally.task.context [-] Task 5fc67c41-2553-47f7-abfe-4efcd77cb9c3 | Context roles@openstack cleanup() finished in 1.18 sec
2018-04-20 23:27:13.645 46687 INFO rally.task.context [-] Task 5fc67c41-2553-47f7-abfe-4efcd77cb9c3 | Context quotas@openstack cleanup() started
2018-04-20 23:27:13.710 46687 INFO rally.task.context [-] Task 5fc67c41-2553-47f7-abfe-4efcd77cb9c3 | Context quotas@openstack cleanup() finished in 64.94 msec
2018-04-20 23:27:13.710 46687 INFO rally.task.context [-] Task 5fc67c41-2553-47f7-abfe-4efcd77cb9c3 | Context users@openstack cleanup() started
2018-04-20 23:27:18.712 46687 INFO rally.task.context [-] Task 5fc67c41-2553-47f7-abfe-4efcd77cb9c3 | Context users@openstack cleanup() finished in 5.00 sec
2018-04-20 23:27:20.238 46687 INFO rally.task.engine [-] Load duration is: 10.145227
2018-04-20 23:27:20.238 46687 INFO rally.task.engine [-] Full runner duration is: 10.188252
2018-04-20 23:27:20.239 46687 INFO rally.task.engine [-] Full duration is: 56.941183
2018-04-20 23:27:20.481 46687 INFO rally.task.engine [-] Task 5fc67c41-2553-47f7-abfe-4efcd77cb9c3 | Completed: Running task.

--------------------------------------------------------------------------------
Task 5fc67c41-2553-47f7-abfe-4efcd77cb9c3: finished
--------------------------------------------------------------------------------

test scenario NeutronNetworks.create_and_list_networks
args position 0
args values:
{
  "runner": {
    "times": 100, 
    "concurrency": 10
  }, 
  "contexts": {
    "users": {
      "tenants": 3, 
      "users_per_tenant": 3
    }, 
    "quotas": {
      "neutron": {
        "network": -1
      }
    }
  }, 
  "args": {
    "network_create_args": {}
  }, 
  "sla": {
    "failure_rate": {
      "max": 0
    }
  }, 
  "hooks": []
}

--------------------------------------------------------------------------------
Task 5fc67c41-2553-47f7-abfe-4efcd77cb9c3 has 0 error(s)
--------------------------------------------------------------------------------

+---------------------------------------------------------------------------------------------------------------------------+
|                                                   Response Times (sec)                                                    |
+------------------------+-----------+--------------+--------------+--------------+-----------+-----------+---------+-------+
| Action                 | Min (sec) | Median (sec) | 90%ile (sec) | 95%ile (sec) | Max (sec) | Avg (sec) | Success | Count |
+------------------------+-----------+--------------+--------------+--------------+-----------+-----------+---------+-------+
| neutron.create_network | 0.586     | 0.669        | 0.955        | 1.126        | 1.322     | 0.742     | 100.0%  | 100   |
| neutron.list_networks  | 0.136     | 0.401        | 0.666        | 0.712        | 0.953     | 0.418     | 100.0%  | 100   |
| total                  | 0.812     | 1.127        | 1.404        | 1.475        | 1.907     | 1.159     | 100.0%  | 100   |
|  -> duration           | 0.812     | 1.127        | 1.404        | 1.475        | 1.907     | 1.159     | 100.0%  | 100   |
|  -> idle_duration      | 0.0       | 0.0          | 0.0          | 0.0          | 0.0       | 0.0       | 100.0%  | 100   |
+------------------------+-----------+--------------+--------------+--------------+-----------+-----------+---------+-------+

Load duration: 12.152106
Full duration: 48.121962
--------------------------------------------------------------------------------

test scenario NeutronNetworks.create_and_list_networks
args position 0
args values:
{
  "runner": {
    "times": 100, 
    "concurrency": 10
  }, 
  "contexts": {
    "users": {
      "tenants": 3, 
      "users_per_tenant": 3
    }, 
    "quotas": {
      "neutron": {
        "network": -1
      }
    }, 
    "roles": [
      "admin"
    ]
  }, 
  "args": {
    "network_create_args": {
      "provider:network_type": "vxlan"
    }
  }, 
  "sla": {
    "failure_rate": {
      "max": 0
    }
  }, 
  "hooks": []
}

--------------------------------------------------------------------------------
Task 5fc67c41-2553-47f7-abfe-4efcd77cb9c3 has 0 error(s)
--------------------------------------------------------------------------------

+---------------------------------------------------------------------------------------------------------------------------+
|                                                   Response Times (sec)                                                    |
+------------------------+-----------+--------------+--------------+--------------+-----------+-----------+---------+-------+
| Action                 | Min (sec) | Median (sec) | 90%ile (sec) | 95%ile (sec) | Max (sec) | Avg (sec) | Success | Count |
+------------------------+-----------+--------------+--------------+--------------+-----------+-----------+---------+-------+
| neutron.create_network | 0.61      | 0.7          | 0.911        | 1.13         | 1.293     | 0.747     | 100.0%  | 100   |
| neutron.list_networks  | 0.113     | 0.214        | 0.301        | 0.34         | 0.47      | 0.214     | 100.0%  | 100   |
| total                  | 0.77      | 0.925        | 1.167        | 1.287        | 1.486     | 0.961     | 100.0%  | 100   |
|  -> duration           | 0.77      | 0.925        | 1.167        | 1.287        | 1.486     | 0.961     | 100.0%  | 100   |
|  -> idle_duration      | 0.0       | 0.0          | 0.0          | 0.0          | 0.0       | 0.0       | 100.0%  | 100   |
+------------------------+-----------+--------------+--------------+--------------+-----------+-----------+---------+-------+

Load duration: 10.145227
Full duration: 56.941183

HINTS:
* To plot HTML graphics with this data, run:
	rally task report 5fc67c41-2553-47f7-abfe-4efcd77cb9c3 --out output.html

* To generate a JUnit report, run:
	rally task export 5fc67c41-2553-47f7-abfe-4efcd77cb9c3 --type junit --to output.xml

* To get raw JSON output of task results, run:
	rally task report 5fc67c41-2553-47f7-abfe-4efcd77cb9c3 --json --out output.json

--------------------------------------------------------------------------------
Preparing input task
--------------------------------------------------------------------------------

Task is:
{
   "NovaServers.boot_and_migrate_server": [
        {
            "args": {
                "flavor": {
                    "name": "m1.large"
                },
                "image": {
                    "name": "CentOS 7"
                }
            },
            "runner": {
                "type": "constant",
                "times": 100,
                "concurrency": 5
            },
            "context": {
                "users": {
                    "tenants": 1,
                    "users_per_tenant": 1
                }
            },
            "sla": {
                "failure_rate": {
                    "max": 0
                }
            }
        }
    ]
}

Task syntax is correct :)
Running Rally version 0.10.1~dev119
--------------------------------------------------------------------------------
Task  4d7fa2cb-7b92-4e97-b2bd-656493a6b63b: started
--------------------------------------------------------------------------------

Running Task... This can take a while...

To track task status use:

	rally task status
	or
	rally task detailed

Using task: 4d7fa2cb-7b92-4e97-b2bd-656493a6b63b
2018-04-20 23:27:22.362 47658 INFO rally.task.engine [-] Task 4d7fa2cb-7b92-4e97-b2bd-656493a6b63b | Starting:  Task validation.
2018-04-20 23:27:22.369 47658 INFO rally.task.engine [-] Task 4d7fa2cb-7b92-4e97-b2bd-656493a6b63b | Starting:  Task validation of syntax.
2018-04-20 23:27:22.379 47658 INFO rally.task.engine [-] Task 4d7fa2cb-7b92-4e97-b2bd-656493a6b63b | Completed: Task validation of syntax.
2018-04-20 23:27:22.379 47658 INFO rally.task.engine [-] Task 4d7fa2cb-7b92-4e97-b2bd-656493a6b63b | Starting:  Task validation of required platforms.
2018-04-20 23:27:22.384 47658 INFO rally.task.engine [-] Task 4d7fa2cb-7b92-4e97-b2bd-656493a6b63b | Completed: Task validation of required platforms.
2018-04-20 23:27:22.384 47658 INFO rally.task.engine [-] Task 4d7fa2cb-7b92-4e97-b2bd-656493a6b63b | Starting:  Task validation of semantic.
2018-04-20 23:27:25.473 47658 INFO rally.task.context [-] Task 4d7fa2cb-7b92-4e97-b2bd-656493a6b63b | Context users@openstack setup()  finished in 2.46 sec
2018-04-20 23:27:26.781 47658 INFO rally.task.context [-] Task 4d7fa2cb-7b92-4e97-b2bd-656493a6b63b | Context users@openstack cleanup() started
2018-04-20 23:27:29.828 47658 INFO rally.task.context [-] Task 4d7fa2cb-7b92-4e97-b2bd-656493a6b63b | Context users@openstack cleanup() finished in 3.05 sec
2018-04-20 23:27:29.828 47658 INFO rally.task.engine [-] Task 4d7fa2cb-7b92-4e97-b2bd-656493a6b63b | Completed: Task validation of semantic.
2018-04-20 23:27:29.829 47658 INFO rally.task.engine [-] Task 4d7fa2cb-7b92-4e97-b2bd-656493a6b63b | Completed: Task validation.
2018-04-20 23:27:29.829 47658 INFO rally.api [-] Task 4d7fa2cb-7b92-4e97-b2bd-656493a6b63b input file is valid.
2018-04-20 23:27:29.829 47658 INFO rally.api [-] Run Task 4d7fa2cb-7b92-4e97-b2bd-656493a6b63b against Deployment ab52c4ca-1635-4294-83f0-32b091812a67
2018-04-20 23:27:29.830 47658 INFO rally.task.engine [-] Task 4d7fa2cb-7b92-4e97-b2bd-656493a6b63b | Starting:  Running task.
2018-04-20 23:27:29.877 47658 INFO rally.task.engine [-] Running workload: 
  position = 0
  config = {
   "version": 2, 
   "title": "A cropped version of a bigger task.", 
   "description": "Auto-generated task from a single workload (uuid=c86ba492-cbcc-4eb9-bd97-56f72e7c9155)", 
   "subtasks": [
      {
         "title": "NovaServers.boot_and_migrate_server", 
         "description": "Migrate a server.", 
         "scenario": {
            "NovaServers.boot_and_migrate_server": {
               "flavor": {
                  "name": "m1.large"
               }, 
               "image": {
                  "name": "CentOS 7"
               }
            }
         }, 
         "contexts": {
            "users": {
               "tenants": 1, 
               "users_per_tenant": 1
            }
         }, 
         "runner": {
            "constant": {
               "times": 100, 
               "concurrency": 5
            }
         }, 
         "hooks": [], 
         "sla": {
            "failure_rate": {
               "max": 0
            }
         }
      }
   ]
}
2018-04-20 23:27:32.473 47658 INFO rally.task.context [-] Task 4d7fa2cb-7b92-4e97-b2bd-656493a6b63b | Context users@openstack setup()  finished in 2.56 sec
2018-04-20 23:27:32.474 47658 INFO rally.task.context [-] Task 4d7fa2cb-7b92-4e97-b2bd-656493a6b63b | Context cleanup@openstack setup()  finished in 0.02 msec
2018-04-20 23:27:33.714 47786 INFO rally.task.runner [-] Task 4d7fa2cb-7b92-4e97-b2bd-656493a6b63b | ITER: 1 START
2018-04-20 23:27:33.716 47787 INFO rally.task.runner [-] Task 4d7fa2cb-7b92-4e97-b2bd-656493a6b63b | ITER: 2 START
2018-04-20 23:27:33.719 47788 INFO rally.task.runner [-] Task 4d7fa2cb-7b92-4e97-b2bd-656493a6b63b | ITER: 3 START
2018-04-20 23:27:33.721 47789 INFO rally.task.runner [-] Task 4d7fa2cb-7b92-4e97-b2bd-656493a6b63b | ITER: 4 START
2018-04-20 23:27:33.725 47793 INFO rally.task.runner [-] Task 4d7fa2cb-7b92-4e97-b2bd-656493a6b63b | ITER: 5 START
2018-04-20 23:29:27.765 47789 INFO rally.task.runner [-] Task 4d7fa2cb-7b92-4e97-b2bd-656493a6b63b | ITER: 4 END: OK
2018-04-20 23:29:27.770 47789 INFO rally.task.runner [-] Task 4d7fa2cb-7b92-4e97-b2bd-656493a6b63b | ITER: 6 START
2018-04-20 23:29:28.453 47788 INFO rally.task.runner [-] Task 4d7fa2cb-7b92-4e97-b2bd-656493a6b63b | ITER: 3 END: OK
2018-04-20 23:29:28.459 47788 INFO rally.task.runner [-] Task 4d7fa2cb-7b92-4e97-b2bd-656493a6b63b | ITER: 7 START
2018-04-20 23:29:28.492 47793 INFO rally.task.runner [-] Task 4d7fa2cb-7b92-4e97-b2bd-656493a6b63b | ITER: 5 END: OK
2018-04-20 23:29:28.497 47793 INFO rally.task.runner [-] Task 4d7fa2cb-7b92-4e97-b2bd-656493a6b63b | ITER: 8 START
2018-04-20 23:29:30.755 47786 INFO rally.task.runner [-] Task 4d7fa2cb-7b92-4e97-b2bd-656493a6b63b | ITER: 1 END: OK
2018-04-20 23:29:30.759 47786 INFO rally.task.runner [-] Task 4d7fa2cb-7b92-4e97-b2bd-656493a6b63b | ITER: 9 START
2018-04-20 23:29:46.132 47787 INFO rally.task.runner [-] Task 4d7fa2cb-7b92-4e97-b2bd-656493a6b63b | ITER: 2 END: OK
2018-04-20 23:29:46.137 47787 INFO rally.task.runner [-] Task 4d7fa2cb-7b92-4e97-b2bd-656493a6b63b | ITER: 10 START
2018-04-20 23:31:10.756 47789 INFO rally.task.runner [-] Task 4d7fa2cb-7b92-4e97-b2bd-656493a6b63b | ITER: 6 END: OK
2018-04-20 23:31:10.760 47789 INFO rally.task.runner [-] Task 4d7fa2cb-7b92-4e97-b2bd-656493a6b63b | ITER: 11 START
2018-04-20 23:31:17.589 47786 INFO rally.task.runner [-] Task 4d7fa2cb-7b92-4e97-b2bd-656493a6b63b | ITER: 9 END: OK
2018-04-20 23:31:17.593 47786 INFO rally.task.runner [-] Task 4d7fa2cb-7b92-4e97-b2bd-656493a6b63b | ITER: 12 START
2018-04-20 23:31:17.784 47793 INFO rally.task.runner [-] Task 4d7fa2cb-7b92-4e97-b2bd-656493a6b63b | ITER: 8 END: OK
2018-04-20 23:31:17.789 47793 INFO rally.task.runner [-] Task 4d7fa2cb-7b92-4e97-b2bd-656493a6b63b | ITER: 13 START
2018-04-20 23:31:19.768 47788 INFO rally.task.runner [-] Task 4d7fa2cb-7b92-4e97-b2bd-656493a6b63b | ITER: 7 END: OK
2018-04-20 23:31:19.773 47788 INFO rally.task.runner [-] Task 4d7fa2cb-7b92-4e97-b2bd-656493a6b63b | ITER: 14 START
2018-04-20 23:31:33.268 47787 INFO rally.task.runner [-] Task 4d7fa2cb-7b92-4e97-b2bd-656493a6b63b | ITER: 10 END: OK
2018-04-20 23:31:33.273 47787 INFO rally.task.runner [-] Task 4d7fa2cb-7b92-4e97-b2bd-656493a6b63b | ITER: 15 START
2018-04-20 23:32:46.303 47789 INFO rally.task.runner [-] Task 4d7fa2cb-7b92-4e97-b2bd-656493a6b63b | ITER: 11 END: OK
2018-04-20 23:32:46.307 47789 INFO rally.task.runner [-] Task 4d7fa2cb-7b92-4e97-b2bd-656493a6b63b | ITER: 16 START
2018-04-20 23:32:59.808 47793 INFO rally.task.runner [-] Task 4d7fa2cb-7b92-4e97-b2bd-656493a6b63b | ITER: 13 END: OK
2018-04-20 23:32:59.812 47793 INFO rally.task.runner [-] Task 4d7fa2cb-7b92-4e97-b2bd-656493a6b63b | ITER: 17 START
2018-04-20 23:33:04.048 47788 INFO rally.task.runner [-] Task 4d7fa2cb-7b92-4e97-b2bd-656493a6b63b | ITER: 14 END: OK
2018-04-20 23:33:04.053 47788 INFO rally.task.runner [-] Task 4d7fa2cb-7b92-4e97-b2bd-656493a6b63b | ITER: 18 START
2018-04-20 23:33:06.744 47786 INFO rally.task.runner [-] Task 4d7fa2cb-7b92-4e97-b2bd-656493a6b63b | ITER: 12 END: OK
2018-04-20 23:33:06.747 47786 INFO rally.task.runner [-] Task 4d7fa2cb-7b92-4e97-b2bd-656493a6b63b | ITER: 19 START
2018-04-20 23:33:11.100 47787 INFO rally.task.runner [-] Task 4d7fa2cb-7b92-4e97-b2bd-656493a6b63b | ITER: 15 END: OK
2018-04-20 23:33:11.105 47787 INFO rally.task.runner [-] Task 4d7fa2cb-7b92-4e97-b2bd-656493a6b63b | ITER: 20 START
2018-04-20 23:34:15.463 47789 INFO rally.task.runner [-] Task 4d7fa2cb-7b92-4e97-b2bd-656493a6b63b | ITER: 16 END: OK
2018-04-20 23:34:15.468 47789 INFO rally.task.runner [-] Task 4d7fa2cb-7b92-4e97-b2bd-656493a6b63b | ITER: 21 START
2018-04-20 23:34:32.934 47793 INFO rally.task.runner [-] Task 4d7fa2cb-7b92-4e97-b2bd-656493a6b63b | ITER: 17 END: OK
2018-04-20 23:34:32.937 47793 INFO rally.task.runner [-] Task 4d7fa2cb-7b92-4e97-b2bd-656493a6b63b | ITER: 22 START
2018-04-20 23:34:44.352 47788 INFO rally.task.runner [-] Task 4d7fa2cb-7b92-4e97-b2bd-656493a6b63b | ITER: 18 END: OK
2018-04-20 23:34:44.356 47788 INFO rally.task.runner [-] Task 4d7fa2cb-7b92-4e97-b2bd-656493a6b63b | ITER: 23 START
2018-04-20 23:34:55.628 47786 INFO rally.task.runner [-] Task 4d7fa2cb-7b92-4e97-b2bd-656493a6b63b | ITER: 19 END: OK
2018-04-20 23:34:55.631 47786 INFO rally.task.runner [-] Task 4d7fa2cb-7b92-4e97-b2bd-656493a6b63b | ITER: 24 START
2018-04-20 23:34:55.665 47787 INFO rally.task.runner [-] Task 4d7fa2cb-7b92-4e97-b2bd-656493a6b63b | ITER: 20 END: OK
2018-04-20 23:34:55.669 47787 INFO rally.task.runner [-] Task 4d7fa2cb-7b92-4e97-b2bd-656493a6b63b | ITER: 25 START
2018-04-20 23:35:53.360 47789 INFO rally.task.runner [-] Task 4d7fa2cb-7b92-4e97-b2bd-656493a6b63b | ITER: 21 END: OK
2018-04-20 23:35:53.363 47789 INFO rally.task.runner [-] Task 4d7fa2cb-7b92-4e97-b2bd-656493a6b63b | ITER: 26 START
2018-04-20 23:36:06.095 47793 INFO rally.task.runner [-] Task 4d7fa2cb-7b92-4e97-b2bd-656493a6b63b | ITER: 22 END: OK
2018-04-20 23:36:06.099 47793 INFO rally.task.runner [-] Task 4d7fa2cb-7b92-4e97-b2bd-656493a6b63b | ITER: 27 START
2018-04-20 23:36:17.580 47788 INFO rally.task.runner [-] Task 4d7fa2cb-7b92-4e97-b2bd-656493a6b63b | ITER: 23 END: OK
2018-04-20 23:36:17.584 47788 INFO rally.task.runner [-] Task 4d7fa2cb-7b92-4e97-b2bd-656493a6b63b | ITER: 28 START
2018-04-20 23:36:31.131 47787 INFO rally.task.runner [-] Task 4d7fa2cb-7b92-4e97-b2bd-656493a6b63b | ITER: 25 END: OK
2018-04-20 23:36:31.135 47787 INFO rally.task.runner [-] Task 4d7fa2cb-7b92-4e97-b2bd-656493a6b63b | ITER: 29 START
2018-04-20 23:36:31.421 47786 INFO rally.task.runner [-] Task 4d7fa2cb-7b92-4e97-b2bd-656493a6b63b | ITER: 24 END: OK
2018-04-20 23:36:31.426 47786 INFO rally.task.runner [-] Task 4d7fa2cb-7b92-4e97-b2bd-656493a6b63b | ITER: 30 START
2018-04-20 23:37:26.855 47789 INFO rally.task.runner [-] Task 4d7fa2cb-7b92-4e97-b2bd-656493a6b63b | ITER: 26 END: OK
2018-04-20 23:37:26.859 47789 INFO rally.task.runner [-] Task 4d7fa2cb-7b92-4e97-b2bd-656493a6b63b | ITER: 31 START
2018-04-20 23:37:36.857 47793 INFO rally.task.runner [-] Task 4d7fa2cb-7b92-4e97-b2bd-656493a6b63b | ITER: 27 END: OK
2018-04-20 23:37:36.861 47793 INFO rally.task.runner [-] Task 4d7fa2cb-7b92-4e97-b2bd-656493a6b63b | ITER: 32 START
2018-04-20 23:37:53.410 47788 INFO rally.task.runner [-] Task 4d7fa2cb-7b92-4e97-b2bd-656493a6b63b | ITER: 28 END: OK
2018-04-20 23:37:53.414 47788 INFO rally.task.runner [-] Task 4d7fa2cb-7b92-4e97-b2bd-656493a6b63b | ITER: 33 START
2018-04-20 23:38:16.295 47786 INFO rally.task.runner [-] Task 4d7fa2cb-7b92-4e97-b2bd-656493a6b63b | ITER: 30 END: OK
2018-04-20 23:38:16.299 47786 INFO rally.task.runner [-] Task 4d7fa2cb-7b92-4e97-b2bd-656493a6b63b | ITER: 34 START
2018-04-20 23:38:18.733 47787 INFO rally.task.runner [-] Task 4d7fa2cb-7b92-4e97-b2bd-656493a6b63b | ITER: 29 END: OK
2018-04-20 23:38:18.737 47787 INFO rally.task.runner [-] Task 4d7fa2cb-7b92-4e97-b2bd-656493a6b63b | ITER: 35 START
2018-04-20 23:39:00.253 47789 INFO rally.task.runner [-] Task 4d7fa2cb-7b92-4e97-b2bd-656493a6b63b | ITER: 31 END: OK
2018-04-20 23:39:00.256 47789 INFO rally.task.runner [-] Task 4d7fa2cb-7b92-4e97-b2bd-656493a6b63b | ITER: 36 START
2018-04-20 23:39:12.377 47793 INFO rally.task.runner [-] Task 4d7fa2cb-7b92-4e97-b2bd-656493a6b63b | ITER: 32 END: OK
2018-04-20 23:39:12.380 47793 INFO rally.task.runner [-] Task 4d7fa2cb-7b92-4e97-b2bd-656493a6b63b | ITER: 37 START
2018-04-20 23:39:24.569 47788 INFO rally.task.runner [-] Task 4d7fa2cb-7b92-4e97-b2bd-656493a6b63b | ITER: 33 END: OK
2018-04-20 23:39:24.572 47788 INFO rally.task.runner [-] Task 4d7fa2cb-7b92-4e97-b2bd-656493a6b63b | ITER: 38 START
2018-04-20 23:39:51.825 47786 INFO rally.task.runner [-] Task 4d7fa2cb-7b92-4e97-b2bd-656493a6b63b | ITER: 34 END: OK
2018-04-20 23:39:51.829 47786 INFO rally.task.runner [-] Task 4d7fa2cb-7b92-4e97-b2bd-656493a6b63b | ITER: 39 START
2018-04-20 23:39:58.563 47787 INFO rally.task.runner [-] Task 4d7fa2cb-7b92-4e97-b2bd-656493a6b63b | ITER: 35 END: OK
2018-04-20 23:39:58.567 47787 INFO rally.task.runner [-] Task 4d7fa2cb-7b92-4e97-b2bd-656493a6b63b | ITER: 40 START
2018-04-20 23:40:38.519 47789 INFO rally.task.runner [-] Task 4d7fa2cb-7b92-4e97-b2bd-656493a6b63b | ITER: 36 END: OK
2018-04-20 23:40:38.523 47789 INFO rally.task.runner [-] Task 4d7fa2cb-7b92-4e97-b2bd-656493a6b63b | ITER: 41 START
2018-04-20 23:40:45.371 47793 INFO rally.task.runner [-] Task 4d7fa2cb-7b92-4e97-b2bd-656493a6b63b | ITER: 37 END: OK
2018-04-20 23:40:45.374 47793 INFO rally.task.runner [-] Task 4d7fa2cb-7b92-4e97-b2bd-656493a6b63b | ITER: 42 START
2018-04-20 23:40:59.903 47788 INFO rally.task.runner [-] Task 4d7fa2cb-7b92-4e97-b2bd-656493a6b63b | ITER: 38 END: OK
2018-04-20 23:40:59.907 47788 INFO rally.task.runner [-] Task 4d7fa2cb-7b92-4e97-b2bd-656493a6b63b | ITER: 43 START
2018-04-20 23:41:24.729 47786 INFO rally.task.runner [-] Task 4d7fa2cb-7b92-4e97-b2bd-656493a6b63b | ITER: 39 END: OK
2018-04-20 23:41:24.733 47786 INFO rally.task.runner [-] Task 4d7fa2cb-7b92-4e97-b2bd-656493a6b63b | ITER: 44 START
2018-04-20 23:41:31.691 47787 INFO rally.task.runner [-] Task 4d7fa2cb-7b92-4e97-b2bd-656493a6b63b | ITER: 40 END: OK
2018-04-20 23:41:31.695 47787 INFO rally.task.runner [-] Task 4d7fa2cb-7b92-4e97-b2bd-656493a6b63b | ITER: 45 START
2018-04-20 23:42:11.411 47789 INFO rally.task.runner [-] Task 4d7fa2cb-7b92-4e97-b2bd-656493a6b63b | ITER: 41 END: OK
2018-04-20 23:42:11.415 47789 INFO rally.task.runner [-] Task 4d7fa2cb-7b92-4e97-b2bd-656493a6b63b | ITER: 46 START
2018-04-20 23:42:18.234 47793 INFO rally.task.runner [-] Task 4d7fa2cb-7b92-4e97-b2bd-656493a6b63b | ITER: 42 END: OK
2018-04-20 23:42:18.238 47793 INFO rally.task.runner [-] Task 4d7fa2cb-7b92-4e97-b2bd-656493a6b63b | ITER: 47 START
2018-04-20 23:42:33.487 47788 INFO rally.task.runner [-] Task 4d7fa2cb-7b92-4e97-b2bd-656493a6b63b | ITER: 43 END: OK
2018-04-20 23:42:33.492 47788 INFO rally.task.runner [-] Task 4d7fa2cb-7b92-4e97-b2bd-656493a6b63b | ITER: 48 START
2018-04-20 23:43:00.356 47786 INFO rally.task.runner [-] Task 4d7fa2cb-7b92-4e97-b2bd-656493a6b63b | ITER: 44 END: OK
2018-04-20 23:43:00.360 47786 INFO rally.task.runner [-] Task 4d7fa2cb-7b92-4e97-b2bd-656493a6b63b | ITER: 49 START
2018-04-20 23:43:07.068 47787 INFO rally.task.runner [-] Task 4d7fa2cb-7b92-4e97-b2bd-656493a6b63b | ITER: 45 END: OK
2018-04-20 23:43:07.072 47787 INFO rally.task.runner [-] Task 4d7fa2cb-7b92-4e97-b2bd-656493a6b63b | ITER: 50 START
2018-04-20 23:43:42.762 47789 INFO rally.task.runner [-] Task 4d7fa2cb-7b92-4e97-b2bd-656493a6b63b | ITER: 46 END: OK
2018-04-20 23:43:42.767 47789 INFO rally.task.runner [-] Task 4d7fa2cb-7b92-4e97-b2bd-656493a6b63b | ITER: 51 START
2018-04-20 23:43:51.513 47793 INFO rally.task.runner [-] Task 4d7fa2cb-7b92-4e97-b2bd-656493a6b63b | ITER: 47 END: OK
2018-04-20 23:43:51.516 47793 INFO rally.task.runner [-] Task 4d7fa2cb-7b92-4e97-b2bd-656493a6b63b | ITER: 52 START
2018-04-20 23:44:04.594 47788 INFO rally.task.runner [-] Task 4d7fa2cb-7b92-4e97-b2bd-656493a6b63b | ITER: 48 END: OK
2018-04-20 23:44:04.598 47788 INFO rally.task.runner [-] Task 4d7fa2cb-7b92-4e97-b2bd-656493a6b63b | ITER: 53 START
2018-04-20 23:44:31.083 47786 INFO rally.task.runner [-] Task 4d7fa2cb-7b92-4e97-b2bd-656493a6b63b | ITER: 49 END: OK
2018-04-20 23:44:31.087 47786 INFO rally.task.runner [-] Task 4d7fa2cb-7b92-4e97-b2bd-656493a6b63b | ITER: 54 START
2018-04-20 23:44:37.911 47787 INFO rally.task.runner [-] Task 4d7fa2cb-7b92-4e97-b2bd-656493a6b63b | ITER: 50 END: OK
2018-04-20 23:44:37.915 47787 INFO rally.task.runner [-] Task 4d7fa2cb-7b92-4e97-b2bd-656493a6b63b | ITER: 55 START
2018-04-20 23:45:15.965 47789 INFO rally.task.runner [-] Task 4d7fa2cb-7b92-4e97-b2bd-656493a6b63b | ITER: 51 END: OK
2018-04-20 23:45:15.969 47789 INFO rally.task.runner [-] Task 4d7fa2cb-7b92-4e97-b2bd-656493a6b63b | ITER: 56 START
2018-04-20 23:45:27.003 47793 INFO rally.task.runner [-] Task 4d7fa2cb-7b92-4e97-b2bd-656493a6b63b | ITER: 52 END: OK
2018-04-20 23:45:27.007 47793 INFO rally.task.runner [-] Task 4d7fa2cb-7b92-4e97-b2bd-656493a6b63b | ITER: 57 START
2018-04-20 23:45:38.362 47788 INFO rally.task.runner [-] Task 4d7fa2cb-7b92-4e97-b2bd-656493a6b63b | ITER: 53 END: OK
2018-04-20 23:45:38.366 47788 INFO rally.task.runner [-] Task 4d7fa2cb-7b92-4e97-b2bd-656493a6b63b | ITER: 58 START
2018-04-20 23:46:04.272 47786 INFO rally.task.runner [-] Task 4d7fa2cb-7b92-4e97-b2bd-656493a6b63b | ITER: 54 END: OK
2018-04-20 23:46:04.276 47786 INFO rally.task.runner [-] Task 4d7fa2cb-7b92-4e97-b2bd-656493a6b63b | ITER: 59 START
2018-04-20 23:46:13.879 47787 INFO rally.task.runner [-] Task 4d7fa2cb-7b92-4e97-b2bd-656493a6b63b | ITER: 55 END: OK
2018-04-20 23:46:13.884 47787 INFO rally.task.runner [-] Task 4d7fa2cb-7b92-4e97-b2bd-656493a6b63b | ITER: 60 START
2018-04-20 23:46:47.251 47789 INFO rally.task.runner [-] Task 4d7fa2cb-7b92-4e97-b2bd-656493a6b63b | ITER: 56 END: OK
2018-04-20 23:46:47.254 47789 INFO rally.task.runner [-] Task 4d7fa2cb-7b92-4e97-b2bd-656493a6b63b | ITER: 61 START
2018-04-20 23:47:00.159 47793 INFO rally.task.runner [-] Task 4d7fa2cb-7b92-4e97-b2bd-656493a6b63b | ITER: 57 END: OK
2018-04-20 23:47:00.162 47793 INFO rally.task.runner [-] Task 4d7fa2cb-7b92-4e97-b2bd-656493a6b63b | ITER: 62 START
2018-04-20 23:47:13.689 47788 INFO rally.task.runner [-] Task 4d7fa2cb-7b92-4e97-b2bd-656493a6b63b | ITER: 58 END: OK
2018-04-20 23:47:13.693 47788 INFO rally.task.runner [-] Task 4d7fa2cb-7b92-4e97-b2bd-656493a6b63b | ITER: 63 START
2018-04-20 23:47:37.555 47786 INFO rally.task.runner [-] Task 4d7fa2cb-7b92-4e97-b2bd-656493a6b63b | ITER: 59 END: OK
2018-04-20 23:47:37.557 47786 INFO rally.task.runner [-] Task 4d7fa2cb-7b92-4e97-b2bd-656493a6b63b | ITER: 64 START
2018-04-20 23:47:49.276 47787 INFO rally.task.runner [-] Task 4d7fa2cb-7b92-4e97-b2bd-656493a6b63b | ITER: 60 END: OK
2018-04-20 23:47:49.279 47787 INFO rally.task.runner [-] Task 4d7fa2cb-7b92-4e97-b2bd-656493a6b63b | ITER: 65 START
2018-04-20 23:48:25.155 47789 INFO rally.task.runner [-] Task 4d7fa2cb-7b92-4e97-b2bd-656493a6b63b | ITER: 61 END: OK
2018-04-20 23:48:25.158 47789 INFO rally.task.runner [-] Task 4d7fa2cb-7b92-4e97-b2bd-656493a6b63b | ITER: 66 START
2018-04-20 23:48:35.429 47793 INFO rally.task.runner [-] Task 4d7fa2cb-7b92-4e97-b2bd-656493a6b63b | ITER: 62 END: OK
2018-04-20 23:48:35.431 47793 INFO rally.task.runner [-] Task 4d7fa2cb-7b92-4e97-b2bd-656493a6b63b | ITER: 67 START
2018-04-20 23:48:46.679 47788 INFO rally.task.runner [-] Task 4d7fa2cb-7b92-4e97-b2bd-656493a6b63b | ITER: 63 END: OK
2018-04-20 23:48:46.683 47788 INFO rally.task.runner [-] Task 4d7fa2cb-7b92-4e97-b2bd-656493a6b63b | ITER: 68 START
2018-04-20 23:49:09.626 47786 INFO rally.task.runner [-] Task 4d7fa2cb-7b92-4e97-b2bd-656493a6b63b | ITER: 64 END: OK
2018-04-20 23:49:09.630 47786 INFO rally.task.runner [-] Task 4d7fa2cb-7b92-4e97-b2bd-656493a6b63b | ITER: 69 START
2018-04-20 23:49:20.547 47787 INFO rally.task.runner [-] Task 4d7fa2cb-7b92-4e97-b2bd-656493a6b63b | ITER: 65 END: OK
2018-04-20 23:49:20.551 47787 INFO rally.task.runner [-] Task 4d7fa2cb-7b92-4e97-b2bd-656493a6b63b | ITER: 70 START
2018-04-20 23:49:56.498 47789 INFO rally.task.runner [-] Task 4d7fa2cb-7b92-4e97-b2bd-656493a6b63b | ITER: 66 END: OK
2018-04-20 23:49:56.502 47789 INFO rally.task.runner [-] Task 4d7fa2cb-7b92-4e97-b2bd-656493a6b63b | ITER: 71 START
2018-04-20 23:50:12.842 47793 INFO rally.task.runner [-] Task 4d7fa2cb-7b92-4e97-b2bd-656493a6b63b | ITER: 67 END: OK
2018-04-20 23:50:12.845 47793 INFO rally.task.runner [-] Task 4d7fa2cb-7b92-4e97-b2bd-656493a6b63b | ITER: 72 START
2018-04-20 23:50:20.079 47788 INFO rally.task.runner [-] Task 4d7fa2cb-7b92-4e97-b2bd-656493a6b63b | ITER: 68 END: OK
2018-04-20 23:50:20.083 47788 INFO rally.task.runner [-] Task 4d7fa2cb-7b92-4e97-b2bd-656493a6b63b | ITER: 73 START
2018-04-20 23:50:42.834 47786 INFO rally.task.runner [-] Task 4d7fa2cb-7b92-4e97-b2bd-656493a6b63b | ITER: 69 END: OK
2018-04-20 23:50:42.838 47786 INFO rally.task.runner [-] Task 4d7fa2cb-7b92-4e97-b2bd-656493a6b63b | ITER: 74 START
2018-04-20 23:50:54.152 47787 INFO rally.task.runner [-] Task 4d7fa2cb-7b92-4e97-b2bd-656493a6b63b | ITER: 70 END: OK
2018-04-20 23:50:54.156 47787 INFO rally.task.runner [-] Task 4d7fa2cb-7b92-4e97-b2bd-656493a6b63b | ITER: 75 START
2018-04-20 23:51:29.725 47789 INFO rally.task.runner [-] Task 4d7fa2cb-7b92-4e97-b2bd-656493a6b63b | ITER: 71 END: OK
2018-04-20 23:51:29.729 47789 INFO rally.task.runner [-] Task 4d7fa2cb-7b92-4e97-b2bd-656493a6b63b | ITER: 76 START
2018-04-20 23:51:48.219 47793 INFO rally.task.runner [-] Task 4d7fa2cb-7b92-4e97-b2bd-656493a6b63b | ITER: 72 END: OK
2018-04-20 23:51:48.222 47793 INFO rally.task.runner [-] Task 4d7fa2cb-7b92-4e97-b2bd-656493a6b63b | ITER: 77 START
2018-04-20 23:51:53.823 47788 INFO rally.task.runner [-] Task 4d7fa2cb-7b92-4e97-b2bd-656493a6b63b | ITER: 73 END: OK
2018-04-20 23:51:53.826 47788 INFO rally.task.runner [-] Task 4d7fa2cb-7b92-4e97-b2bd-656493a6b63b | ITER: 78 START
2018-04-20 23:52:22.582 47786 INFO rally.task.runner [-] Task 4d7fa2cb-7b92-4e97-b2bd-656493a6b63b | ITER: 74 END: OK
2018-04-20 23:52:22.584 47786 INFO rally.task.runner [-] Task 4d7fa2cb-7b92-4e97-b2bd-656493a6b63b | ITER: 79 START
2018-04-20 23:52:34.454 47787 INFO rally.task.runner [-] Task 4d7fa2cb-7b92-4e97-b2bd-656493a6b63b | ITER: 75 END: OK
2018-04-20 23:52:34.458 47787 INFO rally.task.runner [-] Task 4d7fa2cb-7b92-4e97-b2bd-656493a6b63b | ITER: 80 START
2018-04-20 23:53:00.797 47789 INFO rally.task.runner [-] Task 4d7fa2cb-7b92-4e97-b2bd-656493a6b63b | ITER: 76 END: OK
2018-04-20 23:53:00.800 47789 INFO rally.task.runner [-] Task 4d7fa2cb-7b92-4e97-b2bd-656493a6b63b | ITER: 81 START
2018-04-20 23:53:19.241 47793 INFO rally.task.runner [-] Task 4d7fa2cb-7b92-4e97-b2bd-656493a6b63b | ITER: 77 END: OK
2018-04-20 23:53:19.244 47793 INFO rally.task.runner [-] Task 4d7fa2cb-7b92-4e97-b2bd-656493a6b63b | ITER: 82 START
2018-04-20 23:53:24.967 47788 INFO rally.task.runner [-] Task 4d7fa2cb-7b92-4e97-b2bd-656493a6b63b | ITER: 78 END: OK
2018-04-20 23:53:24.971 47788 INFO rally.task.runner [-] Task 4d7fa2cb-7b92-4e97-b2bd-656493a6b63b | ITER: 83 START
2018-04-20 23:53:54.487 47786 INFO rally.task.runner [-] Task 4d7fa2cb-7b92-4e97-b2bd-656493a6b63b | ITER: 79 END: OK
2018-04-20 23:53:54.491 47786 INFO rally.task.runner [-] Task 4d7fa2cb-7b92-4e97-b2bd-656493a6b63b | ITER: 84 START
2018-04-20 23:54:05.276 47787 INFO rally.task.runner [-] Task 4d7fa2cb-7b92-4e97-b2bd-656493a6b63b | ITER: 80 END: OK
2018-04-20 23:54:05.280 47787 INFO rally.task.runner [-] Task 4d7fa2cb-7b92-4e97-b2bd-656493a6b63b | ITER: 85 START
2018-04-20 23:54:32.208 47789 INFO rally.task.runner [-] Task 4d7fa2cb-7b92-4e97-b2bd-656493a6b63b | ITER: 81 END: OK
2018-04-20 23:54:32.212 47789 INFO rally.task.runner [-] Task 4d7fa2cb-7b92-4e97-b2bd-656493a6b63b | ITER: 86 START
2018-04-20 23:54:55.009 47793 INFO rally.task.runner [-] Task 4d7fa2cb-7b92-4e97-b2bd-656493a6b63b | ITER: 82 END: OK
2018-04-20 23:54:55.012 47793 INFO rally.task.runner [-] Task 4d7fa2cb-7b92-4e97-b2bd-656493a6b63b | ITER: 87 START
2018-04-20 23:54:58.013 47788 INFO rally.task.runner [-] Task 4d7fa2cb-7b92-4e97-b2bd-656493a6b63b | ITER: 83 END: OK
2018-04-20 23:54:58.017 47788 INFO rally.task.runner [-] Task 4d7fa2cb-7b92-4e97-b2bd-656493a6b63b | ITER: 88 START
2018-04-20 23:55:23.152 47786 INFO rally.task.runner [-] Task 4d7fa2cb-7b92-4e97-b2bd-656493a6b63b | ITER: 84 END: OK
2018-04-20 23:55:23.155 47786 INFO rally.task.runner [-] Task 4d7fa2cb-7b92-4e97-b2bd-656493a6b63b | ITER: 89 START
2018-04-20 23:55:46.072 47787 INFO rally.task.runner [-] Task 4d7fa2cb-7b92-4e97-b2bd-656493a6b63b | ITER: 85 END: OK
2018-04-20 23:55:46.076 47787 INFO rally.task.runner [-] Task 4d7fa2cb-7b92-4e97-b2bd-656493a6b63b | ITER: 90 START
2018-04-20 23:56:07.748 47789 INFO rally.task.runner [-] Task 4d7fa2cb-7b92-4e97-b2bd-656493a6b63b | ITER: 86 END: OK
2018-04-20 23:56:07.752 47789 INFO rally.task.runner [-] Task 4d7fa2cb-7b92-4e97-b2bd-656493a6b63b | ITER: 91 START
2018-04-20 23:56:32.939 47793 INFO rally.task.runner [-] Task 4d7fa2cb-7b92-4e97-b2bd-656493a6b63b | ITER: 87 END: OK
2018-04-20 23:56:32.942 47793 INFO rally.task.runner [-] Task 4d7fa2cb-7b92-4e97-b2bd-656493a6b63b | ITER: 92 START
2018-04-20 23:56:42.588 47788 INFO rally.task.runner [-] Task 4d7fa2cb-7b92-4e97-b2bd-656493a6b63b | ITER: 88 END: OK
2018-04-20 23:56:42.590 47788 INFO rally.task.runner [-] Task 4d7fa2cb-7b92-4e97-b2bd-656493a6b63b | ITER: 93 START
2018-04-20 23:57:03.412 47786 INFO rally.task.runner [-] Task 4d7fa2cb-7b92-4e97-b2bd-656493a6b63b | ITER: 89 END: OK
2018-04-20 23:57:03.416 47786 INFO rally.task.runner [-] Task 4d7fa2cb-7b92-4e97-b2bd-656493a6b63b | ITER: 94 START
2018-04-20 23:57:16.621 47787 INFO rally.task.runner [-] Task 4d7fa2cb-7b92-4e97-b2bd-656493a6b63b | ITER: 90 END: OK
2018-04-20 23:57:16.624 47787 INFO rally.task.runner [-] Task 4d7fa2cb-7b92-4e97-b2bd-656493a6b63b | ITER: 95 START
2018-04-20 23:57:43.662 47789 INFO rally.task.runner [-] Task 4d7fa2cb-7b92-4e97-b2bd-656493a6b63b | ITER: 91 END: OK
2018-04-20 23:57:43.665 47789 INFO rally.task.runner [-] Task 4d7fa2cb-7b92-4e97-b2bd-656493a6b63b | ITER: 96 START
2018-04-20 23:58:06.198 47793 INFO rally.task.runner [-] Task 4d7fa2cb-7b92-4e97-b2bd-656493a6b63b | ITER: 92 END: OK
2018-04-20 23:58:06.202 47793 INFO rally.task.runner [-] Task 4d7fa2cb-7b92-4e97-b2bd-656493a6b63b | ITER: 97 START
2018-04-20 23:58:15.767 47788 INFO rally.task.runner [-] Task 4d7fa2cb-7b92-4e97-b2bd-656493a6b63b | ITER: 93 END: OK
2018-04-20 23:58:15.770 47788 INFO rally.task.runner [-] Task 4d7fa2cb-7b92-4e97-b2bd-656493a6b63b | ITER: 98 START
2018-04-20 23:58:38.721 47786 INFO rally.task.runner [-] Task 4d7fa2cb-7b92-4e97-b2bd-656493a6b63b | ITER: 94 END: OK
2018-04-20 23:58:38.725 47786 INFO rally.task.runner [-] Task 4d7fa2cb-7b92-4e97-b2bd-656493a6b63b | ITER: 99 START
2018-04-20 23:58:50.064 47787 INFO rally.task.runner [-] Task 4d7fa2cb-7b92-4e97-b2bd-656493a6b63b | ITER: 95 END: OK
2018-04-20 23:58:50.067 47787 INFO rally.task.runner [-] Task 4d7fa2cb-7b92-4e97-b2bd-656493a6b63b | ITER: 100 START
2018-04-20 23:59:19.378 47789 INFO rally.task.runner [-] Task 4d7fa2cb-7b92-4e97-b2bd-656493a6b63b | ITER: 96 END: OK
2018-04-20 23:59:43.809 47793 INFO rally.task.runner [-] Task 4d7fa2cb-7b92-4e97-b2bd-656493a6b63b | ITER: 97 END: OK
2018-04-20 23:59:49.365 47788 INFO rally.task.runner [-] Task 4d7fa2cb-7b92-4e97-b2bd-656493a6b63b | ITER: 98 END: OK
2018-04-21 00:00:10.936 47786 INFO rally.task.runner [-] Task 4d7fa2cb-7b92-4e97-b2bd-656493a6b63b | ITER: 99 END: OK
2018-04-21 00:00:22.097 47787 INFO rally.task.runner [-] Task 4d7fa2cb-7b92-4e97-b2bd-656493a6b63b | ITER: 100 END: OK
2018-04-21 00:00:22.121 47658 INFO rally.task.context [-] Task 4d7fa2cb-7b92-4e97-b2bd-656493a6b63b | Context cleanup@openstack cleanup() started
2018-04-21 00:00:23.576 47658 INFO rally.task.context [-] Task 4d7fa2cb-7b92-4e97-b2bd-656493a6b63b | Context cleanup@openstack cleanup() finished in 1.46 sec
2018-04-21 00:00:23.577 47658 INFO rally.task.context [-] Task 4d7fa2cb-7b92-4e97-b2bd-656493a6b63b | Context users@openstack cleanup() started
2018-04-21 00:00:26.539 47658 INFO rally.task.context [-] Task 4d7fa2cb-7b92-4e97-b2bd-656493a6b63b | Context users@openstack cleanup() finished in 2.96 sec
2018-04-21 00:00:27.773 47658 INFO rally.task.engine [-] Load duration is: 1967.3807
2018-04-21 00:00:27.774 47658 INFO rally.task.engine [-] Full runner duration is: 1968.422122
2018-04-21 00:00:27.774 47658 INFO rally.task.engine [-] Full duration is: 1976.654515
2018-04-21 00:00:27.915 47658 INFO rally.task.engine [-] Task 4d7fa2cb-7b92-4e97-b2bd-656493a6b63b | Completed: Running task.

--------------------------------------------------------------------------------
Task 4d7fa2cb-7b92-4e97-b2bd-656493a6b63b: finished
--------------------------------------------------------------------------------

test scenario NovaServers.boot_and_migrate_server
args position 0
args values:
{
  "runner": {
    "times": 100, 
    "concurrency": 5
  }, 
  "contexts": {
    "users": {
      "tenants": 1, 
      "users_per_tenant": 1
    }
  }, 
  "args": {
    "flavor": {
      "name": "m1.large"
    }, 
    "image": {
      "name": "CentOS 7"
    }
  }, 
  "sla": {
    "failure_rate": {
      "max": 0
    }
  }, 
  "hooks": []
}

--------------------------------------------------------------------------------
Task 4d7fa2cb-7b92-4e97-b2bd-656493a6b63b has 0 error(s)
--------------------------------------------------------------------------------

+------------------------------------------------------------------------------------------------------------------------+
|                                                  Response Times (sec)                                                  |
+---------------------+-----------+--------------+--------------+--------------+-----------+-----------+---------+-------+
| Action              | Min (sec) | Median (sec) | 90%ile (sec) | 95%ile (sec) | Max (sec) | Avg (sec) | Success | Count |
+---------------------+-----------+--------------+--------------+--------------+-----------+-----------+---------+-------+
| nova.boot_server    | 61.386    | 65.949       | 77.253       | 82.184       | 91.305    | 68.272    | 100.0%  | 100   |
| nova.migrate        | 19.915    | 22.279       | 24.576       | 24.733       | 26.672    | 22.828    | 100.0%  | 100   |
| nova.resize_confirm | 2.55      | 2.638        | 2.75         | 2.842        | 5.022     | 2.701     | 100.0%  | 100   |
| nova.delete_server  | 2.435     | 2.518        | 4.735        | 4.762        | 13.993    | 3.164     | 100.0%  | 100   |
| total               | 88.661    | 95.285       | 107.177      | 111.445      | 132.414   | 96.965    | 100.0%  | 100   |
|  -> duration        | 87.661    | 94.285       | 106.177      | 110.445      | 131.414   | 95.965    | 100.0%  | 100   |
|  -> idle_duration   | 1.0       | 1.0          | 1.0          | 1.0          | 1.0       | 1.0       | 100.0%  | 100   |
+---------------------+-----------+--------------+--------------+--------------+-----------+-----------+---------+-------+

Load duration: 1967.3807
Full duration: 1976.654515

HINTS:
* To plot HTML graphics with this data, run:
	rally task report 4d7fa2cb-7b92-4e97-b2bd-656493a6b63b --out output.html

* To generate a JUnit report, run:
	rally task export 4d7fa2cb-7b92-4e97-b2bd-656493a6b63b --type junit --to output.xml

* To get raw JSON output of task results, run:
	rally task report 4d7fa2cb-7b92-4e97-b2bd-656493a6b63b --json --out output.json

--------------------------------------------------------------------------------
Preparing input task
--------------------------------------------------------------------------------

Task is:
{
    "NovaServers.boot_and_delete_server": [
        {
            "args": {
                "flavor": {
                    "name": "m1.medium"
                },
                "image": {
                    "name": "Ubuntu 16.04"
                },
                "force_delete": false
            },
            "runner": {
                "type": "constant",
                "times": 200,
                "concurrency": 10
            },
            "context": {
                "users": {
                    "tenants": 3,
                    "users_per_tenant": 5
                }
            },
            "sla": {
                "failure_rate": {
                    "max": 0
                }
            }
        },
        {
            "args": {
                "flavor": {
                    "name": "m1.medium"
                },
                "image": {
                    "name": "Ubuntu 16.04"
                },
                "auto_assign_nic": true
            },
            "runner": {
                "type": "constant",
                "times": 200,
                "concurrency": 10
            },
            "context": {
                "users": {
                    "tenants": 3,
                    "users_per_tenant": 5
                },
                "network": {
                    "start_cidr": "192.168.74.0/24",
                    "networks_per_tenant": 2
                }
            },
            "sla": {
                "failure_rate": {
                    "max": 0
                }
            }
        }
    ]
}

Task syntax is correct :)
Running Rally version 0.10.1~dev119
--------------------------------------------------------------------------------
Task  8548a7d9-c020-4238-9f2f-6cdb36f98156: started
--------------------------------------------------------------------------------

Running Task... This can take a while...

To track task status use:

	rally task status
	or
	rally task detailed

Using task: 8548a7d9-c020-4238-9f2f-6cdb36f98156
