      {
         "title": "KeystoneBasic.create_and_list_ec2credentials", 
         "description": "Create and List all keystone ec2-credentials.", 
         "scenario": {
            "KeystoneBasic.create_and_list_ec2credentials": {}
         }, 
         "contexts": {
            "users": {
               "tenants": 2, 
               "users_per_tenant": 2
            }
         }, 
         "runner": {
            "constant": {
               "times": 10, 
               "concurrency": 5
            }
         }, 
         "hooks": [], 
         "sla": {
            "failure_rate": {
               "max": 0
            }
         }
      }
   ]
}
2018-08-15 19:06:59.929 19188 INFO rally.task.context [-] Task 44d783eb-8c00-4b61-bd26-b8780f6ad1c1 | Context users@openstack setup()  finished in 2.64 sec
2018-08-15 19:06:59.930 19188 INFO rally.task.context [-] Task 44d783eb-8c00-4b61-bd26-b8780f6ad1c1 | Context cleanup@openstack setup()  finished in 0.04 msec
2018-08-15 19:06:59.964 19316 INFO rally.task.runner [-] Task 44d783eb-8c00-4b61-bd26-b8780f6ad1c1 | ITER: 1 START
2018-08-15 19:06:59.967 19317 INFO rally.task.runner [-] Task 44d783eb-8c00-4b61-bd26-b8780f6ad1c1 | ITER: 2 START
2018-08-15 19:06:59.970 19318 INFO rally.task.runner [-] Task 44d783eb-8c00-4b61-bd26-b8780f6ad1c1 | ITER: 3 START
2018-08-15 19:06:59.977 19319 INFO rally.task.runner [-] Task 44d783eb-8c00-4b61-bd26-b8780f6ad1c1 | ITER: 4 START
2018-08-15 19:06:59.977 19322 INFO rally.task.runner [-] Task 44d783eb-8c00-4b61-bd26-b8780f6ad1c1 | ITER: 5 START
2018-08-15 19:07:01.285 19318 INFO rally.task.runner [-] Task 44d783eb-8c00-4b61-bd26-b8780f6ad1c1 | ITER: 3 END: OK
2018-08-15 19:07:01.289 19318 INFO rally.task.runner [-] Task 44d783eb-8c00-4b61-bd26-b8780f6ad1c1 | ITER: 6 START
2018-08-15 19:07:01.301 19316 INFO rally.task.runner [-] Task 44d783eb-8c00-4b61-bd26-b8780f6ad1c1 | ITER: 1 END: OK
2018-08-15 19:07:01.305 19316 INFO rally.task.runner [-] Task 44d783eb-8c00-4b61-bd26-b8780f6ad1c1 | ITER: 7 START
2018-08-15 19:07:01.381 19322 INFO rally.task.runner [-] Task 44d783eb-8c00-4b61-bd26-b8780f6ad1c1 | ITER: 5 END: OK
2018-08-15 19:07:01.384 19322 INFO rally.task.runner [-] Task 44d783eb-8c00-4b61-bd26-b8780f6ad1c1 | ITER: 8 START
2018-08-15 19:07:01.411 19317 INFO rally.task.runner [-] Task 44d783eb-8c00-4b61-bd26-b8780f6ad1c1 | ITER: 2 END: OK
2018-08-15 19:07:01.415 19317 INFO rally.task.runner [-] Task 44d783eb-8c00-4b61-bd26-b8780f6ad1c1 | ITER: 9 START
2018-08-15 19:07:01.511 19319 INFO rally.task.runner [-] Task 44d783eb-8c00-4b61-bd26-b8780f6ad1c1 | ITER: 4 END: OK
2018-08-15 19:07:01.515 19319 INFO rally.task.runner [-] Task 44d783eb-8c00-4b61-bd26-b8780f6ad1c1 | ITER: 10 START
2018-08-15 19:07:02.474 19316 INFO rally.task.runner [-] Task 44d783eb-8c00-4b61-bd26-b8780f6ad1c1 | ITER: 7 END: OK
2018-08-15 19:07:02.485 19318 INFO rally.task.runner [-] Task 44d783eb-8c00-4b61-bd26-b8780f6ad1c1 | ITER: 6 END: OK
2018-08-15 19:07:02.581 19317 INFO rally.task.runner [-] Task 44d783eb-8c00-4b61-bd26-b8780f6ad1c1 | ITER: 9 END: OK
2018-08-15 19:07:02.632 19322 INFO rally.task.runner [-] Task 44d783eb-8c00-4b61-bd26-b8780f6ad1c1 | ITER: 8 END: OK
2018-08-15 19:07:02.727 19319 INFO rally.task.runner [-] Task 44d783eb-8c00-4b61-bd26-b8780f6ad1c1 | ITER: 10 END: OK
2018-08-15 19:07:02.747 19188 INFO rally.task.context [-] Task 44d783eb-8c00-4b61-bd26-b8780f6ad1c1 | Context cleanup@openstack cleanup() started
2018-08-15 19:07:06.683 19188 INFO rally.task.context [-] Task 44d783eb-8c00-4b61-bd26-b8780f6ad1c1 | Context cleanup@openstack cleanup() finished in 3.94 sec
2018-08-15 19:07:06.684 19188 INFO rally.task.context [-] Task 44d783eb-8c00-4b61-bd26-b8780f6ad1c1 | Context users@openstack cleanup() started
2018-08-15 19:07:11.331 19188 INFO rally.task.context [-] Task 44d783eb-8c00-4b61-bd26-b8780f6ad1c1 | Context users@openstack cleanup() finished in 4.65 sec
2018-08-15 19:07:11.411 19188 INFO rally.task.engine [-] Load duration is: 1.871432
2018-08-15 19:07:11.412 19188 INFO rally.task.engine [-] Full runner duration is: 2.810187
2018-08-15 19:07:11.412 19188 INFO rally.task.engine [-] Full duration is: 14.064802
2018-08-15 19:07:11.482 19188 INFO rally.task.engine [-] Task 44d783eb-8c00-4b61-bd26-b8780f6ad1c1 | Completed: Running task.

--------------------------------------------------------------------------------
Task 44d783eb-8c00-4b61-bd26-b8780f6ad1c1: finished
--------------------------------------------------------------------------------

test scenario KeystoneBasic.create_and_list_ec2credentials
args position 0
args values:
{
  "runner": {
    "times": 10, 
    "concurrency": 5
  }, 
  "contexts": {
    "users": {
      "tenants": 2, 
      "users_per_tenant": 2
    }
  }, 
  "args": {}, 
  "sla": {
    "failure_rate": {
      "max": 0
    }
  }, 
  "hooks": []
}

--------------------------------------------------------------------------------
Task 44d783eb-8c00-4b61-bd26-b8780f6ad1c1 has 0 error(s)
--------------------------------------------------------------------------------

+--------------------------------------------------------------------------------------------------------------------------------+
|                                                      Response Times (sec)                                                      |
+-----------------------------+-----------+--------------+--------------+--------------+-----------+-----------+---------+-------+
| Action                      | Min (sec) | Median (sec) | 90%ile (sec) | 95%ile (sec) | Max (sec) | Avg (sec) | Success | Count |
+-----------------------------+-----------+--------------+--------------+--------------+-----------+-----------+---------+-------+
| keystone_v3.create_ec2creds | 0.387     | 0.397        | 0.455        | 0.473        | 0.49      | 0.412     | 100.0%  | 10    |
| keystone_v3.list_ec2creds   | 0.024     | 0.026        | 0.033        | 0.035        | 0.037     | 0.028     | 100.0%  | 10    |
| total                       | 0.415     | 0.425        | 0.481        | 0.5          | 0.519     | 0.44      | 100.0%  | 10    |
|  -> duration                | 0.415     | 0.425        | 0.481        | 0.5          | 0.519     | 0.44      | 100.0%  | 10    |
|  -> idle_duration           | 0.0       | 0.0          | 0.0          | 0.0          | 0.0       | 0.0       | 100.0%  | 10    |
+-----------------------------+-----------+--------------+--------------+--------------+-----------+-----------+---------+-------+

Load duration: 1.871432
Full duration: 14.064802

HINTS:
* To plot HTML graphics with this data, run:
	rally task report 44d783eb-8c00-4b61-bd26-b8780f6ad1c1 --out output.html

* To generate a JUnit report, run:
	rally task export 44d783eb-8c00-4b61-bd26-b8780f6ad1c1 --type junit --to output.xml

* To get raw JSON output of task results, run:
	rally task report 44d783eb-8c00-4b61-bd26-b8780f6ad1c1 --json --out output.json

--------------------------------------------------------------------------------
Preparing input task
--------------------------------------------------------------------------------

Task is:
{
    "KeystoneBasic.add_and_remove_user_role": [
    {
            "runner": {
                "type": "constant",
                "times": 100,
                "concurrency": 10
            },
            "context": {
                "users": {
                    "tenants": 3,
                    "users_per_tenant": 2
                }
            },
            "sla": {
                "failure_rate": {
                    "max": 0
                }
            }
        }
    ]
}

Task syntax is correct :)
Running Rally version 0.10.1~dev119
--------------------------------------------------------------------------------
Task  535e2113-7734-4a8f-a065-4ce0fdbbcbc3: started
--------------------------------------------------------------------------------

Running Task... This can take a while...

To track task status use:

	rally task status
	or
	rally task detailed

Using task: 535e2113-7734-4a8f-a065-4ce0fdbbcbc3
2018-08-15 19:07:13.262 19402 INFO rally.task.engine [-] Task 535e2113-7734-4a8f-a065-4ce0fdbbcbc3 | Starting:  Task validation.
2018-08-15 19:07:13.273 19402 INFO rally.task.engine [-] Task 535e2113-7734-4a8f-a065-4ce0fdbbcbc3 | Starting:  Task validation of syntax.
2018-08-15 19:07:13.288 19402 INFO rally.task.engine [-] Task 535e2113-7734-4a8f-a065-4ce0fdbbcbc3 | Completed: Task validation of syntax.
2018-08-15 19:07:13.289 19402 INFO rally.task.engine [-] Task 535e2113-7734-4a8f-a065-4ce0fdbbcbc3 | Starting:  Task validation of required platforms.
2018-08-15 19:07:13.295 19402 INFO rally.task.engine [-] Task 535e2113-7734-4a8f-a065-4ce0fdbbcbc3 | Completed: Task validation of required platforms.
2018-08-15 19:07:13.295 19402 INFO rally.task.engine [-] Task 535e2113-7734-4a8f-a065-4ce0fdbbcbc3 | Starting:  Task validation of semantic.
2018-08-15 19:07:16.525 19402 INFO rally.task.context [-] Task 535e2113-7734-4a8f-a065-4ce0fdbbcbc3 | Context users@openstack setup()  finished in 2.45 sec
2018-08-15 19:07:16.535 19402 INFO rally.task.context [-] Task 535e2113-7734-4a8f-a065-4ce0fdbbcbc3 | Context users@openstack cleanup() started
2018-08-15 19:07:20.324 19402 INFO rally.task.context [-] Task 535e2113-7734-4a8f-a065-4ce0fdbbcbc3 | Context users@openstack cleanup() finished in 3.79 sec
2018-08-15 19:07:20.325 19402 INFO rally.task.engine [-] Task 535e2113-7734-4a8f-a065-4ce0fdbbcbc3 | Completed: Task validation of semantic.
2018-08-15 19:07:20.325 19402 INFO rally.task.engine [-] Task 535e2113-7734-4a8f-a065-4ce0fdbbcbc3 | Completed: Task validation.
2018-08-15 19:07:20.325 19402 INFO rally.api [-] Task 535e2113-7734-4a8f-a065-4ce0fdbbcbc3 input file is valid.
2018-08-15 19:07:20.326 19402 INFO rally.api [-] Run Task 535e2113-7734-4a8f-a065-4ce0fdbbcbc3 against Deployment b4bb4828-a5c6-40c5-a936-034590fa9108
2018-08-15 19:07:20.326 19402 INFO rally.task.engine [-] Task 535e2113-7734-4a8f-a065-4ce0fdbbcbc3 | Starting:  Running task.
2018-08-15 19:07:20.388 19402 INFO rally.task.engine [-] Running workload: 
  position = 0
  config = {
   "version": 2, 
   "title": "A cropped version of a bigger task.", 
   "description": "Auto-generated task from a single workload (uuid=02083bb2-3ca9-4a8c-ba51-2d92cf17f42c)", 
   "subtasks": [
      {
         "title": "KeystoneBasic.add_and_remove_user_role", 
         "description": "Create a user role add to a user and disassociate.", 
         "scenario": {
            "KeystoneBasic.add_and_remove_user_role": {}
         }, 
         "contexts": {
            "users": {
               "tenants": 3, 
               "users_per_tenant": 2
            }
         }, 
         "runner": {
            "constant": {
               "times": 100, 
               "concurrency": 10
            }
         }, 
         "hooks": [], 
         "sla": {
            "failure_rate": {
               "max": 0
            }
         }
      }
   ]
}
2018-08-15 19:07:23.325 19402 INFO rally.task.context [-] Task 535e2113-7734-4a8f-a065-4ce0fdbbcbc3 | Context users@openstack setup()  finished in 2.89 sec
2018-08-15 19:07:23.325 19402 INFO rally.task.context [-] Task 535e2113-7734-4a8f-a065-4ce0fdbbcbc3 | Context admin_cleanup@openstack setup()  finished in 0.02 msec
2018-08-15 19:07:23.354 19530 INFO rally.task.runner [-] Task 535e2113-7734-4a8f-a065-4ce0fdbbcbc3 | ITER: 1 START
2018-08-15 19:07:23.358 19531 INFO rally.task.runner [-] Task 535e2113-7734-4a8f-a065-4ce0fdbbcbc3 | ITER: 2 START
2018-08-15 19:07:23.359 19532 INFO rally.task.runner [-] Task 535e2113-7734-4a8f-a065-4ce0fdbbcbc3 | ITER: 3 START
2018-08-15 19:07:23.367 19533 INFO rally.task.runner [-] Task 535e2113-7734-4a8f-a065-4ce0fdbbcbc3 | ITER: 4 START
2018-08-15 19:07:23.368 19536 INFO rally.task.runner [-] Task 535e2113-7734-4a8f-a065-4ce0fdbbcbc3 | ITER: 5 START
2018-08-15 19:07:23.375 19542 INFO rally.task.runner [-] Task 535e2113-7734-4a8f-a065-4ce0fdbbcbc3 | ITER: 7 START
2018-08-15 19:07:23.376 19538 INFO rally.task.runner [-] Task 535e2113-7734-4a8f-a065-4ce0fdbbcbc3 | ITER: 6 START
2018-08-15 19:07:23.377 19545 INFO rally.task.runner [-] Task 535e2113-7734-4a8f-a065-4ce0fdbbcbc3 | ITER: 9 START
2018-08-15 19:07:23.378 19544 INFO rally.task.runner [-] Task 535e2113-7734-4a8f-a065-4ce0fdbbcbc3 | ITER: 8 START
2018-08-15 19:07:23.379 19549 INFO rally.task.runner [-] Task 535e2113-7734-4a8f-a065-4ce0fdbbcbc3 | ITER: 10 START
2018-08-15 19:07:24.756 19545 INFO rally.task.runner [-] Task 535e2113-7734-4a8f-a065-4ce0fdbbcbc3 | ITER: 9 END: OK
2018-08-15 19:07:24.759 19545 INFO rally.task.runner [-] Task 535e2113-7734-4a8f-a065-4ce0fdbbcbc3 | ITER: 11 START
2018-08-15 19:07:24.760 19536 INFO rally.task.runner [-] Task 535e2113-7734-4a8f-a065-4ce0fdbbcbc3 | ITER: 5 END: OK
2018-08-15 19:07:24.762 19538 INFO rally.task.runner [-] Task 535e2113-7734-4a8f-a065-4ce0fdbbcbc3 | ITER: 6 END: OK
2018-08-15 19:07:24.763 19531 INFO rally.task.runner [-] Task 535e2113-7734-4a8f-a065-4ce0fdbbcbc3 | ITER: 2 END: OK
2018-08-15 19:07:24.763 19536 INFO rally.task.runner [-] Task 535e2113-7734-4a8f-a065-4ce0fdbbcbc3 | ITER: 12 START
2018-08-15 19:07:24.764 19549 INFO rally.task.runner [-] Task 535e2113-7734-4a8f-a065-4ce0fdbbcbc3 | ITER: 10 END: OK
2018-08-15 19:07:24.765 19538 INFO rally.task.runner [-] Task 535e2113-7734-4a8f-a065-4ce0fdbbcbc3 | ITER: 13 START
2018-08-15 19:07:24.766 19531 INFO rally.task.runner [-] Task 535e2113-7734-4a8f-a065-4ce0fdbbcbc3 | ITER: 14 START
2018-08-15 19:07:24.767 19549 INFO rally.task.runner [-] Task 535e2113-7734-4a8f-a065-4ce0fdbbcbc3 | ITER: 15 START
2018-08-15 19:07:24.850 19530 INFO rally.task.runner [-] Task 535e2113-7734-4a8f-a065-4ce0fdbbcbc3 | ITER: 1 END: OK
2018-08-15 19:07:24.854 19530 INFO rally.task.runner [-] Task 535e2113-7734-4a8f-a065-4ce0fdbbcbc3 | ITER: 16 START
2018-08-15 19:07:24.919 19533 INFO rally.task.runner [-] Task 535e2113-7734-4a8f-a065-4ce0fdbbcbc3 | ITER: 4 END: OK
2018-08-15 19:07:24.922 19533 INFO rally.task.runner [-] Task 535e2113-7734-4a8f-a065-4ce0fdbbcbc3 | ITER: 17 START
2018-08-15 19:07:24.927 19542 INFO rally.task.runner [-] Task 535e2113-7734-4a8f-a065-4ce0fdbbcbc3 | ITER: 7 END: OK
2018-08-15 19:07:24.931 19542 INFO rally.task.runner [-] Task 535e2113-7734-4a8f-a065-4ce0fdbbcbc3 | ITER: 18 START
2018-08-15 19:07:24.932 19532 INFO rally.task.runner [-] Task 535e2113-7734-4a8f-a065-4ce0fdbbcbc3 | ITER: 3 END: OK
2018-08-15 19:07:24.935 19532 INFO rally.task.runner [-] Task 535e2113-7734-4a8f-a065-4ce0fdbbcbc3 | ITER: 19 START
2018-08-15 19:07:24.963 19544 INFO rally.task.runner [-] Task 535e2113-7734-4a8f-a065-4ce0fdbbcbc3 | ITER: 8 END: OK
2018-08-15 19:07:24.967 19544 INFO rally.task.runner [-] Task 535e2113-7734-4a8f-a065-4ce0fdbbcbc3 | ITER: 20 START
2018-08-15 19:07:26.076 19531 INFO rally.task.runner [-] Task 535e2113-7734-4a8f-a065-4ce0fdbbcbc3 | ITER: 14 END: OK
2018-08-15 19:07:26.080 19531 INFO rally.task.runner [-] Task 535e2113-7734-4a8f-a065-4ce0fdbbcbc3 | ITER: 21 START
2018-08-15 19:07:26.093 19536 INFO rally.task.runner [-] Task 535e2113-7734-4a8f-a065-4ce0fdbbcbc3 | ITER: 12 END: OK
2018-08-15 19:07:26.095 19536 INFO rally.task.runner [-] Task 535e2113-7734-4a8f-a065-4ce0fdbbcbc3 | ITER: 22 START
2018-08-15 19:07:26.098 19549 INFO rally.task.runner [-] Task 535e2113-7734-4a8f-a065-4ce0fdbbcbc3 | ITER: 15 END: OK
2018-08-15 19:07:26.101 19549 INFO rally.task.runner [-] Task 535e2113-7734-4a8f-a065-4ce0fdbbcbc3 | ITER: 23 START
2018-08-15 19:07:26.172 19545 INFO rally.task.runner [-] Task 535e2113-7734-4a8f-a065-4ce0fdbbcbc3 | ITER: 11 END: OK
2018-08-15 19:07:26.175 19545 INFO rally.task.runner [-] Task 535e2113-7734-4a8f-a065-4ce0fdbbcbc3 | ITER: 24 START
2018-08-15 19:07:26.253 19530 INFO rally.task.runner [-] Task 535e2113-7734-4a8f-a065-4ce0fdbbcbc3 | ITER: 16 END: OK
2018-08-15 19:07:26.255 19530 INFO rally.task.runner [-] Task 535e2113-7734-4a8f-a065-4ce0fdbbcbc3 | ITER: 25 START
2018-08-15 19:07:26.302 19538 INFO rally.task.runner [-] Task 535e2113-7734-4a8f-a065-4ce0fdbbcbc3 | ITER: 13 END: OK
2018-08-15 19:07:26.304 19538 INFO rally.task.runner [-] Task 535e2113-7734-4a8f-a065-4ce0fdbbcbc3 | ITER: 26 START
2018-08-15 19:07:26.338 19532 INFO rally.task.runner [-] Task 535e2113-7734-4a8f-a065-4ce0fdbbcbc3 | ITER: 19 END: OK
2018-08-15 19:07:26.342 19542 INFO rally.task.runner [-] Task 535e2113-7734-4a8f-a065-4ce0fdbbcbc3 | ITER: 18 END: OK
2018-08-15 19:07:26.342 19532 INFO rally.task.runner [-] Task 535e2113-7734-4a8f-a065-4ce0fdbbcbc3 | ITER: 27 START
2018-08-15 19:07:26.345 19542 INFO rally.task.runner [-] Task 535e2113-7734-4a8f-a065-4ce0fdbbcbc3 | ITER: 28 START
2018-08-15 19:07:26.367 19533 INFO rally.task.runner [-] Task 535e2113-7734-4a8f-a065-4ce0fdbbcbc3 | ITER: 17 END: OK
2018-08-15 19:07:26.370 19533 INFO rally.task.runner [-] Task 535e2113-7734-4a8f-a065-4ce0fdbbcbc3 | ITER: 29 START
2018-08-15 19:07:26.371 19544 INFO rally.task.runner [-] Task 535e2113-7734-4a8f-a065-4ce0fdbbcbc3 | ITER: 20 END: OK
2018-08-15 19:07:26.374 19544 INFO rally.task.runner [-] Task 535e2113-7734-4a8f-a065-4ce0fdbbcbc3 | ITER: 30 START
2018-08-15 19:07:27.524 19536 INFO rally.task.runner [-] Task 535e2113-7734-4a8f-a065-4ce0fdbbcbc3 | ITER: 22 END: OK
2018-08-15 19:07:27.527 19536 INFO rally.task.runner [-] Task 535e2113-7734-4a8f-a065-4ce0fdbbcbc3 | ITER: 31 START
2018-08-15 19:07:27.545 19549 INFO rally.task.runner [-] Task 535e2113-7734-4a8f-a065-4ce0fdbbcbc3 | ITER: 23 END: OK
2018-08-15 19:07:27.548 19549 INFO rally.task.runner [-] Task 535e2113-7734-4a8f-a065-4ce0fdbbcbc3 | ITER: 32 START
2018-08-15 19:07:27.568 19531 INFO rally.task.runner [-] Task 535e2113-7734-4a8f-a065-4ce0fdbbcbc3 | ITER: 21 END: OK
2018-08-15 19:07:27.571 19531 INFO rally.task.runner [-] Task 535e2113-7734-4a8f-a065-4ce0fdbbcbc3 | ITER: 33 START
2018-08-15 19:07:27.605 19545 INFO rally.task.runner [-] Task 535e2113-7734-4a8f-a065-4ce0fdbbcbc3 | ITER: 24 END: OK
2018-08-15 19:07:27.607 19545 INFO rally.task.runner [-] Task 535e2113-7734-4a8f-a065-4ce0fdbbcbc3 | ITER: 34 START
2018-08-15 19:07:27.678 19530 INFO rally.task.runner [-] Task 535e2113-7734-4a8f-a065-4ce0fdbbcbc3 | ITER: 25 END: OK
2018-08-15 19:07:27.681 19530 INFO rally.task.runner [-] Task 535e2113-7734-4a8f-a065-4ce0fdbbcbc3 | ITER: 35 START
2018-08-15 19:07:27.693 19538 INFO rally.task.runner [-] Task 535e2113-7734-4a8f-a065-4ce0fdbbcbc3 | ITER: 26 END: OK
2018-08-15 19:07:27.697 19538 INFO rally.task.runner [-] Task 535e2113-7734-4a8f-a065-4ce0fdbbcbc3 | ITER: 36 START
2018-08-15 19:07:27.717 19542 INFO rally.task.runner [-] Task 535e2113-7734-4a8f-a065-4ce0fdbbcbc3 | ITER: 28 END: OK
2018-08-15 19:07:27.721 19542 INFO rally.task.runner [-] Task 535e2113-7734-4a8f-a065-4ce0fdbbcbc3 | ITER: 37 START
2018-08-15 19:07:27.725 19544 INFO rally.task.runner [-] Task 535e2113-7734-4a8f-a065-4ce0fdbbcbc3 | ITER: 30 END: OK
2018-08-15 19:07:27.728 19544 INFO rally.task.runner [-] Task 535e2113-7734-4a8f-a065-4ce0fdbbcbc3 | ITER: 38 START
2018-08-15 19:07:27.733 19532 INFO rally.task.runner [-] Task 535e2113-7734-4a8f-a065-4ce0fdbbcbc3 | ITER: 27 END: OK
2018-08-15 19:07:27.736 19532 INFO rally.task.runner [-] Task 535e2113-7734-4a8f-a065-4ce0fdbbcbc3 | ITER: 39 START
2018-08-15 19:07:27.823 19533 INFO rally.task.runner [-] Task 535e2113-7734-4a8f-a065-4ce0fdbbcbc3 | ITER: 29 END: OK
2018-08-15 19:07:27.827 19533 INFO rally.task.runner [-] Task 535e2113-7734-4a8f-a065-4ce0fdbbcbc3 | ITER: 40 START
2018-08-15 19:07:28.932 19549 INFO rally.task.runner [-] Task 535e2113-7734-4a8f-a065-4ce0fdbbcbc3 | ITER: 32 END: OK
2018-08-15 19:07:28.935 19549 INFO rally.task.runner [-] Task 535e2113-7734-4a8f-a065-4ce0fdbbcbc3 | ITER: 41 START
2018-08-15 19:07:28.940 19536 INFO rally.task.runner [-] Task 535e2113-7734-4a8f-a065-4ce0fdbbcbc3 | ITER: 31 END: OK
2018-08-15 19:07:28.944 19536 INFO rally.task.runner [-] Task 535e2113-7734-4a8f-a065-4ce0fdbbcbc3 | ITER: 42 START
2018-08-15 19:07:28.948 19531 INFO rally.task.runner [-] Task 535e2113-7734-4a8f-a065-4ce0fdbbcbc3 | ITER: 33 END: OK
2018-08-15 19:07:28.952 19531 INFO rally.task.runner [-] Task 535e2113-7734-4a8f-a065-4ce0fdbbcbc3 | ITER: 43 START
2018-08-15 19:07:29.056 19544 INFO rally.task.runner [-] Task 535e2113-7734-4a8f-a065-4ce0fdbbcbc3 | ITER: 38 END: OK
2018-08-15 19:07:29.059 19544 INFO rally.task.runner [-] Task 535e2113-7734-4a8f-a065-4ce0fdbbcbc3 | ITER: 44 START
2018-08-15 19:07:29.073 19545 INFO rally.task.runner [-] Task 535e2113-7734-4a8f-a065-4ce0fdbbcbc3 | ITER: 34 END: OK
2018-08-15 19:07:29.075 19545 INFO rally.task.runner [-] Task 535e2113-7734-4a8f-a065-4ce0fdbbcbc3 | ITER: 45 START
2018-08-15 19:07:29.125 19533 INFO rally.task.runner [-] Task 535e2113-7734-4a8f-a065-4ce0fdbbcbc3 | ITER: 40 END: OK
2018-08-15 19:07:29.128 19533 INFO rally.task.runner [-] Task 535e2113-7734-4a8f-a065-4ce0fdbbcbc3 | ITER: 46 START
2018-08-15 19:07:29.138 19538 INFO rally.task.runner [-] Task 535e2113-7734-4a8f-a065-4ce0fdbbcbc3 | ITER: 36 END: OK
2018-08-15 19:07:29.141 19538 INFO rally.task.runner [-] Task 535e2113-7734-4a8f-a065-4ce0fdbbcbc3 | ITER: 47 START
2018-08-15 19:07:29.142 19530 INFO rally.task.runner [-] Task 535e2113-7734-4a8f-a065-4ce0fdbbcbc3 | ITER: 35 END: OK
2018-08-15 19:07:29.145 19530 INFO rally.task.runner [-] Task 535e2113-7734-4a8f-a065-4ce0fdbbcbc3 | ITER: 48 START
2018-08-15 19:07:29.153 19542 INFO rally.task.runner [-] Task 535e2113-7734-4a8f-a065-4ce0fdbbcbc3 | ITER: 37 END: OK
2018-08-15 19:07:29.156 19542 INFO rally.task.runner [-] Task 535e2113-7734-4a8f-a065-4ce0fdbbcbc3 | ITER: 49 START
2018-08-15 19:07:29.231 19532 INFO rally.task.runner [-] Task 535e2113-7734-4a8f-a065-4ce0fdbbcbc3 | ITER: 39 END: OK
2018-08-15 19:07:29.235 19532 INFO rally.task.runner [-] Task 535e2113-7734-4a8f-a065-4ce0fdbbcbc3 | ITER: 50 START
2018-08-15 19:07:30.350 19549 INFO rally.task.runner [-] Task 535e2113-7734-4a8f-a065-4ce0fdbbcbc3 | ITER: 41 END: OK
2018-08-15 19:07:30.351 19531 INFO rally.task.runner [-] Task 535e2113-7734-4a8f-a065-4ce0fdbbcbc3 | ITER: 43 END: OK
2018-08-15 19:07:30.354 19549 INFO rally.task.runner [-] Task 535e2113-7734-4a8f-a065-4ce0fdbbcbc3 | ITER: 51 START
2018-08-15 19:07:30.356 19531 INFO rally.task.runner [-] Task 535e2113-7734-4a8f-a065-4ce0fdbbcbc3 | ITER: 52 START
2018-08-15 19:07:30.439 19542 INFO rally.task.runner [-] Task 535e2113-7734-4a8f-a065-4ce0fdbbcbc3 | ITER: 49 END: OK
2018-08-15 19:07:30.442 19542 INFO rally.task.runner [-] Task 535e2113-7734-4a8f-a065-4ce0fdbbcbc3 | ITER: 53 START
2018-08-15 19:07:30.463 19545 INFO rally.task.runner [-] Task 535e2113-7734-4a8f-a065-4ce0fdbbcbc3 | ITER: 45 END: OK
2018-08-15 19:07:30.465 19545 INFO rally.task.runner [-] Task 535e2113-7734-4a8f-a065-4ce0fdbbcbc3 | ITER: 54 START
2018-08-15 19:07:30.470 19536 INFO rally.task.runner [-] Task 535e2113-7734-4a8f-a065-4ce0fdbbcbc3 | ITER: 42 END: OK
2018-08-15 19:07:30.474 19536 INFO rally.task.runner [-] Task 535e2113-7734-4a8f-a065-4ce0fdbbcbc3 | ITER: 55 START
2018-08-15 19:07:30.514 19532 INFO rally.task.runner [-] Task 535e2113-7734-4a8f-a065-4ce0fdbbcbc3 | ITER: 50 END: OK
2018-08-15 19:07:30.517 19532 INFO rally.task.runner [-] Task 535e2113-7734-4a8f-a065-4ce0fdbbcbc3 | ITER: 56 START
2018-08-15 19:07:30.517 19538 INFO rally.task.runner [-] Task 535e2113-7734-4a8f-a065-4ce0fdbbcbc3 | ITER: 47 END: OK
2018-08-15 19:07:30.521 19538 INFO rally.task.runner [-] Task 535e2113-7734-4a8f-a065-4ce0fdbbcbc3 | ITER: 57 START
2018-08-15 19:07:30.530 19530 INFO rally.task.runner [-] Task 535e2113-7734-4a8f-a065-4ce0fdbbcbc3 | ITER: 48 END: OK
2018-08-15 19:07:30.532 19544 INFO rally.task.runner [-] Task 535e2113-7734-4a8f-a065-4ce0fdbbcbc3 | ITER: 44 END: OK
2018-08-15 19:07:30.533 19530 INFO rally.task.runner [-] Task 535e2113-7734-4a8f-a065-4ce0fdbbcbc3 | ITER: 58 START
2018-08-15 19:07:30.535 19544 INFO rally.task.runner [-] Task 535e2113-7734-4a8f-a065-4ce0fdbbcbc3 | ITER: 59 START
2018-08-15 19:07:30.704 19533 INFO rally.task.runner [-] Task 535e2113-7734-4a8f-a065-4ce0fdbbcbc3 | ITER: 46 END: OK
2018-08-15 19:07:30.708 19533 INFO rally.task.runner [-] Task 535e2113-7734-4a8f-a065-4ce0fdbbcbc3 | ITER: 60 START
2018-08-15 19:07:31.709 19549 INFO rally.task.runner [-] Task 535e2113-7734-4a8f-a065-4ce0fdbbcbc3 | ITER: 51 END: OK
2018-08-15 19:07:31.712 19549 INFO rally.task.runner [-] Task 535e2113-7734-4a8f-a065-4ce0fdbbcbc3 | ITER: 61 START
2018-08-15 19:07:31.809 19536 INFO rally.task.runner [-] Task 535e2113-7734-4a8f-a065-4ce0fdbbcbc3 | ITER: 55 END: OK
2018-08-15 19:07:31.813 19536 INFO rally.task.runner [-] Task 535e2113-7734-4a8f-a065-4ce0fdbbcbc3 | ITER: 62 START
2018-08-15 19:07:31.822 19531 INFO rally.task.runner [-] Task 535e2113-7734-4a8f-a065-4ce0fdbbcbc3 | ITER: 52 END: OK
2018-08-15 19:07:31.823 19542 INFO rally.task.runner [-] Task 535e2113-7734-4a8f-a065-4ce0fdbbcbc3 | ITER: 53 END: OK
2018-08-15 19:07:31.825 19531 INFO rally.task.runner [-] Task 535e2113-7734-4a8f-a065-4ce0fdbbcbc3 | ITER: 63 START
2018-08-15 19:07:31.825 19542 INFO rally.task.runner [-] Task 535e2113-7734-4a8f-a065-4ce0fdbbcbc3 | ITER: 64 START
2018-08-15 19:07:31.826 19538 INFO rally.task.runner [-] Task 535e2113-7734-4a8f-a065-4ce0fdbbcbc3 | ITER: 57 END: OK
2018-08-15 19:07:31.829 19538 INFO rally.task.runner [-] Task 535e2113-7734-4a8f-a065-4ce0fdbbcbc3 | ITER: 65 START
2018-08-15 19:07:31.895 19530 INFO rally.task.runner [-] Task 535e2113-7734-4a8f-a065-4ce0fdbbcbc3 | ITER: 58 END: OK
2018-08-15 19:07:31.897 19530 INFO rally.task.runner [-] Task 535e2113-7734-4a8f-a065-4ce0fdbbcbc3 | ITER: 66 START
2018-08-15 19:07:31.909 19544 INFO rally.task.runner [-] Task 535e2113-7734-4a8f-a065-4ce0fdbbcbc3 | ITER: 59 END: OK
2018-08-15 19:07:31.912 19544 INFO rally.task.runner [-] Task 535e2113-7734-4a8f-a065-4ce0fdbbcbc3 | ITER: 67 START
2018-08-15 19:07:31.987 19532 INFO rally.task.runner [-] Task 535e2113-7734-4a8f-a065-4ce0fdbbcbc3 | ITER: 56 END: OK
2018-08-15 19:07:31.990 19532 INFO rally.task.runner [-] Task 535e2113-7734-4a8f-a065-4ce0fdbbcbc3 | ITER: 68 START
2018-08-15 19:07:32.051 19545 INFO rally.task.runner [-] Task 535e2113-7734-4a8f-a065-4ce0fdbbcbc3 | ITER: 54 END: OK
2018-08-15 19:07:32.055 19545 INFO rally.task.runner [-] Task 535e2113-7734-4a8f-a065-4ce0fdbbcbc3 | ITER: 69 START
2018-08-15 19:07:32.247 19533 INFO rally.task.runner [-] Task 535e2113-7734-4a8f-a065-4ce0fdbbcbc3 | ITER: 60 END: OK
2018-08-15 19:07:32.249 19533 INFO rally.task.runner [-] Task 535e2113-7734-4a8f-a065-4ce0fdbbcbc3 | ITER: 70 START
2018-08-15 19:07:33.165 19549 INFO rally.task.runner [-] Task 535e2113-7734-4a8f-a065-4ce0fdbbcbc3 | ITER: 61 END: OK
2018-08-15 19:07:33.168 19549 INFO rally.task.runner [-] Task 535e2113-7734-4a8f-a065-4ce0fdbbcbc3 | ITER: 71 START
2018-08-15 19:07:33.188 19531 INFO rally.task.runner [-] Task 535e2113-7734-4a8f-a065-4ce0fdbbcbc3 | ITER: 63 END: OK
2018-08-15 19:07:33.191 19531 INFO rally.task.runner [-] Task 535e2113-7734-4a8f-a065-4ce0fdbbcbc3 | ITER: 72 START
2018-08-15 19:07:33.284 19538 INFO rally.task.runner [-] Task 535e2113-7734-4a8f-a065-4ce0fdbbcbc3 | ITER: 65 END: OK
2018-08-15 19:07:33.287 19538 INFO rally.task.runner [-] Task 535e2113-7734-4a8f-a065-4ce0fdbbcbc3 | ITER: 73 START
2018-08-15 19:07:33.359 19536 INFO rally.task.runner [-] Task 535e2113-7734-4a8f-a065-4ce0fdbbcbc3 | ITER: 62 END: OK
2018-08-15 19:07:33.361 19544 INFO rally.task.runner [-] Task 535e2113-7734-4a8f-a065-4ce0fdbbcbc3 | ITER: 67 END: OK
2018-08-15 19:07:33.362 19536 INFO rally.task.runner [-] Task 535e2113-7734-4a8f-a065-4ce0fdbbcbc3 | ITER: 74 START
2018-08-15 19:07:33.364 19544 INFO rally.task.runner [-] Task 535e2113-7734-4a8f-a065-4ce0fdbbcbc3 | ITER: 75 START
2018-08-15 19:07:33.383 19530 INFO rally.task.runner [-] Task 535e2113-7734-4a8f-a065-4ce0fdbbcbc3 | ITER: 66 END: OK
2018-08-15 19:07:33.386 19530 INFO rally.task.runner [-] Task 535e2113-7734-4a8f-a065-4ce0fdbbcbc3 | ITER: 76 START
2018-08-15 19:07:33.419 19532 INFO rally.task.runner [-] Task 535e2113-7734-4a8f-a065-4ce0fdbbcbc3 | ITER: 68 END: OK
2018-08-15 19:07:33.423 19532 INFO rally.task.runner [-] Task 535e2113-7734-4a8f-a065-4ce0fdbbcbc3 | ITER: 77 START
2018-08-15 19:07:33.423 19542 INFO rally.task.runner [-] Task 535e2113-7734-4a8f-a065-4ce0fdbbcbc3 | ITER: 64 END: OK
2018-08-15 19:07:33.427 19542 INFO rally.task.runner [-] Task 535e2113-7734-4a8f-a065-4ce0fdbbcbc3 | ITER: 78 START
2018-08-15 19:07:33.562 19545 INFO rally.task.runner [-] Task 535e2113-7734-4a8f-a065-4ce0fdbbcbc3 | ITER: 69 END: OK
2018-08-15 19:07:33.566 19545 INFO rally.task.runner [-] Task 535e2113-7734-4a8f-a065-4ce0fdbbcbc3 | ITER: 79 START
2018-08-15 19:07:33.578 19533 INFO rally.task.runner [-] Task 535e2113-7734-4a8f-a065-4ce0fdbbcbc3 | ITER: 70 END: OK
2018-08-15 19:07:33.581 19533 INFO rally.task.runner [-] Task 535e2113-7734-4a8f-a065-4ce0fdbbcbc3 | ITER: 80 START
2018-08-15 19:07:34.636 19544 INFO rally.task.runner [-] Task 535e2113-7734-4a8f-a065-4ce0fdbbcbc3 | ITER: 75 END: OK
2018-08-15 19:07:34.639 19544 INFO rally.task.runner [-] Task 535e2113-7734-4a8f-a065-4ce0fdbbcbc3 | ITER: 81 START
2018-08-15 19:07:34.645 19538 INFO rally.task.runner [-] Task 535e2113-7734-4a8f-a065-4ce0fdbbcbc3 | ITER: 73 END: OK
2018-08-15 19:07:34.648 19538 INFO rally.task.runner [-] Task 535e2113-7734-4a8f-a065-4ce0fdbbcbc3 | ITER: 82 START
2018-08-15 19:07:34.654 19531 INFO rally.task.runner [-] Task 535e2113-7734-4a8f-a065-4ce0fdbbcbc3 | ITER: 72 END: OK
2018-08-15 19:07:34.656 19549 INFO rally.task.runner [-] Task 535e2113-7734-4a8f-a065-4ce0fdbbcbc3 | ITER: 71 END: OK
2018-08-15 19:07:34.657 19531 INFO rally.task.runner [-] Task 535e2113-7734-4a8f-a065-4ce0fdbbcbc3 | ITER: 83 START
2018-08-15 19:07:34.659 19549 INFO rally.task.runner [-] Task 535e2113-7734-4a8f-a065-4ce0fdbbcbc3 | ITER: 84 START
2018-08-15 19:07:34.700 19532 INFO rally.task.runner [-] Task 535e2113-7734-4a8f-a065-4ce0fdbbcbc3 | ITER: 77 END: OK
2018-08-15 19:07:34.703 19532 INFO rally.task.runner [-] Task 535e2113-7734-4a8f-a065-4ce0fdbbcbc3 | ITER: 85 START
2018-08-15 19:07:34.734 19530 INFO rally.task.runner [-] Task 535e2113-7734-4a8f-a065-4ce0fdbbcbc3 | ITER: 76 END: OK
2018-08-15 19:07:34.737 19530 INFO rally.task.runner [-] Task 535e2113-7734-4a8f-a065-4ce0fdbbcbc3 | ITER: 86 START
2018-08-15 19:07:34.739 19542 INFO rally.task.runner [-] Task 535e2113-7734-4a8f-a065-4ce0fdbbcbc3 | ITER: 78 END: OK
2018-08-15 19:07:34.743 19542 INFO rally.task.runner [-] Task 535e2113-7734-4a8f-a065-4ce0fdbbcbc3 | ITER: 87 START
2018-08-15 19:07:34.844 19536 INFO rally.task.runner [-] Task 535e2113-7734-4a8f-a065-4ce0fdbbcbc3 | ITER: 74 END: OK
2018-08-15 19:07:34.847 19536 INFO rally.task.runner [-] Task 535e2113-7734-4a8f-a065-4ce0fdbbcbc3 | ITER: 88 START
2018-08-15 19:07:34.935 19533 INFO rally.task.runner [-] Task 535e2113-7734-4a8f-a065-4ce0fdbbcbc3 | ITER: 80 END: OK
2018-08-15 19:07:34.939 19533 INFO rally.task.runner [-] Task 535e2113-7734-4a8f-a065-4ce0fdbbcbc3 | ITER: 89 START
2018-08-15 19:07:34.964 19545 INFO rally.task.runner [-] Task 535e2113-7734-4a8f-a065-4ce0fdbbcbc3 | ITER: 79 END: OK
2018-08-15 19:07:34.967 19545 INFO rally.task.runner [-] Task 535e2113-7734-4a8f-a065-4ce0fdbbcbc3 | ITER: 90 START
2018-08-15 19:07:35.960 19530 INFO rally.task.runner [-] Task 535e2113-7734-4a8f-a065-4ce0fdbbcbc3 | ITER: 86 END: OK
2018-08-15 19:07:35.964 19530 INFO rally.task.runner [-] Task 535e2113-7734-4a8f-a065-4ce0fdbbcbc3 | ITER: 91 START
2018-08-15 19:07:35.973 19549 INFO rally.task.runner [-] Task 535e2113-7734-4a8f-a065-4ce0fdbbcbc3 | ITER: 84 END: OK
2018-08-15 19:07:35.976 19549 INFO rally.task.runner [-] Task 535e2113-7734-4a8f-a065-4ce0fdbbcbc3 | ITER: 92 START
2018-08-15 19:07:35.983 19532 INFO rally.task.runner [-] Task 535e2113-7734-4a8f-a065-4ce0fdbbcbc3 | ITER: 85 END: OK
2018-08-15 19:07:35.986 19532 INFO rally.task.runner [-] Task 535e2113-7734-4a8f-a065-4ce0fdbbcbc3 | ITER: 93 START
2018-08-15 19:07:36.047 19542 INFO rally.task.runner [-] Task 535e2113-7734-4a8f-a065-4ce0fdbbcbc3 | ITER: 87 END: OK
2018-08-15 19:07:36.050 19542 INFO rally.task.runner [-] Task 535e2113-7734-4a8f-a065-4ce0fdbbcbc3 | ITER: 94 START
2018-08-15 19:07:36.087 19538 INFO rally.task.runner [-] Task 535e2113-7734-4a8f-a065-4ce0fdbbcbc3 | ITER: 82 END: OK
2018-08-15 19:07:36.090 19538 INFO rally.task.runner [-] Task 535e2113-7734-4a8f-a065-4ce0fdbbcbc3 | ITER: 95 START
2018-08-15 19:07:36.137 19544 INFO rally.task.runner [-] Task 535e2113-7734-4a8f-a065-4ce0fdbbcbc3 | ITER: 81 END: OK
2018-08-15 19:07:36.140 19544 INFO rally.task.runner [-] Task 535e2113-7734-4a8f-a065-4ce0fdbbcbc3 | ITER: 96 START
2018-08-15 19:07:36.144 19531 INFO rally.task.runner [-] Task 535e2113-7734-4a8f-a065-4ce0fdbbcbc3 | ITER: 83 END: OK
2018-08-15 19:07:36.147 19531 INFO rally.task.runner [-] Task 535e2113-7734-4a8f-a065-4ce0fdbbcbc3 | ITER: 97 START
2018-08-15 19:07:36.359 19533 INFO rally.task.runner [-] Task 535e2113-7734-4a8f-a065-4ce0fdbbcbc3 | ITER: 89 END: OK
2018-08-15 19:07:36.362 19533 INFO rally.task.runner [-] Task 535e2113-7734-4a8f-a065-4ce0fdbbcbc3 | ITER: 98 START
2018-08-15 19:07:36.400 19536 INFO rally.task.runner [-] Task 535e2113-7734-4a8f-a065-4ce0fdbbcbc3 | ITER: 88 END: OK
2018-08-15 19:07:36.402 19545 INFO rally.task.runner [-] Task 535e2113-7734-4a8f-a065-4ce0fdbbcbc3 | ITER: 90 END: OK
2018-08-15 19:07:36.403 19536 INFO rally.task.runner [-] Task 535e2113-7734-4a8f-a065-4ce0fdbbcbc3 | ITER: 99 START
2018-08-15 19:07:36.405 19545 INFO rally.task.runner [-] Task 535e2113-7734-4a8f-a065-4ce0fdbbcbc3 | ITER: 100 START
2018-08-15 19:07:37.367 19542 INFO rally.task.runner [-] Task 535e2113-7734-4a8f-a065-4ce0fdbbcbc3 | ITER: 94 END: OK
2018-08-15 19:07:37.389 19544 INFO rally.task.runner [-] Task 535e2113-7734-4a8f-a065-4ce0fdbbcbc3 | ITER: 96 END: OK
2018-08-15 19:07:37.390 19530 INFO rally.task.runner [-] Task 535e2113-7734-4a8f-a065-4ce0fdbbcbc3 | ITER: 91 END: OK
2018-08-15 19:07:37.451 19538 INFO rally.task.runner [-] Task 535e2113-7734-4a8f-a065-4ce0fdbbcbc3 | ITER: 95 END: OK
2018-08-15 19:07:37.546 19549 INFO rally.task.runner [-] Task 535e2113-7734-4a8f-a065-4ce0fdbbcbc3 | ITER: 92 END: OK
2018-08-15 19:07:37.573 19532 INFO rally.task.runner [-] Task 535e2113-7734-4a8f-a065-4ce0fdbbcbc3 | ITER: 93 END: OK
2018-08-15 19:07:37.628 19531 INFO rally.task.runner [-] Task 535e2113-7734-4a8f-a065-4ce0fdbbcbc3 | ITER: 97 END: OK
2018-08-15 19:07:37.720 19533 INFO rally.task.runner [-] Task 535e2113-7734-4a8f-a065-4ce0fdbbcbc3 | ITER: 98 END: OK
2018-08-15 19:07:37.788 19536 INFO rally.task.runner [-] Task 535e2113-7734-4a8f-a065-4ce0fdbbcbc3 | ITER: 99 END: OK
2018-08-15 19:07:37.825 19545 INFO rally.task.runner [-] Task 535e2113-7734-4a8f-a065-4ce0fdbbcbc3 | ITER: 100 END: OK
2018-08-15 19:07:37.847 19402 INFO rally.task.context [-] Task 535e2113-7734-4a8f-a065-4ce0fdbbcbc3 | Context admin_cleanup@openstack cleanup() started
2018-08-15 19:07:54.016 19402 INFO rally.task.context [-] Task 535e2113-7734-4a8f-a065-4ce0fdbbcbc3 | Context admin_cleanup@openstack cleanup() finished in 16.17 sec
2018-08-15 19:07:54.017 19402 INFO rally.task.context [-] Task 535e2113-7734-4a8f-a065-4ce0fdbbcbc3 | Context users@openstack cleanup() started
2018-08-15 19:08:00.316 19402 INFO rally.task.context [-] Task 535e2113-7734-4a8f-a065-4ce0fdbbcbc3 | Context users@openstack cleanup() finished in 6.30 sec
2018-08-15 19:08:00.830 19402 INFO rally.task.engine [-] Load duration is: 13.537781
2018-08-15 19:08:00.831 19402 INFO rally.task.engine [-] Full runner duration is: 14.513357
2018-08-15 19:08:00.831 19402 INFO rally.task.engine [-] Full duration is: 39.910789
2018-08-15 19:08:00.959 19402 INFO rally.task.engine [-] Task 535e2113-7734-4a8f-a065-4ce0fdbbcbc3 | Completed: Running task.

--------------------------------------------------------------------------------
Task 535e2113-7734-4a8f-a065-4ce0fdbbcbc3: finished
--------------------------------------------------------------------------------

test scenario KeystoneBasic.add_and_remove_user_role
args position 0
args values:
{
  "runner": {
    "times": 100, 
    "concurrency": 10
  }, 
  "contexts": {
    "users": {
      "tenants": 3, 
      "users_per_tenant": 2
    }
  }, 
  "args": {}, 
  "sla": {
    "failure_rate": {
      "max": 0
    }
  }, 
  "hooks": []
}

--------------------------------------------------------------------------------
Task 535e2113-7734-4a8f-a065-4ce0fdbbcbc3 has 0 error(s)
--------------------------------------------------------------------------------

+----------------------------------------------------------------------------------------------------------------------------+
|                                                    Response Times (sec)                                                    |
+-------------------------+-----------+--------------+--------------+--------------+-----------+-----------+---------+-------+
| Action                  | Min (sec) | Median (sec) | 90%ile (sec) | 95%ile (sec) | Max (sec) | Avg (sec) | Success | Count |
+-------------------------+-----------+--------------+--------------+--------------+-----------+-----------+---------+-------+
| keystone_v3.create_role | 0.377     | 0.442        | 0.503        | 0.517        | 0.594     | 0.446     | 100.0%  | 100   |
| keystone_v3.add_role    | 0.025     | 0.034        | 0.084        | 0.086        | 0.093     | 0.048     | 100.0%  | 100   |
| keystone_v3.revoke_role | 0.042     | 0.092        | 0.103        | 0.106        | 0.118     | 0.077     | 100.0%  | 100   |
| total                   | 0.45      | 0.567        | 0.655        | 0.672        | 0.771     | 0.571     | 100.0%  | 100   |
|  -> duration            | 0.45      | 0.567        | 0.655        | 0.672        | 0.771     | 0.571     | 100.0%  | 100   |
|  -> idle_duration       | 0.0       | 0.0          | 0.0          | 0.0          | 0.0       | 0.0       | 100.0%  | 100   |
+-------------------------+-----------+--------------+--------------+--------------+-----------+-----------+---------+-------+

Load duration: 13.537781
Full duration: 39.910789

HINTS:
* To plot HTML graphics with this data, run:
	rally task report 535e2113-7734-4a8f-a065-4ce0fdbbcbc3 --out output.html

* To generate a JUnit report, run:
	rally task export 535e2113-7734-4a8f-a065-4ce0fdbbcbc3 --type junit --to output.xml

* To get raw JSON output of task results, run:
	rally task report 535e2113-7734-4a8f-a065-4ce0fdbbcbc3 --json --out output.json

--------------------------------------------------------------------------------
Preparing input task
--------------------------------------------------------------------------------

Task is:
{
    "KeystoneBasic.create_user_update_password": [
        {
            "args": {},
            "runner": {
                "type": "constant",
                "times": 100,
                "concurrency": 10
            },
            "sla": {
                "failure_rate": {
                    "max": 0
                }
            }
        }
    ]
}

Task syntax is correct :)
Running Rally version 0.10.1~dev119
--------------------------------------------------------------------------------
Task  dbd97fc7-3569-498a-aff3-4da2a34b5857: started
--------------------------------------------------------------------------------

Running Task... This can take a while...

To track task status use:

	rally task status
	or
	rally task detailed

Using task: dbd97fc7-3569-498a-aff3-4da2a34b5857
2018-08-15 19:08:02.741 19781 INFO rally.task.engine [-] Task dbd97fc7-3569-498a-aff3-4da2a34b5857 | Starting:  Task validation.
2018-08-15 19:08:02.753 19781 INFO rally.task.engine [-] Task dbd97fc7-3569-498a-aff3-4da2a34b5857 | Starting:  Task validation of syntax.
2018-08-15 19:08:02.766 19781 INFO rally.task.engine [-] Task dbd97fc7-3569-498a-aff3-4da2a34b5857 | Completed: Task validation of syntax.
2018-08-15 19:08:02.766 19781 INFO rally.task.engine [-] Task dbd97fc7-3569-498a-aff3-4da2a34b5857 | Starting:  Task validation of required platforms.
2018-08-15 19:08:02.772 19781 INFO rally.task.engine [-] Task dbd97fc7-3569-498a-aff3-4da2a34b5857 | Completed: Task validation of required platforms.
2018-08-15 19:08:02.773 19781 INFO rally.task.engine [-] Task dbd97fc7-3569-498a-aff3-4da2a34b5857 | Starting:  Task validation of semantic.
2018-08-15 19:08:06.143 19781 INFO rally.task.context [-] Task dbd97fc7-3569-498a-aff3-4da2a34b5857 | Context users@openstack setup()  finished in 2.60 sec
2018-08-15 19:08:06.153 19781 INFO rally.task.context [-] Task dbd97fc7-3569-498a-aff3-4da2a34b5857 | Context users@openstack cleanup() started
2018-08-15 19:08:09.803 19781 INFO rally.task.context [-] Task dbd97fc7-3569-498a-aff3-4da2a34b5857 | Context users@openstack cleanup() finished in 3.65 sec
2018-08-15 19:08:09.803 19781 INFO rally.task.engine [-] Task dbd97fc7-3569-498a-aff3-4da2a34b5857 | Completed: Task validation of semantic.
2018-08-15 19:08:09.804 19781 INFO rally.task.engine [-] Task dbd97fc7-3569-498a-aff3-4da2a34b5857 | Completed: Task validation.
2018-08-15 19:08:09.804 19781 INFO rally.api [-] Task dbd97fc7-3569-498a-aff3-4da2a34b5857 input file is valid.
2018-08-15 19:08:09.804 19781 INFO rally.api [-] Run Task dbd97fc7-3569-498a-aff3-4da2a34b5857 against Deployment b4bb4828-a5c6-40c5-a936-034590fa9108
2018-08-15 19:08:09.805 19781 INFO rally.task.engine [-] Task dbd97fc7-3569-498a-aff3-4da2a34b5857 | Starting:  Running task.
2018-08-15 19:08:09.848 19781 INFO rally.task.engine [-] Running workload: 
  position = 0
  config = {
   "version": 2, 
   "title": "A cropped version of a bigger task.", 
   "description": "Auto-generated task from a single workload (uuid=466aa425-33e0-4336-829e-0b19bdb2de5e)", 
   "subtasks": [
      {
         "title": "KeystoneBasic.create_user_update_password", 
         "description": "Create user and update password for that user.", 
         "scenario": {
            "KeystoneBasic.create_user_update_password": {}
         }, 
         "contexts": {}, 
         "runner": {
            "constant": {
               "times": 100, 
               "concurrency": 10
            }
         }, 
         "hooks": [], 
         "sla": {
            "failure_rate": {
               "max": 0
            }
         }
      }
   ]
}
2018-08-15 19:08:12.733 19781 INFO rally.task.context [-] Task dbd97fc7-3569-498a-aff3-4da2a34b5857 | Context users@openstack setup()  finished in 2.84 sec
2018-08-15 19:08:12.734 19781 INFO rally.task.context [-] Task dbd97fc7-3569-498a-aff3-4da2a34b5857 | Context admin_cleanup@openstack setup()  finished in 0.02 msec
2018-08-15 19:08:12.759 19909 INFO rally.task.runner [-] Task dbd97fc7-3569-498a-aff3-4da2a34b5857 | ITER: 1 START
2018-08-15 19:08:12.761 19910 INFO rally.task.runner [-] Task dbd97fc7-3569-498a-aff3-4da2a34b5857 | ITER: 2 START
2018-08-15 19:08:12.763 19911 INFO rally.task.runner [-] Task dbd97fc7-3569-498a-aff3-4da2a34b5857 | ITER: 3 START
2018-08-15 19:08:12.766 19912 INFO rally.task.runner [-] Task dbd97fc7-3569-498a-aff3-4da2a34b5857 | ITER: 4 START
2018-08-15 19:08:12.768 19916 INFO rally.task.runner [-] Task dbd97fc7-3569-498a-aff3-4da2a34b5857 | ITER: 5 START
2018-08-15 19:08:12.771 19920 INFO rally.task.runner [-] Task dbd97fc7-3569-498a-aff3-4da2a34b5857 | ITER: 6 START
2018-08-15 19:08:12.776 19923 INFO rally.task.runner [-] Task dbd97fc7-3569-498a-aff3-4da2a34b5857 | ITER: 7 START
2018-08-15 19:08:12.776 19926 INFO rally.task.runner [-] Task dbd97fc7-3569-498a-aff3-4da2a34b5857 | ITER: 8 START
2018-08-15 19:08:12.780 19929 INFO rally.task.runner [-] Task dbd97fc7-3569-498a-aff3-4da2a34b5857 | ITER: 9 START
2018-08-15 19:08:12.786 19930 INFO rally.task.runner [-] Task dbd97fc7-3569-498a-aff3-4da2a34b5857 | ITER: 10 START
2018-08-15 19:08:14.855 19930 INFO rally.task.runner [-] Task dbd97fc7-3569-498a-aff3-4da2a34b5857 | ITER: 10 END: OK
2018-08-15 19:08:14.858 19930 INFO rally.task.runner [-] Task dbd97fc7-3569-498a-aff3-4da2a34b5857 | ITER: 11 START
2018-08-15 19:08:14.858 19909 INFO rally.task.runner [-] Task dbd97fc7-3569-498a-aff3-4da2a34b5857 | ITER: 1 END: OK
2018-08-15 19:08:14.862 19909 INFO rally.task.runner [-] Task dbd97fc7-3569-498a-aff3-4da2a34b5857 | ITER: 12 START
2018-08-15 19:08:14.869 19923 INFO rally.task.runner [-] Task dbd97fc7-3569-498a-aff3-4da2a34b5857 | ITER: 7 END: OK
2018-08-15 19:08:14.871 19920 INFO rally.task.runner [-] Task dbd97fc7-3569-498a-aff3-4da2a34b5857 | ITER: 6 END: OK
2018-08-15 19:08:14.872 19923 INFO rally.task.runner [-] Task dbd97fc7-3569-498a-aff3-4da2a34b5857 | ITER: 13 START
2018-08-15 19:08:14.875 19920 INFO rally.task.runner [-] Task dbd97fc7-3569-498a-aff3-4da2a34b5857 | ITER: 14 START
2018-08-15 19:08:14.902 19912 INFO rally.task.runner [-] Task dbd97fc7-3569-498a-aff3-4da2a34b5857 | ITER: 4 END: OK
2018-08-15 19:08:14.902 19910 INFO rally.task.runner [-] Task dbd97fc7-3569-498a-aff3-4da2a34b5857 | ITER: 2 END: OK
2018-08-15 19:08:14.905 19912 INFO rally.task.runner [-] Task dbd97fc7-3569-498a-aff3-4da2a34b5857 | ITER: 16 START
2018-08-15 19:08:14.905 19910 INFO rally.task.runner [-] Task dbd97fc7-3569-498a-aff3-4da2a34b5857 | ITER: 15 START
2018-08-15 19:08:14.913 19926 INFO rally.task.runner [-] Task dbd97fc7-3569-498a-aff3-4da2a34b5857 | ITER: 8 END: OK
2018-08-15 19:08:14.916 19926 INFO rally.task.runner [-] Task dbd97fc7-3569-498a-aff3-4da2a34b5857 | ITER: 17 START
2018-08-15 19:08:14.922 19916 INFO rally.task.runner [-] Task dbd97fc7-3569-498a-aff3-4da2a34b5857 | ITER: 5 END: OK
2018-08-15 19:08:14.925 19916 INFO rally.task.runner [-] Task dbd97fc7-3569-498a-aff3-4da2a34b5857 | ITER: 18 START
2018-08-15 19:08:14.971 19929 INFO rally.task.runner [-] Task dbd97fc7-3569-498a-aff3-4da2a34b5857 | ITER: 9 END: OK
2018-08-15 19:08:14.974 19929 INFO rally.task.runner [-] Task dbd97fc7-3569-498a-aff3-4da2a34b5857 | ITER: 19 START
2018-08-15 19:08:14.978 19911 INFO rally.task.runner [-] Task dbd97fc7-3569-498a-aff3-4da2a34b5857 | ITER: 3 END: OK
2018-08-15 19:08:14.980 19911 INFO rally.task.runner [-] Task dbd97fc7-3569-498a-aff3-4da2a34b5857 | ITER: 20 START
2018-08-15 19:08:16.813 19920 INFO rally.task.runner [-] Task dbd97fc7-3569-498a-aff3-4da2a34b5857 | ITER: 14 END: OK
2018-08-15 19:08:16.817 19920 INFO rally.task.runner [-] Task dbd97fc7-3569-498a-aff3-4da2a34b5857 | ITER: 21 START
2018-08-15 19:08:16.836 19926 INFO rally.task.runner [-] Task dbd97fc7-3569-498a-aff3-4da2a34b5857 | ITER: 17 END: OK
2018-08-15 19:08:16.840 19926 INFO rally.task.runner [-] Task dbd97fc7-3569-498a-aff3-4da2a34b5857 | ITER: 22 START
2018-08-15 19:08:16.847 19923 INFO rally.task.runner [-] Task dbd97fc7-3569-498a-aff3-4da2a34b5857 | ITER: 13 END: OK
2018-08-15 19:08:16.851 19923 INFO rally.task.runner [-] Task dbd97fc7-3569-498a-aff3-4da2a34b5857 | ITER: 23 START
2018-08-15 19:08:16.852 19912 INFO rally.task.runner [-] Task dbd97fc7-3569-498a-aff3-4da2a34b5857 | ITER: 16 END: OK
2018-08-15 19:08:16.855 19912 INFO rally.task.runner [-] Task dbd97fc7-3569-498a-aff3-4da2a34b5857 | ITER: 24 START
2018-08-15 19:08:16.876 19911 INFO rally.task.runner [-] Task dbd97fc7-3569-498a-aff3-4da2a34b5857 | ITER: 20 END: OK
2018-08-15 19:08:16.879 19911 INFO rally.task.runner [-] Task dbd97fc7-3569-498a-aff3-4da2a34b5857 | ITER: 25 START
2018-08-15 19:08:16.881 19929 INFO rally.task.runner [-] Task dbd97fc7-3569-498a-aff3-4da2a34b5857 | ITER: 19 END: OK
2018-08-15 19:08:16.884 19929 INFO rally.task.runner [-] Task dbd97fc7-3569-498a-aff3-4da2a34b5857 | ITER: 26 START
2018-08-15 19:08:16.891 19930 INFO rally.task.runner [-] Task dbd97fc7-3569-498a-aff3-4da2a34b5857 | ITER: 11 END: OK
2018-08-15 19:08:16.894 19930 INFO rally.task.runner [-] Task dbd97fc7-3569-498a-aff3-4da2a34b5857 | ITER: 27 START
2018-08-15 19:08:16.909 19909 INFO rally.task.runner [-] Task dbd97fc7-3569-498a-aff3-4da2a34b5857 | ITER: 12 END: OK
2018-08-15 19:08:16.912 19916 INFO rally.task.runner [-] Task dbd97fc7-3569-498a-aff3-4da2a34b5857 | ITER: 18 END: OK
2018-08-15 19:08:16.912 19909 INFO rally.task.runner [-] Task dbd97fc7-3569-498a-aff3-4da2a34b5857 | ITER: 28 START
2018-08-15 19:08:16.913 19910 INFO rally.task.runner [-] Task dbd97fc7-3569-498a-aff3-4da2a34b5857 | ITER: 15 END: OK
2018-08-15 19:08:16.915 19916 INFO rally.task.runner [-] Task dbd97fc7-3569-498a-aff3-4da2a34b5857 | ITER: 29 START
2018-08-15 19:08:16.916 19910 INFO rally.task.runner [-] Task dbd97fc7-3569-498a-aff3-4da2a34b5857 | ITER: 30 START
2018-08-15 19:08:18.786 19929 INFO rally.task.runner [-] Task dbd97fc7-3569-498a-aff3-4da2a34b5857 | ITER: 26 END: OK
2018-08-15 19:08:18.789 19929 INFO rally.task.runner [-] Task dbd97fc7-3569-498a-aff3-4da2a34b5857 | ITER: 31 START
2018-08-15 19:08:18.813 19920 INFO rally.task.runner [-] Task dbd97fc7-3569-498a-aff3-4da2a34b5857 | ITER: 21 END: OK
2018-08-15 19:08:18.816 19920 INFO rally.task.runner [-] Task dbd97fc7-3569-498a-aff3-4da2a34b5857 | ITER: 32 START
2018-08-15 19:08:18.816 19909 INFO rally.task.runner [-] Task dbd97fc7-3569-498a-aff3-4da2a34b5857 | ITER: 28 END: OK
2018-08-15 19:08:18.816 19916 INFO rally.task.runner [-] Task dbd97fc7-3569-498a-aff3-4da2a34b5857 | ITER: 29 END: OK
2018-08-15 19:08:18.818 19916 INFO rally.task.runner [-] Task dbd97fc7-3569-498a-aff3-4da2a34b5857 | ITER: 33 START
2018-08-15 19:08:18.819 19909 INFO rally.task.runner [-] Task dbd97fc7-3569-498a-aff3-4da2a34b5857 | ITER: 34 START
2018-08-15 19:08:18.821 19923 INFO rally.task.runner [-] Task dbd97fc7-3569-498a-aff3-4da2a34b5857 | ITER: 23 END: OK
2018-08-15 19:08:18.823 19923 INFO rally.task.runner [-] Task dbd97fc7-3569-498a-aff3-4da2a34b5857 | ITER: 35 START
2018-08-15 19:08:18.843 19910 INFO rally.task.runner [-] Task dbd97fc7-3569-498a-aff3-4da2a34b5857 | ITER: 30 END: OK
2018-08-15 19:08:18.847 19910 INFO rally.task.runner [-] Task dbd97fc7-3569-498a-aff3-4da2a34b5857 | ITER: 36 START
2018-08-15 19:08:18.887 19930 INFO rally.task.runner [-] Task dbd97fc7-3569-498a-aff3-4da2a34b5857 | ITER: 27 END: OK
2018-08-15 19:08:18.890 19930 INFO rally.task.runner [-] Task dbd97fc7-3569-498a-aff3-4da2a34b5857 | ITER: 37 START
