--------------------------------------------------------------------------------
Preparing input task
--------------------------------------------------------------------------------

Task is:
{
    "KeystoneBasic.create_and_list_ec2credentials": [
        {
            "runner": {
                "type": "constant",
                "times": 10,
                "concurrency": 5
            },
            "context": {
                "users": {
                    "tenants": 2,
                    "users_per_tenant": 2
                }
            },
            "sla": {
                "failure_rate": {
                    "max": 0
                }
            }
        }
    ]
}

Task syntax is correct :)
Running Rally version 0.10.1~dev119
--------------------------------------------------------------------------------
Task  ff02036e-9f2d-45ba-a324-ad442c223178: started
--------------------------------------------------------------------------------

Running Task... This can take a while...

To track task status use:

	rally task status
	or
	rally task detailed

Using task: ff02036e-9f2d-45ba-a324-ad442c223178
2018-05-31 19:21:45.538 25053 INFO rally.task.engine [-] Task ff02036e-9f2d-45ba-a324-ad442c223178 | Starting:  Task validation.
2018-05-31 19:21:45.550 25053 INFO rally.task.engine [-] Task ff02036e-9f2d-45ba-a324-ad442c223178 | Starting:  Task validation of syntax.
2018-05-31 19:21:45.566 25053 INFO rally.task.engine [-] Task ff02036e-9f2d-45ba-a324-ad442c223178 | Completed: Task validation of syntax.
2018-05-31 19:21:45.566 25053 INFO rally.task.engine [-] Task ff02036e-9f2d-45ba-a324-ad442c223178 | Starting:  Task validation of required platforms.
2018-05-31 19:21:45.573 25053 INFO rally.task.engine [-] Task ff02036e-9f2d-45ba-a324-ad442c223178 | Completed: Task validation of required platforms.
2018-05-31 19:21:45.573 25053 INFO rally.task.engine [-] Task ff02036e-9f2d-45ba-a324-ad442c223178 | Starting:  Task validation of semantic.
2018-05-31 19:21:49.020 25053 INFO rally.task.context [-] Task ff02036e-9f2d-45ba-a324-ad442c223178 | Context users@openstack setup()  finished in 2.67 sec
2018-05-31 19:21:49.032 25053 INFO rally.task.context [-] Task ff02036e-9f2d-45ba-a324-ad442c223178 | Context users@openstack cleanup() started
2018-05-31 19:21:52.965 25053 INFO rally.task.context [-] Task ff02036e-9f2d-45ba-a324-ad442c223178 | Context users@openstack cleanup() finished in 3.93 sec
2018-05-31 19:21:52.965 25053 INFO rally.task.engine [-] Task ff02036e-9f2d-45ba-a324-ad442c223178 | Completed: Task validation of semantic.
2018-05-31 19:21:52.965 25053 INFO rally.task.engine [-] Task ff02036e-9f2d-45ba-a324-ad442c223178 | Completed: Task validation.
2018-05-31 19:21:52.966 25053 INFO rally.api [-] Task ff02036e-9f2d-45ba-a324-ad442c223178 input file is valid.
2018-05-31 19:21:52.966 25053 INFO rally.api [-] Run Task ff02036e-9f2d-45ba-a324-ad442c223178 against Deployment 9645acaa-d81e-48ac-8b77-9fe1d18f70f5
2018-05-31 19:21:52.966 25053 INFO rally.task.engine [-] Task ff02036e-9f2d-45ba-a324-ad442c223178 | Starting:  Running task.
2018-05-31 19:21:53.024 25053 INFO rally.task.engine [-] Running workload: 
  position = 0
  config = {
   "version": 2, 
   "title": "A cropped version of a bigger task.", 
   "description": "Auto-generated task from a single workload (uuid=a0173557-cfe4-4fc5-ab7d-4f16dbb9dcf9)", 
   "subtasks": [
      {
         "title": "KeystoneBasic.create_and_list_ec2credentials", 
         "description": "Create and List all keystone ec2-credentials.", 
         "scenario": {
            "KeystoneBasic.create_and_list_ec2credentials": {}
         }, 
         "contexts": {
            "users": {
               "tenants": 2, 
               "users_per_tenant": 2
            }
         }, 
         "runner": {
            "constant": {
               "times": 10, 
               "concurrency": 5
            }
         }, 
         "hooks": [], 
         "sla": {
            "failure_rate": {
               "max": 0
            }
         }
      }
   ]
}
2018-05-31 19:21:56.237 25053 INFO rally.task.context [-] Task ff02036e-9f2d-45ba-a324-ad442c223178 | Context users@openstack setup()  finished in 3.17 sec
2018-05-31 19:21:56.238 25053 INFO rally.task.context [-] Task ff02036e-9f2d-45ba-a324-ad442c223178 | Context cleanup@openstack setup()  finished in 0.02 msec
2018-05-31 19:21:56.263 25182 INFO rally.task.runner [-] Task ff02036e-9f2d-45ba-a324-ad442c223178 | ITER: 1 START
2018-05-31 19:21:56.265 25183 INFO rally.task.runner [-] Task ff02036e-9f2d-45ba-a324-ad442c223178 | ITER: 2 START
2018-05-31 19:21:56.268 25184 INFO rally.task.runner [-] Task ff02036e-9f2d-45ba-a324-ad442c223178 | ITER: 3 START
2018-05-31 19:21:56.271 25185 INFO rally.task.runner [-] Task ff02036e-9f2d-45ba-a324-ad442c223178 | ITER: 4 START
2018-05-31 19:21:56.273 25190 INFO rally.task.runner [-] Task ff02036e-9f2d-45ba-a324-ad442c223178 | ITER: 5 START
2018-05-31 19:21:57.752 25184 INFO rally.task.runner [-] Task ff02036e-9f2d-45ba-a324-ad442c223178 | ITER: 3 END: OK
2018-05-31 19:21:57.755 25184 INFO rally.task.runner [-] Task ff02036e-9f2d-45ba-a324-ad442c223178 | ITER: 6 START
2018-05-31 19:21:57.775 25190 INFO rally.task.runner [-] Task ff02036e-9f2d-45ba-a324-ad442c223178 | ITER: 5 END: OK
2018-05-31 19:21:57.779 25190 INFO rally.task.runner [-] Task ff02036e-9f2d-45ba-a324-ad442c223178 | ITER: 7 START
2018-05-31 19:21:57.787 25185 INFO rally.task.runner [-] Task ff02036e-9f2d-45ba-a324-ad442c223178 | ITER: 4 END: OK
2018-05-31 19:21:57.791 25185 INFO rally.task.runner [-] Task ff02036e-9f2d-45ba-a324-ad442c223178 | ITER: 8 START
2018-05-31 19:21:57.826 25182 INFO rally.task.runner [-] Task ff02036e-9f2d-45ba-a324-ad442c223178 | ITER: 1 END: OK
2018-05-31 19:21:57.829 25182 INFO rally.task.runner [-] Task ff02036e-9f2d-45ba-a324-ad442c223178 | ITER: 9 START
2018-05-31 19:21:58.065 25183 INFO rally.task.runner [-] Task ff02036e-9f2d-45ba-a324-ad442c223178 | ITER: 2 END: OK
2018-05-31 19:21:58.069 25183 INFO rally.task.runner [-] Task ff02036e-9f2d-45ba-a324-ad442c223178 | ITER: 10 START
2018-05-31 19:21:59.165 25190 INFO rally.task.runner [-] Task ff02036e-9f2d-45ba-a324-ad442c223178 | ITER: 7 END: OK
2018-05-31 19:21:59.208 25182 INFO rally.task.runner [-] Task ff02036e-9f2d-45ba-a324-ad442c223178 | ITER: 9 END: OK
2018-05-31 19:21:59.227 25185 INFO rally.task.runner [-] Task ff02036e-9f2d-45ba-a324-ad442c223178 | ITER: 8 END: OK
2018-05-31 19:21:59.334 25184 INFO rally.task.runner [-] Task ff02036e-9f2d-45ba-a324-ad442c223178 | ITER: 6 END: OK
2018-05-31 19:21:59.572 25183 INFO rally.task.runner [-] Task ff02036e-9f2d-45ba-a324-ad442c223178 | ITER: 10 END: OK
2018-05-31 19:21:59.599 25053 INFO rally.task.context [-] Task ff02036e-9f2d-45ba-a324-ad442c223178 | Context cleanup@openstack cleanup() started
2018-05-31 19:22:03.587 25053 INFO rally.task.context [-] Task ff02036e-9f2d-45ba-a324-ad442c223178 | Context cleanup@openstack cleanup() finished in 3.99 sec
2018-05-31 19:22:03.587 25053 INFO rally.task.context [-] Task ff02036e-9f2d-45ba-a324-ad442c223178 | Context users@openstack cleanup() started
2018-05-31 19:22:08.611 25053 INFO rally.task.context [-] Task ff02036e-9f2d-45ba-a324-ad442c223178 | Context users@openstack cleanup() finished in 5.02 sec
2018-05-31 19:22:09.167 25053 INFO rally.task.engine [-] Load duration is: 2.281974
2018-05-31 19:22:09.168 25053 INFO rally.task.engine [-] Full runner duration is: 3.354603
2018-05-31 19:22:09.168 25053 INFO rally.task.engine [-] Full duration is: 15.571499
2018-05-31 19:22:09.248 25053 INFO rally.task.engine [-] Task ff02036e-9f2d-45ba-a324-ad442c223178 | Completed: Running task.

--------------------------------------------------------------------------------
Task ff02036e-9f2d-45ba-a324-ad442c223178: finished
--------------------------------------------------------------------------------

test scenario KeystoneBasic.create_and_list_ec2credentials
args position 0
args values:
{
  "runner": {
    "times": 10, 
    "concurrency": 5
  }, 
  "contexts": {
    "users": {
      "tenants": 2, 
      "users_per_tenant": 2
    }
  }, 
  "args": {}, 
  "sla": {
    "failure_rate": {
      "max": 0
    }
  }, 
  "hooks": []
}

--------------------------------------------------------------------------------
Task ff02036e-9f2d-45ba-a324-ad442c223178 has 0 error(s)
--------------------------------------------------------------------------------

+--------------------------------------------------------------------------------------------------------------------------------+
|                                                      Response Times (sec)                                                      |
+-----------------------------+-----------+--------------+--------------+--------------+-----------+-----------+---------+-------+
| Action                      | Min (sec) | Median (sec) | 90%ile (sec) | 95%ile (sec) | Max (sec) | Avg (sec) | Success | Count |
+-----------------------------+-----------+--------------+--------------+--------------+-----------+-----------+---------+-------+
| keystone_v3.create_ec2creds | 0.42      | 0.448        | 0.553        | 0.597        | 0.64      | 0.474     | 100.0%  | 10    |
| keystone_v3.list_ec2creds   | 0.025     | 0.04         | 0.059        | 0.064        | 0.07      | 0.042     | 100.0%  | 10    |
| total                       | 0.45      | 0.497        | 0.598        | 0.654        | 0.71      | 0.515     | 100.0%  | 10    |
|  -> duration                | 0.45      | 0.497        | 0.598        | 0.654        | 0.71      | 0.515     | 100.0%  | 10    |
|  -> idle_duration           | 0.0       | 0.0          | 0.0          | 0.0          | 0.0       | 0.0       | 100.0%  | 10    |
+-----------------------------+-----------+--------------+--------------+--------------+-----------+-----------+---------+-------+

Load duration: 2.281974
Full duration: 15.571499

HINTS:
* To plot HTML graphics with this data, run:
	rally task report ff02036e-9f2d-45ba-a324-ad442c223178 --out output.html

* To generate a JUnit report, run:
	rally task export ff02036e-9f2d-45ba-a324-ad442c223178 --type junit --to output.xml

* To get raw JSON output of task results, run:
	rally task report ff02036e-9f2d-45ba-a324-ad442c223178 --json --out output.json

--------------------------------------------------------------------------------
Preparing input task
--------------------------------------------------------------------------------

Task is:
{
    "KeystoneBasic.add_and_remove_user_role": [
    {
            "runner": {
                "type": "constant",
                "times": 100,
                "concurrency": 10
            },
            "context": {
                "users": {
                    "tenants": 3,
                    "users_per_tenant": 2
                }
            },
            "sla": {
                "failure_rate": {
                    "max": 0
                }
            }
        }
    ]
}

Task syntax is correct :)
Running Rally version 0.10.1~dev119
--------------------------------------------------------------------------------
Task  ee929d28-6330-42ea-a7e0-bbf1c0285470: started
--------------------------------------------------------------------------------

Running Task... This can take a while...

To track task status use:

	rally task status
	or
	rally task detailed

Using task: ee929d28-6330-42ea-a7e0-bbf1c0285470
2018-05-31 19:22:11.014 25268 INFO rally.task.engine [-] Task ee929d28-6330-42ea-a7e0-bbf1c0285470 | Starting:  Task validation.
2018-05-31 19:22:11.021 25268 INFO rally.task.engine [-] Task ee929d28-6330-42ea-a7e0-bbf1c0285470 | Starting:  Task validation of syntax.
2018-05-31 19:22:11.030 25268 INFO rally.task.engine [-] Task ee929d28-6330-42ea-a7e0-bbf1c0285470 | Completed: Task validation of syntax.
2018-05-31 19:22:11.031 25268 INFO rally.task.engine [-] Task ee929d28-6330-42ea-a7e0-bbf1c0285470 | Starting:  Task validation of required platforms.
2018-05-31 19:22:11.035 25268 INFO rally.task.engine [-] Task ee929d28-6330-42ea-a7e0-bbf1c0285470 | Completed: Task validation of required platforms.
2018-05-31 19:22:11.035 25268 INFO rally.task.engine [-] Task ee929d28-6330-42ea-a7e0-bbf1c0285470 | Starting:  Task validation of semantic.
2018-05-31 19:22:14.439 25268 INFO rally.task.context [-] Task ee929d28-6330-42ea-a7e0-bbf1c0285470 | Context users@openstack setup()  finished in 2.64 sec
2018-05-31 19:22:14.450 25268 INFO rally.task.context [-] Task ee929d28-6330-42ea-a7e0-bbf1c0285470 | Context users@openstack cleanup() started
2018-05-31 19:22:18.597 25268 INFO rally.task.context [-] Task ee929d28-6330-42ea-a7e0-bbf1c0285470 | Context users@openstack cleanup() finished in 4.15 sec
2018-05-31 19:22:18.597 25268 INFO rally.task.engine [-] Task ee929d28-6330-42ea-a7e0-bbf1c0285470 | Completed: Task validation of semantic.
2018-05-31 19:22:18.598 25268 INFO rally.task.engine [-] Task ee929d28-6330-42ea-a7e0-bbf1c0285470 | Completed: Task validation.
2018-05-31 19:22:18.598 25268 INFO rally.api [-] Task ee929d28-6330-42ea-a7e0-bbf1c0285470 input file is valid.
2018-05-31 19:22:18.598 25268 INFO rally.api [-] Run Task ee929d28-6330-42ea-a7e0-bbf1c0285470 against Deployment 9645acaa-d81e-48ac-8b77-9fe1d18f70f5
2018-05-31 19:22:18.599 25268 INFO rally.task.engine [-] Task ee929d28-6330-42ea-a7e0-bbf1c0285470 | Starting:  Running task.
2018-05-31 19:22:18.646 25268 INFO rally.task.engine [-] Running workload: 
  position = 0
  config = {
   "version": 2, 
   "title": "A cropped version of a bigger task.", 
   "description": "Auto-generated task from a single workload (uuid=79826731-d86c-489e-81cc-83bdb88d4780)", 
   "subtasks": [
      {
         "title": "KeystoneBasic.add_and_remove_user_role", 
         "description": "Create a user role add to a user and disassociate.", 
         "scenario": {
            "KeystoneBasic.add_and_remove_user_role": {}
         }, 
         "contexts": {
            "users": {
               "tenants": 3, 
               "users_per_tenant": 2
            }
         }, 
         "runner": {
            "constant": {
               "times": 100, 
               "concurrency": 10
            }
         }, 
         "hooks": [], 
         "sla": {
            "failure_rate": {
               "max": 0
            }
         }
      }
   ]
}
2018-05-31 19:22:21.492 25268 INFO rally.task.context [-] Task ee929d28-6330-42ea-a7e0-bbf1c0285470 | Context users@openstack setup()  finished in 2.82 sec
2018-05-31 19:22:21.493 25268 INFO rally.task.context [-] Task ee929d28-6330-42ea-a7e0-bbf1c0285470 | Context admin_cleanup@openstack setup()  finished in 0.01 msec
2018-05-31 19:22:21.516 25400 INFO rally.task.runner [-] Task ee929d28-6330-42ea-a7e0-bbf1c0285470 | ITER: 1 START
2018-05-31 19:22:21.520 25401 INFO rally.task.runner [-] Task ee929d28-6330-42ea-a7e0-bbf1c0285470 | ITER: 2 START
2018-05-31 19:22:21.521 25402 INFO rally.task.runner [-] Task ee929d28-6330-42ea-a7e0-bbf1c0285470 | ITER: 3 START
2018-05-31 19:22:21.525 25405 INFO rally.task.runner [-] Task ee929d28-6330-42ea-a7e0-bbf1c0285470 | ITER: 4 START
2018-05-31 19:22:21.527 25407 INFO rally.task.runner [-] Task ee929d28-6330-42ea-a7e0-bbf1c0285470 | ITER: 5 START
2018-05-31 19:22:21.532 25414 INFO rally.task.runner [-] Task ee929d28-6330-42ea-a7e0-bbf1c0285470 | ITER: 7 START
2018-05-31 19:22:21.532 25411 INFO rally.task.runner [-] Task ee929d28-6330-42ea-a7e0-bbf1c0285470 | ITER: 6 START
2018-05-31 19:22:21.535 25417 INFO rally.task.runner [-] Task ee929d28-6330-42ea-a7e0-bbf1c0285470 | ITER: 8 START
2018-05-31 19:22:21.550 25422 INFO rally.task.runner [-] Task ee929d28-6330-42ea-a7e0-bbf1c0285470 | ITER: 9 START
2018-05-31 19:22:21.551 25425 INFO rally.task.runner [-] Task ee929d28-6330-42ea-a7e0-bbf1c0285470 | ITER: 10 START
2018-05-31 19:22:22.965 25405 INFO rally.task.runner [-] Task ee929d28-6330-42ea-a7e0-bbf1c0285470 | ITER: 4 END: OK
2018-05-31 19:22:22.967 25405 INFO rally.task.runner [-] Task ee929d28-6330-42ea-a7e0-bbf1c0285470 | ITER: 11 START
2018-05-31 19:22:22.977 25417 INFO rally.task.runner [-] Task ee929d28-6330-42ea-a7e0-bbf1c0285470 | ITER: 8 END: OK
2018-05-31 19:22:22.979 25417 INFO rally.task.runner [-] Task ee929d28-6330-42ea-a7e0-bbf1c0285470 | ITER: 12 START
2018-05-31 19:22:22.988 25414 INFO rally.task.runner [-] Task ee929d28-6330-42ea-a7e0-bbf1c0285470 | ITER: 7 END: OK
2018-05-31 19:22:22.991 25414 INFO rally.task.runner [-] Task ee929d28-6330-42ea-a7e0-bbf1c0285470 | ITER: 13 START
2018-05-31 19:22:23.057 25422 INFO rally.task.runner [-] Task ee929d28-6330-42ea-a7e0-bbf1c0285470 | ITER: 9 END: OK
2018-05-31 19:22:23.059 25422 INFO rally.task.runner [-] Task ee929d28-6330-42ea-a7e0-bbf1c0285470 | ITER: 14 START
2018-05-31 19:22:23.067 25402 INFO rally.task.runner [-] Task ee929d28-6330-42ea-a7e0-bbf1c0285470 | ITER: 3 END: OK
2018-05-31 19:22:23.071 25402 INFO rally.task.runner [-] Task ee929d28-6330-42ea-a7e0-bbf1c0285470 | ITER: 15 START
2018-05-31 19:22:23.080 25411 INFO rally.task.runner [-] Task ee929d28-6330-42ea-a7e0-bbf1c0285470 | ITER: 6 END: OK
2018-05-31 19:22:23.084 25411 INFO rally.task.runner [-] Task ee929d28-6330-42ea-a7e0-bbf1c0285470 | ITER: 16 START
2018-05-31 19:22:23.085 25425 INFO rally.task.runner [-] Task ee929d28-6330-42ea-a7e0-bbf1c0285470 | ITER: 10 END: OK
2018-05-31 19:22:23.088 25425 INFO rally.task.runner [-] Task ee929d28-6330-42ea-a7e0-bbf1c0285470 | ITER: 17 START
2018-05-31 19:22:23.089 25400 INFO rally.task.runner [-] Task ee929d28-6330-42ea-a7e0-bbf1c0285470 | ITER: 1 END: OK
2018-05-31 19:22:23.092 25400 INFO rally.task.runner [-] Task ee929d28-6330-42ea-a7e0-bbf1c0285470 | ITER: 18 START
2018-05-31 19:22:23.094 25401 INFO rally.task.runner [-] Task ee929d28-6330-42ea-a7e0-bbf1c0285470 | ITER: 2 END: OK
2018-05-31 19:22:23.096 25401 INFO rally.task.runner [-] Task ee929d28-6330-42ea-a7e0-bbf1c0285470 | ITER: 19 START
2018-05-31 19:22:23.154 25407 INFO rally.task.runner [-] Task ee929d28-6330-42ea-a7e0-bbf1c0285470 | ITER: 5 END: OK
2018-05-31 19:22:23.158 25407 INFO rally.task.runner [-] Task ee929d28-6330-42ea-a7e0-bbf1c0285470 | ITER: 20 START
2018-05-31 19:22:24.408 25405 INFO rally.task.runner [-] Task ee929d28-6330-42ea-a7e0-bbf1c0285470 | ITER: 11 END: OK
2018-05-31 19:22:24.410 25405 INFO rally.task.runner [-] Task ee929d28-6330-42ea-a7e0-bbf1c0285470 | ITER: 21 START
2018-05-31 19:22:24.465 25417 INFO rally.task.runner [-] Task ee929d28-6330-42ea-a7e0-bbf1c0285470 | ITER: 12 END: OK
2018-05-31 19:22:24.468 25417 INFO rally.task.runner [-] Task ee929d28-6330-42ea-a7e0-bbf1c0285470 | ITER: 22 START
2018-05-31 19:22:24.474 25425 INFO rally.task.runner [-] Task ee929d28-6330-42ea-a7e0-bbf1c0285470 | ITER: 17 END: OK
2018-05-31 19:22:24.477 25425 INFO rally.task.runner [-] Task ee929d28-6330-42ea-a7e0-bbf1c0285470 | ITER: 23 START
2018-05-31 19:22:24.523 25407 INFO rally.task.runner [-] Task ee929d28-6330-42ea-a7e0-bbf1c0285470 | ITER: 20 END: OK
2018-05-31 19:22:24.524 25414 INFO rally.task.runner [-] Task ee929d28-6330-42ea-a7e0-bbf1c0285470 | ITER: 13 END: OK
2018-05-31 19:22:24.526 25414 INFO rally.task.runner [-] Task ee929d28-6330-42ea-a7e0-bbf1c0285470 | ITER: 24 START
2018-05-31 19:22:24.526 25407 INFO rally.task.runner [-] Task ee929d28-6330-42ea-a7e0-bbf1c0285470 | ITER: 25 START
2018-05-31 19:22:24.582 25401 INFO rally.task.runner [-] Task ee929d28-6330-42ea-a7e0-bbf1c0285470 | ITER: 19 END: OK
2018-05-31 19:22:24.585 25401 INFO rally.task.runner [-] Task ee929d28-6330-42ea-a7e0-bbf1c0285470 | ITER: 26 START
2018-05-31 19:22:24.592 25411 INFO rally.task.runner [-] Task ee929d28-6330-42ea-a7e0-bbf1c0285470 | ITER: 16 END: OK
2018-05-31 19:22:24.595 25422 INFO rally.task.runner [-] Task ee929d28-6330-42ea-a7e0-bbf1c0285470 | ITER: 14 END: OK
2018-05-31 19:22:24.595 25411 INFO rally.task.runner [-] Task ee929d28-6330-42ea-a7e0-bbf1c0285470 | ITER: 27 START
2018-05-31 19:22:24.598 25422 INFO rally.task.runner [-] Task ee929d28-6330-42ea-a7e0-bbf1c0285470 | ITER: 28 START
2018-05-31 19:22:24.634 25400 INFO rally.task.runner [-] Task ee929d28-6330-42ea-a7e0-bbf1c0285470 | ITER: 18 END: OK
2018-05-31 19:22:24.636 25400 INFO rally.task.runner [-] Task ee929d28-6330-42ea-a7e0-bbf1c0285470 | ITER: 29 START
2018-05-31 19:22:24.696 25402 INFO rally.task.runner [-] Task ee929d28-6330-42ea-a7e0-bbf1c0285470 | ITER: 15 END: OK
2018-05-31 19:22:24.699 25402 INFO rally.task.runner [-] Task ee929d28-6330-42ea-a7e0-bbf1c0285470 | ITER: 30 START
2018-05-31 19:22:25.852 25405 INFO rally.task.runner [-] Task ee929d28-6330-42ea-a7e0-bbf1c0285470 | ITER: 21 END: OK
2018-05-31 19:22:25.853 25425 INFO rally.task.runner [-] Task ee929d28-6330-42ea-a7e0-bbf1c0285470 | ITER: 23 END: OK
2018-05-31 19:22:25.855 25405 INFO rally.task.runner [-] Task ee929d28-6330-42ea-a7e0-bbf1c0285470 | ITER: 31 START
2018-05-31 19:22:25.857 25425 INFO rally.task.runner [-] Task ee929d28-6330-42ea-a7e0-bbf1c0285470 | ITER: 32 START
2018-05-31 19:22:25.962 25407 INFO rally.task.runner [-] Task ee929d28-6330-42ea-a7e0-bbf1c0285470 | ITER: 25 END: OK
2018-05-31 19:22:25.965 25407 INFO rally.task.runner [-] Task ee929d28-6330-42ea-a7e0-bbf1c0285470 | ITER: 33 START
2018-05-31 19:22:25.978 25411 INFO rally.task.runner [-] Task ee929d28-6330-42ea-a7e0-bbf1c0285470 | ITER: 27 END: OK
2018-05-31 19:22:25.982 25411 INFO rally.task.runner [-] Task ee929d28-6330-42ea-a7e0-bbf1c0285470 | ITER: 34 START
2018-05-31 19:22:26.014 25401 INFO rally.task.runner [-] Task ee929d28-6330-42ea-a7e0-bbf1c0285470 | ITER: 26 END: OK
2018-05-31 19:22:26.017 25401 INFO rally.task.runner [-] Task ee929d28-6330-42ea-a7e0-bbf1c0285470 | ITER: 35 START
2018-05-31 19:22:26.039 25417 INFO rally.task.runner [-] Task ee929d28-6330-42ea-a7e0-bbf1c0285470 | ITER: 22 END: OK
2018-05-31 19:22:26.043 25417 INFO rally.task.runner [-] Task ee929d28-6330-42ea-a7e0-bbf1c0285470 | ITER: 36 START
2018-05-31 19:22:26.112 25414 INFO rally.task.runner [-] Task ee929d28-6330-42ea-a7e0-bbf1c0285470 | ITER: 24 END: OK
2018-05-31 19:22:26.115 25414 INFO rally.task.runner [-] Task ee929d28-6330-42ea-a7e0-bbf1c0285470 | ITER: 37 START
2018-05-31 19:22:26.153 25422 INFO rally.task.runner [-] Task ee929d28-6330-42ea-a7e0-bbf1c0285470 | ITER: 28 END: OK
2018-05-31 19:22:26.157 25422 INFO rally.task.runner [-] Task ee929d28-6330-42ea-a7e0-bbf1c0285470 | ITER: 38 START
2018-05-31 19:22:26.215 25400 INFO rally.task.runner [-] Task ee929d28-6330-42ea-a7e0-bbf1c0285470 | ITER: 29 END: OK
2018-05-31 19:22:26.219 25400 INFO rally.task.runner [-] Task ee929d28-6330-42ea-a7e0-bbf1c0285470 | ITER: 39 START
2018-05-31 19:22:26.269 25402 INFO rally.task.runner [-] Task ee929d28-6330-42ea-a7e0-bbf1c0285470 | ITER: 30 END: OK
2018-05-31 19:22:26.273 25402 INFO rally.task.runner [-] Task ee929d28-6330-42ea-a7e0-bbf1c0285470 | ITER: 40 START
2018-05-31 19:22:27.286 25425 INFO rally.task.runner [-] Task ee929d28-6330-42ea-a7e0-bbf1c0285470 | ITER: 32 END: OK
2018-05-31 19:22:27.290 25425 INFO rally.task.runner [-] Task ee929d28-6330-42ea-a7e0-bbf1c0285470 | ITER: 41 START
2018-05-31 19:22:27.299 25405 INFO rally.task.runner [-] Task ee929d28-6330-42ea-a7e0-bbf1c0285470 | ITER: 31 END: OK
2018-05-31 19:22:27.301 25405 INFO rally.task.runner [-] Task ee929d28-6330-42ea-a7e0-bbf1c0285470 | ITER: 42 START
2018-05-31 19:22:27.458 25417 INFO rally.task.runner [-] Task ee929d28-6330-42ea-a7e0-bbf1c0285470 | ITER: 36 END: OK
2018-05-31 19:22:27.461 25417 INFO rally.task.runner [-] Task ee929d28-6330-42ea-a7e0-bbf1c0285470 | ITER: 43 START
2018-05-31 19:22:27.547 25411 INFO rally.task.runner [-] Task ee929d28-6330-42ea-a7e0-bbf1c0285470 | ITER: 34 END: OK
2018-05-31 19:22:27.550 25411 INFO rally.task.runner [-] Task ee929d28-6330-42ea-a7e0-bbf1c0285470 | ITER: 44 START
2018-05-31 19:22:27.577 25407 INFO rally.task.runner [-] Task ee929d28-6330-42ea-a7e0-bbf1c0285470 | ITER: 33 END: OK
2018-05-31 19:22:27.581 25407 INFO rally.task.runner [-] Task ee929d28-6330-42ea-a7e0-bbf1c0285470 | ITER: 45 START
2018-05-31 19:22:27.654 25422 INFO rally.task.runner [-] Task ee929d28-6330-42ea-a7e0-bbf1c0285470 | ITER: 38 END: OK
2018-05-31 19:22:27.655 25414 INFO rally.task.runner [-] Task ee929d28-6330-42ea-a7e0-bbf1c0285470 | ITER: 37 END: OK
2018-05-31 19:22:27.658 25422 INFO rally.task.runner [-] Task ee929d28-6330-42ea-a7e0-bbf1c0285470 | ITER: 47 START
2018-05-31 19:22:27.658 25414 INFO rally.task.runner [-] Task ee929d28-6330-42ea-a7e0-bbf1c0285470 | ITER: 46 START
2018-05-31 19:22:27.717 25401 INFO rally.task.runner [-] Task ee929d28-6330-42ea-a7e0-bbf1c0285470 | ITER: 35 END: OK
2018-05-31 19:22:27.720 25401 INFO rally.task.runner [-] Task ee929d28-6330-42ea-a7e0-bbf1c0285470 | ITER: 48 START
2018-05-31 19:22:27.757 25400 INFO rally.task.runner [-] Task ee929d28-6330-42ea-a7e0-bbf1c0285470 | ITER: 39 END: OK
2018-05-31 19:22:27.761 25400 INFO rally.task.runner [-] Task ee929d28-6330-42ea-a7e0-bbf1c0285470 | ITER: 49 START
2018-05-31 19:22:27.765 25402 INFO rally.task.runner [-] Task ee929d28-6330-42ea-a7e0-bbf1c0285470 | ITER: 40 END: OK
2018-05-31 19:22:27.769 25402 INFO rally.task.runner [-] Task ee929d28-6330-42ea-a7e0-bbf1c0285470 | ITER: 50 START
2018-05-31 19:22:28.788 25425 INFO rally.task.runner [-] Task ee929d28-6330-42ea-a7e0-bbf1c0285470 | ITER: 41 END: OK
2018-05-31 19:22:28.791 25425 INFO rally.task.runner [-] Task ee929d28-6330-42ea-a7e0-bbf1c0285470 | ITER: 51 START
2018-05-31 19:22:28.856 25405 INFO rally.task.runner [-] Task ee929d28-6330-42ea-a7e0-bbf1c0285470 | ITER: 42 END: OK
2018-05-31 19:22:28.859 25405 INFO rally.task.runner [-] Task ee929d28-6330-42ea-a7e0-bbf1c0285470 | ITER: 52 START
2018-05-31 19:22:28.928 25417 INFO rally.task.runner [-] Task ee929d28-6330-42ea-a7e0-bbf1c0285470 | ITER: 43 END: OK
2018-05-31 19:22:28.931 25417 INFO rally.task.runner [-] Task ee929d28-6330-42ea-a7e0-bbf1c0285470 | ITER: 53 START
2018-05-31 19:22:29.060 25422 INFO rally.task.runner [-] Task ee929d28-6330-42ea-a7e0-bbf1c0285470 | ITER: 47 END: OK
2018-05-31 19:22:29.064 25422 INFO rally.task.runner [-] Task ee929d28-6330-42ea-a7e0-bbf1c0285470 | ITER: 54 START
2018-05-31 19:22:29.066 25407 INFO rally.task.runner [-] Task ee929d28-6330-42ea-a7e0-bbf1c0285470 | ITER: 45 END: OK
2018-05-31 19:22:29.068 25407 INFO rally.task.runner [-] Task ee929d28-6330-42ea-a7e0-bbf1c0285470 | ITER: 55 START
2018-05-31 19:22:29.115 25411 INFO rally.task.runner [-] Task ee929d28-6330-42ea-a7e0-bbf1c0285470 | ITER: 44 END: OK
2018-05-31 19:22:29.118 25411 INFO rally.task.runner [-] Task ee929d28-6330-42ea-a7e0-bbf1c0285470 | ITER: 56 START
2018-05-31 19:22:29.150 25414 INFO rally.task.runner [-] Task ee929d28-6330-42ea-a7e0-bbf1c0285470 | ITER: 46 END: OK
2018-05-31 19:22:29.153 25414 INFO rally.task.runner [-] Task ee929d28-6330-42ea-a7e0-bbf1c0285470 | ITER: 57 START
2018-05-31 19:22:29.222 25401 INFO rally.task.runner [-] Task ee929d28-6330-42ea-a7e0-bbf1c0285470 | ITER: 48 END: OK
2018-05-31 19:22:29.225 25401 INFO rally.task.runner [-] Task ee929d28-6330-42ea-a7e0-bbf1c0285470 | ITER: 58 START
2018-05-31 19:22:29.314 25400 INFO rally.task.runner [-] Task ee929d28-6330-42ea-a7e0-bbf1c0285470 | ITER: 49 END: OK
2018-05-31 19:22:29.318 25400 INFO rally.task.runner [-] Task ee929d28-6330-42ea-a7e0-bbf1c0285470 | ITER: 59 START
2018-05-31 19:22:29.351 25402 INFO rally.task.runner [-] Task ee929d28-6330-42ea-a7e0-bbf1c0285470 | ITER: 50 END: OK
2018-05-31 19:22:29.354 25402 INFO rally.task.runner [-] Task ee929d28-6330-42ea-a7e0-bbf1c0285470 | ITER: 60 START
2018-05-31 19:22:30.281 25405 INFO rally.task.runner [-] Task ee929d28-6330-42ea-a7e0-bbf1c0285470 | ITER: 52 END: OK
2018-05-31 19:22:30.285 25405 INFO rally.task.runner [-] Task ee929d28-6330-42ea-a7e0-bbf1c0285470 | ITER: 61 START
2018-05-31 19:22:30.336 25425 INFO rally.task.runner [-] Task ee929d28-6330-42ea-a7e0-bbf1c0285470 | ITER: 51 END: OK
2018-05-31 19:22:30.339 25425 INFO rally.task.runner [-] Task ee929d28-6330-42ea-a7e0-bbf1c0285470 | ITER: 62 START
2018-05-31 19:22:30.481 25407 INFO rally.task.runner [-] Task ee929d28-6330-42ea-a7e0-bbf1c0285470 | ITER: 55 END: OK
2018-05-31 19:22:30.484 25407 INFO rally.task.runner [-] Task ee929d28-6330-42ea-a7e0-bbf1c0285470 | ITER: 63 START
2018-05-31 19:22:30.512 25417 INFO rally.task.runner [-] Task ee929d28-6330-42ea-a7e0-bbf1c0285470 | ITER: 53 END: OK
2018-05-31 19:22:30.515 25417 INFO rally.task.runner [-] Task ee929d28-6330-42ea-a7e0-bbf1c0285470 | ITER: 64 START
2018-05-31 19:22:30.579 25422 INFO rally.task.runner [-] Task ee929d28-6330-42ea-a7e0-bbf1c0285470 | ITER: 54 END: OK
2018-05-31 19:22:30.581 25422 INFO rally.task.runner [-] Task ee929d28-6330-42ea-a7e0-bbf1c0285470 | ITER: 65 START
2018-05-31 19:22:30.618 25401 INFO rally.task.runner [-] Task ee929d28-6330-42ea-a7e0-bbf1c0285470 | ITER: 58 END: OK
2018-05-31 19:22:30.620 25401 INFO rally.task.runner [-] Task ee929d28-6330-42ea-a7e0-bbf1c0285470 | ITER: 66 START
2018-05-31 19:22:30.674 25411 INFO rally.task.runner [-] Task ee929d28-6330-42ea-a7e0-bbf1c0285470 | ITER: 56 END: OK
2018-05-31 19:22:30.675 25414 INFO rally.task.runner [-] Task ee929d28-6330-42ea-a7e0-bbf1c0285470 | ITER: 57 END: OK
2018-05-31 19:22:30.677 25411 INFO rally.task.runner [-] Task ee929d28-6330-42ea-a7e0-bbf1c0285470 | ITER: 67 START
2018-05-31 19:22:30.678 25414 INFO rally.task.runner [-] Task ee929d28-6330-42ea-a7e0-bbf1c0285470 | ITER: 68 START
2018-05-31 19:22:30.787 25402 INFO rally.task.runner [-] Task ee929d28-6330-42ea-a7e0-bbf1c0285470 | ITER: 60 END: OK
2018-05-31 19:22:30.791 25402 INFO rally.task.runner [-] Task ee929d28-6330-42ea-a7e0-bbf1c0285470 | ITER: 69 START
2018-05-31 19:22:30.829 25400 INFO rally.task.runner [-] Task ee929d28-6330-42ea-a7e0-bbf1c0285470 | ITER: 59 END: OK
2018-05-31 19:22:30.832 25400 INFO rally.task.runner [-] Task ee929d28-6330-42ea-a7e0-bbf1c0285470 | ITER: 70 START
2018-05-31 19:22:31.783 25425 INFO rally.task.runner [-] Task ee929d28-6330-42ea-a7e0-bbf1c0285470 | ITER: 62 END: OK
2018-05-31 19:22:31.786 25425 INFO rally.task.runner [-] Task ee929d28-6330-42ea-a7e0-bbf1c0285470 | ITER: 71 START
2018-05-31 19:22:31.918 25405 INFO rally.task.runner [-] Task ee929d28-6330-42ea-a7e0-bbf1c0285470 | ITER: 61 END: OK
2018-05-31 19:22:31.921 25405 INFO rally.task.runner [-] Task ee929d28-6330-42ea-a7e0-bbf1c0285470 | ITER: 72 START
2018-05-31 19:22:32.036 25407 INFO rally.task.runner [-] Task ee929d28-6330-42ea-a7e0-bbf1c0285470 | ITER: 63 END: OK
2018-05-31 19:22:32.039 25407 INFO rally.task.runner [-] Task ee929d28-6330-42ea-a7e0-bbf1c0285470 | ITER: 73 START
2018-05-31 19:22:32.050 25401 INFO rally.task.runner [-] Task ee929d28-6330-42ea-a7e0-bbf1c0285470 | ITER: 66 END: OK
2018-05-31 19:22:32.052 25401 INFO rally.task.runner [-] Task ee929d28-6330-42ea-a7e0-bbf1c0285470 | ITER: 74 START
2018-05-31 19:22:32.094 25417 INFO rally.task.runner [-] Task ee929d28-6330-42ea-a7e0-bbf1c0285470 | ITER: 64 END: OK
2018-05-31 19:22:32.097 25417 INFO rally.task.runner [-] Task ee929d28-6330-42ea-a7e0-bbf1c0285470 | ITER: 75 START
2018-05-31 19:22:32.162 25422 INFO rally.task.runner [-] Task ee929d28-6330-42ea-a7e0-bbf1c0285470 | ITER: 65 END: OK
2018-05-31 19:22:32.165 25422 INFO rally.task.runner [-] Task ee929d28-6330-42ea-a7e0-bbf1c0285470 | ITER: 76 START
2018-05-31 19:22:32.284 25411 INFO rally.task.runner [-] Task ee929d28-6330-42ea-a7e0-bbf1c0285470 | ITER: 67 END: OK
2018-05-31 19:22:32.288 25414 INFO rally.task.runner [-] Task ee929d28-6330-42ea-a7e0-bbf1c0285470 | ITER: 68 END: OK
2018-05-31 19:22:32.288 25411 INFO rally.task.runner [-] Task ee929d28-6330-42ea-a7e0-bbf1c0285470 | ITER: 77 START
2018-05-31 19:22:32.292 25414 INFO rally.task.runner [-] Task ee929d28-6330-42ea-a7e0-bbf1c0285470 | ITER: 78 START
2018-05-31 19:22:32.306 25402 INFO rally.task.runner [-] Task ee929d28-6330-42ea-a7e0-bbf1c0285470 | ITER: 69 END: OK
2018-05-31 19:22:32.310 25402 INFO rally.task.runner [-] Task ee929d28-6330-42ea-a7e0-bbf1c0285470 | ITER: 79 START
2018-05-31 19:22:32.528 25400 INFO rally.task.runner [-] Task ee929d28-6330-42ea-a7e0-bbf1c0285470 | ITER: 70 END: OK
2018-05-31 19:22:32.531 25400 INFO rally.task.runner [-] Task ee929d28-6330-42ea-a7e0-bbf1c0285470 | ITER: 80 START
2018-05-31 19:22:33.305 25425 INFO rally.task.runner [-] Task ee929d28-6330-42ea-a7e0-bbf1c0285470 | ITER: 71 END: OK
2018-05-31 19:22:33.305 25405 INFO rally.task.runner [-] Task ee929d28-6330-42ea-a7e0-bbf1c0285470 | ITER: 72 END: OK
2018-05-31 19:22:33.308 25405 INFO rally.task.runner [-] Task ee929d28-6330-42ea-a7e0-bbf1c0285470 | ITER: 81 START
2018-05-31 19:22:33.309 25425 INFO rally.task.runner [-] Task ee929d28-6330-42ea-a7e0-bbf1c0285470 | ITER: 82 START
2018-05-31 19:22:33.528 25401 INFO rally.task.runner [-] Task ee929d28-6330-42ea-a7e0-bbf1c0285470 | ITER: 74 END: OK
2018-05-31 19:22:33.530 25401 INFO rally.task.runner [-] Task ee929d28-6330-42ea-a7e0-bbf1c0285470 | ITER: 83 START
2018-05-31 19:22:33.539 25422 INFO rally.task.runner [-] Task ee929d28-6330-42ea-a7e0-bbf1c0285470 | ITER: 76 END: OK
2018-05-31 19:22:33.543 25422 INFO rally.task.runner [-] Task ee929d28-6330-42ea-a7e0-bbf1c0285470 | ITER: 84 START
2018-05-31 19:22:33.619 25407 INFO rally.task.runner [-] Task ee929d28-6330-42ea-a7e0-bbf1c0285470 | ITER: 73 END: OK
2018-05-31 19:22:33.622 25417 INFO rally.task.runner [-] Task ee929d28-6330-42ea-a7e0-bbf1c0285470 | ITER: 75 END: OK
2018-05-31 19:22:33.622 25407 INFO rally.task.runner [-] Task ee929d28-6330-42ea-a7e0-bbf1c0285470 | ITER: 85 START
2018-05-31 19:22:33.625 25417 INFO rally.task.runner [-] Task ee929d28-6330-42ea-a7e0-bbf1c0285470 | ITER: 86 START
2018-05-31 19:22:33.768 25402 INFO rally.task.runner [-] Task ee929d28-6330-42ea-a7e0-bbf1c0285470 | ITER: 79 END: OK
2018-05-31 19:22:33.771 25402 INFO rally.task.runner [-] Task ee929d28-6330-42ea-a7e0-bbf1c0285470 | ITER: 87 START
2018-05-31 19:22:33.822 25414 INFO rally.task.runner [-] Task ee929d28-6330-42ea-a7e0-bbf1c0285470 | ITER: 78 END: OK
2018-05-31 19:22:33.825 25414 INFO rally.task.runner [-] Task ee929d28-6330-42ea-a7e0-bbf1c0285470 | ITER: 88 START
2018-05-31 19:22:33.909 25411 INFO rally.task.runner [-] Task ee929d28-6330-42ea-a7e0-bbf1c0285470 | ITER: 77 END: OK
2018-05-31 19:22:33.913 25411 INFO rally.task.runner [-] Task ee929d28-6330-42ea-a7e0-bbf1c0285470 | ITER: 89 START
2018-05-31 19:22:34.166 25400 INFO rally.task.runner [-] Task ee929d28-6330-42ea-a7e0-bbf1c0285470 | ITER: 80 END: OK
2018-05-31 19:22:34.170 25400 INFO rally.task.runner [-] Task ee929d28-6330-42ea-a7e0-bbf1c0285470 | ITER: 90 START
2018-05-31 19:22:34.811 25425 INFO rally.task.runner [-] Task ee929d28-6330-42ea-a7e0-bbf1c0285470 | ITER: 82 END: OK
2018-05-31 19:22:34.814 25425 INFO rally.task.runner [-] Task ee929d28-6330-42ea-a7e0-bbf1c0285470 | ITER: 91 START
2018-05-31 19:22:34.871 25405 INFO rally.task.runner [-] Task ee929d28-6330-42ea-a7e0-bbf1c0285470 | ITER: 81 END: OK
2018-05-31 19:22:34.874 25405 INFO rally.task.runner [-] Task ee929d28-6330-42ea-a7e0-bbf1c0285470 | ITER: 92 START
2018-05-31 19:22:35.005 25401 INFO rally.task.runner [-] Task ee929d28-6330-42ea-a7e0-bbf1c0285470 | ITER: 83 END: OK
2018-05-31 19:22:35.008 25401 INFO rally.task.runner [-] Task ee929d28-6330-42ea-a7e0-bbf1c0285470 | ITER: 93 START
2018-05-31 19:22:35.123 25422 INFO rally.task.runner [-] Task ee929d28-6330-42ea-a7e0-bbf1c0285470 | ITER: 84 END: OK
2018-05-31 19:22:35.124 25407 INFO rally.task.runner [-] Task ee929d28-6330-42ea-a7e0-bbf1c0285470 | ITER: 85 END: OK
2018-05-31 19:22:35.126 25422 INFO rally.task.runner [-] Task ee929d28-6330-42ea-a7e0-bbf1c0285470 | ITER: 94 START
2018-05-31 19:22:35.127 25407 INFO rally.task.runner [-] Task ee929d28-6330-42ea-a7e0-bbf1c0285470 | ITER: 95 START
2018-05-31 19:22:35.237 25417 INFO rally.task.runner [-] Task ee929d28-6330-42ea-a7e0-bbf1c0285470 | ITER: 86 END: OK
2018-05-31 19:22:35.240 25417 INFO rally.task.runner [-] Task ee929d28-6330-42ea-a7e0-bbf1c0285470 | ITER: 96 START
2018-05-31 19:22:35.273 25402 INFO rally.task.runner [-] Task ee929d28-6330-42ea-a7e0-bbf1c0285470 | ITER: 87 END: OK
2018-05-31 19:22:35.273 25414 INFO rally.task.runner [-] Task ee929d28-6330-42ea-a7e0-bbf1c0285470 | ITER: 88 END: OK
2018-05-31 19:22:35.276 25402 INFO rally.task.runner [-] Task ee929d28-6330-42ea-a7e0-bbf1c0285470 | ITER: 97 START
2018-05-31 19:22:35.276 25414 INFO rally.task.runner [-] Task ee929d28-6330-42ea-a7e0-bbf1c0285470 | ITER: 98 START
2018-05-31 19:22:35.498 25411 INFO rally.task.runner [-] Task ee929d28-6330-42ea-a7e0-bbf1c0285470 | ITER: 89 END: OK
2018-05-31 19:22:35.502 25411 INFO rally.task.runner [-] Task ee929d28-6330-42ea-a7e0-bbf1c0285470 | ITER: 99 START
2018-05-31 19:22:35.679 25400 INFO rally.task.runner [-] Task ee929d28-6330-42ea-a7e0-bbf1c0285470 | ITER: 90 END: OK
2018-05-31 19:22:35.682 25400 INFO rally.task.runner [-] Task ee929d28-6330-42ea-a7e0-bbf1c0285470 | ITER: 100 START
2018-05-31 19:22:36.341 25425 INFO rally.task.runner [-] Task ee929d28-6330-42ea-a7e0-bbf1c0285470 | ITER: 91 END: OK
2018-05-31 19:22:36.359 25405 INFO rally.task.runner [-] Task ee929d28-6330-42ea-a7e0-bbf1c0285470 | ITER: 92 END: OK
2018-05-31 19:22:36.500 25401 INFO rally.task.runner [-] Task ee929d28-6330-42ea-a7e0-bbf1c0285470 | ITER: 93 END: OK
2018-05-31 19:22:36.627 25407 INFO rally.task.runner [-] Task ee929d28-6330-42ea-a7e0-bbf1c0285470 | ITER: 95 END: OK
2018-05-31 19:22:36.657 25422 INFO rally.task.runner [-] Task ee929d28-6330-42ea-a7e0-bbf1c0285470 | ITER: 94 END: OK
2018-05-31 19:22:36.756 25402 INFO rally.task.runner [-] Task ee929d28-6330-42ea-a7e0-bbf1c0285470 | ITER: 97 END: OK
2018-05-31 19:22:36.859 25417 INFO rally.task.runner [-] Task ee929d28-6330-42ea-a7e0-bbf1c0285470 | ITER: 96 END: OK
2018-05-31 19:22:36.876 25414 INFO rally.task.runner [-] Task ee929d28-6330-42ea-a7e0-bbf1c0285470 | ITER: 98 END: OK
2018-05-31 19:22:37.152 25411 INFO rally.task.runner [-] Task ee929d28-6330-42ea-a7e0-bbf1c0285470 | ITER: 99 END: OK
2018-05-31 19:22:37.331 25400 INFO rally.task.runner [-] Task ee929d28-6330-42ea-a7e0-bbf1c0285470 | ITER: 100 END: OK
2018-05-31 19:22:37.355 25268 INFO rally.task.context [-] Task ee929d28-6330-42ea-a7e0-bbf1c0285470 | Context admin_cleanup@openstack cleanup() started
2018-05-31 19:22:52.791 25268 INFO rally.task.context [-] Task ee929d28-6330-42ea-a7e0-bbf1c0285470 | Context admin_cleanup@openstack cleanup() finished in 15.44 sec
2018-05-31 19:22:52.791 25268 INFO rally.task.context [-] Task ee929d28-6330-42ea-a7e0-bbf1c0285470 | Context users@openstack cleanup() started
2018-05-31 19:22:59.422 25268 INFO rally.task.context [-] Task ee929d28-6330-42ea-a7e0-bbf1c0285470 | Context users@openstack cleanup() finished in 6.63 sec
2018-05-31 19:23:01.120 25268 INFO rally.task.engine [-] Load duration is: 14.886204
2018-05-31 19:23:01.121 25268 INFO rally.task.engine [-] Full runner duration is: 15.85571
2018-05-31 19:23:01.121 25268 INFO rally.task.engine [-] Full duration is: 40.768674
2018-05-31 19:23:01.246 25268 INFO rally.task.engine [-] Task ee929d28-6330-42ea-a7e0-bbf1c0285470 | Completed: Running task.

--------------------------------------------------------------------------------
Task ee929d28-6330-42ea-a7e0-bbf1c0285470: finished
--------------------------------------------------------------------------------

test scenario KeystoneBasic.add_and_remove_user_role
args position 0
args values:
{
  "runner": {
    "times": 100, 
    "concurrency": 10
  }, 
  "contexts": {
    "users": {
      "tenants": 3, 
      "users_per_tenant": 2
    }
  }, 
  "args": {}, 
  "sla": {
    "failure_rate": {
      "max": 0
    }
  }, 
  "hooks": []
}

--------------------------------------------------------------------------------
Task ee929d28-6330-42ea-a7e0-bbf1c0285470 has 0 error(s)
--------------------------------------------------------------------------------

+----------------------------------------------------------------------------------------------------------------------------+
|                                                    Response Times (sec)                                                    |
+-------------------------+-----------+--------------+--------------+--------------+-----------+-----------+---------+-------+
| Action                  | Min (sec) | Median (sec) | 90%ile (sec) | 95%ile (sec) | Max (sec) | Avg (sec) | Success | Count |
+-------------------------+-----------+--------------+--------------+--------------+-----------+-----------+---------+-------+
| keystone_v3.create_role | 0.412     | 0.48         | 0.547        | 0.558        | 0.619     | 0.48      | 100.0%  | 100   |
| keystone_v3.add_role    | 0.028     | 0.037        | 0.094        | 0.101        | 0.117     | 0.056     | 100.0%  | 100   |
| keystone_v3.revoke_role | 0.046     | 0.1          | 0.122        | 0.126        | 0.18      | 0.086     | 100.0%  | 100   |
| total                   | 0.504     | 0.614        | 0.725        | 0.753        | 0.825     | 0.622     | 100.0%  | 100   |
|  -> duration            | 0.504     | 0.614        | 0.725        | 0.753        | 0.825     | 0.622     | 100.0%  | 100   |
|  -> idle_duration       | 0.0       | 0.0          | 0.0          | 0.0          | 0.0       | 0.0       | 100.0%  | 100   |
+-------------------------+-----------+--------------+--------------+--------------+-----------+-----------+---------+-------+

Load duration: 14.886204
Full duration: 40.768674

HINTS:
* To plot HTML graphics with this data, run:
	rally task report ee929d28-6330-42ea-a7e0-bbf1c0285470 --out output.html

* To generate a JUnit report, run:
	rally task export ee929d28-6330-42ea-a7e0-bbf1c0285470 --type junit --to output.xml

* To get raw JSON output of task results, run:
	rally task report ee929d28-6330-42ea-a7e0-bbf1c0285470 --json --out output.json

--------------------------------------------------------------------------------
Preparing input task
--------------------------------------------------------------------------------

Task is:
{
    "KeystoneBasic.create_user_update_password": [
        {
            "args": {},
            "runner": {
                "type": "constant",
                "times": 100,
                "concurrency": 10
            },
            "sla": {
                "failure_rate": {
                    "max": 0
                }
            }
        }
    ]
}

Task syntax is correct :)
Running Rally version 0.10.1~dev119
--------------------------------------------------------------------------------
Task  8fc6d3a8-f77e-4d18-8c43-bd5ee3d2c508: started
--------------------------------------------------------------------------------

Running Task... This can take a while...

To track task status use:

	rally task status
	or
	rally task detailed

Using task: 8fc6d3a8-f77e-4d18-8c43-bd5ee3d2c508
2018-05-31 19:23:03.018 25669 INFO rally.task.engine [-] Task 8fc6d3a8-f77e-4d18-8c43-bd5ee3d2c508 | Starting:  Task validation.
2018-05-31 19:23:03.025 25669 INFO rally.task.engine [-] Task 8fc6d3a8-f77e-4d18-8c43-bd5ee3d2c508 | Starting:  Task validation of syntax.
2018-05-31 19:23:03.032 25669 INFO rally.task.engine [-] Task 8fc6d3a8-f77e-4d18-8c43-bd5ee3d2c508 | Completed: Task validation of syntax.
2018-05-31 19:23:03.032 25669 INFO rally.task.engine [-] Task 8fc6d3a8-f77e-4d18-8c43-bd5ee3d2c508 | Starting:  Task validation of required platforms.
2018-05-31 19:23:03.036 25669 INFO rally.task.engine [-] Task 8fc6d3a8-f77e-4d18-8c43-bd5ee3d2c508 | Completed: Task validation of required platforms.
2018-05-31 19:23:03.036 25669 INFO rally.task.engine [-] Task 8fc6d3a8-f77e-4d18-8c43-bd5ee3d2c508 | Starting:  Task validation of semantic.
2018-05-31 19:23:06.121 25669 INFO rally.task.context [-] Task 8fc6d3a8-f77e-4d18-8c43-bd5ee3d2c508 | Context users@openstack setup()  finished in 2.36 sec
2018-05-31 19:23:06.132 25669 INFO rally.task.context [-] Task 8fc6d3a8-f77e-4d18-8c43-bd5ee3d2c508 | Context users@openstack cleanup() started
2018-05-31 19:23:09.851 25669 INFO rally.task.context [-] Task 8fc6d3a8-f77e-4d18-8c43-bd5ee3d2c508 | Context users@openstack cleanup() finished in 3.72 sec
2018-05-31 19:23:09.852 25669 INFO rally.task.engine [-] Task 8fc6d3a8-f77e-4d18-8c43-bd5ee3d2c508 | Completed: Task validation of semantic.
2018-05-31 19:23:09.852 25669 INFO rally.task.engine [-] Task 8fc6d3a8-f77e-4d18-8c43-bd5ee3d2c508 | Completed: Task validation.
2018-05-31 19:23:09.852 25669 INFO rally.api [-] Task 8fc6d3a8-f77e-4d18-8c43-bd5ee3d2c508 input file is valid.
2018-05-31 19:23:09.853 25669 INFO rally.api [-] Run Task 8fc6d3a8-f77e-4d18-8c43-bd5ee3d2c508 against Deployment 9645acaa-d81e-48ac-8b77-9fe1d18f70f5
2018-05-31 19:23:09.853 25669 INFO rally.task.engine [-] Task 8fc6d3a8-f77e-4d18-8c43-bd5ee3d2c508 | Starting:  Running task.
2018-05-31 19:23:09.898 25669 INFO rally.task.engine [-] Running workload: 
  position = 0
  config = {
   "version": 2, 
   "title": "A cropped version of a bigger task.", 
   "description": "Auto-generated task from a single workload (uuid=5f07a202-ee98-4dd4-acb5-6c852a06b4b0)", 
   "subtasks": [
      {
         "title": "KeystoneBasic.create_user_update_password", 
         "description": "Create user and update password for that user.", 
         "scenario": {
            "KeystoneBasic.create_user_update_password": {}
         }, 
         "contexts": {}, 
         "runner": {
            "constant": {
               "times": 100, 
               "concurrency": 10
            }
         }, 
         "hooks": [], 
         "sla": {
            "failure_rate": {
               "max": 0
            }
         }
      }
   ]
}
2018-05-31 19:23:12.667 25669 INFO rally.task.context [-] Task 8fc6d3a8-f77e-4d18-8c43-bd5ee3d2c508 | Context users@openstack setup()  finished in 2.73 sec
2018-05-31 19:23:12.667 25669 INFO rally.task.context [-] Task 8fc6d3a8-f77e-4d18-8c43-bd5ee3d2c508 | Context admin_cleanup@openstack setup()  finished in 0.01 msec
2018-05-31 19:23:12.690 25798 INFO rally.task.runner [-] Task 8fc6d3a8-f77e-4d18-8c43-bd5ee3d2c508 | ITER: 1 START
2018-05-31 19:23:12.693 25799 INFO rally.task.runner [-] Task 8fc6d3a8-f77e-4d18-8c43-bd5ee3d2c508 | ITER: 2 START
2018-05-31 19:23:12.695 25800 INFO rally.task.runner [-] Task 8fc6d3a8-f77e-4d18-8c43-bd5ee3d2c508 | ITER: 3 START
2018-05-31 19:23:12.698 25803 INFO rally.task.runner [-] Task 8fc6d3a8-f77e-4d18-8c43-bd5ee3d2c508 | ITER: 4 START
2018-05-31 19:23:12.713 25810 INFO rally.task.runner [-] Task 8fc6d3a8-f77e-4d18-8c43-bd5ee3d2c508 | ITER: 5 START
2018-05-31 19:23:12.714 25812 INFO rally.task.runner [-] Task 8fc6d3a8-f77e-4d18-8c43-bd5ee3d2c508 | ITER: 7 START
2018-05-31 19:23:12.714 25807 INFO rally.task.runner [-] Task 8fc6d3a8-f77e-4d18-8c43-bd5ee3d2c508 | ITER: 8 START
2018-05-31 19:23:12.713 25813 INFO rally.task.runner [-] Task 8fc6d3a8-f77e-4d18-8c43-bd5ee3d2c508 | ITER: 6 START
2018-05-31 19:23:12.715 25814 INFO rally.task.runner [-] Task 8fc6d3a8-f77e-4d18-8c43-bd5ee3d2c508 | ITER: 9 START
2018-05-31 19:23:12.721 25815 INFO rally.task.runner [-] Task 8fc6d3a8-f77e-4d18-8c43-bd5ee3d2c508 | ITER: 10 START
2018-05-31 19:23:14.939 25815 INFO rally.task.runner [-] Task 8fc6d3a8-f77e-4d18-8c43-bd5ee3d2c508 | ITER: 10 END: OK
2018-05-31 19:23:14.943 25815 INFO rally.task.runner [-] Task 8fc6d3a8-f77e-4d18-8c43-bd5ee3d2c508 | ITER: 11 START
2018-05-31 19:23:14.958 25812 INFO rally.task.runner [-] Task 8fc6d3a8-f77e-4d18-8c43-bd5ee3d2c508 | ITER: 7 END: OK
2018-05-31 19:23:14.961 25813 INFO rally.task.runner [-] Task 8fc6d3a8-f77e-4d18-8c43-bd5ee3d2c508 | ITER: 6 END: OK
2018-05-31 19:23:14.962 25812 INFO rally.task.runner [-] Task 8fc6d3a8-f77e-4d18-8c43-bd5ee3d2c508 | ITER: 12 START
2018-05-31 19:23:14.964 25813 INFO rally.task.runner [-] Task 8fc6d3a8-f77e-4d18-8c43-bd5ee3d2c508 | ITER: 13 START
2018-05-31 19:23:14.971 25800 INFO rally.task.runner [-] Task 8fc6d3a8-f77e-4d18-8c43-bd5ee3d2c508 | ITER: 3 END: OK
2018-05-31 19:23:14.973 25798 INFO rally.task.runner [-] Task 8fc6d3a8-f77e-4d18-8c43-bd5ee3d2c508 | ITER: 1 END: OK
2018-05-31 19:23:14.974 25810 INFO rally.task.runner [-] Task 8fc6d3a8-f77e-4d18-8c43-bd5ee3d2c508 | ITER: 5 END: OK
2018-05-31 19:23:14.975 25800 INFO rally.task.runner [-] Task 8fc6d3a8-f77e-4d18-8c43-bd5ee3d2c508 | ITER: 14 START
2018-05-31 19:23:14.977 25810 INFO rally.task.runner [-] Task 8fc6d3a8-f77e-4d18-8c43-bd5ee3d2c508 | ITER: 16 START
2018-05-31 19:23:14.977 25798 INFO rally.task.runner [-] Task 8fc6d3a8-f77e-4d18-8c43-bd5ee3d2c508 | ITER: 15 START
2018-05-31 19:23:15.003 25807 INFO rally.task.runner [-] Task 8fc6d3a8-f77e-4d18-8c43-bd5ee3d2c508 | ITER: 8 END: OK
2018-05-31 19:23:15.007 25807 INFO rally.task.runner [-] Task 8fc6d3a8-f77e-4d18-8c43-bd5ee3d2c508 | ITER: 17 START
2018-05-31 19:23:15.026 25799 INFO rally.task.runner [-] Task 8fc6d3a8-f77e-4d18-8c43-bd5ee3d2c508 | ITER: 2 END: OK
2018-05-31 19:23:15.029 25799 INFO rally.task.runner [-] Task 8fc6d3a8-f77e-4d18-8c43-bd5ee3d2c508 | ITER: 18 START
2018-05-31 19:23:15.031 25814 INFO rally.task.runner [-] Task 8fc6d3a8-f77e-4d18-8c43-bd5ee3d2c508 | ITER: 9 END: OK
2018-05-31 19:23:15.034 25814 INFO rally.task.runner [-] Task 8fc6d3a8-f77e-4d18-8c43-bd5ee3d2c508 | ITER: 19 START
2018-05-31 19:23:15.051 25803 INFO rally.task.runner [-] Task 8fc6d3a8-f77e-4d18-8c43-bd5ee3d2c508 | ITER: 4 END: OK
2018-05-31 19:23:15.053 25803 INFO rally.task.runner [-] Task 8fc6d3a8-f77e-4d18-8c43-bd5ee3d2c508 | ITER: 20 START
2018-05-31 19:23:17.053 25810 INFO rally.task.runner [-] Task 8fc6d3a8-f77e-4d18-8c43-bd5ee3d2c508 | ITER: 16 END: OK
2018-05-31 19:23:17.055 25798 INFO rally.task.runner [-] Task 8fc6d3a8-f77e-4d18-8c43-bd5ee3d2c508 | ITER: 15 END: OK
2018-05-31 19:23:17.056 25810 INFO rally.task.runner [-] Task 8fc6d3a8-f77e-4d18-8c43-bd5ee3d2c508 | ITER: 21 START
2018-05-31 19:23:17.059 25798 INFO rally.task.runner [-] Task 8fc6d3a8-f77e-4d18-8c43-bd5ee3d2c508 | ITER: 22 START
2018-05-31 19:23:17.061 25813 INFO rally.task.runner [-] Task 8fc6d3a8-f77e-4d18-8c43-bd5ee3d2c508 | ITER: 13 END: OK
