2018-06-28 16:40:39.100 42915 INFO rally.task.runner [-] Task e73101a3-5eb3-408f-91d5-4fd77cc70097 | ITER: 91 END: OK
2018-06-28 16:40:39.104 42935 INFO rally.task.runner [-] Task e73101a3-5eb3-408f-91d5-4fd77cc70097 | ITER: 92 END: OK
2018-06-28 16:40:39.105 42916 INFO rally.task.runner [-] Task e73101a3-5eb3-408f-91d5-4fd77cc70097 | ITER: 98 END: OK
2018-06-28 16:40:39.109 42914 INFO rally.task.runner [-] Task e73101a3-5eb3-408f-91d5-4fd77cc70097 | ITER: 100 END: OK
2018-06-28 16:40:39.112 42928 INFO rally.task.runner [-] Task e73101a3-5eb3-408f-91d5-4fd77cc70097 | ITER: 94 END: OK
2018-06-28 16:40:39.120 42932 INFO rally.task.runner [-] Task e73101a3-5eb3-408f-91d5-4fd77cc70097 | ITER: 93 END: OK
2018-06-28 16:40:39.143 42913 INFO rally.task.runner [-] Task e73101a3-5eb3-408f-91d5-4fd77cc70097 | ITER: 96 END: OK
2018-06-28 16:40:39.170 42785 INFO rally.task.context [-] Task e73101a3-5eb3-408f-91d5-4fd77cc70097 | Context admin_cleanup@openstack cleanup() started
2018-06-28 16:40:54.904 42785 INFO rally.task.context [-] Task e73101a3-5eb3-408f-91d5-4fd77cc70097 | Context admin_cleanup@openstack cleanup() finished in 15.73 sec
2018-06-28 16:40:54.905 42785 INFO rally.task.context [-] Task e73101a3-5eb3-408f-91d5-4fd77cc70097 | Context users@openstack cleanup() started
2018-06-28 16:40:58.244 42785 INFO rally.task.context [-] Task e73101a3-5eb3-408f-91d5-4fd77cc70097 | Context users@openstack cleanup() finished in 3.34 sec
2018-06-28 16:41:00.147 42785 INFO rally.task.engine [-] Load duration is: 11.758749
2018-06-28 16:41:00.147 42785 INFO rally.task.engine [-] Full runner duration is: 12.764486
2018-06-28 16:41:00.148 42785 INFO rally.task.engine [-] Full duration is: 34.61163
2018-06-28 16:41:00.253 42785 INFO rally.task.engine [-] Task e73101a3-5eb3-408f-91d5-4fd77cc70097 | Completed: Running task.

--------------------------------------------------------------------------------
Task e73101a3-5eb3-408f-91d5-4fd77cc70097: finished
--------------------------------------------------------------------------------

test scenario KeystoneBasic.create_tenant
args position 0
args values:
{
  "runner": {
    "times": 100, 
    "concurrency": 10
  }, 
  "contexts": {}, 
  "args": {}, 
  "sla": {
    "failure_rate": {
      "max": 0
    }
  }, 
  "hooks": []
}

--------------------------------------------------------------------------------
Task e73101a3-5eb3-408f-91d5-4fd77cc70097 has 0 error(s)
--------------------------------------------------------------------------------

+-------------------------------------------------------------------------------------------------------------------------------+
|                                                     Response Times (sec)                                                      |
+----------------------------+-----------+--------------+--------------+--------------+-----------+-----------+---------+-------+
| Action                     | Min (sec) | Median (sec) | 90%ile (sec) | 95%ile (sec) | Max (sec) | Avg (sec) | Success | Count |
+----------------------------+-----------+--------------+--------------+--------------+-----------+-----------+---------+-------+
| keystone_v3.create_project | 0.438     | 0.463        | 0.506        | 0.518        | 0.559     | 0.471     | 100.0%  | 100   |
| total                      | 0.438     | 0.464        | 0.506        | 0.518        | 0.559     | 0.471     | 100.0%  | 100   |
|  -> duration               | 0.438     | 0.464        | 0.506        | 0.518        | 0.559     | 0.471     | 100.0%  | 100   |
|  -> idle_duration          | 0.0       | 0.0          | 0.0          | 0.0          | 0.0       | 0.0       | 100.0%  | 100   |
+----------------------------+-----------+--------------+--------------+--------------+-----------+-----------+---------+-------+

Load duration: 11.758749
Full duration: 34.61163

HINTS:
* To plot HTML graphics with this data, run:
	rally task report e73101a3-5eb3-408f-91d5-4fd77cc70097 --out output.html

* To generate a JUnit report, run:
	rally task export e73101a3-5eb3-408f-91d5-4fd77cc70097 --type junit --to output.xml

* To get raw JSON output of task results, run:
	rally task report e73101a3-5eb3-408f-91d5-4fd77cc70097 --json --out output.json

--------------------------------------------------------------------------------
Preparing input task
--------------------------------------------------------------------------------

Task is:
{
    "KeystoneBasic.get_entities": [
    {
            "runner": {
                "type": "constant",
                "times": 100,
                "concurrency": 10
            },
            "sla": {
                "failure_rate": {
                    "max": 0
                }
            }
        }
    ]
}

Task syntax is correct :)
Running Rally version 0.10.1~dev119
--------------------------------------------------------------------------------
Task  91d5f575-e1f6-4a45-99e4-ca6412af975e: started
--------------------------------------------------------------------------------

Running Task... This can take a while...

To track task status use:

	rally task status
	or
	rally task detailed

Using task: 91d5f575-e1f6-4a45-99e4-ca6412af975e
2018-06-28 16:41:01.985 43164 INFO rally.task.engine [-] Task 91d5f575-e1f6-4a45-99e4-ca6412af975e | Starting:  Task validation.
2018-06-28 16:41:01.992 43164 INFO rally.task.engine [-] Task 91d5f575-e1f6-4a45-99e4-ca6412af975e | Starting:  Task validation of syntax.
2018-06-28 16:41:01.999 43164 INFO rally.task.engine [-] Task 91d5f575-e1f6-4a45-99e4-ca6412af975e | Completed: Task validation of syntax.
2018-06-28 16:41:01.999 43164 INFO rally.task.engine [-] Task 91d5f575-e1f6-4a45-99e4-ca6412af975e | Starting:  Task validation of required platforms.
2018-06-28 16:41:02.003 43164 INFO rally.task.engine [-] Task 91d5f575-e1f6-4a45-99e4-ca6412af975e | Completed: Task validation of required platforms.
2018-06-28 16:41:02.003 43164 INFO rally.task.engine [-] Task 91d5f575-e1f6-4a45-99e4-ca6412af975e | Starting:  Task validation of semantic.
2018-06-28 16:41:05.048 43164 INFO rally.task.context [-] Task 91d5f575-e1f6-4a45-99e4-ca6412af975e | Context users@openstack setup()  finished in 2.38 sec
2018-06-28 16:41:05.059 43164 INFO rally.task.context [-] Task 91d5f575-e1f6-4a45-99e4-ca6412af975e | Context users@openstack cleanup() started
2018-06-28 16:41:08.735 43164 INFO rally.task.context [-] Task 91d5f575-e1f6-4a45-99e4-ca6412af975e | Context users@openstack cleanup() finished in 3.68 sec
2018-06-28 16:41:08.736 43164 INFO rally.task.engine [-] Task 91d5f575-e1f6-4a45-99e4-ca6412af975e | Completed: Task validation of semantic.
2018-06-28 16:41:08.736 43164 INFO rally.task.engine [-] Task 91d5f575-e1f6-4a45-99e4-ca6412af975e | Completed: Task validation.
2018-06-28 16:41:08.736 43164 INFO rally.api [-] Task 91d5f575-e1f6-4a45-99e4-ca6412af975e input file is valid.
2018-06-28 16:41:08.737 43164 INFO rally.api [-] Run Task 91d5f575-e1f6-4a45-99e4-ca6412af975e against Deployment 7a37a5af-20ae-460e-97c7-4fdb337cc0b6
2018-06-28 16:41:08.737 43164 INFO rally.task.engine [-] Task 91d5f575-e1f6-4a45-99e4-ca6412af975e | Starting:  Running task.
2018-06-28 16:41:08.781 43164 INFO rally.task.engine [-] Running workload: 
  position = 0
  config = {
   "version": 2, 
   "title": "A cropped version of a bigger task.", 
   "description": "Auto-generated task from a single workload (uuid=ad0e032a-f6bf-4b05-abe4-65189c819a5d)", 
   "subtasks": [
      {
         "title": "KeystoneBasic.get_entities", 
         "description": "Get instance of a tenant, user, role and service by id's.", 
         "scenario": {
            "KeystoneBasic.get_entities": {}
         }, 
         "contexts": {}, 
         "runner": {
            "constant": {
               "times": 100, 
               "concurrency": 10
            }
         }, 
         "hooks": [], 
         "sla": {
            "failure_rate": {
               "max": 0
            }
         }
      }
   ]
}
2018-06-28 16:41:11.275 43164 INFO rally.task.context [-] Task 91d5f575-e1f6-4a45-99e4-ca6412af975e | Context users@openstack setup()  finished in 2.46 sec
2018-06-28 16:41:11.276 43164 INFO rally.task.context [-] Task 91d5f575-e1f6-4a45-99e4-ca6412af975e | Context admin_cleanup@openstack setup()  finished in 0.01 msec
2018-06-28 16:41:11.300 43292 INFO rally.task.runner [-] Task 91d5f575-e1f6-4a45-99e4-ca6412af975e | ITER: 1 START
2018-06-28 16:41:11.313 43295 INFO rally.task.runner [-] Task 91d5f575-e1f6-4a45-99e4-ca6412af975e | ITER: 2 START
2018-06-28 16:41:11.313 43293 INFO rally.task.runner [-] Task 91d5f575-e1f6-4a45-99e4-ca6412af975e | ITER: 3 START
2018-06-28 16:41:11.316 43297 INFO rally.task.runner [-] Task 91d5f575-e1f6-4a45-99e4-ca6412af975e | ITER: 4 START
2018-06-28 16:41:11.318 43298 INFO rally.task.runner [-] Task 91d5f575-e1f6-4a45-99e4-ca6412af975e | ITER: 5 START
2018-06-28 16:41:11.323 43303 INFO rally.task.runner [-] Task 91d5f575-e1f6-4a45-99e4-ca6412af975e | ITER: 6 START
2018-06-28 16:41:11.326 43308 INFO rally.task.runner [-] Task 91d5f575-e1f6-4a45-99e4-ca6412af975e | ITER: 7 START
2018-06-28 16:41:11.330 43309 INFO rally.task.runner [-] Task 91d5f575-e1f6-4a45-99e4-ca6412af975e | ITER: 8 START
2018-06-28 16:41:11.335 43312 INFO rally.task.runner [-] Task 91d5f575-e1f6-4a45-99e4-ca6412af975e | ITER: 9 START
2018-06-28 16:41:11.338 43315 INFO rally.task.runner [-] Task 91d5f575-e1f6-4a45-99e4-ca6412af975e | ITER: 10 START
2018-06-28 16:41:13.003 43298 INFO rally.task.runner [-] Task 91d5f575-e1f6-4a45-99e4-ca6412af975e | ITER: 5 END: OK
2018-06-28 16:41:13.006 43312 INFO rally.task.runner [-] Task 91d5f575-e1f6-4a45-99e4-ca6412af975e | ITER: 9 END: OK
2018-06-28 16:41:13.006 43298 INFO rally.task.runner [-] Task 91d5f575-e1f6-4a45-99e4-ca6412af975e | ITER: 11 START
2018-06-28 16:41:13.008 43312 INFO rally.task.runner [-] Task 91d5f575-e1f6-4a45-99e4-ca6412af975e | ITER: 12 START
2018-06-28 16:41:13.011 43297 INFO rally.task.runner [-] Task 91d5f575-e1f6-4a45-99e4-ca6412af975e | ITER: 4 END: OK
2018-06-28 16:41:13.012 43309 INFO rally.task.runner [-] Task 91d5f575-e1f6-4a45-99e4-ca6412af975e | ITER: 8 END: OK
2018-06-28 16:41:13.014 43297 INFO rally.task.runner [-] Task 91d5f575-e1f6-4a45-99e4-ca6412af975e | ITER: 13 START
2018-06-28 16:41:13.015 43309 INFO rally.task.runner [-] Task 91d5f575-e1f6-4a45-99e4-ca6412af975e | ITER: 14 START
2018-06-28 16:41:13.017 43308 INFO rally.task.runner [-] Task 91d5f575-e1f6-4a45-99e4-ca6412af975e | ITER: 7 END: OK
2018-06-28 16:41:13.019 43295 INFO rally.task.runner [-] Task 91d5f575-e1f6-4a45-99e4-ca6412af975e | ITER: 2 END: OK
2018-06-28 16:41:13.021 43295 INFO rally.task.runner [-] Task 91d5f575-e1f6-4a45-99e4-ca6412af975e | ITER: 15 START
2018-06-28 16:41:13.021 43308 INFO rally.task.runner [-] Task 91d5f575-e1f6-4a45-99e4-ca6412af975e | ITER: 16 START
2018-06-28 16:41:13.027 43315 INFO rally.task.runner [-] Task 91d5f575-e1f6-4a45-99e4-ca6412af975e | ITER: 10 END: OK
2018-06-28 16:41:13.029 43292 INFO rally.task.runner [-] Task 91d5f575-e1f6-4a45-99e4-ca6412af975e | ITER: 1 END: OK
2018-06-28 16:41:13.029 43315 INFO rally.task.runner [-] Task 91d5f575-e1f6-4a45-99e4-ca6412af975e | ITER: 17 START
2018-06-28 16:41:13.032 43292 INFO rally.task.runner [-] Task 91d5f575-e1f6-4a45-99e4-ca6412af975e | ITER: 18 START
2018-06-28 16:41:13.056 43303 INFO rally.task.runner [-] Task 91d5f575-e1f6-4a45-99e4-ca6412af975e | ITER: 6 END: OK
2018-06-28 16:41:13.059 43303 INFO rally.task.runner [-] Task 91d5f575-e1f6-4a45-99e4-ca6412af975e | ITER: 19 START
2018-06-28 16:41:13.065 43293 INFO rally.task.runner [-] Task 91d5f575-e1f6-4a45-99e4-ca6412af975e | ITER: 3 END: OK
2018-06-28 16:41:13.068 43293 INFO rally.task.runner [-] Task 91d5f575-e1f6-4a45-99e4-ca6412af975e | ITER: 20 START
2018-06-28 16:41:14.591 43312 INFO rally.task.runner [-] Task 91d5f575-e1f6-4a45-99e4-ca6412af975e | ITER: 12 END: OK
2018-06-28 16:41:14.594 43312 INFO rally.task.runner [-] Task 91d5f575-e1f6-4a45-99e4-ca6412af975e | ITER: 21 START
2018-06-28 16:41:14.595 43298 INFO rally.task.runner [-] Task 91d5f575-e1f6-4a45-99e4-ca6412af975e | ITER: 11 END: OK
2018-06-28 16:41:14.598 43298 INFO rally.task.runner [-] Task 91d5f575-e1f6-4a45-99e4-ca6412af975e | ITER: 22 START
2018-06-28 16:41:14.602 43292 INFO rally.task.runner [-] Task 91d5f575-e1f6-4a45-99e4-ca6412af975e | ITER: 18 END: OK
2018-06-28 16:41:14.604 43309 INFO rally.task.runner [-] Task 91d5f575-e1f6-4a45-99e4-ca6412af975e | ITER: 14 END: OK
2018-06-28 16:41:14.605 43292 INFO rally.task.runner [-] Task 91d5f575-e1f6-4a45-99e4-ca6412af975e | ITER: 23 START
2018-06-28 16:41:14.606 43309 INFO rally.task.runner [-] Task 91d5f575-e1f6-4a45-99e4-ca6412af975e | ITER: 24 START
2018-06-28 16:41:14.606 43297 INFO rally.task.runner [-] Task 91d5f575-e1f6-4a45-99e4-ca6412af975e | ITER: 13 END: OK
2018-06-28 16:41:14.608 43297 INFO rally.task.runner [-] Task 91d5f575-e1f6-4a45-99e4-ca6412af975e | ITER: 25 START
2018-06-28 16:41:14.612 43315 INFO rally.task.runner [-] Task 91d5f575-e1f6-4a45-99e4-ca6412af975e | ITER: 17 END: OK
2018-06-28 16:41:14.614 43315 INFO rally.task.runner [-] Task 91d5f575-e1f6-4a45-99e4-ca6412af975e | ITER: 26 START
2018-06-28 16:41:14.617 43308 INFO rally.task.runner [-] Task 91d5f575-e1f6-4a45-99e4-ca6412af975e | ITER: 16 END: OK
2018-06-28 16:41:14.619 43308 INFO rally.task.runner [-] Task 91d5f575-e1f6-4a45-99e4-ca6412af975e | ITER: 27 START
2018-06-28 16:41:14.624 43303 INFO rally.task.runner [-] Task 91d5f575-e1f6-4a45-99e4-ca6412af975e | ITER: 19 END: OK
2018-06-28 16:41:14.626 43303 INFO rally.task.runner [-] Task 91d5f575-e1f6-4a45-99e4-ca6412af975e | ITER: 28 START
2018-06-28 16:41:14.646 43295 INFO rally.task.runner [-] Task 91d5f575-e1f6-4a45-99e4-ca6412af975e | ITER: 15 END: OK
2018-06-28 16:41:14.648 43295 INFO rally.task.runner [-] Task 91d5f575-e1f6-4a45-99e4-ca6412af975e | ITER: 29 START
2018-06-28 16:41:14.667 43293 INFO rally.task.runner [-] Task 91d5f575-e1f6-4a45-99e4-ca6412af975e | ITER: 20 END: OK
2018-06-28 16:41:14.668 43293 INFO rally.task.runner [-] Task 91d5f575-e1f6-4a45-99e4-ca6412af975e | ITER: 30 START
2018-06-28 16:41:16.236 43297 INFO rally.task.runner [-] Task 91d5f575-e1f6-4a45-99e4-ca6412af975e | ITER: 25 END: OK
2018-06-28 16:41:16.239 43312 INFO rally.task.runner [-] Task 91d5f575-e1f6-4a45-99e4-ca6412af975e | ITER: 21 END: OK
2018-06-28 16:41:16.239 43297 INFO rally.task.runner [-] Task 91d5f575-e1f6-4a45-99e4-ca6412af975e | ITER: 31 START
2018-06-28 16:41:16.241 43312 INFO rally.task.runner [-] Task 91d5f575-e1f6-4a45-99e4-ca6412af975e | ITER: 32 START
2018-06-28 16:41:16.242 43308 INFO rally.task.runner [-] Task 91d5f575-e1f6-4a45-99e4-ca6412af975e | ITER: 27 END: OK
2018-06-28 16:41:16.244 43308 INFO rally.task.runner [-] Task 91d5f575-e1f6-4a45-99e4-ca6412af975e | ITER: 33 START
2018-06-28 16:41:16.246 43292 INFO rally.task.runner [-] Task 91d5f575-e1f6-4a45-99e4-ca6412af975e | ITER: 23 END: OK
2018-06-28 16:41:16.247 43292 INFO rally.task.runner [-] Task 91d5f575-e1f6-4a45-99e4-ca6412af975e | ITER: 34 START
2018-06-28 16:41:16.260 43303 INFO rally.task.runner [-] Task 91d5f575-e1f6-4a45-99e4-ca6412af975e | ITER: 28 END: OK
2018-06-28 16:41:16.263 43303 INFO rally.task.runner [-] Task 91d5f575-e1f6-4a45-99e4-ca6412af975e | ITER: 35 START
2018-06-28 16:41:16.263 43293 INFO rally.task.runner [-] Task 91d5f575-e1f6-4a45-99e4-ca6412af975e | ITER: 30 END: OK
2018-06-28 16:41:16.264 43295 INFO rally.task.runner [-] Task 91d5f575-e1f6-4a45-99e4-ca6412af975e | ITER: 29 END: OK
2018-06-28 16:41:16.265 43293 INFO rally.task.runner [-] Task 91d5f575-e1f6-4a45-99e4-ca6412af975e | ITER: 36 START
2018-06-28 16:41:16.267 43295 INFO rally.task.runner [-] Task 91d5f575-e1f6-4a45-99e4-ca6412af975e | ITER: 37 START
2018-06-28 16:41:16.279 43309 INFO rally.task.runner [-] Task 91d5f575-e1f6-4a45-99e4-ca6412af975e | ITER: 24 END: OK
2018-06-28 16:41:16.279 43315 INFO rally.task.runner [-] Task 91d5f575-e1f6-4a45-99e4-ca6412af975e | ITER: 26 END: OK
2018-06-28 16:41:16.280 43315 INFO rally.task.runner [-] Task 91d5f575-e1f6-4a45-99e4-ca6412af975e | ITER: 38 START
2018-06-28 16:41:16.281 43309 INFO rally.task.runner [-] Task 91d5f575-e1f6-4a45-99e4-ca6412af975e | ITER: 39 START
2018-06-28 16:41:16.324 43298 INFO rally.task.runner [-] Task 91d5f575-e1f6-4a45-99e4-ca6412af975e | ITER: 22 END: OK
2018-06-28 16:41:16.327 43298 INFO rally.task.runner [-] Task 91d5f575-e1f6-4a45-99e4-ca6412af975e | ITER: 40 START
2018-06-28 16:41:17.848 43295 INFO rally.task.runner [-] Task 91d5f575-e1f6-4a45-99e4-ca6412af975e | ITER: 37 END: OK
2018-06-28 16:41:17.850 43295 INFO rally.task.runner [-] Task 91d5f575-e1f6-4a45-99e4-ca6412af975e | ITER: 41 START
2018-06-28 16:41:17.862 43309 INFO rally.task.runner [-] Task 91d5f575-e1f6-4a45-99e4-ca6412af975e | ITER: 39 END: OK
2018-06-28 16:41:17.864 43309 INFO rally.task.runner [-] Task 91d5f575-e1f6-4a45-99e4-ca6412af975e | ITER: 42 START
2018-06-28 16:41:17.873 43298 INFO rally.task.runner [-] Task 91d5f575-e1f6-4a45-99e4-ca6412af975e | ITER: 40 END: OK
2018-06-28 16:41:17.876 43298 INFO rally.task.runner [-] Task 91d5f575-e1f6-4a45-99e4-ca6412af975e | ITER: 43 START
2018-06-28 16:41:17.876 43308 INFO rally.task.runner [-] Task 91d5f575-e1f6-4a45-99e4-ca6412af975e | ITER: 33 END: OK
2018-06-28 16:41:17.878 43308 INFO rally.task.runner [-] Task 91d5f575-e1f6-4a45-99e4-ca6412af975e | ITER: 44 START
2018-06-28 16:41:17.881 43297 INFO rally.task.runner [-] Task 91d5f575-e1f6-4a45-99e4-ca6412af975e | ITER: 31 END: OK
2018-06-28 16:41:17.884 43297 INFO rally.task.runner [-] Task 91d5f575-e1f6-4a45-99e4-ca6412af975e | ITER: 45 START
2018-06-28 16:41:17.893 43293 INFO rally.task.runner [-] Task 91d5f575-e1f6-4a45-99e4-ca6412af975e | ITER: 36 END: OK
2018-06-28 16:41:17.894 43315 INFO rally.task.runner [-] Task 91d5f575-e1f6-4a45-99e4-ca6412af975e | ITER: 38 END: OK
2018-06-28 16:41:17.895 43293 INFO rally.task.runner [-] Task 91d5f575-e1f6-4a45-99e4-ca6412af975e | ITER: 46 START
2018-06-28 16:41:17.896 43315 INFO rally.task.runner [-] Task 91d5f575-e1f6-4a45-99e4-ca6412af975e | ITER: 47 START
2018-06-28 16:41:17.914 43303 INFO rally.task.runner [-] Task 91d5f575-e1f6-4a45-99e4-ca6412af975e | ITER: 35 END: OK
2018-06-28 16:41:17.916 43303 INFO rally.task.runner [-] Task 91d5f575-e1f6-4a45-99e4-ca6412af975e | ITER: 48 START
2018-06-28 16:41:17.939 43292 INFO rally.task.runner [-] Task 91d5f575-e1f6-4a45-99e4-ca6412af975e | ITER: 34 END: OK
2018-06-28 16:41:17.941 43292 INFO rally.task.runner [-] Task 91d5f575-e1f6-4a45-99e4-ca6412af975e | ITER: 49 START
2018-06-28 16:41:17.953 43312 INFO rally.task.runner [-] Task 91d5f575-e1f6-4a45-99e4-ca6412af975e | ITER: 32 END: OK
2018-06-28 16:41:17.955 43312 INFO rally.task.runner [-] Task 91d5f575-e1f6-4a45-99e4-ca6412af975e | ITER: 50 START
2018-06-28 16:41:19.504 43292 INFO rally.task.runner [-] Task 91d5f575-e1f6-4a45-99e4-ca6412af975e | ITER: 49 END: OK
2018-06-28 16:41:19.505 43293 INFO rally.task.runner [-] Task 91d5f575-e1f6-4a45-99e4-ca6412af975e | ITER: 46 END: OK
2018-06-28 16:41:19.506 43292 INFO rally.task.runner [-] Task 91d5f575-e1f6-4a45-99e4-ca6412af975e | ITER: 51 START
2018-06-28 16:41:19.508 43293 INFO rally.task.runner [-] Task 91d5f575-e1f6-4a45-99e4-ca6412af975e | ITER: 52 START
2018-06-28 16:41:19.518 43312 INFO rally.task.runner [-] Task 91d5f575-e1f6-4a45-99e4-ca6412af975e | ITER: 50 END: OK
2018-06-28 16:41:19.519 43309 INFO rally.task.runner [-] Task 91d5f575-e1f6-4a45-99e4-ca6412af975e | ITER: 42 END: OK
2018-06-28 16:41:19.520 43312 INFO rally.task.runner [-] Task 91d5f575-e1f6-4a45-99e4-ca6412af975e | ITER: 53 START
2018-06-28 16:41:19.521 43309 INFO rally.task.runner [-] Task 91d5f575-e1f6-4a45-99e4-ca6412af975e | ITER: 54 START
2018-06-28 16:41:19.531 43303 INFO rally.task.runner [-] Task 91d5f575-e1f6-4a45-99e4-ca6412af975e | ITER: 48 END: OK
2018-06-28 16:41:19.534 43303 INFO rally.task.runner [-] Task 91d5f575-e1f6-4a45-99e4-ca6412af975e | ITER: 55 START
2018-06-28 16:41:19.536 43308 INFO rally.task.runner [-] Task 91d5f575-e1f6-4a45-99e4-ca6412af975e | ITER: 44 END: OK
2018-06-28 16:41:19.539 43308 INFO rally.task.runner [-] Task 91d5f575-e1f6-4a45-99e4-ca6412af975e | ITER: 56 START
2018-06-28 16:41:19.541 43315 INFO rally.task.runner [-] Task 91d5f575-e1f6-4a45-99e4-ca6412af975e | ITER: 47 END: OK
2018-06-28 16:41:19.543 43315 INFO rally.task.runner [-] Task 91d5f575-e1f6-4a45-99e4-ca6412af975e | ITER: 57 START
2018-06-28 16:41:19.547 43298 INFO rally.task.runner [-] Task 91d5f575-e1f6-4a45-99e4-ca6412af975e | ITER: 43 END: OK
2018-06-28 16:41:19.549 43298 INFO rally.task.runner [-] Task 91d5f575-e1f6-4a45-99e4-ca6412af975e | ITER: 58 START
2018-06-28 16:41:19.551 43295 INFO rally.task.runner [-] Task 91d5f575-e1f6-4a45-99e4-ca6412af975e | ITER: 41 END: OK
2018-06-28 16:41:19.553 43295 INFO rally.task.runner [-] Task 91d5f575-e1f6-4a45-99e4-ca6412af975e | ITER: 59 START
2018-06-28 16:41:19.578 43297 INFO rally.task.runner [-] Task 91d5f575-e1f6-4a45-99e4-ca6412af975e | ITER: 45 END: OK
2018-06-28 16:41:19.579 43297 INFO rally.task.runner [-] Task 91d5f575-e1f6-4a45-99e4-ca6412af975e | ITER: 60 START
2018-06-28 16:41:21.080 43303 INFO rally.task.runner [-] Task 91d5f575-e1f6-4a45-99e4-ca6412af975e | ITER: 55 END: OK
2018-06-28 16:41:21.083 43303 INFO rally.task.runner [-] Task 91d5f575-e1f6-4a45-99e4-ca6412af975e | ITER: 61 START
2018-06-28 16:41:21.086 43295 INFO rally.task.runner [-] Task 91d5f575-e1f6-4a45-99e4-ca6412af975e | ITER: 59 END: OK
2018-06-28 16:41:21.088 43295 INFO rally.task.runner [-] Task 91d5f575-e1f6-4a45-99e4-ca6412af975e | ITER: 62 START
2018-06-28 16:41:21.092 43309 INFO rally.task.runner [-] Task 91d5f575-e1f6-4a45-99e4-ca6412af975e | ITER: 54 END: OK
2018-06-28 16:41:21.094 43309 INFO rally.task.runner [-] Task 91d5f575-e1f6-4a45-99e4-ca6412af975e | ITER: 63 START
2018-06-28 16:41:21.100 43315 INFO rally.task.runner [-] Task 91d5f575-e1f6-4a45-99e4-ca6412af975e | ITER: 57 END: OK
2018-06-28 16:41:21.102 43297 INFO rally.task.runner [-] Task 91d5f575-e1f6-4a45-99e4-ca6412af975e | ITER: 60 END: OK
2018-06-28 16:41:21.102 43315 INFO rally.task.runner [-] Task 91d5f575-e1f6-4a45-99e4-ca6412af975e | ITER: 64 START
2018-06-28 16:41:21.104 43297 INFO rally.task.runner [-] Task 91d5f575-e1f6-4a45-99e4-ca6412af975e | ITER: 65 START
2018-06-28 16:41:21.106 43308 INFO rally.task.runner [-] Task 91d5f575-e1f6-4a45-99e4-ca6412af975e | ITER: 56 END: OK
2018-06-28 16:41:21.108 43308 INFO rally.task.runner [-] Task 91d5f575-e1f6-4a45-99e4-ca6412af975e | ITER: 66 START
2018-06-28 16:41:21.130 43292 INFO rally.task.runner [-] Task 91d5f575-e1f6-4a45-99e4-ca6412af975e | ITER: 51 END: OK
2018-06-28 16:41:21.133 43292 INFO rally.task.runner [-] Task 91d5f575-e1f6-4a45-99e4-ca6412af975e | ITER: 67 START
2018-06-28 16:41:21.144 43312 INFO rally.task.runner [-] Task 91d5f575-e1f6-4a45-99e4-ca6412af975e | ITER: 53 END: OK
2018-06-28 16:41:21.146 43312 INFO rally.task.runner [-] Task 91d5f575-e1f6-4a45-99e4-ca6412af975e | ITER: 68 START
2018-06-28 16:41:21.147 43293 INFO rally.task.runner [-] Task 91d5f575-e1f6-4a45-99e4-ca6412af975e | ITER: 52 END: OK
2018-06-28 16:41:21.149 43293 INFO rally.task.runner [-] Task 91d5f575-e1f6-4a45-99e4-ca6412af975e | ITER: 69 START
2018-06-28 16:41:21.156 43298 INFO rally.task.runner [-] Task 91d5f575-e1f6-4a45-99e4-ca6412af975e | ITER: 58 END: OK
2018-06-28 16:41:21.158 43298 INFO rally.task.runner [-] Task 91d5f575-e1f6-4a45-99e4-ca6412af975e | ITER: 70 START
2018-06-28 16:41:22.702 43293 INFO rally.task.runner [-] Task 91d5f575-e1f6-4a45-99e4-ca6412af975e | ITER: 69 END: OK
2018-06-28 16:41:22.705 43293 INFO rally.task.runner [-] Task 91d5f575-e1f6-4a45-99e4-ca6412af975e | ITER: 71 START
2018-06-28 16:41:22.706 43303 INFO rally.task.runner [-] Task 91d5f575-e1f6-4a45-99e4-ca6412af975e | ITER: 61 END: OK
2018-06-28 16:41:22.709 43303 INFO rally.task.runner [-] Task 91d5f575-e1f6-4a45-99e4-ca6412af975e | ITER: 72 START
2018-06-28 16:41:22.737 43308 INFO rally.task.runner [-] Task 91d5f575-e1f6-4a45-99e4-ca6412af975e | ITER: 66 END: OK
2018-06-28 16:41:22.740 43308 INFO rally.task.runner [-] Task 91d5f575-e1f6-4a45-99e4-ca6412af975e | ITER: 73 START
2018-06-28 16:41:22.741 43315 INFO rally.task.runner [-] Task 91d5f575-e1f6-4a45-99e4-ca6412af975e | ITER: 64 END: OK
2018-06-28 16:41:22.744 43297 INFO rally.task.runner [-] Task 91d5f575-e1f6-4a45-99e4-ca6412af975e | ITER: 65 END: OK
2018-06-28 16:41:22.744 43315 INFO rally.task.runner [-] Task 91d5f575-e1f6-4a45-99e4-ca6412af975e | ITER: 74 START
2018-06-28 16:41:22.746 43297 INFO rally.task.runner [-] Task 91d5f575-e1f6-4a45-99e4-ca6412af975e | ITER: 75 START
2018-06-28 16:41:22.762 43309 INFO rally.task.runner [-] Task 91d5f575-e1f6-4a45-99e4-ca6412af975e | ITER: 63 END: OK
2018-06-28 16:41:22.764 43309 INFO rally.task.runner [-] Task 91d5f575-e1f6-4a45-99e4-ca6412af975e | ITER: 76 START
2018-06-28 16:41:22.765 43312 INFO rally.task.runner [-] Task 91d5f575-e1f6-4a45-99e4-ca6412af975e | ITER: 68 END: OK
2018-06-28 16:41:22.768 43312 INFO rally.task.runner [-] Task 91d5f575-e1f6-4a45-99e4-ca6412af975e | ITER: 77 START
2018-06-28 16:41:22.784 43298 INFO rally.task.runner [-] Task 91d5f575-e1f6-4a45-99e4-ca6412af975e | ITER: 70 END: OK
2018-06-28 16:41:22.786 43298 INFO rally.task.runner [-] Task 91d5f575-e1f6-4a45-99e4-ca6412af975e | ITER: 78 START
2018-06-28 16:41:22.789 43295 INFO rally.task.runner [-] Task 91d5f575-e1f6-4a45-99e4-ca6412af975e | ITER: 62 END: OK
2018-06-28 16:41:22.789 43292 INFO rally.task.runner [-] Task 91d5f575-e1f6-4a45-99e4-ca6412af975e | ITER: 67 END: OK
2018-06-28 16:41:22.791 43295 INFO rally.task.runner [-] Task 91d5f575-e1f6-4a45-99e4-ca6412af975e | ITER: 79 START
2018-06-28 16:41:22.793 43292 INFO rally.task.runner [-] Task 91d5f575-e1f6-4a45-99e4-ca6412af975e | ITER: 80 START
2018-06-28 16:41:24.360 43308 INFO rally.task.runner [-] Task 91d5f575-e1f6-4a45-99e4-ca6412af975e | ITER: 73 END: OK
2018-06-28 16:41:24.362 43308 INFO rally.task.runner [-] Task 91d5f575-e1f6-4a45-99e4-ca6412af975e | ITER: 81 START
2018-06-28 16:41:24.363 43303 INFO rally.task.runner [-] Task 91d5f575-e1f6-4a45-99e4-ca6412af975e | ITER: 72 END: OK
2018-06-28 16:41:24.366 43303 INFO rally.task.runner [-] Task 91d5f575-e1f6-4a45-99e4-ca6412af975e | ITER: 82 START
2018-06-28 16:41:24.369 43309 INFO rally.task.runner [-] Task 91d5f575-e1f6-4a45-99e4-ca6412af975e | ITER: 76 END: OK
2018-06-28 16:41:24.371 43309 INFO rally.task.runner [-] Task 91d5f575-e1f6-4a45-99e4-ca6412af975e | ITER: 83 START
2018-06-28 16:41:24.372 43315 INFO rally.task.runner [-] Task 91d5f575-e1f6-4a45-99e4-ca6412af975e | ITER: 74 END: OK
2018-06-28 16:41:24.375 43315 INFO rally.task.runner [-] Task 91d5f575-e1f6-4a45-99e4-ca6412af975e | ITER: 84 START
2018-06-28 16:41:24.379 43293 INFO rally.task.runner [-] Task 91d5f575-e1f6-4a45-99e4-ca6412af975e | ITER: 71 END: OK
2018-06-28 16:41:24.381 43293 INFO rally.task.runner [-] Task 91d5f575-e1f6-4a45-99e4-ca6412af975e | ITER: 85 START
2018-06-28 16:41:24.389 43297 INFO rally.task.runner [-] Task 91d5f575-e1f6-4a45-99e4-ca6412af975e | ITER: 75 END: OK
2018-06-28 16:41:24.391 43297 INFO rally.task.runner [-] Task 91d5f575-e1f6-4a45-99e4-ca6412af975e | ITER: 86 START
2018-06-28 16:41:24.393 43292 INFO rally.task.runner [-] Task 91d5f575-e1f6-4a45-99e4-ca6412af975e | ITER: 80 END: OK
2018-06-28 16:41:24.395 43292 INFO rally.task.runner [-] Task 91d5f575-e1f6-4a45-99e4-ca6412af975e | ITER: 87 START
2018-06-28 16:41:24.418 43295 INFO rally.task.runner [-] Task 91d5f575-e1f6-4a45-99e4-ca6412af975e | ITER: 79 END: OK
2018-06-28 16:41:24.421 43295 INFO rally.task.runner [-] Task 91d5f575-e1f6-4a45-99e4-ca6412af975e | ITER: 88 START
2018-06-28 16:41:24.439 43312 INFO rally.task.runner [-] Task 91d5f575-e1f6-4a45-99e4-ca6412af975e | ITER: 77 END: OK
2018-06-28 16:41:24.441 43312 INFO rally.task.runner [-] Task 91d5f575-e1f6-4a45-99e4-ca6412af975e | ITER: 89 START
2018-06-28 16:41:24.456 43298 INFO rally.task.runner [-] Task 91d5f575-e1f6-4a45-99e4-ca6412af975e | ITER: 78 END: OK
2018-06-28 16:41:24.458 43298 INFO rally.task.runner [-] Task 91d5f575-e1f6-4a45-99e4-ca6412af975e | ITER: 90 START
2018-06-28 16:41:25.992 43315 INFO rally.task.runner [-] Task 91d5f575-e1f6-4a45-99e4-ca6412af975e | ITER: 84 END: OK
2018-06-28 16:41:25.994 43315 INFO rally.task.runner [-] Task 91d5f575-e1f6-4a45-99e4-ca6412af975e | ITER: 91 START
2018-06-28 16:41:26.000 43292 INFO rally.task.runner [-] Task 91d5f575-e1f6-4a45-99e4-ca6412af975e | ITER: 87 END: OK
2018-06-28 16:41:26.002 43292 INFO rally.task.runner [-] Task 91d5f575-e1f6-4a45-99e4-ca6412af975e | ITER: 92 START
2018-06-28 16:41:26.007 43295 INFO rally.task.runner [-] Task 91d5f575-e1f6-4a45-99e4-ca6412af975e | ITER: 88 END: OK
2018-06-28 16:41:26.010 43295 INFO rally.task.runner [-] Task 91d5f575-e1f6-4a45-99e4-ca6412af975e | ITER: 93 START
2018-06-28 16:41:26.013 43293 INFO rally.task.runner [-] Task 91d5f575-e1f6-4a45-99e4-ca6412af975e | ITER: 85 END: OK
2018-06-28 16:41:26.015 43293 INFO rally.task.runner [-] Task 91d5f575-e1f6-4a45-99e4-ca6412af975e | ITER: 94 START
2018-06-28 16:41:26.025 43309 INFO rally.task.runner [-] Task 91d5f575-e1f6-4a45-99e4-ca6412af975e | ITER: 83 END: OK
2018-06-28 16:41:26.027 43309 INFO rally.task.runner [-] Task 91d5f575-e1f6-4a45-99e4-ca6412af975e | ITER: 95 START
2018-06-28 16:41:26.032 43312 INFO rally.task.runner [-] Task 91d5f575-e1f6-4a45-99e4-ca6412af975e | ITER: 89 END: OK
2018-06-28 16:41:26.033 43312 INFO rally.task.runner [-] Task 91d5f575-e1f6-4a45-99e4-ca6412af975e | ITER: 96 START
2018-06-28 16:41:26.040 43297 INFO rally.task.runner [-] Task 91d5f575-e1f6-4a45-99e4-ca6412af975e | ITER: 86 END: OK
2018-06-28 16:41:26.040 43308 INFO rally.task.runner [-] Task 91d5f575-e1f6-4a45-99e4-ca6412af975e | ITER: 81 END: OK
2018-06-28 16:41:26.041 43297 INFO rally.task.runner [-] Task 91d5f575-e1f6-4a45-99e4-ca6412af975e | ITER: 97 START
2018-06-28 16:41:26.042 43308 INFO rally.task.runner [-] Task 91d5f575-e1f6-4a45-99e4-ca6412af975e | ITER: 98 START
2018-06-28 16:41:26.050 43303 INFO rally.task.runner [-] Task 91d5f575-e1f6-4a45-99e4-ca6412af975e | ITER: 82 END: OK
2018-06-28 16:41:26.052 43303 INFO rally.task.runner [-] Task 91d5f575-e1f6-4a45-99e4-ca6412af975e | ITER: 99 START
2018-06-28 16:41:26.064 43298 INFO rally.task.runner [-] Task 91d5f575-e1f6-4a45-99e4-ca6412af975e | ITER: 90 END: OK
2018-06-28 16:41:26.065 43298 INFO rally.task.runner [-] Task 91d5f575-e1f6-4a45-99e4-ca6412af975e | ITER: 100 START
2018-06-28 16:41:27.624 43308 INFO rally.task.runner [-] Task 91d5f575-e1f6-4a45-99e4-ca6412af975e | ITER: 98 END: OK
2018-06-28 16:41:27.634 43293 INFO rally.task.runner [-] Task 91d5f575-e1f6-4a45-99e4-ca6412af975e | ITER: 94 END: OK
2018-06-28 16:41:27.643 43295 INFO rally.task.runner [-] Task 91d5f575-e1f6-4a45-99e4-ca6412af975e | ITER: 93 END: OK
2018-06-28 16:41:27.645 43315 INFO rally.task.runner [-] Task 91d5f575-e1f6-4a45-99e4-ca6412af975e | ITER: 91 END: OK
2018-06-28 16:41:27.654 43297 INFO rally.task.runner [-] Task 91d5f575-e1f6-4a45-99e4-ca6412af975e | ITER: 97 END: OK
2018-06-28 16:41:27.662 43292 INFO rally.task.runner [-] Task 91d5f575-e1f6-4a45-99e4-ca6412af975e | ITER: 92 END: OK
2018-06-28 16:41:27.673 43312 INFO rally.task.runner [-] Task 91d5f575-e1f6-4a45-99e4-ca6412af975e | ITER: 96 END: OK
2018-06-28 16:41:27.677 43298 INFO rally.task.runner [-] Task 91d5f575-e1f6-4a45-99e4-ca6412af975e | ITER: 100 END: OK
2018-06-28 16:41:27.690 43303 INFO rally.task.runner [-] Task 91d5f575-e1f6-4a45-99e4-ca6412af975e | ITER: 99 END: OK
2018-06-28 16:41:27.763 43309 INFO rally.task.runner [-] Task 91d5f575-e1f6-4a45-99e4-ca6412af975e | ITER: 95 END: OK
2018-06-28 16:41:27.787 43164 INFO rally.task.context [-] Task 91d5f575-e1f6-4a45-99e4-ca6412af975e | Context admin_cleanup@openstack cleanup() started
2018-06-28 16:42:08.244 43164 INFO rally.task.context [-] Task 91d5f575-e1f6-4a45-99e4-ca6412af975e | Context admin_cleanup@openstack cleanup() finished in 40.46 sec
2018-06-28 16:42:08.245 43164 INFO rally.task.context [-] Task 91d5f575-e1f6-4a45-99e4-ca6412af975e | Context users@openstack cleanup() started
2018-06-28 16:42:11.439 43164 INFO rally.task.context [-] Task 91d5f575-e1f6-4a45-99e4-ca6412af975e | Context users@openstack cleanup() finished in 3.19 sec
2018-06-28 16:42:12.089 43164 INFO rally.task.engine [-] Load duration is: 15.524952
2018-06-28 16:42:12.090 43164 INFO rally.task.engine [-] Full runner duration is: 16.504155
2018-06-28 16:42:12.090 43164 INFO rally.task.engine [-] Full duration is: 62.651209
2018-06-28 16:42:12.276 43164 INFO rally.task.engine [-] Task 91d5f575-e1f6-4a45-99e4-ca6412af975e | Completed: Running task.

--------------------------------------------------------------------------------
Task 91d5f575-e1f6-4a45-99e4-ca6412af975e: finished
--------------------------------------------------------------------------------

test scenario KeystoneBasic.get_entities
args position 0
args values:
{
  "runner": {
    "times": 100, 
    "concurrency": 10
  }, 
  "contexts": {}, 
  "args": {}, 
  "sla": {
    "failure_rate": {
      "max": 0
    }
  }, 
  "hooks": []
}

--------------------------------------------------------------------------------
Task 91d5f575-e1f6-4a45-99e4-ca6412af975e has 0 error(s)
--------------------------------------------------------------------------------

+-------------------------------------------------------------------------------------------------------------------------------+
|                                                     Response Times (sec)                                                      |
+----------------------------+-----------+--------------+--------------+--------------+-----------+-----------+---------+-------+
| Action                     | Min (sec) | Median (sec) | 90%ile (sec) | 95%ile (sec) | Max (sec) | Avg (sec) | Success | Count |
+----------------------------+-----------+--------------+--------------+--------------+-----------+-----------+---------+-------+
| keystone_v3.create_project | 0.437     | 0.463        | 0.505        | 0.52         | 0.555     | 0.468     | 100.0%  | 100   |
| keystone_v3.create_user    | 0.146     | 0.164        | 0.177        | 0.183        | 0.244     | 0.166     | 100.0%  | 100   |
|  -> keystone_v3.list_roles | 0.021     | 0.028        | 0.033        | 0.038        | 0.047     | 0.029     | 100.0%  | 100   |
|  -> keystone_v3.add_role   | 0.047     | 0.053        | 0.06         | 0.064        | 0.123     | 0.054     | 100.0%  | 100   |
| keystone_v3.create_role    | 0.025     | 0.029        | 0.033        | 0.035        | 0.046     | 0.03      | 100.0%  | 100   |
| keystone_v3.get_project    | 0.018     | 0.019        | 0.023        | 0.024        | 0.028     | 0.02      | 100.0%  | 100   |
| keystone_v3.get_user       | 0.018     | 0.019        | 0.023        | 0.024        | 0.029     | 0.02      | 100.0%  | 100   |
| keystone_v3.get_role       | 0.018     | 0.02         | 0.022        | 0.023        | 0.024     | 0.02      | 100.0%  | 100   |
| keystone_v3.list_services  | 0.021     | 0.023        | 0.027        | 0.029        | 0.038     | 0.024     | 100.0%  | 100   |
| keystone_v3.get_services   | 0.017     | 0.02         | 0.022        | 0.025        | 0.03      | 0.02      | 100.0%  | 100   |
| total                      | 0.735     | 0.782        | 0.828        | 0.842        | 0.887     | 0.791     | 100.0%  | 100   |
|  -> duration               | 0.735     | 0.782        | 0.828        | 0.842        | 0.887     | 0.791     | 100.0%  | 100   |
|  -> idle_duration          | 0.0       | 0.0          | 0.0          | 0.0          | 0.0       | 0.0       | 100.0%  | 100   |
+----------------------------+-----------+--------------+--------------+--------------+-----------+-----------+---------+-------+

Load duration: 15.524952
Full duration: 62.651209

HINTS:
* To plot HTML graphics with this data, run:
	rally task report 91d5f575-e1f6-4a45-99e4-ca6412af975e --out output.html

* To generate a JUnit report, run:
	rally task export 91d5f575-e1f6-4a45-99e4-ca6412af975e --type junit --to output.xml

* To get raw JSON output of task results, run:
	rally task report 91d5f575-e1f6-4a45-99e4-ca6412af975e --json --out output.json

--------------------------------------------------------------------------------
Preparing input task
--------------------------------------------------------------------------------

Task is:
{
    "KeystoneBasic.create_and_delete_ec2credential": [
        {
            "runner": {
                "type": "constant",
                "times": 10,
                "concurrency": 5
            },
            "context": {
                "users": {
                    "tenants": 2,
                    "users_per_tenant": 2
                }
            },
            "sla": {
                "failure_rate": {
                    "max": 0
                }
            }
        }
    ]
}

Task syntax is correct :)
Running Rally version 0.10.1~dev119
--------------------------------------------------------------------------------
Task  efd0fffa-b8f3-4547-8f22-4cb44c8115b0: started
--------------------------------------------------------------------------------

Running Task... This can take a while...

To track task status use:

	rally task status
	or
	rally task detailed

Using task: efd0fffa-b8f3-4547-8f22-4cb44c8115b0
2018-06-28 16:42:14.132 43547 INFO rally.task.engine [-] Task efd0fffa-b8f3-4547-8f22-4cb44c8115b0 | Starting:  Task validation.
2018-06-28 16:42:14.139 43547 INFO rally.task.engine [-] Task efd0fffa-b8f3-4547-8f22-4cb44c8115b0 | Starting:  Task validation of syntax.
2018-06-28 16:42:14.148 43547 INFO rally.task.engine [-] Task efd0fffa-b8f3-4547-8f22-4cb44c8115b0 | Completed: Task validation of syntax.
2018-06-28 16:42:14.148 43547 INFO rally.task.engine [-] Task efd0fffa-b8f3-4547-8f22-4cb44c8115b0 | Starting:  Task validation of required platforms.
2018-06-28 16:42:14.153 43547 INFO rally.task.engine [-] Task efd0fffa-b8f3-4547-8f22-4cb44c8115b0 | Completed: Task validation of required platforms.
2018-06-28 16:42:14.153 43547 INFO rally.task.engine [-] Task efd0fffa-b8f3-4547-8f22-4cb44c8115b0 | Starting:  Task validation of semantic.
2018-06-28 16:42:17.102 43547 INFO rally.task.context [-] Task efd0fffa-b8f3-4547-8f22-4cb44c8115b0 | Context users@openstack setup()  finished in 2.22 sec
2018-06-28 16:42:17.113 43547 INFO rally.task.context [-] Task efd0fffa-b8f3-4547-8f22-4cb44c8115b0 | Context users@openstack cleanup() started
2018-06-28 16:42:20.785 43547 INFO rally.task.context [-] Task efd0fffa-b8f3-4547-8f22-4cb44c8115b0 | Context users@openstack cleanup() finished in 3.67 sec
2018-06-28 16:42:20.785 43547 INFO rally.task.engine [-] Task efd0fffa-b8f3-4547-8f22-4cb44c8115b0 | Completed: Task validation of semantic.
2018-06-28 16:42:20.786 43547 INFO rally.task.engine [-] Task efd0fffa-b8f3-4547-8f22-4cb44c8115b0 | Completed: Task validation.
2018-06-28 16:42:20.786 43547 INFO rally.api [-] Task efd0fffa-b8f3-4547-8f22-4cb44c8115b0 input file is valid.
2018-06-28 16:42:20.787 43547 INFO rally.api [-] Run Task efd0fffa-b8f3-4547-8f22-4cb44c8115b0 against Deployment 7a37a5af-20ae-460e-97c7-4fdb337cc0b6
2018-06-28 16:42:20.787 43547 INFO rally.task.engine [-] Task efd0fffa-b8f3-4547-8f22-4cb44c8115b0 | Starting:  Running task.
2018-06-28 16:42:20.828 43547 INFO rally.task.engine [-] Running workload: 
  position = 0
  config = {
   "version": 2, 
   "title": "A cropped version of a bigger task.", 
   "description": "Auto-generated task from a single workload (uuid=575b2367-b7c3-4ce3-993f-61a7296f9155)", 
   "subtasks": [
      {
         "title": "KeystoneBasic.create_and_delete_ec2credential", 
         "description": "Create and delete keystone ec2-credential.", 
         "scenario": {
            "KeystoneBasic.create_and_delete_ec2credential": {}
         }, 
         "contexts": {
            "users": {
               "tenants": 2, 
               "users_per_tenant": 2
            }
         }, 
         "runner": {
            "constant": {
               "times": 10, 
               "concurrency": 5
            }
         }, 
         "hooks": [], 
         "sla": {
            "failure_rate": {
               "max": 0
            }
         }
      }
   ]
}
2018-06-28 16:42:23.413 43547 INFO rally.task.context [-] Task efd0fffa-b8f3-4547-8f22-4cb44c8115b0 | Context users@openstack setup()  finished in 2.56 sec
2018-06-28 16:42:23.413 43547 INFO rally.task.context [-] Task efd0fffa-b8f3-4547-8f22-4cb44c8115b0 | Context cleanup@openstack setup()  finished in 0.01 msec
2018-06-28 16:42:23.443 43805 INFO rally.task.runner [-] Task efd0fffa-b8f3-4547-8f22-4cb44c8115b0 | ITER: 2 START
2018-06-28 16:42:23.443 43804 INFO rally.task.runner [-] Task efd0fffa-b8f3-4547-8f22-4cb44c8115b0 | ITER: 1 START
2018-06-28 16:42:23.446 43806 INFO rally.task.runner [-] Task efd0fffa-b8f3-4547-8f22-4cb44c8115b0 | ITER: 3 START
2018-06-28 16:42:23.450 43807 INFO rally.task.runner [-] Task efd0fffa-b8f3-4547-8f22-4cb44c8115b0 | ITER: 4 START
2018-06-28 16:42:23.452 43809 INFO rally.task.runner [-] Task efd0fffa-b8f3-4547-8f22-4cb44c8115b0 | ITER: 5 START
2018-06-28 16:42:24.733 43804 INFO rally.task.runner [-] Task efd0fffa-b8f3-4547-8f22-4cb44c8115b0 | ITER: 1 END: OK
2018-06-28 16:42:24.736 43804 INFO rally.task.runner [-] Task efd0fffa-b8f3-4547-8f22-4cb44c8115b0 | ITER: 6 START
2018-06-28 16:42:24.755 43807 INFO rally.task.runner [-] Task efd0fffa-b8f3-4547-8f22-4cb44c8115b0 | ITER: 4 END: OK
2018-06-28 16:42:24.760 43807 INFO rally.task.runner [-] Task efd0fffa-b8f3-4547-8f22-4cb44c8115b0 | ITER: 7 START
2018-06-28 16:42:24.782 43806 INFO rally.task.runner [-] Task efd0fffa-b8f3-4547-8f22-4cb44c8115b0 | ITER: 3 END: OK
2018-06-28 16:42:24.784 43806 INFO rally.task.runner [-] Task efd0fffa-b8f3-4547-8f22-4cb44c8115b0 | ITER: 8 START
2018-06-28 16:42:24.819 43809 INFO rally.task.runner [-] Task efd0fffa-b8f3-4547-8f22-4cb44c8115b0 | ITER: 5 END: OK
2018-06-28 16:42:24.821 43809 INFO rally.task.runner [-] Task efd0fffa-b8f3-4547-8f22-4cb44c8115b0 | ITER: 9 START
2018-06-28 16:42:24.826 43805 INFO rally.task.runner [-] Task efd0fffa-b8f3-4547-8f22-4cb44c8115b0 | ITER: 2 END: OK
2018-06-28 16:42:24.829 43805 INFO rally.task.runner [-] Task efd0fffa-b8f3-4547-8f22-4cb44c8115b0 | ITER: 10 START
2018-06-28 16:42:26.007 43805 INFO rally.task.runner [-] Task efd0fffa-b8f3-4547-8f22-4cb44c8115b0 | ITER: 10 END: OK
2018-06-28 16:42:26.035 43809 INFO rally.task.runner [-] Task efd0fffa-b8f3-4547-8f22-4cb44c8115b0 | ITER: 9 END: OK
2018-06-28 16:42:26.037 43807 INFO rally.task.runner [-] Task efd0fffa-b8f3-4547-8f22-4cb44c8115b0 | ITER: 7 END: OK
2018-06-28 16:42:26.054 43806 INFO rally.task.runner [-] Task efd0fffa-b8f3-4547-8f22-4cb44c8115b0 | ITER: 8 END: OK
2018-06-28 16:42:26.094 43804 INFO rally.task.runner [-] Task efd0fffa-b8f3-4547-8f22-4cb44c8115b0 | ITER: 6 END: OK
2018-06-28 16:42:26.123 43547 INFO rally.task.context [-] Task efd0fffa-b8f3-4547-8f22-4cb44c8115b0 | Context cleanup@openstack cleanup() started
2018-06-28 16:42:27.802 43547 INFO rally.task.context [-] Task efd0fffa-b8f3-4547-8f22-4cb44c8115b0 | Context cleanup@openstack cleanup() finished in 1.68 sec
2018-06-28 16:42:27.803 43547 INFO rally.task.context [-] Task efd0fffa-b8f3-4547-8f22-4cb44c8115b0 | Context users@openstack cleanup() started
2018-06-28 16:42:32.087 43547 INFO rally.task.context [-] Task efd0fffa-b8f3-4547-8f22-4cb44c8115b0 | Context users@openstack cleanup() finished in 4.28 sec
2018-06-28 16:42:32.942 43547 INFO rally.task.engine [-] Load duration is: 1.786412
2018-06-28 16:42:32.942 43547 INFO rally.task.engine [-] Full runner duration is: 2.70028
2018-06-28 16:42:32.943 43547 INFO rally.task.engine [-] Full duration is: 11.254149
2018-06-28 16:42:33.014 43547 INFO rally.task.engine [-] Task efd0fffa-b8f3-4547-8f22-4cb44c8115b0 | Completed: Running task.

--------------------------------------------------------------------------------
Task efd0fffa-b8f3-4547-8f22-4cb44c8115b0: finished
--------------------------------------------------------------------------------

test scenario KeystoneBasic.create_and_delete_ec2credential
args position 0
args values:
{
  "runner": {
    "times": 10, 
    "concurrency": 5
  }, 
  "contexts": {
    "users": {
      "tenants": 2, 
      "users_per_tenant": 2
    }
  }, 
  "args": {}, 
  "sla": {
    "failure_rate": {
      "max": 0
    }
  }, 
  "hooks": []
}

--------------------------------------------------------------------------------
Task efd0fffa-b8f3-4547-8f22-4cb44c8115b0 has 0 error(s)
--------------------------------------------------------------------------------

+--------------------------------------------------------------------------------------------------------------------------------+
|                                                      Response Times (sec)                                                      |
+-----------------------------+-----------+--------------+--------------+--------------+-----------+-----------+---------+-------+
| Action                      | Min (sec) | Median (sec) | 90%ile (sec) | 95%ile (sec) | Max (sec) | Avg (sec) | Success | Count |
+-----------------------------+-----------+--------------+--------------+--------------+-----------+-----------+---------+-------+
| keystone_v3.create_ec2creds | 0.386     | 0.403        | 0.464        | 0.465        | 0.465     | 0.412     | 100.0%  | 10    |
| keystone_v3.delete_ec2creds | 0.027     | 0.033        | 0.037        | 0.038        | 0.04      | 0.033     | 100.0%  | 10    |
| total                       | 0.415     | 0.438        | 0.494        | 0.495        | 0.496     | 0.445     | 100.0%  | 10    |
|  -> duration                | 0.415     | 0.438        | 0.494        | 0.495        | 0.496     | 0.445     | 100.0%  | 10    |
|  -> idle_duration           | 0.0       | 0.0          | 0.0          | 0.0          | 0.0       | 0.0       | 100.0%  | 10    |
+-----------------------------+-----------+--------------+--------------+--------------+-----------+-----------+---------+-------+

Load duration: 1.786412
Full duration: 11.254149

HINTS:
* To plot HTML graphics with this data, run:
	rally task report efd0fffa-b8f3-4547-8f22-4cb44c8115b0 --out output.html

* To generate a JUnit report, run:
	rally task export efd0fffa-b8f3-4547-8f22-4cb44c8115b0 --type junit --to output.xml

* To get raw JSON output of task results, run:
	rally task report efd0fffa-b8f3-4547-8f22-4cb44c8115b0 --json --out output.json

--------------------------------------------------------------------------------
Preparing input task
--------------------------------------------------------------------------------

Task is:
{
    "KeystoneBasic.create_and_list_ec2credentials": [
        {
            "runner": {
                "type": "constant",
                "times": 10,
                "concurrency": 5
            },
            "context": {
                "users": {
                    "tenants": 2,
                    "users_per_tenant": 2
                }
            },
            "sla": {
                "failure_rate": {
                    "max": 0
                }
            }
        }
    ]
}

Task syntax is correct :)
Running Rally version 0.10.1~dev119
--------------------------------------------------------------------------------
Task  92b30c36-9525-429c-ab6d-a76e72a7abf2: started
--------------------------------------------------------------------------------

Running Task... This can take a while...

To track task status use:

	rally task status
	or
	rally task detailed

Using task: 92b30c36-9525-429c-ab6d-a76e72a7abf2
2018-06-28 16:42:34.815 43902 INFO rally.task.engine [-] Task 92b30c36-9525-429c-ab6d-a76e72a7abf2 | Starting:  Task validation.
2018-06-28 16:42:34.827 43902 INFO rally.task.engine [-] Task 92b30c36-9525-429c-ab6d-a76e72a7abf2 | Starting:  Task validation of syntax.
2018-06-28 16:42:34.842 43902 INFO rally.task.engine [-] Task 92b30c36-9525-429c-ab6d-a76e72a7abf2 | Completed: Task validation of syntax.
2018-06-28 16:42:34.843 43902 INFO rally.task.engine [-] Task 92b30c36-9525-429c-ab6d-a76e72a7abf2 | Starting:  Task validation of required platforms.
2018-06-28 16:42:34.850 43902 INFO rally.task.engine [-] Task 92b30c36-9525-429c-ab6d-a76e72a7abf2 | Completed: Task validation of required platforms.
2018-06-28 16:42:34.850 43902 INFO rally.task.engine [-] Task 92b30c36-9525-429c-ab6d-a76e72a7abf2 | Starting:  Task validation of semantic.
2018-06-28 16:42:37.714 43902 INFO rally.task.context [-] Task 92b30c36-9525-429c-ab6d-a76e72a7abf2 | Context users@openstack setup()  finished in 2.25 sec
2018-06-28 16:42:37.726 43902 INFO rally.task.context [-] Task 92b30c36-9525-429c-ab6d-a76e72a7abf2 | Context users@openstack cleanup() started
2018-06-28 16:42:41.143 43902 INFO rally.task.context [-] Task 92b30c36-9525-429c-ab6d-a76e72a7abf2 | Context users@openstack cleanup() finished in 3.42 sec
2018-06-28 16:42:41.144 43902 INFO rally.task.engine [-] Task 92b30c36-9525-429c-ab6d-a76e72a7abf2 | Completed: Task validation of semantic.
2018-06-28 16:42:41.144 43902 INFO rally.task.engine [-] Task 92b30c36-9525-429c-ab6d-a76e72a7abf2 | Completed: Task validation.
2018-06-28 16:42:41.144 43902 INFO rally.api [-] Task 92b30c36-9525-429c-ab6d-a76e72a7abf2 input file is valid.
2018-06-28 16:42:41.145 43902 INFO rally.api [-] Run Task 92b30c36-9525-429c-ab6d-a76e72a7abf2 against Deployment 7a37a5af-20ae-460e-97c7-4fdb337cc0b6
2018-06-28 16:42:41.145 43902 INFO rally.task.engine [-] Task 92b30c36-9525-429c-ab6d-a76e72a7abf2 | Starting:  Running task.
2018-06-28 16:42:41.191 43902 INFO rally.task.engine [-] Running workload: 
  position = 0
  config = {
   "version": 2, 
   "title": "A cropped version of a bigger task.", 
   "description": "Auto-generated task from a single workload (uuid=5b69604a-e337-4483-86f8-c4980ceaf807)", 
   "subtasks": [
