2018-08-15 18:58:10.739 14877 INFO rally.task.runner [-] Task ac7234ab-7a2e-456a-a4da-9434113840c2 | ITER: 94 END: OK
2018-08-15 18:58:10.750 14865 INFO rally.task.runner [-] Task ac7234ab-7a2e-456a-a4da-9434113840c2 | ITER: 97 END: OK
2018-08-15 18:58:10.751 14868 INFO rally.task.runner [-] Task ac7234ab-7a2e-456a-a4da-9434113840c2 | ITER: 98 END: OK
2018-08-15 18:58:10.761 14887 INFO rally.task.runner [-] Task ac7234ab-7a2e-456a-a4da-9434113840c2 | ITER: 92 END: OK
2018-08-15 18:58:10.781 14880 INFO rally.task.runner [-] Task ac7234ab-7a2e-456a-a4da-9434113840c2 | ITER: 100 END: OK
2018-08-15 18:58:10.785 14866 INFO rally.task.runner [-] Task ac7234ab-7a2e-456a-a4da-9434113840c2 | ITER: 95 END: OK
2018-08-15 18:58:10.818 14882 INFO rally.task.runner [-] Task ac7234ab-7a2e-456a-a4da-9434113840c2 | ITER: 99 END: OK
2018-08-15 18:58:10.845 14736 INFO rally.task.context [-] Task ac7234ab-7a2e-456a-a4da-9434113840c2 | Context admin_cleanup@openstack cleanup() started
2018-08-15 18:58:27.329 14736 INFO rally.task.context [-] Task ac7234ab-7a2e-456a-a4da-9434113840c2 | Context admin_cleanup@openstack cleanup() finished in 16.48 sec
2018-08-15 18:58:27.330 14736 INFO rally.task.context [-] Task ac7234ab-7a2e-456a-a4da-9434113840c2 | Context users@openstack cleanup() started
2018-08-15 18:58:30.945 14736 INFO rally.task.context [-] Task ac7234ab-7a2e-456a-a4da-9434113840c2 | Context users@openstack cleanup() finished in 3.62 sec
2018-08-15 18:58:31.480 14736 INFO rally.task.engine [-] Load duration is: 12.046914
2018-08-15 18:58:31.480 14736 INFO rally.task.engine [-] Full runner duration is: 13.044447
2018-08-15 18:58:31.481 14736 INFO rally.task.engine [-] Full duration is: 35.89251
2018-08-15 18:58:31.579 14736 INFO rally.task.engine [-] Task ac7234ab-7a2e-456a-a4da-9434113840c2 | Completed: Running task.

--------------------------------------------------------------------------------
Task ac7234ab-7a2e-456a-a4da-9434113840c2: finished
--------------------------------------------------------------------------------

test scenario KeystoneBasic.create_user
args position 0
args values:
{
  "runner": {
    "times": 100, 
    "concurrency": 10
  }, 
  "contexts": {}, 
  "args": {}, 
  "sla": {
    "failure_rate": {
      "max": 0
    }
  }, 
  "hooks": []
}

--------------------------------------------------------------------------------
Task ac7234ab-7a2e-456a-a4da-9434113840c2 has 0 error(s)
--------------------------------------------------------------------------------

+----------------------------------------------------------------------------------------------------------------------------+
|                                                    Response Times (sec)                                                    |
+-------------------------+-----------+--------------+--------------+--------------+-----------+-----------+---------+-------+
| Action                  | Min (sec) | Median (sec) | 90%ile (sec) | 95%ile (sec) | Max (sec) | Avg (sec) | Success | Count |
+-------------------------+-----------+--------------+--------------+--------------+-----------+-----------+---------+-------+
| keystone_v3.create_user | 0.424     | 0.448        | 0.506        | 0.525        | 0.578     | 0.457     | 100.0%  | 100   |
| total                   | 0.464     | 0.489        | 0.547        | 0.565        | 0.616     | 0.498     | 100.0%  | 100   |
|  -> duration            | 0.464     | 0.489        | 0.547        | 0.565        | 0.616     | 0.498     | 100.0%  | 100   |
|  -> idle_duration       | 0.0       | 0.0          | 0.0          | 0.0          | 0.0       | 0.0       | 100.0%  | 100   |
+-------------------------+-----------+--------------+--------------+--------------+-----------+-----------+---------+-------+

Load duration: 12.046914
Full duration: 35.89251

HINTS:
* To plot HTML graphics with this data, run:
	rally task report ac7234ab-7a2e-456a-a4da-9434113840c2 --out output.html

* To generate a JUnit report, run:
	rally task export ac7234ab-7a2e-456a-a4da-9434113840c2 --type junit --to output.xml

* To get raw JSON output of task results, run:
	rally task report ac7234ab-7a2e-456a-a4da-9434113840c2 --json --out output.json

--------------------------------------------------------------------------------
Preparing input task
--------------------------------------------------------------------------------

Task is:
{
    "KeystoneBasic.create_delete_user": [
        {
            "args": {},
            "runner": {
                "type": "constant",
                "times": 100,
                "concurrency": 10
            },
            "sla": {
                "failure_rate": {
                    "max": 0
                }
            }
        }
    ]
}

Task syntax is correct :)
Running Rally version 0.10.1~dev119
--------------------------------------------------------------------------------
Task  20f26ecc-2ee8-4464-bb64-69ab1fb0bdeb: started
--------------------------------------------------------------------------------

Running Task... This can take a while...

To track task status use:

	rally task status
	or
	rally task detailed

Using task: 20f26ecc-2ee8-4464-bb64-69ab1fb0bdeb
2018-08-15 18:58:33.327 15115 INFO rally.task.engine [-] Task 20f26ecc-2ee8-4464-bb64-69ab1fb0bdeb | Starting:  Task validation.
2018-08-15 18:58:33.338 15115 INFO rally.task.engine [-] Task 20f26ecc-2ee8-4464-bb64-69ab1fb0bdeb | Starting:  Task validation of syntax.
2018-08-15 18:58:33.351 15115 INFO rally.task.engine [-] Task 20f26ecc-2ee8-4464-bb64-69ab1fb0bdeb | Completed: Task validation of syntax.
2018-08-15 18:58:33.351 15115 INFO rally.task.engine [-] Task 20f26ecc-2ee8-4464-bb64-69ab1fb0bdeb | Starting:  Task validation of required platforms.
2018-08-15 18:58:33.357 15115 INFO rally.task.engine [-] Task 20f26ecc-2ee8-4464-bb64-69ab1fb0bdeb | Completed: Task validation of required platforms.
2018-08-15 18:58:33.357 15115 INFO rally.task.engine [-] Task 20f26ecc-2ee8-4464-bb64-69ab1fb0bdeb | Starting:  Task validation of semantic.
2018-08-15 18:58:37.041 15115 INFO rally.task.context [-] Task 20f26ecc-2ee8-4464-bb64-69ab1fb0bdeb | Context users@openstack setup()  finished in 2.88 sec
2018-08-15 18:58:37.053 15115 INFO rally.task.context [-] Task 20f26ecc-2ee8-4464-bb64-69ab1fb0bdeb | Context users@openstack cleanup() started
2018-08-15 18:58:41.310 15115 INFO rally.task.context [-] Task 20f26ecc-2ee8-4464-bb64-69ab1fb0bdeb | Context users@openstack cleanup() finished in 4.26 sec
2018-08-15 18:58:41.311 15115 INFO rally.task.engine [-] Task 20f26ecc-2ee8-4464-bb64-69ab1fb0bdeb | Completed: Task validation of semantic.
2018-08-15 18:58:41.311 15115 INFO rally.task.engine [-] Task 20f26ecc-2ee8-4464-bb64-69ab1fb0bdeb | Completed: Task validation.
2018-08-15 18:58:41.312 15115 INFO rally.api [-] Task 20f26ecc-2ee8-4464-bb64-69ab1fb0bdeb input file is valid.
2018-08-15 18:58:41.312 15115 INFO rally.api [-] Run Task 20f26ecc-2ee8-4464-bb64-69ab1fb0bdeb against Deployment b4bb4828-a5c6-40c5-a936-034590fa9108
2018-08-15 18:58:41.312 15115 INFO rally.task.engine [-] Task 20f26ecc-2ee8-4464-bb64-69ab1fb0bdeb | Starting:  Running task.
2018-08-15 18:58:41.353 15115 INFO rally.task.engine [-] Running workload: 
  position = 0
  config = {
   "version": 2, 
   "title": "A cropped version of a bigger task.", 
   "description": "Auto-generated task from a single workload (uuid=5394e449-2386-4b9a-b451-3498bada860c)", 
   "subtasks": [
      {
         "title": "KeystoneBasic.create_delete_user", 
         "description": "Create a keystone user with random name and then delete it.", 
         "scenario": {
            "KeystoneBasic.create_delete_user": {}
         }, 
         "contexts": {}, 
         "runner": {
            "constant": {
               "times": 100, 
               "concurrency": 10
            }
         }, 
         "hooks": [], 
         "sla": {
            "failure_rate": {
               "max": 0
            }
         }
      }
   ]
}
2018-08-15 18:58:44.351 15115 INFO rally.task.context [-] Task 20f26ecc-2ee8-4464-bb64-69ab1fb0bdeb | Context users@openstack setup()  finished in 2.97 sec
2018-08-15 18:58:44.352 15115 INFO rally.task.context [-] Task 20f26ecc-2ee8-4464-bb64-69ab1fb0bdeb | Context admin_cleanup@openstack setup()  finished in 0.00 msec
2018-08-15 18:58:44.375 15243 INFO rally.task.runner [-] Task 20f26ecc-2ee8-4464-bb64-69ab1fb0bdeb | ITER: 1 START
2018-08-15 18:58:44.378 15244 INFO rally.task.runner [-] Task 20f26ecc-2ee8-4464-bb64-69ab1fb0bdeb | ITER: 2 START
2018-08-15 18:58:44.383 15245 INFO rally.task.runner [-] Task 20f26ecc-2ee8-4464-bb64-69ab1fb0bdeb | ITER: 3 START
2018-08-15 18:58:44.384 15246 INFO rally.task.runner [-] Task 20f26ecc-2ee8-4464-bb64-69ab1fb0bdeb | ITER: 4 START
2018-08-15 18:58:44.388 15249 INFO rally.task.runner [-] Task 20f26ecc-2ee8-4464-bb64-69ab1fb0bdeb | ITER: 5 START
2018-08-15 18:58:44.389 15253 INFO rally.task.runner [-] Task 20f26ecc-2ee8-4464-bb64-69ab1fb0bdeb | ITER: 6 START
2018-08-15 18:58:44.393 15255 INFO rally.task.runner [-] Task 20f26ecc-2ee8-4464-bb64-69ab1fb0bdeb | ITER: 7 START
2018-08-15 18:58:44.396 15259 INFO rally.task.runner [-] Task 20f26ecc-2ee8-4464-bb64-69ab1fb0bdeb | ITER: 8 START
2018-08-15 18:58:44.397 15263 INFO rally.task.runner [-] Task 20f26ecc-2ee8-4464-bb64-69ab1fb0bdeb | ITER: 9 START
2018-08-15 18:58:44.399 15264 INFO rally.task.runner [-] Task 20f26ecc-2ee8-4464-bb64-69ab1fb0bdeb | ITER: 10 START
2018-08-15 18:58:45.893 15244 INFO rally.task.runner [-] Task 20f26ecc-2ee8-4464-bb64-69ab1fb0bdeb | ITER: 2 END: OK
2018-08-15 18:58:45.896 15244 INFO rally.task.runner [-] Task 20f26ecc-2ee8-4464-bb64-69ab1fb0bdeb | ITER: 11 START
2018-08-15 18:58:45.926 15264 INFO rally.task.runner [-] Task 20f26ecc-2ee8-4464-bb64-69ab1fb0bdeb | ITER: 10 END: OK
2018-08-15 18:58:45.930 15264 INFO rally.task.runner [-] Task 20f26ecc-2ee8-4464-bb64-69ab1fb0bdeb | ITER: 12 START
2018-08-15 18:58:45.936 15259 INFO rally.task.runner [-] Task 20f26ecc-2ee8-4464-bb64-69ab1fb0bdeb | ITER: 8 END: OK
2018-08-15 18:58:45.938 15259 INFO rally.task.runner [-] Task 20f26ecc-2ee8-4464-bb64-69ab1fb0bdeb | ITER: 13 START
2018-08-15 18:58:45.944 15249 INFO rally.task.runner [-] Task 20f26ecc-2ee8-4464-bb64-69ab1fb0bdeb | ITER: 5 END: OK
2018-08-15 18:58:45.947 15249 INFO rally.task.runner [-] Task 20f26ecc-2ee8-4464-bb64-69ab1fb0bdeb | ITER: 14 START
2018-08-15 18:58:45.965 15246 INFO rally.task.runner [-] Task 20f26ecc-2ee8-4464-bb64-69ab1fb0bdeb | ITER: 4 END: OK
2018-08-15 18:58:45.966 15253 INFO rally.task.runner [-] Task 20f26ecc-2ee8-4464-bb64-69ab1fb0bdeb | ITER: 6 END: OK
2018-08-15 18:58:45.967 15246 INFO rally.task.runner [-] Task 20f26ecc-2ee8-4464-bb64-69ab1fb0bdeb | ITER: 15 START
2018-08-15 18:58:45.969 15253 INFO rally.task.runner [-] Task 20f26ecc-2ee8-4464-bb64-69ab1fb0bdeb | ITER: 16 START
2018-08-15 18:58:45.977 15255 INFO rally.task.runner [-] Task 20f26ecc-2ee8-4464-bb64-69ab1fb0bdeb | ITER: 7 END: OK
2018-08-15 18:58:45.980 15255 INFO rally.task.runner [-] Task 20f26ecc-2ee8-4464-bb64-69ab1fb0bdeb | ITER: 17 START
2018-08-15 18:58:46.083 15263 INFO rally.task.runner [-] Task 20f26ecc-2ee8-4464-bb64-69ab1fb0bdeb | ITER: 9 END: OK
2018-08-15 18:58:46.086 15263 INFO rally.task.runner [-] Task 20f26ecc-2ee8-4464-bb64-69ab1fb0bdeb | ITER: 18 START
2018-08-15 18:58:46.095 15245 INFO rally.task.runner [-] Task 20f26ecc-2ee8-4464-bb64-69ab1fb0bdeb | ITER: 3 END: OK
2018-08-15 18:58:46.098 15245 INFO rally.task.runner [-] Task 20f26ecc-2ee8-4464-bb64-69ab1fb0bdeb | ITER: 19 START
2018-08-15 18:58:46.229 15243 INFO rally.task.runner [-] Task 20f26ecc-2ee8-4464-bb64-69ab1fb0bdeb | ITER: 1 END: OK
2018-08-15 18:58:46.233 15243 INFO rally.task.runner [-] Task 20f26ecc-2ee8-4464-bb64-69ab1fb0bdeb | ITER: 20 START
2018-08-15 18:58:47.362 15255 INFO rally.task.runner [-] Task 20f26ecc-2ee8-4464-bb64-69ab1fb0bdeb | ITER: 17 END: OK
2018-08-15 18:58:47.365 15255 INFO rally.task.runner [-] Task 20f26ecc-2ee8-4464-bb64-69ab1fb0bdeb | ITER: 21 START
2018-08-15 18:58:47.370 15244 INFO rally.task.runner [-] Task 20f26ecc-2ee8-4464-bb64-69ab1fb0bdeb | ITER: 11 END: OK
2018-08-15 18:58:47.372 15244 INFO rally.task.runner [-] Task 20f26ecc-2ee8-4464-bb64-69ab1fb0bdeb | ITER: 22 START
2018-08-15 18:58:47.378 15249 INFO rally.task.runner [-] Task 20f26ecc-2ee8-4464-bb64-69ab1fb0bdeb | ITER: 14 END: OK
2018-08-15 18:58:47.380 15249 INFO rally.task.runner [-] Task 20f26ecc-2ee8-4464-bb64-69ab1fb0bdeb | ITER: 23 START
2018-08-15 18:58:47.459 15264 INFO rally.task.runner [-] Task 20f26ecc-2ee8-4464-bb64-69ab1fb0bdeb | ITER: 12 END: OK
2018-08-15 18:58:47.461 15264 INFO rally.task.runner [-] Task 20f26ecc-2ee8-4464-bb64-69ab1fb0bdeb | ITER: 24 START
2018-08-15 18:58:47.485 15246 INFO rally.task.runner [-] Task 20f26ecc-2ee8-4464-bb64-69ab1fb0bdeb | ITER: 15 END: OK
2018-08-15 18:58:47.488 15246 INFO rally.task.runner [-] Task 20f26ecc-2ee8-4464-bb64-69ab1fb0bdeb | ITER: 25 START
2018-08-15 18:58:47.492 15259 INFO rally.task.runner [-] Task 20f26ecc-2ee8-4464-bb64-69ab1fb0bdeb | ITER: 13 END: OK
2018-08-15 18:58:47.495 15259 INFO rally.task.runner [-] Task 20f26ecc-2ee8-4464-bb64-69ab1fb0bdeb | ITER: 26 START
2018-08-15 18:58:47.505 15263 INFO rally.task.runner [-] Task 20f26ecc-2ee8-4464-bb64-69ab1fb0bdeb | ITER: 18 END: OK
2018-08-15 18:58:47.507 15263 INFO rally.task.runner [-] Task 20f26ecc-2ee8-4464-bb64-69ab1fb0bdeb | ITER: 27 START
2018-08-15 18:58:47.571 15253 INFO rally.task.runner [-] Task 20f26ecc-2ee8-4464-bb64-69ab1fb0bdeb | ITER: 16 END: OK
2018-08-15 18:58:47.574 15253 INFO rally.task.runner [-] Task 20f26ecc-2ee8-4464-bb64-69ab1fb0bdeb | ITER: 28 START
2018-08-15 18:58:47.760 15245 INFO rally.task.runner [-] Task 20f26ecc-2ee8-4464-bb64-69ab1fb0bdeb | ITER: 19 END: OK
2018-08-15 18:58:47.760 15243 INFO rally.task.runner [-] Task 20f26ecc-2ee8-4464-bb64-69ab1fb0bdeb | ITER: 20 END: OK
2018-08-15 18:58:47.763 15245 INFO rally.task.runner [-] Task 20f26ecc-2ee8-4464-bb64-69ab1fb0bdeb | ITER: 29 START
2018-08-15 18:58:47.764 15243 INFO rally.task.runner [-] Task 20f26ecc-2ee8-4464-bb64-69ab1fb0bdeb | ITER: 30 START
2018-08-15 18:58:48.727 15255 INFO rally.task.runner [-] Task 20f26ecc-2ee8-4464-bb64-69ab1fb0bdeb | ITER: 21 END: OK
2018-08-15 18:58:48.728 15255 INFO rally.task.runner [-] Task 20f26ecc-2ee8-4464-bb64-69ab1fb0bdeb | ITER: 31 START
2018-08-15 18:58:48.740 15249 INFO rally.task.runner [-] Task 20f26ecc-2ee8-4464-bb64-69ab1fb0bdeb | ITER: 23 END: OK
2018-08-15 18:58:48.742 15249 INFO rally.task.runner [-] Task 20f26ecc-2ee8-4464-bb64-69ab1fb0bdeb | ITER: 32 START
2018-08-15 18:58:48.776 15244 INFO rally.task.runner [-] Task 20f26ecc-2ee8-4464-bb64-69ab1fb0bdeb | ITER: 22 END: OK
2018-08-15 18:58:48.779 15244 INFO rally.task.runner [-] Task 20f26ecc-2ee8-4464-bb64-69ab1fb0bdeb | ITER: 33 START
2018-08-15 18:58:48.924 15264 INFO rally.task.runner [-] Task 20f26ecc-2ee8-4464-bb64-69ab1fb0bdeb | ITER: 24 END: OK
2018-08-15 18:58:48.927 15264 INFO rally.task.runner [-] Task 20f26ecc-2ee8-4464-bb64-69ab1fb0bdeb | ITER: 34 START
2018-08-15 18:58:49.057 15253 INFO rally.task.runner [-] Task 20f26ecc-2ee8-4464-bb64-69ab1fb0bdeb | ITER: 28 END: OK
2018-08-15 18:58:49.060 15253 INFO rally.task.runner [-] Task 20f26ecc-2ee8-4464-bb64-69ab1fb0bdeb | ITER: 35 START
2018-08-15 18:58:49.073 15263 INFO rally.task.runner [-] Task 20f26ecc-2ee8-4464-bb64-69ab1fb0bdeb | ITER: 27 END: OK
2018-08-15 18:58:49.075 15263 INFO rally.task.runner [-] Task 20f26ecc-2ee8-4464-bb64-69ab1fb0bdeb | ITER: 36 START
2018-08-15 18:58:49.079 15246 INFO rally.task.runner [-] Task 20f26ecc-2ee8-4464-bb64-69ab1fb0bdeb | ITER: 25 END: OK
2018-08-15 18:58:49.081 15246 INFO rally.task.runner [-] Task 20f26ecc-2ee8-4464-bb64-69ab1fb0bdeb | ITER: 37 START
2018-08-15 18:58:49.115 15259 INFO rally.task.runner [-] Task 20f26ecc-2ee8-4464-bb64-69ab1fb0bdeb | ITER: 26 END: OK
2018-08-15 18:58:49.118 15259 INFO rally.task.runner [-] Task 20f26ecc-2ee8-4464-bb64-69ab1fb0bdeb | ITER: 38 START
2018-08-15 18:58:49.209 15245 INFO rally.task.runner [-] Task 20f26ecc-2ee8-4464-bb64-69ab1fb0bdeb | ITER: 29 END: OK
2018-08-15 18:58:49.211 15245 INFO rally.task.runner [-] Task 20f26ecc-2ee8-4464-bb64-69ab1fb0bdeb | ITER: 39 START
2018-08-15 18:58:49.290 15243 INFO rally.task.runner [-] Task 20f26ecc-2ee8-4464-bb64-69ab1fb0bdeb | ITER: 30 END: OK
2018-08-15 18:58:49.293 15243 INFO rally.task.runner [-] Task 20f26ecc-2ee8-4464-bb64-69ab1fb0bdeb | ITER: 40 START
2018-08-15 18:58:50.139 15249 INFO rally.task.runner [-] Task 20f26ecc-2ee8-4464-bb64-69ab1fb0bdeb | ITER: 32 END: OK
2018-08-15 18:58:50.141 15249 INFO rally.task.runner [-] Task 20f26ecc-2ee8-4464-bb64-69ab1fb0bdeb | ITER: 41 START
2018-08-15 18:58:50.301 15255 INFO rally.task.runner [-] Task 20f26ecc-2ee8-4464-bb64-69ab1fb0bdeb | ITER: 31 END: OK
2018-08-15 18:58:50.304 15255 INFO rally.task.runner [-] Task 20f26ecc-2ee8-4464-bb64-69ab1fb0bdeb | ITER: 42 START
2018-08-15 18:58:50.439 15263 INFO rally.task.runner [-] Task 20f26ecc-2ee8-4464-bb64-69ab1fb0bdeb | ITER: 36 END: OK
2018-08-15 18:58:50.442 15263 INFO rally.task.runner [-] Task 20f26ecc-2ee8-4464-bb64-69ab1fb0bdeb | ITER: 43 START
2018-08-15 18:58:50.448 15264 INFO rally.task.runner [-] Task 20f26ecc-2ee8-4464-bb64-69ab1fb0bdeb | ITER: 34 END: OK
2018-08-15 18:58:50.451 15264 INFO rally.task.runner [-] Task 20f26ecc-2ee8-4464-bb64-69ab1fb0bdeb | ITER: 44 START
2018-08-15 18:58:50.473 15253 INFO rally.task.runner [-] Task 20f26ecc-2ee8-4464-bb64-69ab1fb0bdeb | ITER: 35 END: OK
2018-08-15 18:58:50.476 15253 INFO rally.task.runner [-] Task 20f26ecc-2ee8-4464-bb64-69ab1fb0bdeb | ITER: 45 START
2018-08-15 18:58:50.500 15246 INFO rally.task.runner [-] Task 20f26ecc-2ee8-4464-bb64-69ab1fb0bdeb | ITER: 37 END: OK
2018-08-15 18:58:50.502 15246 INFO rally.task.runner [-] Task 20f26ecc-2ee8-4464-bb64-69ab1fb0bdeb | ITER: 46 START
2018-08-15 18:58:50.503 15244 INFO rally.task.runner [-] Task 20f26ecc-2ee8-4464-bb64-69ab1fb0bdeb | ITER: 33 END: OK
2018-08-15 18:58:50.506 15244 INFO rally.task.runner [-] Task 20f26ecc-2ee8-4464-bb64-69ab1fb0bdeb | ITER: 47 START
2018-08-15 18:58:50.513 15259 INFO rally.task.runner [-] Task 20f26ecc-2ee8-4464-bb64-69ab1fb0bdeb | ITER: 38 END: OK
2018-08-15 18:58:50.516 15259 INFO rally.task.runner [-] Task 20f26ecc-2ee8-4464-bb64-69ab1fb0bdeb | ITER: 48 START
2018-08-15 18:58:50.715 15245 INFO rally.task.runner [-] Task 20f26ecc-2ee8-4464-bb64-69ab1fb0bdeb | ITER: 39 END: OK
2018-08-15 18:58:50.718 15245 INFO rally.task.runner [-] Task 20f26ecc-2ee8-4464-bb64-69ab1fb0bdeb | ITER: 49 START
2018-08-15 18:58:50.720 15243 INFO rally.task.runner [-] Task 20f26ecc-2ee8-4464-bb64-69ab1fb0bdeb | ITER: 40 END: OK
2018-08-15 18:58:50.723 15243 INFO rally.task.runner [-] Task 20f26ecc-2ee8-4464-bb64-69ab1fb0bdeb | ITER: 50 START
2018-08-15 18:58:51.586 15249 INFO rally.task.runner [-] Task 20f26ecc-2ee8-4464-bb64-69ab1fb0bdeb | ITER: 41 END: OK
2018-08-15 18:58:51.589 15249 INFO rally.task.runner [-] Task 20f26ecc-2ee8-4464-bb64-69ab1fb0bdeb | ITER: 51 START
2018-08-15 18:58:51.643 15255 INFO rally.task.runner [-] Task 20f26ecc-2ee8-4464-bb64-69ab1fb0bdeb | ITER: 42 END: OK
2018-08-15 18:58:51.646 15255 INFO rally.task.runner [-] Task 20f26ecc-2ee8-4464-bb64-69ab1fb0bdeb | ITER: 52 START
2018-08-15 18:58:51.876 15264 INFO rally.task.runner [-] Task 20f26ecc-2ee8-4464-bb64-69ab1fb0bdeb | ITER: 44 END: OK
2018-08-15 18:58:51.878 15264 INFO rally.task.runner [-] Task 20f26ecc-2ee8-4464-bb64-69ab1fb0bdeb | ITER: 53 START
2018-08-15 18:58:51.906 15253 INFO rally.task.runner [-] Task 20f26ecc-2ee8-4464-bb64-69ab1fb0bdeb | ITER: 45 END: OK
2018-08-15 18:58:51.908 15253 INFO rally.task.runner [-] Task 20f26ecc-2ee8-4464-bb64-69ab1fb0bdeb | ITER: 54 START
2018-08-15 18:58:51.941 15263 INFO rally.task.runner [-] Task 20f26ecc-2ee8-4464-bb64-69ab1fb0bdeb | ITER: 43 END: OK
2018-08-15 18:58:51.943 15263 INFO rally.task.runner [-] Task 20f26ecc-2ee8-4464-bb64-69ab1fb0bdeb | ITER: 55 START
2018-08-15 18:58:51.954 15244 INFO rally.task.runner [-] Task 20f26ecc-2ee8-4464-bb64-69ab1fb0bdeb | ITER: 47 END: OK
2018-08-15 18:58:51.956 15244 INFO rally.task.runner [-] Task 20f26ecc-2ee8-4464-bb64-69ab1fb0bdeb | ITER: 56 START
2018-08-15 18:58:52.002 15246 INFO rally.task.runner [-] Task 20f26ecc-2ee8-4464-bb64-69ab1fb0bdeb | ITER: 46 END: OK
2018-08-15 18:58:52.004 15246 INFO rally.task.runner [-] Task 20f26ecc-2ee8-4464-bb64-69ab1fb0bdeb | ITER: 57 START
2018-08-15 18:58:52.132 15243 INFO rally.task.runner [-] Task 20f26ecc-2ee8-4464-bb64-69ab1fb0bdeb | ITER: 50 END: OK
2018-08-15 18:58:52.135 15243 INFO rally.task.runner [-] Task 20f26ecc-2ee8-4464-bb64-69ab1fb0bdeb | ITER: 58 START
2018-08-15 18:58:52.152 15259 INFO rally.task.runner [-] Task 20f26ecc-2ee8-4464-bb64-69ab1fb0bdeb | ITER: 48 END: OK
2018-08-15 18:58:52.155 15259 INFO rally.task.runner [-] Task 20f26ecc-2ee8-4464-bb64-69ab1fb0bdeb | ITER: 59 START
2018-08-15 18:58:52.188 15245 INFO rally.task.runner [-] Task 20f26ecc-2ee8-4464-bb64-69ab1fb0bdeb | ITER: 49 END: OK
2018-08-15 18:58:52.191 15245 INFO rally.task.runner [-] Task 20f26ecc-2ee8-4464-bb64-69ab1fb0bdeb | ITER: 60 START
2018-08-15 18:58:53.065 15255 INFO rally.task.runner [-] Task 20f26ecc-2ee8-4464-bb64-69ab1fb0bdeb | ITER: 52 END: OK
2018-08-15 18:58:53.068 15255 INFO rally.task.runner [-] Task 20f26ecc-2ee8-4464-bb64-69ab1fb0bdeb | ITER: 61 START
2018-08-15 18:58:53.143 15249 INFO rally.task.runner [-] Task 20f26ecc-2ee8-4464-bb64-69ab1fb0bdeb | ITER: 51 END: OK
2018-08-15 18:58:53.146 15249 INFO rally.task.runner [-] Task 20f26ecc-2ee8-4464-bb64-69ab1fb0bdeb | ITER: 62 START
2018-08-15 18:58:53.374 15263 INFO rally.task.runner [-] Task 20f26ecc-2ee8-4464-bb64-69ab1fb0bdeb | ITER: 55 END: OK
2018-08-15 18:58:53.377 15263 INFO rally.task.runner [-] Task 20f26ecc-2ee8-4464-bb64-69ab1fb0bdeb | ITER: 63 START
2018-08-15 18:58:53.404 15253 INFO rally.task.runner [-] Task 20f26ecc-2ee8-4464-bb64-69ab1fb0bdeb | ITER: 54 END: OK
2018-08-15 18:58:53.406 15253 INFO rally.task.runner [-] Task 20f26ecc-2ee8-4464-bb64-69ab1fb0bdeb | ITER: 64 START
2018-08-15 18:58:53.407 15264 INFO rally.task.runner [-] Task 20f26ecc-2ee8-4464-bb64-69ab1fb0bdeb | ITER: 53 END: OK
2018-08-15 18:58:53.409 15264 INFO rally.task.runner [-] Task 20f26ecc-2ee8-4464-bb64-69ab1fb0bdeb | ITER: 65 START
2018-08-15 18:58:53.447 15246 INFO rally.task.runner [-] Task 20f26ecc-2ee8-4464-bb64-69ab1fb0bdeb | ITER: 57 END: OK
2018-08-15 18:58:53.450 15246 INFO rally.task.runner [-] Task 20f26ecc-2ee8-4464-bb64-69ab1fb0bdeb | ITER: 66 START
2018-08-15 18:58:53.571 15243 INFO rally.task.runner [-] Task 20f26ecc-2ee8-4464-bb64-69ab1fb0bdeb | ITER: 58 END: OK
2018-08-15 18:58:53.575 15243 INFO rally.task.runner [-] Task 20f26ecc-2ee8-4464-bb64-69ab1fb0bdeb | ITER: 67 START
2018-08-15 18:58:53.623 15244 INFO rally.task.runner [-] Task 20f26ecc-2ee8-4464-bb64-69ab1fb0bdeb | ITER: 56 END: OK
2018-08-15 18:58:53.626 15244 INFO rally.task.runner [-] Task 20f26ecc-2ee8-4464-bb64-69ab1fb0bdeb | ITER: 68 START
2018-08-15 18:58:53.711 15245 INFO rally.task.runner [-] Task 20f26ecc-2ee8-4464-bb64-69ab1fb0bdeb | ITER: 60 END: OK
2018-08-15 18:58:53.714 15245 INFO rally.task.runner [-] Task 20f26ecc-2ee8-4464-bb64-69ab1fb0bdeb | ITER: 69 START
2018-08-15 18:58:53.736 15259 INFO rally.task.runner [-] Task 20f26ecc-2ee8-4464-bb64-69ab1fb0bdeb | ITER: 59 END: OK
2018-08-15 18:58:53.739 15259 INFO rally.task.runner [-] Task 20f26ecc-2ee8-4464-bb64-69ab1fb0bdeb | ITER: 70 START
2018-08-15 18:58:54.493 15255 INFO rally.task.runner [-] Task 20f26ecc-2ee8-4464-bb64-69ab1fb0bdeb | ITER: 61 END: OK
2018-08-15 18:58:54.495 15255 INFO rally.task.runner [-] Task 20f26ecc-2ee8-4464-bb64-69ab1fb0bdeb | ITER: 71 START
2018-08-15 18:58:54.535 15249 INFO rally.task.runner [-] Task 20f26ecc-2ee8-4464-bb64-69ab1fb0bdeb | ITER: 62 END: OK
2018-08-15 18:58:54.538 15249 INFO rally.task.runner [-] Task 20f26ecc-2ee8-4464-bb64-69ab1fb0bdeb | ITER: 72 START
2018-08-15 18:58:54.842 15263 INFO rally.task.runner [-] Task 20f26ecc-2ee8-4464-bb64-69ab1fb0bdeb | ITER: 63 END: OK
2018-08-15 18:58:54.844 15263 INFO rally.task.runner [-] Task 20f26ecc-2ee8-4464-bb64-69ab1fb0bdeb | ITER: 73 START
2018-08-15 18:58:54.875 15264 INFO rally.task.runner [-] Task 20f26ecc-2ee8-4464-bb64-69ab1fb0bdeb | ITER: 65 END: OK
2018-08-15 18:58:54.878 15264 INFO rally.task.runner [-] Task 20f26ecc-2ee8-4464-bb64-69ab1fb0bdeb | ITER: 74 START
2018-08-15 18:58:54.913 15246 INFO rally.task.runner [-] Task 20f26ecc-2ee8-4464-bb64-69ab1fb0bdeb | ITER: 66 END: OK
2018-08-15 18:58:54.916 15246 INFO rally.task.runner [-] Task 20f26ecc-2ee8-4464-bb64-69ab1fb0bdeb | ITER: 75 START
2018-08-15 18:58:54.949 15253 INFO rally.task.runner [-] Task 20f26ecc-2ee8-4464-bb64-69ab1fb0bdeb | ITER: 64 END: OK
2018-08-15 18:58:54.952 15253 INFO rally.task.runner [-] Task 20f26ecc-2ee8-4464-bb64-69ab1fb0bdeb | ITER: 76 START
2018-08-15 18:58:55.011 15244 INFO rally.task.runner [-] Task 20f26ecc-2ee8-4464-bb64-69ab1fb0bdeb | ITER: 68 END: OK
2018-08-15 18:58:55.012 15244 INFO rally.task.runner [-] Task 20f26ecc-2ee8-4464-bb64-69ab1fb0bdeb | ITER: 77 START
2018-08-15 18:58:55.090 15243 INFO rally.task.runner [-] Task 20f26ecc-2ee8-4464-bb64-69ab1fb0bdeb | ITER: 67 END: OK
2018-08-15 18:58:55.093 15243 INFO rally.task.runner [-] Task 20f26ecc-2ee8-4464-bb64-69ab1fb0bdeb | ITER: 78 START
2018-08-15 18:58:55.253 15245 INFO rally.task.runner [-] Task 20f26ecc-2ee8-4464-bb64-69ab1fb0bdeb | ITER: 69 END: OK
2018-08-15 18:58:55.255 15245 INFO rally.task.runner [-] Task 20f26ecc-2ee8-4464-bb64-69ab1fb0bdeb | ITER: 79 START
2018-08-15 18:58:55.392 15259 INFO rally.task.runner [-] Task 20f26ecc-2ee8-4464-bb64-69ab1fb0bdeb | ITER: 70 END: OK
2018-08-15 18:58:55.394 15259 INFO rally.task.runner [-] Task 20f26ecc-2ee8-4464-bb64-69ab1fb0bdeb | ITER: 80 START
2018-08-15 18:58:55.993 15249 INFO rally.task.runner [-] Task 20f26ecc-2ee8-4464-bb64-69ab1fb0bdeb | ITER: 72 END: OK
2018-08-15 18:58:55.996 15249 INFO rally.task.runner [-] Task 20f26ecc-2ee8-4464-bb64-69ab1fb0bdeb | ITER: 81 START
2018-08-15 18:58:56.028 15255 INFO rally.task.runner [-] Task 20f26ecc-2ee8-4464-bb64-69ab1fb0bdeb | ITER: 71 END: OK
2018-08-15 18:58:56.030 15255 INFO rally.task.runner [-] Task 20f26ecc-2ee8-4464-bb64-69ab1fb0bdeb | ITER: 82 START
2018-08-15 18:58:56.244 15263 INFO rally.task.runner [-] Task 20f26ecc-2ee8-4464-bb64-69ab1fb0bdeb | ITER: 73 END: OK
2018-08-15 18:58:56.246 15263 INFO rally.task.runner [-] Task 20f26ecc-2ee8-4464-bb64-69ab1fb0bdeb | ITER: 83 START
2018-08-15 18:58:56.332 15264 INFO rally.task.runner [-] Task 20f26ecc-2ee8-4464-bb64-69ab1fb0bdeb | ITER: 74 END: OK
2018-08-15 18:58:56.335 15264 INFO rally.task.runner [-] Task 20f26ecc-2ee8-4464-bb64-69ab1fb0bdeb | ITER: 84 START
2018-08-15 18:58:56.394 15244 INFO rally.task.runner [-] Task 20f26ecc-2ee8-4464-bb64-69ab1fb0bdeb | ITER: 77 END: OK
2018-08-15 18:58:56.397 15244 INFO rally.task.runner [-] Task 20f26ecc-2ee8-4464-bb64-69ab1fb0bdeb | ITER: 85 START
2018-08-15 18:58:56.422 15246 INFO rally.task.runner [-] Task 20f26ecc-2ee8-4464-bb64-69ab1fb0bdeb | ITER: 75 END: OK
2018-08-15 18:58:56.425 15246 INFO rally.task.runner [-] Task 20f26ecc-2ee8-4464-bb64-69ab1fb0bdeb | ITER: 86 START
2018-08-15 18:58:56.436 15253 INFO rally.task.runner [-] Task 20f26ecc-2ee8-4464-bb64-69ab1fb0bdeb | ITER: 76 END: OK
2018-08-15 18:58:56.438 15253 INFO rally.task.runner [-] Task 20f26ecc-2ee8-4464-bb64-69ab1fb0bdeb | ITER: 87 START
2018-08-15 18:58:56.624 15243 INFO rally.task.runner [-] Task 20f26ecc-2ee8-4464-bb64-69ab1fb0bdeb | ITER: 78 END: OK
2018-08-15 18:58:56.627 15243 INFO rally.task.runner [-] Task 20f26ecc-2ee8-4464-bb64-69ab1fb0bdeb | ITER: 88 START
2018-08-15 18:58:56.831 15245 INFO rally.task.runner [-] Task 20f26ecc-2ee8-4464-bb64-69ab1fb0bdeb | ITER: 79 END: OK
2018-08-15 18:58:56.833 15245 INFO rally.task.runner [-] Task 20f26ecc-2ee8-4464-bb64-69ab1fb0bdeb | ITER: 89 START
2018-08-15 18:58:56.856 15259 INFO rally.task.runner [-] Task 20f26ecc-2ee8-4464-bb64-69ab1fb0bdeb | ITER: 80 END: OK
2018-08-15 18:58:56.859 15259 INFO rally.task.runner [-] Task 20f26ecc-2ee8-4464-bb64-69ab1fb0bdeb | ITER: 90 START
2018-08-15 18:58:57.489 15249 INFO rally.task.runner [-] Task 20f26ecc-2ee8-4464-bb64-69ab1fb0bdeb | ITER: 81 END: OK
2018-08-15 18:58:57.493 15249 INFO rally.task.runner [-] Task 20f26ecc-2ee8-4464-bb64-69ab1fb0bdeb | ITER: 91 START
2018-08-15 18:58:57.544 15255 INFO rally.task.runner [-] Task 20f26ecc-2ee8-4464-bb64-69ab1fb0bdeb | ITER: 82 END: OK
2018-08-15 18:58:57.548 15255 INFO rally.task.runner [-] Task 20f26ecc-2ee8-4464-bb64-69ab1fb0bdeb | ITER: 92 START
2018-08-15 18:58:57.796 15263 INFO rally.task.runner [-] Task 20f26ecc-2ee8-4464-bb64-69ab1fb0bdeb | ITER: 83 END: OK
2018-08-15 18:58:57.799 15263 INFO rally.task.runner [-] Task 20f26ecc-2ee8-4464-bb64-69ab1fb0bdeb | ITER: 93 START
2018-08-15 18:58:57.818 15244 INFO rally.task.runner [-] Task 20f26ecc-2ee8-4464-bb64-69ab1fb0bdeb | ITER: 85 END: OK
2018-08-15 18:58:57.822 15244 INFO rally.task.runner [-] Task 20f26ecc-2ee8-4464-bb64-69ab1fb0bdeb | ITER: 94 START
2018-08-15 18:58:57.861 15264 INFO rally.task.runner [-] Task 20f26ecc-2ee8-4464-bb64-69ab1fb0bdeb | ITER: 84 END: OK
2018-08-15 18:58:57.864 15264 INFO rally.task.runner [-] Task 20f26ecc-2ee8-4464-bb64-69ab1fb0bdeb | ITER: 95 START
2018-08-15 18:58:57.889 15246 INFO rally.task.runner [-] Task 20f26ecc-2ee8-4464-bb64-69ab1fb0bdeb | ITER: 86 END: OK
2018-08-15 18:58:57.893 15246 INFO rally.task.runner [-] Task 20f26ecc-2ee8-4464-bb64-69ab1fb0bdeb | ITER: 96 START
2018-08-15 18:58:57.981 15253 INFO rally.task.runner [-] Task 20f26ecc-2ee8-4464-bb64-69ab1fb0bdeb | ITER: 87 END: OK
2018-08-15 18:58:57.984 15253 INFO rally.task.runner [-] Task 20f26ecc-2ee8-4464-bb64-69ab1fb0bdeb | ITER: 97 START
2018-08-15 18:58:58.181 15243 INFO rally.task.runner [-] Task 20f26ecc-2ee8-4464-bb64-69ab1fb0bdeb | ITER: 88 END: OK
2018-08-15 18:58:58.184 15243 INFO rally.task.runner [-] Task 20f26ecc-2ee8-4464-bb64-69ab1fb0bdeb | ITER: 98 START
2018-08-15 18:58:58.396 15259 INFO rally.task.runner [-] Task 20f26ecc-2ee8-4464-bb64-69ab1fb0bdeb | ITER: 90 END: OK
2018-08-15 18:58:58.399 15259 INFO rally.task.runner [-] Task 20f26ecc-2ee8-4464-bb64-69ab1fb0bdeb | ITER: 99 START
2018-08-15 18:58:58.454 15245 INFO rally.task.runner [-] Task 20f26ecc-2ee8-4464-bb64-69ab1fb0bdeb | ITER: 89 END: OK
2018-08-15 18:58:58.456 15245 INFO rally.task.runner [-] Task 20f26ecc-2ee8-4464-bb64-69ab1fb0bdeb | ITER: 100 START
2018-08-15 18:58:59.055 15255 INFO rally.task.runner [-] Task 20f26ecc-2ee8-4464-bb64-69ab1fb0bdeb | ITER: 92 END: OK
2018-08-15 18:58:59.055 15249 INFO rally.task.runner [-] Task 20f26ecc-2ee8-4464-bb64-69ab1fb0bdeb | ITER: 91 END: OK
2018-08-15 18:58:59.308 15263 INFO rally.task.runner [-] Task 20f26ecc-2ee8-4464-bb64-69ab1fb0bdeb | ITER: 93 END: OK
2018-08-15 18:58:59.315 15244 INFO rally.task.runner [-] Task 20f26ecc-2ee8-4464-bb64-69ab1fb0bdeb | ITER: 94 END: OK
2018-08-15 18:58:59.351 15246 INFO rally.task.runner [-] Task 20f26ecc-2ee8-4464-bb64-69ab1fb0bdeb | ITER: 96 END: OK
2018-08-15 18:58:59.365 15264 INFO rally.task.runner [-] Task 20f26ecc-2ee8-4464-bb64-69ab1fb0bdeb | ITER: 95 END: OK
2018-08-15 18:58:59.613 15253 INFO rally.task.runner [-] Task 20f26ecc-2ee8-4464-bb64-69ab1fb0bdeb | ITER: 97 END: OK
2018-08-15 18:58:59.639 15243 INFO rally.task.runner [-] Task 20f26ecc-2ee8-4464-bb64-69ab1fb0bdeb | ITER: 98 END: OK
2018-08-15 18:59:00.010 15245 INFO rally.task.runner [-] Task 20f26ecc-2ee8-4464-bb64-69ab1fb0bdeb | ITER: 100 END: OK
2018-08-15 18:59:00.169 15259 INFO rally.task.runner [-] Task 20f26ecc-2ee8-4464-bb64-69ab1fb0bdeb | ITER: 99 END: OK
2018-08-15 18:59:00.190 15115 INFO rally.task.context [-] Task 20f26ecc-2ee8-4464-bb64-69ab1fb0bdeb | Context admin_cleanup@openstack cleanup() started
2018-08-15 18:59:04.195 15115 INFO rally.task.context [-] Task 20f26ecc-2ee8-4464-bb64-69ab1fb0bdeb | Context admin_cleanup@openstack cleanup() finished in 4.00 sec
2018-08-15 18:59:04.196 15115 INFO rally.task.context [-] Task 20f26ecc-2ee8-4464-bb64-69ab1fb0bdeb | Context users@openstack cleanup() started
2018-08-15 18:59:07.725 15115 INFO rally.task.context [-] Task 20f26ecc-2ee8-4464-bb64-69ab1fb0bdeb | Context users@openstack cleanup() finished in 3.53 sec
2018-08-15 18:59:09.519 15115 INFO rally.task.engine [-] Load duration is: 14.868875
2018-08-15 18:59:09.520 15115 INFO rally.task.engine [-] Full runner duration is: 15.831797
2018-08-15 18:59:09.520 15115 INFO rally.task.engine [-] Full duration is: 26.365128
2018-08-15 18:59:09.633 15115 INFO rally.task.engine [-] Task 20f26ecc-2ee8-4464-bb64-69ab1fb0bdeb | Completed: Running task.

--------------------------------------------------------------------------------
Task 20f26ecc-2ee8-4464-bb64-69ab1fb0bdeb: finished
--------------------------------------------------------------------------------

test scenario KeystoneBasic.create_delete_user
args position 0
args values:
{
  "runner": {
    "times": 100, 
    "concurrency": 10
  }, 
  "contexts": {}, 
  "args": {}, 
  "sla": {
    "failure_rate": {
      "max": 0
    }
  }, 
  "hooks": []
}

--------------------------------------------------------------------------------
Task 20f26ecc-2ee8-4464-bb64-69ab1fb0bdeb has 0 error(s)
--------------------------------------------------------------------------------

+----------------------------------------------------------------------------------------------------------------------------+
|                                                    Response Times (sec)                                                    |
+-------------------------+-----------+--------------+--------------+--------------+-----------+-----------+---------+-------+
| Action                  | Min (sec) | Median (sec) | 90%ile (sec) | 95%ile (sec) | Max (sec) | Avg (sec) | Success | Count |
+-------------------------+-----------+--------------+--------------+--------------+-----------+-----------+---------+-------+
| keystone_v3.create_user | 0.429     | 0.5          | 0.592        | 0.637        | 0.715     | 0.509     | 100.0%  | 100   |
| keystone_v3.delete_user | 0.077     | 0.09         | 0.142        | 0.152        | 0.174     | 0.104     | 100.0%  | 100   |
| total                   | 0.544     | 0.657        | 0.78         | 0.813        | 0.928     | 0.673     | 100.0%  | 100   |
|  -> duration            | 0.544     | 0.657        | 0.78         | 0.813        | 0.928     | 0.673     | 100.0%  | 100   |
|  -> idle_duration       | 0.0       | 0.0          | 0.0          | 0.0          | 0.0       | 0.0       | 100.0%  | 100   |
+-------------------------+-----------+--------------+--------------+--------------+-----------+-----------+---------+-------+

Load duration: 14.868875
Full duration: 26.365128

HINTS:
* To plot HTML graphics with this data, run:
	rally task report 20f26ecc-2ee8-4464-bb64-69ab1fb0bdeb --out output.html

* To generate a JUnit report, run:
	rally task export 20f26ecc-2ee8-4464-bb64-69ab1fb0bdeb --type junit --to output.xml

* To get raw JSON output of task results, run:
	rally task report 20f26ecc-2ee8-4464-bb64-69ab1fb0bdeb --json --out output.json

--------------------------------------------------------------------------------
Preparing input task
--------------------------------------------------------------------------------

Task is:
{
    "KeystoneBasic.create_and_get_role": [
    {
           "args": {},
           "runner": {
                "type": "constant",
                "times": 10,
                "concurrency": 2
            },
            "context": {
                "users": {
                    "tenants": 3,
                    "users_per_tenant": 2
                }
            },
            "sla": {
                "failure_rate": {
                    "max": 0
                }
            }
        }
    ]
}

Task syntax is correct :)
Running Rally version 0.10.1~dev119
--------------------------------------------------------------------------------
Task  63a8acce-b925-4ae5-abdd-5cd382666f37: started
--------------------------------------------------------------------------------

Running Task... This can take a while...

To track task status use:

	rally task status
	or
	rally task detailed

Using task: 63a8acce-b925-4ae5-abdd-5cd382666f37
2018-08-15 18:59:11.448 15494 INFO rally.task.engine [-] Task 63a8acce-b925-4ae5-abdd-5cd382666f37 | Starting:  Task validation.
2018-08-15 18:59:11.459 15494 INFO rally.task.engine [-] Task 63a8acce-b925-4ae5-abdd-5cd382666f37 | Starting:  Task validation of syntax.
2018-08-15 18:59:11.474 15494 INFO rally.task.engine [-] Task 63a8acce-b925-4ae5-abdd-5cd382666f37 | Completed: Task validation of syntax.
2018-08-15 18:59:11.474 15494 INFO rally.task.engine [-] Task 63a8acce-b925-4ae5-abdd-5cd382666f37 | Starting:  Task validation of required platforms.
2018-08-15 18:59:11.481 15494 INFO rally.task.engine [-] Task 63a8acce-b925-4ae5-abdd-5cd382666f37 | Completed: Task validation of required platforms.
2018-08-15 18:59:11.481 15494 INFO rally.task.engine [-] Task 63a8acce-b925-4ae5-abdd-5cd382666f37 | Starting:  Task validation of semantic.
2018-08-15 18:59:14.707 15494 INFO rally.task.context [-] Task 63a8acce-b925-4ae5-abdd-5cd382666f37 | Context users@openstack setup()  finished in 2.50 sec
2018-08-15 18:59:14.718 15494 INFO rally.task.context [-] Task 63a8acce-b925-4ae5-abdd-5cd382666f37 | Context users@openstack cleanup() started
2018-08-15 18:59:18.201 15494 INFO rally.task.context [-] Task 63a8acce-b925-4ae5-abdd-5cd382666f37 | Context users@openstack cleanup() finished in 3.48 sec
2018-08-15 18:59:18.202 15494 INFO rally.task.engine [-] Task 63a8acce-b925-4ae5-abdd-5cd382666f37 | Completed: Task validation of semantic.
2018-08-15 18:59:18.202 15494 INFO rally.task.engine [-] Task 63a8acce-b925-4ae5-abdd-5cd382666f37 | Completed: Task validation.
2018-08-15 18:59:18.203 15494 INFO rally.api [-] Task 63a8acce-b925-4ae5-abdd-5cd382666f37 input file is valid.
2018-08-15 18:59:18.203 15494 INFO rally.api [-] Run Task 63a8acce-b925-4ae5-abdd-5cd382666f37 against Deployment b4bb4828-a5c6-40c5-a936-034590fa9108
2018-08-15 18:59:18.203 15494 INFO rally.task.engine [-] Task 63a8acce-b925-4ae5-abdd-5cd382666f37 | Starting:  Running task.
2018-08-15 18:59:18.248 15494 INFO rally.task.engine [-] Running workload: 
  position = 0
  config = {
   "version": 2, 
   "title": "A cropped version of a bigger task.", 
   "description": "Auto-generated task from a single workload (uuid=8d027ba7-91b6-4f78-a87c-ad8cee3760f0)", 
   "subtasks": [
      {
         "title": "KeystoneBasic.create_and_get_role", 
         "description": "Create a user role and get it detailed information.", 
         "scenario": {
            "KeystoneBasic.create_and_get_role": {}
         }, 
         "contexts": {
            "users": {
               "tenants": 3, 
               "users_per_tenant": 2
            }
         }, 
         "runner": {
            "constant": {
               "times": 10, 
               "concurrency": 2
            }
         }, 
         "hooks": [], 
         "sla": {
            "failure_rate": {
               "max": 0
            }
         }
      }
   ]
}
2018-08-15 18:59:21.075 15494 INFO rally.task.context [-] Task 63a8acce-b925-4ae5-abdd-5cd382666f37 | Context users@openstack setup()  finished in 2.79 sec
2018-08-15 18:59:21.075 15494 INFO rally.task.context [-] Task 63a8acce-b925-4ae5-abdd-5cd382666f37 | Context admin_cleanup@openstack setup()  finished in 0.00 msec
2018-08-15 18:59:21.100 15622 INFO rally.task.runner [-] Task 63a8acce-b925-4ae5-abdd-5cd382666f37 | ITER: 1 START
2018-08-15 18:59:21.102 15623 INFO rally.task.runner [-] Task 63a8acce-b925-4ae5-abdd-5cd382666f37 | ITER: 2 START
2018-08-15 18:59:22.573 15623 INFO rally.task.runner [-] Task 63a8acce-b925-4ae5-abdd-5cd382666f37 | ITER: 2 END: OK
2018-08-15 18:59:22.577 15623 INFO rally.task.runner [-] Task 63a8acce-b925-4ae5-abdd-5cd382666f37 | ITER: 3 START
2018-08-15 18:59:22.622 15622 INFO rally.task.runner [-] Task 63a8acce-b925-4ae5-abdd-5cd382666f37 | ITER: 1 END: OK
2018-08-15 18:59:22.625 15622 INFO rally.task.runner [-] Task 63a8acce-b925-4ae5-abdd-5cd382666f37 | ITER: 4 START
2018-08-15 18:59:23.989 15623 INFO rally.task.runner [-] Task 63a8acce-b925-4ae5-abdd-5cd382666f37 | ITER: 3 END: OK
2018-08-15 18:59:23.992 15623 INFO rally.task.runner [-] Task 63a8acce-b925-4ae5-abdd-5cd382666f37 | ITER: 5 START
2018-08-15 18:59:24.006 15622 INFO rally.task.runner [-] Task 63a8acce-b925-4ae5-abdd-5cd382666f37 | ITER: 4 END: OK
2018-08-15 18:59:24.010 15622 INFO rally.task.runner [-] Task 63a8acce-b925-4ae5-abdd-5cd382666f37 | ITER: 6 START
2018-08-15 18:59:25.493 15623 INFO rally.task.runner [-] Task 63a8acce-b925-4ae5-abdd-5cd382666f37 | ITER: 5 END: OK
2018-08-15 18:59:25.497 15623 INFO rally.task.runner [-] Task 63a8acce-b925-4ae5-abdd-5cd382666f37 | ITER: 7 START
2018-08-15 18:59:25.623 15622 INFO rally.task.runner [-] Task 63a8acce-b925-4ae5-abdd-5cd382666f37 | ITER: 6 END: OK
2018-08-15 18:59:25.626 15622 INFO rally.task.runner [-] Task 63a8acce-b925-4ae5-abdd-5cd382666f37 | ITER: 8 START
2018-08-15 18:59:26.876 15623 INFO rally.task.runner [-] Task 63a8acce-b925-4ae5-abdd-5cd382666f37 | ITER: 7 END: OK
2018-08-15 18:59:26.880 15623 INFO rally.task.runner [-] Task 63a8acce-b925-4ae5-abdd-5cd382666f37 | ITER: 9 START
2018-08-15 18:59:26.943 15622 INFO rally.task.runner [-] Task 63a8acce-b925-4ae5-abdd-5cd382666f37 | ITER: 8 END: OK
2018-08-15 18:59:26.947 15622 INFO rally.task.runner [-] Task 63a8acce-b925-4ae5-abdd-5cd382666f37 | ITER: 10 START
2018-08-15 18:59:28.272 15623 INFO rally.task.runner [-] Task 63a8acce-b925-4ae5-abdd-5cd382666f37 | ITER: 9 END: OK
2018-08-15 18:59:28.425 15622 INFO rally.task.runner [-] Task 63a8acce-b925-4ae5-abdd-5cd382666f37 | ITER: 10 END: OK
2018-08-15 18:59:28.447 15494 INFO rally.task.context [-] Task 63a8acce-b925-4ae5-abdd-5cd382666f37 | Context admin_cleanup@openstack cleanup() started
2018-08-15 18:59:34.458 15494 INFO rally.task.context [-] Task 63a8acce-b925-4ae5-abdd-5cd382666f37 | Context admin_cleanup@openstack cleanup() finished in 6.01 sec
2018-08-15 18:59:34.459 15494 INFO rally.task.context [-] Task 63a8acce-b925-4ae5-abdd-5cd382666f37 | Context users@openstack cleanup() started
2018-08-15 18:59:40.319 15494 INFO rally.task.context [-] Task 63a8acce-b925-4ae5-abdd-5cd382666f37 | Context users@openstack cleanup() finished in 5.86 sec
2018-08-15 18:59:40.486 15494 INFO rally.task.engine [-] Load duration is: 6.336974
2018-08-15 18:59:40.486 15494 INFO rally.task.engine [-] Full runner duration is: 7.365095
2018-08-15 18:59:40.487 15494 INFO rally.task.engine [-] Full duration is: 22.065156
2018-08-15 18:59:40.550 15494 INFO rally.task.engine [-] Task 63a8acce-b925-4ae5-abdd-5cd382666f37 | Completed: Running task.

--------------------------------------------------------------------------------
Task 63a8acce-b925-4ae5-abdd-5cd382666f37: finished
--------------------------------------------------------------------------------

test scenario KeystoneBasic.create_and_get_role
args position 0
args values:
{
  "runner": {
    "times": 10, 
    "concurrency": 2
  }, 
  "contexts": {
    "users": {
      "tenants": 3, 
      "users_per_tenant": 2
    }
  }, 
  "args": {}, 
  "sla": {
    "failure_rate": {
      "max": 0
    }
  }, 
  "hooks": []
}

--------------------------------------------------------------------------------
Task 63a8acce-b925-4ae5-abdd-5cd382666f37 has 0 error(s)
--------------------------------------------------------------------------------

+----------------------------------------------------------------------------------------------------------------------------+
|                                                    Response Times (sec)                                                    |
+-------------------------+-----------+--------------+--------------+--------------+-----------+-----------+---------+-------+
| Action                  | Min (sec) | Median (sec) | 90%ile (sec) | 95%ile (sec) | Max (sec) | Avg (sec) | Success | Count |
+-------------------------+-----------+--------------+--------------+--------------+-----------+-----------+---------+-------+
| keystone_v3.create_role | 0.413     | 0.488        | 0.507        | 0.523        | 0.539     | 0.48      | 100.0%  | 10    |
| keystone_v3.get_role    | 0.023     | 0.034        | 0.039        | 0.041        | 0.044     | 0.033     | 100.0%  | 10    |
| total                   | 0.448     | 0.522        | 0.55         | 0.56         | 0.569     | 0.514     | 100.0%  | 10    |
|  -> duration            | 0.448     | 0.522        | 0.55         | 0.56         | 0.569     | 0.514     | 100.0%  | 10    |
|  -> idle_duration       | 0.0       | 0.0          | 0.0          | 0.0          | 0.0       | 0.0       | 100.0%  | 10    |
+-------------------------+-----------+--------------+--------------+--------------+-----------+-----------+---------+-------+

Load duration: 6.336974
Full duration: 22.065156

HINTS:
* To plot HTML graphics with this data, run:
	rally task report 63a8acce-b925-4ae5-abdd-5cd382666f37 --out output.html

* To generate a JUnit report, run:
	rally task export 63a8acce-b925-4ae5-abdd-5cd382666f37 --type junit --to output.xml

* To get raw JSON output of task results, run:
	rally task report 63a8acce-b925-4ae5-abdd-5cd382666f37 --json --out output.json

--------------------------------------------------------------------------------
Preparing input task
--------------------------------------------------------------------------------

Task is:
{
    "KeystoneBasic.create_update_and_delete_tenant": [
    {
            "args": {},
            "runner": {
                "type": "constant",
                "times": 100,
                "concurrency": 10
            },
            "sla": {
                "failure_rate": {
                    "max": 0
                }
            }
        }
    ]
}

Task syntax is correct :)
Running Rally version 0.10.1~dev119
--------------------------------------------------------------------------------
Task  f2f8d928-bf46-4bce-883c-0624125a5a33: started
--------------------------------------------------------------------------------

Running Task... This can take a while...

To track task status use:

	rally task status
	or
	rally task detailed

Using task: f2f8d928-bf46-4bce-883c-0624125a5a33
2018-08-15 18:59:42.291 15759 INFO rally.task.engine [-] Task f2f8d928-bf46-4bce-883c-0624125a5a33 | Starting:  Task validation.
2018-08-15 18:59:42.303 15759 INFO rally.task.engine [-] Task f2f8d928-bf46-4bce-883c-0624125a5a33 | Starting:  Task validation of syntax.
2018-08-15 18:59:42.316 15759 INFO rally.task.engine [-] Task f2f8d928-bf46-4bce-883c-0624125a5a33 | Completed: Task validation of syntax.
2018-08-15 18:59:42.317 15759 INFO rally.task.engine [-] Task f2f8d928-bf46-4bce-883c-0624125a5a33 | Starting:  Task validation of required platforms.
2018-08-15 18:59:42.323 15759 INFO rally.task.engine [-] Task f2f8d928-bf46-4bce-883c-0624125a5a33 | Completed: Task validation of required platforms.
2018-08-15 18:59:42.323 15759 INFO rally.task.engine [-] Task f2f8d928-bf46-4bce-883c-0624125a5a33 | Starting:  Task validation of semantic.
2018-08-15 18:59:45.655 15759 INFO rally.task.context [-] Task f2f8d928-bf46-4bce-883c-0624125a5a33 | Context users@openstack setup()  finished in 2.53 sec
2018-08-15 18:59:45.666 15759 INFO rally.task.context [-] Task f2f8d928-bf46-4bce-883c-0624125a5a33 | Context users@openstack cleanup() started
2018-08-15 18:59:49.384 15759 INFO rally.task.context [-] Task f2f8d928-bf46-4bce-883c-0624125a5a33 | Context users@openstack cleanup() finished in 3.72 sec
2018-08-15 18:59:49.384 15759 INFO rally.task.engine [-] Task f2f8d928-bf46-4bce-883c-0624125a5a33 | Completed: Task validation of semantic.
2018-08-15 18:59:49.385 15759 INFO rally.task.engine [-] Task f2f8d928-bf46-4bce-883c-0624125a5a33 | Completed: Task validation.
2018-08-15 18:59:49.385 15759 INFO rally.api [-] Task f2f8d928-bf46-4bce-883c-0624125a5a33 input file is valid.
2018-08-15 18:59:49.385 15759 INFO rally.api [-] Run Task f2f8d928-bf46-4bce-883c-0624125a5a33 against Deployment b4bb4828-a5c6-40c5-a936-034590fa9108
2018-08-15 18:59:49.386 15759 INFO rally.task.engine [-] Task f2f8d928-bf46-4bce-883c-0624125a5a33 | Starting:  Running task.
2018-08-15 18:59:49.427 15759 INFO rally.task.engine [-] Running workload: 
  position = 0
  config = {
   "version": 2, 
   "title": "A cropped version of a bigger task.", 
   "description": "Auto-generated task from a single workload (uuid=3c06e71c-e8fd-448d-98b9-a66b8c5001ba)", 
   "subtasks": [
      {
         "title": "KeystoneBasic.create_update_and_delete_tenant", 
         "description": "Create, update and delete tenant.", 
         "scenario": {
            "KeystoneBasic.create_update_and_delete_tenant": {}
         }, 
         "contexts": {}, 
         "runner": {
            "constant": {
               "times": 100, 
               "concurrency": 10
            }
         }, 
         "hooks": [], 
         "sla": {
            "failure_rate": {
               "max": 0
            }
         }
      }
   ]
}
2018-08-15 18:59:52.360 15759 INFO rally.task.context [-] Task f2f8d928-bf46-4bce-883c-0624125a5a33 | Context users@openstack setup()  finished in 2.90 sec
2018-08-15 18:59:52.361 15759 INFO rally.task.context [-] Task f2f8d928-bf46-4bce-883c-0624125a5a33 | Context admin_cleanup@openstack setup()  finished in 0.01 msec
2018-08-15 18:59:52.385 15887 INFO rally.task.runner [-] Task f2f8d928-bf46-4bce-883c-0624125a5a33 | ITER: 1 START
2018-08-15 18:59:52.391 15888 INFO rally.task.runner [-] Task f2f8d928-bf46-4bce-883c-0624125a5a33 | ITER: 2 START
2018-08-15 18:59:52.392 15889 INFO rally.task.runner [-] Task f2f8d928-bf46-4bce-883c-0624125a5a33 | ITER: 3 START
