2018-06-28 16:35:55.412 40468 INFO rally.task.runner [-] Task 5495e347-a119-405a-870c-a4e7be73b589 | ITER: 4 START
2018-06-28 16:35:55.416 40471 INFO rally.task.runner [-] Task 5495e347-a119-405a-870c-a4e7be73b589 | ITER: 5 START
2018-06-28 16:35:55.420 40478 INFO rally.task.runner [-] Task 5495e347-a119-405a-870c-a4e7be73b589 | ITER: 7 START
2018-06-28 16:35:55.422 40475 INFO rally.task.runner [-] Task 5495e347-a119-405a-870c-a4e7be73b589 | ITER: 6 START
2018-06-28 16:35:55.422 40480 INFO rally.task.runner [-] Task 5495e347-a119-405a-870c-a4e7be73b589 | ITER: 8 START
2018-06-28 16:35:55.428 40484 INFO rally.task.runner [-] Task 5495e347-a119-405a-870c-a4e7be73b589 | ITER: 9 START
2018-06-28 16:35:55.430 40487 INFO rally.task.runner [-] Task 5495e347-a119-405a-870c-a4e7be73b589 | ITER: 10 START
2018-06-28 16:35:56.920 40484 INFO rally.task.runner [-] Task 5495e347-a119-405a-870c-a4e7be73b589 | ITER: 9 END: OK
2018-06-28 16:35:56.921 40468 INFO rally.task.runner [-] Task 5495e347-a119-405a-870c-a4e7be73b589 | ITER: 4 END: OK
2018-06-28 16:35:56.923 40478 INFO rally.task.runner [-] Task 5495e347-a119-405a-870c-a4e7be73b589 | ITER: 7 END: OK
2018-06-28 16:35:56.923 40484 INFO rally.task.runner [-] Task 5495e347-a119-405a-870c-a4e7be73b589 | ITER: 11 START
2018-06-28 16:35:56.924 40468 INFO rally.task.runner [-] Task 5495e347-a119-405a-870c-a4e7be73b589 | ITER: 12 START
2018-06-28 16:35:56.926 40478 INFO rally.task.runner [-] Task 5495e347-a119-405a-870c-a4e7be73b589 | ITER: 13 START
2018-06-28 16:35:56.930 40466 INFO rally.task.runner [-] Task 5495e347-a119-405a-870c-a4e7be73b589 | ITER: 3 END: OK
2018-06-28 16:35:56.931 40471 INFO rally.task.runner [-] Task 5495e347-a119-405a-870c-a4e7be73b589 | ITER: 5 END: OK
2018-06-28 16:35:56.933 40466 INFO rally.task.runner [-] Task 5495e347-a119-405a-870c-a4e7be73b589 | ITER: 14 START
2018-06-28 16:35:56.934 40464 INFO rally.task.runner [-] Task 5495e347-a119-405a-870c-a4e7be73b589 | ITER: 1 END: OK
2018-06-28 16:35:56.935 40471 INFO rally.task.runner [-] Task 5495e347-a119-405a-870c-a4e7be73b589 | ITER: 15 START
2018-06-28 16:35:56.937 40464 INFO rally.task.runner [-] Task 5495e347-a119-405a-870c-a4e7be73b589 | ITER: 16 START
2018-06-28 16:35:56.955 40475 INFO rally.task.runner [-] Task 5495e347-a119-405a-870c-a4e7be73b589 | ITER: 6 END: OK
2018-06-28 16:35:56.958 40475 INFO rally.task.runner [-] Task 5495e347-a119-405a-870c-a4e7be73b589 | ITER: 17 START
2018-06-28 16:35:56.974 40465 INFO rally.task.runner [-] Task 5495e347-a119-405a-870c-a4e7be73b589 | ITER: 2 END: OK
2018-06-28 16:35:56.977 40465 INFO rally.task.runner [-] Task 5495e347-a119-405a-870c-a4e7be73b589 | ITER: 18 START
2018-06-28 16:35:56.992 40480 INFO rally.task.runner [-] Task 5495e347-a119-405a-870c-a4e7be73b589 | ITER: 8 END: OK
2018-06-28 16:35:56.995 40480 INFO rally.task.runner [-] Task 5495e347-a119-405a-870c-a4e7be73b589 | ITER: 19 START
2018-06-28 16:35:57.099 40487 INFO rally.task.runner [-] Task 5495e347-a119-405a-870c-a4e7be73b589 | ITER: 10 END: OK
2018-06-28 16:35:57.102 40487 INFO rally.task.runner [-] Task 5495e347-a119-405a-870c-a4e7be73b589 | ITER: 20 START
2018-06-28 16:35:58.357 40484 INFO rally.task.runner [-] Task 5495e347-a119-405a-870c-a4e7be73b589 | ITER: 11 END: OK
2018-06-28 16:35:58.361 40484 INFO rally.task.runner [-] Task 5495e347-a119-405a-870c-a4e7be73b589 | ITER: 21 START
2018-06-28 16:35:58.364 40480 INFO rally.task.runner [-] Task 5495e347-a119-405a-870c-a4e7be73b589 | ITER: 19 END: OK
2018-06-28 16:35:58.365 40466 INFO rally.task.runner [-] Task 5495e347-a119-405a-870c-a4e7be73b589 | ITER: 14 END: OK
2018-06-28 16:35:58.367 40480 INFO rally.task.runner [-] Task 5495e347-a119-405a-870c-a4e7be73b589 | ITER: 22 START
2018-06-28 16:35:58.368 40466 INFO rally.task.runner [-] Task 5495e347-a119-405a-870c-a4e7be73b589 | ITER: 23 START
2018-06-28 16:35:58.375 40468 INFO rally.task.runner [-] Task 5495e347-a119-405a-870c-a4e7be73b589 | ITER: 12 END: OK
2018-06-28 16:35:58.378 40475 INFO rally.task.runner [-] Task 5495e347-a119-405a-870c-a4e7be73b589 | ITER: 17 END: OK
2018-06-28 16:35:58.378 40468 INFO rally.task.runner [-] Task 5495e347-a119-405a-870c-a4e7be73b589 | ITER: 24 START
2018-06-28 16:35:58.379 40478 INFO rally.task.runner [-] Task 5495e347-a119-405a-870c-a4e7be73b589 | ITER: 13 END: OK
2018-06-28 16:35:58.380 40475 INFO rally.task.runner [-] Task 5495e347-a119-405a-870c-a4e7be73b589 | ITER: 25 START
2018-06-28 16:35:58.381 40478 INFO rally.task.runner [-] Task 5495e347-a119-405a-870c-a4e7be73b589 | ITER: 26 START
2018-06-28 16:35:58.398 40471 INFO rally.task.runner [-] Task 5495e347-a119-405a-870c-a4e7be73b589 | ITER: 15 END: OK
2018-06-28 16:35:58.399 40464 INFO rally.task.runner [-] Task 5495e347-a119-405a-870c-a4e7be73b589 | ITER: 16 END: OK
2018-06-28 16:35:58.400 40471 INFO rally.task.runner [-] Task 5495e347-a119-405a-870c-a4e7be73b589 | ITER: 27 START
2018-06-28 16:35:58.401 40464 INFO rally.task.runner [-] Task 5495e347-a119-405a-870c-a4e7be73b589 | ITER: 28 START
2018-06-28 16:35:58.401 40465 INFO rally.task.runner [-] Task 5495e347-a119-405a-870c-a4e7be73b589 | ITER: 18 END: OK
2018-06-28 16:35:58.404 40465 INFO rally.task.runner [-] Task 5495e347-a119-405a-870c-a4e7be73b589 | ITER: 29 START
2018-06-28 16:35:58.506 40487 INFO rally.task.runner [-] Task 5495e347-a119-405a-870c-a4e7be73b589 | ITER: 20 END: OK
2018-06-28 16:35:58.508 40487 INFO rally.task.runner [-] Task 5495e347-a119-405a-870c-a4e7be73b589 | ITER: 30 START
2018-06-28 16:35:59.833 40464 INFO rally.task.runner [-] Task 5495e347-a119-405a-870c-a4e7be73b589 | ITER: 28 END: OK
2018-06-28 16:35:59.835 40466 INFO rally.task.runner [-] Task 5495e347-a119-405a-870c-a4e7be73b589 | ITER: 23 END: OK
2018-06-28 16:35:59.835 40480 INFO rally.task.runner [-] Task 5495e347-a119-405a-870c-a4e7be73b589 | ITER: 22 END: OK
2018-06-28 16:35:59.836 40465 INFO rally.task.runner [-] Task 5495e347-a119-405a-870c-a4e7be73b589 | ITER: 29 END: OK
2018-06-28 16:35:59.836 40464 INFO rally.task.runner [-] Task 5495e347-a119-405a-870c-a4e7be73b589 | ITER: 31 START
2018-06-28 16:35:59.838 40466 INFO rally.task.runner [-] Task 5495e347-a119-405a-870c-a4e7be73b589 | ITER: 33 START
2018-06-28 16:35:59.838 40480 INFO rally.task.runner [-] Task 5495e347-a119-405a-870c-a4e7be73b589 | ITER: 32 START
2018-06-28 16:35:59.838 40465 INFO rally.task.runner [-] Task 5495e347-a119-405a-870c-a4e7be73b589 | ITER: 34 START
2018-06-28 16:35:59.839 40475 INFO rally.task.runner [-] Task 5495e347-a119-405a-870c-a4e7be73b589 | ITER: 25 END: OK
2018-06-28 16:35:59.841 40468 INFO rally.task.runner [-] Task 5495e347-a119-405a-870c-a4e7be73b589 | ITER: 24 END: OK
2018-06-28 16:35:59.841 40475 INFO rally.task.runner [-] Task 5495e347-a119-405a-870c-a4e7be73b589 | ITER: 35 START
2018-06-28 16:35:59.844 40468 INFO rally.task.runner [-] Task 5495e347-a119-405a-870c-a4e7be73b589 | ITER: 36 START
2018-06-28 16:35:59.850 40487 INFO rally.task.runner [-] Task 5495e347-a119-405a-870c-a4e7be73b589 | ITER: 30 END: OK
2018-06-28 16:35:59.853 40487 INFO rally.task.runner [-] Task 5495e347-a119-405a-870c-a4e7be73b589 | ITER: 37 START
2018-06-28 16:35:59.859 40484 INFO rally.task.runner [-] Task 5495e347-a119-405a-870c-a4e7be73b589 | ITER: 21 END: OK
2018-06-28 16:35:59.862 40484 INFO rally.task.runner [-] Task 5495e347-a119-405a-870c-a4e7be73b589 | ITER: 38 START
2018-06-28 16:35:59.871 40478 INFO rally.task.runner [-] Task 5495e347-a119-405a-870c-a4e7be73b589 | ITER: 26 END: OK
2018-06-28 16:35:59.874 40478 INFO rally.task.runner [-] Task 5495e347-a119-405a-870c-a4e7be73b589 | ITER: 39 START
2018-06-28 16:35:59.879 40471 INFO rally.task.runner [-] Task 5495e347-a119-405a-870c-a4e7be73b589 | ITER: 27 END: OK
2018-06-28 16:35:59.881 40471 INFO rally.task.runner [-] Task 5495e347-a119-405a-870c-a4e7be73b589 | ITER: 40 START
2018-06-28 16:36:01.294 40487 INFO rally.task.runner [-] Task 5495e347-a119-405a-870c-a4e7be73b589 | ITER: 37 END: OK
2018-06-28 16:36:01.296 40487 INFO rally.task.runner [-] Task 5495e347-a119-405a-870c-a4e7be73b589 | ITER: 41 START
2018-06-28 16:36:01.313 40466 INFO rally.task.runner [-] Task 5495e347-a119-405a-870c-a4e7be73b589 | ITER: 33 END: OK
2018-06-28 16:36:01.315 40465 INFO rally.task.runner [-] Task 5495e347-a119-405a-870c-a4e7be73b589 | ITER: 34 END: OK
2018-06-28 16:36:01.315 40468 INFO rally.task.runner [-] Task 5495e347-a119-405a-870c-a4e7be73b589 | ITER: 36 END: OK
2018-06-28 16:36:01.315 40466 INFO rally.task.runner [-] Task 5495e347-a119-405a-870c-a4e7be73b589 | ITER: 42 START
2018-06-28 16:36:01.316 40484 INFO rally.task.runner [-] Task 5495e347-a119-405a-870c-a4e7be73b589 | ITER: 38 END: OK
2018-06-28 16:36:01.316 40465 INFO rally.task.runner [-] Task 5495e347-a119-405a-870c-a4e7be73b589 | ITER: 43 START
2018-06-28 16:36:01.317 40468 INFO rally.task.runner [-] Task 5495e347-a119-405a-870c-a4e7be73b589 | ITER: 44 START
2018-06-28 16:36:01.318 40484 INFO rally.task.runner [-] Task 5495e347-a119-405a-870c-a4e7be73b589 | ITER: 45 START
2018-06-28 16:36:01.335 40471 INFO rally.task.runner [-] Task 5495e347-a119-405a-870c-a4e7be73b589 | ITER: 40 END: OK
2018-06-28 16:36:01.337 40471 INFO rally.task.runner [-] Task 5495e347-a119-405a-870c-a4e7be73b589 | ITER: 46 START
2018-06-28 16:36:01.361 40464 INFO rally.task.runner [-] Task 5495e347-a119-405a-870c-a4e7be73b589 | ITER: 31 END: OK
2018-06-28 16:36:01.363 40464 INFO rally.task.runner [-] Task 5495e347-a119-405a-870c-a4e7be73b589 | ITER: 47 START
2018-06-28 16:36:01.369 40480 INFO rally.task.runner [-] Task 5495e347-a119-405a-870c-a4e7be73b589 | ITER: 32 END: OK
2018-06-28 16:36:01.372 40480 INFO rally.task.runner [-] Task 5495e347-a119-405a-870c-a4e7be73b589 | ITER: 48 START
2018-06-28 16:36:01.375 40478 INFO rally.task.runner [-] Task 5495e347-a119-405a-870c-a4e7be73b589 | ITER: 39 END: OK
2018-06-28 16:36:01.377 40478 INFO rally.task.runner [-] Task 5495e347-a119-405a-870c-a4e7be73b589 | ITER: 49 START
2018-06-28 16:36:01.391 40475 INFO rally.task.runner [-] Task 5495e347-a119-405a-870c-a4e7be73b589 | ITER: 35 END: OK
2018-06-28 16:36:01.394 40475 INFO rally.task.runner [-] Task 5495e347-a119-405a-870c-a4e7be73b589 | ITER: 50 START
2018-06-28 16:36:02.749 40471 INFO rally.task.runner [-] Task 5495e347-a119-405a-870c-a4e7be73b589 | ITER: 46 END: OK
2018-06-28 16:36:02.752 40471 INFO rally.task.runner [-] Task 5495e347-a119-405a-870c-a4e7be73b589 | ITER: 51 START
2018-06-28 16:36:02.781 40480 INFO rally.task.runner [-] Task 5495e347-a119-405a-870c-a4e7be73b589 | ITER: 48 END: OK
2018-06-28 16:36:02.784 40480 INFO rally.task.runner [-] Task 5495e347-a119-405a-870c-a4e7be73b589 | ITER: 52 START
2018-06-28 16:36:02.786 40466 INFO rally.task.runner [-] Task 5495e347-a119-405a-870c-a4e7be73b589 | ITER: 42 END: OK
2018-06-28 16:36:02.789 40466 INFO rally.task.runner [-] Task 5495e347-a119-405a-870c-a4e7be73b589 | ITER: 53 START
2018-06-28 16:36:02.792 40478 INFO rally.task.runner [-] Task 5495e347-a119-405a-870c-a4e7be73b589 | ITER: 49 END: OK
2018-06-28 16:36:02.794 40478 INFO rally.task.runner [-] Task 5495e347-a119-405a-870c-a4e7be73b589 | ITER: 54 START
2018-06-28 16:36:02.801 40487 INFO rally.task.runner [-] Task 5495e347-a119-405a-870c-a4e7be73b589 | ITER: 41 END: OK
2018-06-28 16:36:02.804 40475 INFO rally.task.runner [-] Task 5495e347-a119-405a-870c-a4e7be73b589 | ITER: 50 END: OK
2018-06-28 16:36:02.805 40487 INFO rally.task.runner [-] Task 5495e347-a119-405a-870c-a4e7be73b589 | ITER: 55 START
2018-06-28 16:36:02.806 40475 INFO rally.task.runner [-] Task 5495e347-a119-405a-870c-a4e7be73b589 | ITER: 56 START
2018-06-28 16:36:02.807 40484 INFO rally.task.runner [-] Task 5495e347-a119-405a-870c-a4e7be73b589 | ITER: 45 END: OK
2018-06-28 16:36:02.810 40484 INFO rally.task.runner [-] Task 5495e347-a119-405a-870c-a4e7be73b589 | ITER: 57 START
2018-06-28 16:36:02.820 40468 INFO rally.task.runner [-] Task 5495e347-a119-405a-870c-a4e7be73b589 | ITER: 44 END: OK
2018-06-28 16:36:02.822 40465 INFO rally.task.runner [-] Task 5495e347-a119-405a-870c-a4e7be73b589 | ITER: 43 END: OK
2018-06-28 16:36:02.823 40468 INFO rally.task.runner [-] Task 5495e347-a119-405a-870c-a4e7be73b589 | ITER: 58 START
2018-06-28 16:36:02.824 40465 INFO rally.task.runner [-] Task 5495e347-a119-405a-870c-a4e7be73b589 | ITER: 59 START
2018-06-28 16:36:02.830 40464 INFO rally.task.runner [-] Task 5495e347-a119-405a-870c-a4e7be73b589 | ITER: 47 END: OK
2018-06-28 16:36:02.832 40464 INFO rally.task.runner [-] Task 5495e347-a119-405a-870c-a4e7be73b589 | ITER: 60 START
2018-06-28 16:36:04.228 40466 INFO rally.task.runner [-] Task 5495e347-a119-405a-870c-a4e7be73b589 | ITER: 53 END: OK
2018-06-28 16:36:04.231 40466 INFO rally.task.runner [-] Task 5495e347-a119-405a-870c-a4e7be73b589 | ITER: 61 START
2018-06-28 16:36:04.241 40471 INFO rally.task.runner [-] Task 5495e347-a119-405a-870c-a4e7be73b589 | ITER: 51 END: OK
2018-06-28 16:36:04.241 40484 INFO rally.task.runner [-] Task 5495e347-a119-405a-870c-a4e7be73b589 | ITER: 57 END: OK
2018-06-28 16:36:04.242 40465 INFO rally.task.runner [-] Task 5495e347-a119-405a-870c-a4e7be73b589 | ITER: 59 END: OK
2018-06-28 16:36:04.243 40471 INFO rally.task.runner [-] Task 5495e347-a119-405a-870c-a4e7be73b589 | ITER: 62 START
2018-06-28 16:36:04.244 40484 INFO rally.task.runner [-] Task 5495e347-a119-405a-870c-a4e7be73b589 | ITER: 63 START
2018-06-28 16:36:04.244 40465 INFO rally.task.runner [-] Task 5495e347-a119-405a-870c-a4e7be73b589 | ITER: 64 START
2018-06-28 16:36:04.247 40487 INFO rally.task.runner [-] Task 5495e347-a119-405a-870c-a4e7be73b589 | ITER: 55 END: OK
2018-06-28 16:36:04.249 40487 INFO rally.task.runner [-] Task 5495e347-a119-405a-870c-a4e7be73b589 | ITER: 65 START
2018-06-28 16:36:04.252 40468 INFO rally.task.runner [-] Task 5495e347-a119-405a-870c-a4e7be73b589 | ITER: 58 END: OK
2018-06-28 16:36:04.252 40478 INFO rally.task.runner [-] Task 5495e347-a119-405a-870c-a4e7be73b589 | ITER: 54 END: OK
2018-06-28 16:36:04.254 40468 INFO rally.task.runner [-] Task 5495e347-a119-405a-870c-a4e7be73b589 | ITER: 66 START
2018-06-28 16:36:04.255 40478 INFO rally.task.runner [-] Task 5495e347-a119-405a-870c-a4e7be73b589 | ITER: 67 START
2018-06-28 16:36:04.257 40480 INFO rally.task.runner [-] Task 5495e347-a119-405a-870c-a4e7be73b589 | ITER: 52 END: OK
2018-06-28 16:36:04.259 40480 INFO rally.task.runner [-] Task 5495e347-a119-405a-870c-a4e7be73b589 | ITER: 68 START
2018-06-28 16:36:04.261 40475 INFO rally.task.runner [-] Task 5495e347-a119-405a-870c-a4e7be73b589 | ITER: 56 END: OK
2018-06-28 16:36:04.263 40475 INFO rally.task.runner [-] Task 5495e347-a119-405a-870c-a4e7be73b589 | ITER: 69 START
2018-06-28 16:36:04.289 40464 INFO rally.task.runner [-] Task 5495e347-a119-405a-870c-a4e7be73b589 | ITER: 60 END: OK
2018-06-28 16:36:04.291 40464 INFO rally.task.runner [-] Task 5495e347-a119-405a-870c-a4e7be73b589 | ITER: 70 START
2018-06-28 16:36:05.697 40465 INFO rally.task.runner [-] Task 5495e347-a119-405a-870c-a4e7be73b589 | ITER: 64 END: OK
2018-06-28 16:36:05.699 40487 INFO rally.task.runner [-] Task 5495e347-a119-405a-870c-a4e7be73b589 | ITER: 65 END: OK
2018-06-28 16:36:05.700 40478 INFO rally.task.runner [-] Task 5495e347-a119-405a-870c-a4e7be73b589 | ITER: 67 END: OK
2018-06-28 16:36:05.701 40487 INFO rally.task.runner [-] Task 5495e347-a119-405a-870c-a4e7be73b589 | ITER: 72 START
2018-06-28 16:36:05.702 40465 INFO rally.task.runner [-] Task 5495e347-a119-405a-870c-a4e7be73b589 | ITER: 71 START
2018-06-28 16:36:05.703 40478 INFO rally.task.runner [-] Task 5495e347-a119-405a-870c-a4e7be73b589 | ITER: 73 START
2018-06-28 16:36:05.715 40475 INFO rally.task.runner [-] Task 5495e347-a119-405a-870c-a4e7be73b589 | ITER: 69 END: OK
2018-06-28 16:36:05.718 40468 INFO rally.task.runner [-] Task 5495e347-a119-405a-870c-a4e7be73b589 | ITER: 66 END: OK
2018-06-28 16:36:05.718 40475 INFO rally.task.runner [-] Task 5495e347-a119-405a-870c-a4e7be73b589 | ITER: 74 START
2018-06-28 16:36:05.720 40484 INFO rally.task.runner [-] Task 5495e347-a119-405a-870c-a4e7be73b589 | ITER: 63 END: OK
2018-06-28 16:36:05.720 40464 INFO rally.task.runner [-] Task 5495e347-a119-405a-870c-a4e7be73b589 | ITER: 70 END: OK
2018-06-28 16:36:05.720 40468 INFO rally.task.runner [-] Task 5495e347-a119-405a-870c-a4e7be73b589 | ITER: 75 START
2018-06-28 16:36:05.722 40484 INFO rally.task.runner [-] Task 5495e347-a119-405a-870c-a4e7be73b589 | ITER: 76 START
2018-06-28 16:36:05.723 40464 INFO rally.task.runner [-] Task 5495e347-a119-405a-870c-a4e7be73b589 | ITER: 77 START
2018-06-28 16:36:05.735 40471 INFO rally.task.runner [-] Task 5495e347-a119-405a-870c-a4e7be73b589 | ITER: 62 END: OK
2018-06-28 16:36:05.738 40471 INFO rally.task.runner [-] Task 5495e347-a119-405a-870c-a4e7be73b589 | ITER: 78 START
2018-06-28 16:36:05.746 40480 INFO rally.task.runner [-] Task 5495e347-a119-405a-870c-a4e7be73b589 | ITER: 68 END: OK
2018-06-28 16:36:05.748 40480 INFO rally.task.runner [-] Task 5495e347-a119-405a-870c-a4e7be73b589 | ITER: 79 START
2018-06-28 16:36:05.779 40466 INFO rally.task.runner [-] Task 5495e347-a119-405a-870c-a4e7be73b589 | ITER: 61 END: OK
2018-06-28 16:36:05.782 40466 INFO rally.task.runner [-] Task 5495e347-a119-405a-870c-a4e7be73b589 | ITER: 80 START
2018-06-28 16:36:07.166 40484 INFO rally.task.runner [-] Task 5495e347-a119-405a-870c-a4e7be73b589 | ITER: 76 END: OK
2018-06-28 16:36:07.169 40484 INFO rally.task.runner [-] Task 5495e347-a119-405a-870c-a4e7be73b589 | ITER: 81 START
2018-06-28 16:36:07.172 40475 INFO rally.task.runner [-] Task 5495e347-a119-405a-870c-a4e7be73b589 | ITER: 74 END: OK
2018-06-28 16:36:07.174 40487 INFO rally.task.runner [-] Task 5495e347-a119-405a-870c-a4e7be73b589 | ITER: 72 END: OK
2018-06-28 16:36:07.174 40468 INFO rally.task.runner [-] Task 5495e347-a119-405a-870c-a4e7be73b589 | ITER: 75 END: OK
2018-06-28 16:36:07.174 40475 INFO rally.task.runner [-] Task 5495e347-a119-405a-870c-a4e7be73b589 | ITER: 82 START
2018-06-28 16:36:07.177 40487 INFO rally.task.runner [-] Task 5495e347-a119-405a-870c-a4e7be73b589 | ITER: 83 START
2018-06-28 16:36:07.177 40468 INFO rally.task.runner [-] Task 5495e347-a119-405a-870c-a4e7be73b589 | ITER: 84 START
2018-06-28 16:36:07.183 40466 INFO rally.task.runner [-] Task 5495e347-a119-405a-870c-a4e7be73b589 | ITER: 80 END: OK
2018-06-28 16:36:07.183 40471 INFO rally.task.runner [-] Task 5495e347-a119-405a-870c-a4e7be73b589 | ITER: 78 END: OK
2018-06-28 16:36:07.185 40466 INFO rally.task.runner [-] Task 5495e347-a119-405a-870c-a4e7be73b589 | ITER: 85 START
2018-06-28 16:36:07.185 40471 INFO rally.task.runner [-] Task 5495e347-a119-405a-870c-a4e7be73b589 | ITER: 86 START
2018-06-28 16:36:07.187 40478 INFO rally.task.runner [-] Task 5495e347-a119-405a-870c-a4e7be73b589 | ITER: 73 END: OK
2018-06-28 16:36:07.190 40478 INFO rally.task.runner [-] Task 5495e347-a119-405a-870c-a4e7be73b589 | ITER: 87 START
2018-06-28 16:36:07.191 40480 INFO rally.task.runner [-] Task 5495e347-a119-405a-870c-a4e7be73b589 | ITER: 79 END: OK
2018-06-28 16:36:07.194 40480 INFO rally.task.runner [-] Task 5495e347-a119-405a-870c-a4e7be73b589 | ITER: 88 START
2018-06-28 16:36:07.223 40465 INFO rally.task.runner [-] Task 5495e347-a119-405a-870c-a4e7be73b589 | ITER: 71 END: OK
2018-06-28 16:36:07.226 40465 INFO rally.task.runner [-] Task 5495e347-a119-405a-870c-a4e7be73b589 | ITER: 89 START
2018-06-28 16:36:07.239 40464 INFO rally.task.runner [-] Task 5495e347-a119-405a-870c-a4e7be73b589 | ITER: 77 END: OK
2018-06-28 16:36:07.241 40464 INFO rally.task.runner [-] Task 5495e347-a119-405a-870c-a4e7be73b589 | ITER: 90 START
2018-06-28 16:36:08.619 40480 INFO rally.task.runner [-] Task 5495e347-a119-405a-870c-a4e7be73b589 | ITER: 88 END: OK
2018-06-28 16:36:08.619 40471 INFO rally.task.runner [-] Task 5495e347-a119-405a-870c-a4e7be73b589 | ITER: 86 END: OK
2018-06-28 16:36:08.622 40480 INFO rally.task.runner [-] Task 5495e347-a119-405a-870c-a4e7be73b589 | ITER: 91 START
2018-06-28 16:36:08.622 40471 INFO rally.task.runner [-] Task 5495e347-a119-405a-870c-a4e7be73b589 | ITER: 92 START
2018-06-28 16:36:08.632 40468 INFO rally.task.runner [-] Task 5495e347-a119-405a-870c-a4e7be73b589 | ITER: 84 END: OK
2018-06-28 16:36:08.635 40468 INFO rally.task.runner [-] Task 5495e347-a119-405a-870c-a4e7be73b589 | ITER: 93 START
2018-06-28 16:36:08.651 40464 INFO rally.task.runner [-] Task 5495e347-a119-405a-870c-a4e7be73b589 | ITER: 90 END: OK
2018-06-28 16:36:08.651 40465 INFO rally.task.runner [-] Task 5495e347-a119-405a-870c-a4e7be73b589 | ITER: 89 END: OK
2018-06-28 16:36:08.653 40465 INFO rally.task.runner [-] Task 5495e347-a119-405a-870c-a4e7be73b589 | ITER: 94 START
2018-06-28 16:36:08.654 40464 INFO rally.task.runner [-] Task 5495e347-a119-405a-870c-a4e7be73b589 | ITER: 95 START
2018-06-28 16:36:08.671 40475 INFO rally.task.runner [-] Task 5495e347-a119-405a-870c-a4e7be73b589 | ITER: 82 END: OK
2018-06-28 16:36:08.673 40484 INFO rally.task.runner [-] Task 5495e347-a119-405a-870c-a4e7be73b589 | ITER: 81 END: OK
2018-06-28 16:36:08.674 40475 INFO rally.task.runner [-] Task 5495e347-a119-405a-870c-a4e7be73b589 | ITER: 96 START
2018-06-28 16:36:08.675 40484 INFO rally.task.runner [-] Task 5495e347-a119-405a-870c-a4e7be73b589 | ITER: 97 START
2018-06-28 16:36:08.686 40478 INFO rally.task.runner [-] Task 5495e347-a119-405a-870c-a4e7be73b589 | ITER: 87 END: OK
2018-06-28 16:36:08.688 40478 INFO rally.task.runner [-] Task 5495e347-a119-405a-870c-a4e7be73b589 | ITER: 98 START
2018-06-28 16:36:08.690 40466 INFO rally.task.runner [-] Task 5495e347-a119-405a-870c-a4e7be73b589 | ITER: 85 END: OK
2018-06-28 16:36:08.692 40466 INFO rally.task.runner [-] Task 5495e347-a119-405a-870c-a4e7be73b589 | ITER: 99 START
2018-06-28 16:36:08.694 40487 INFO rally.task.runner [-] Task 5495e347-a119-405a-870c-a4e7be73b589 | ITER: 83 END: OK
2018-06-28 16:36:08.696 40487 INFO rally.task.runner [-] Task 5495e347-a119-405a-870c-a4e7be73b589 | ITER: 100 START
2018-06-28 16:36:10.074 40480 INFO rally.task.runner [-] Task 5495e347-a119-405a-870c-a4e7be73b589 | ITER: 91 END: OK
2018-06-28 16:36:10.078 40471 INFO rally.task.runner [-] Task 5495e347-a119-405a-870c-a4e7be73b589 | ITER: 92 END: OK
2018-06-28 16:36:10.079 40478 INFO rally.task.runner [-] Task 5495e347-a119-405a-870c-a4e7be73b589 | ITER: 98 END: OK
2018-06-28 16:36:10.080 40487 INFO rally.task.runner [-] Task 5495e347-a119-405a-870c-a4e7be73b589 | ITER: 100 END: OK
2018-06-28 16:36:10.086 40465 INFO rally.task.runner [-] Task 5495e347-a119-405a-870c-a4e7be73b589 | ITER: 94 END: OK
2018-06-28 16:36:10.087 40464 INFO rally.task.runner [-] Task 5495e347-a119-405a-870c-a4e7be73b589 | ITER: 95 END: OK
2018-06-28 16:36:10.089 40484 INFO rally.task.runner [-] Task 5495e347-a119-405a-870c-a4e7be73b589 | ITER: 97 END: OK
2018-06-28 16:36:10.094 40475 INFO rally.task.runner [-] Task 5495e347-a119-405a-870c-a4e7be73b589 | ITER: 96 END: OK
2018-06-28 16:36:10.096 40468 INFO rally.task.runner [-] Task 5495e347-a119-405a-870c-a4e7be73b589 | ITER: 93 END: OK
2018-06-28 16:36:10.100 40466 INFO rally.task.runner [-] Task 5495e347-a119-405a-870c-a4e7be73b589 | ITER: 99 END: OK
2018-06-28 16:36:10.125 40336 INFO rally.task.context [-] Task 5495e347-a119-405a-870c-a4e7be73b589 | Context admin_cleanup@openstack cleanup() started
2018-06-28 16:36:13.808 40336 INFO rally.task.context [-] Task 5495e347-a119-405a-870c-a4e7be73b589 | Context admin_cleanup@openstack cleanup() finished in 3.68 sec
2018-06-28 16:36:13.809 40336 INFO rally.task.context [-] Task 5495e347-a119-405a-870c-a4e7be73b589 | Context users@openstack cleanup() started
2018-06-28 16:36:17.505 40336 INFO rally.task.context [-] Task 5495e347-a119-405a-870c-a4e7be73b589 | Context users@openstack cleanup() finished in 3.70 sec
2018-06-28 16:36:19.045 40336 INFO rally.task.engine [-] Load duration is: 13.769287
2018-06-28 16:36:19.045 40336 INFO rally.task.engine [-] Full runner duration is: 14.737323
2018-06-28 16:36:19.046 40336 INFO rally.task.engine [-] Full duration is: 24.622752
2018-06-28 16:36:19.192 40336 INFO rally.task.engine [-] Task 5495e347-a119-405a-870c-a4e7be73b589 | Completed: Running task.

--------------------------------------------------------------------------------
Task 5495e347-a119-405a-870c-a4e7be73b589: finished
--------------------------------------------------------------------------------

test scenario KeystoneBasic.create_update_and_delete_tenant
args position 0
args values:
{
  "runner": {
    "times": 100, 
    "concurrency": 10
  }, 
  "contexts": {}, 
  "args": {}, 
  "sla": {
    "failure_rate": {
      "max": 0
    }
  }, 
  "hooks": []
}

--------------------------------------------------------------------------------
Task 5495e347-a119-405a-870c-a4e7be73b589 has 0 error(s)
--------------------------------------------------------------------------------

+-------------------------------------------------------------------------------------------------------------------------------+
|                                                     Response Times (sec)                                                      |
+----------------------------+-----------+--------------+--------------+--------------+-----------+-----------+---------+-------+
| Action                     | Min (sec) | Median (sec) | 90%ile (sec) | 95%ile (sec) | Max (sec) | Avg (sec) | Success | Count |
+----------------------------+-----------+--------------+--------------+--------------+-----------+-----------+---------+-------+
| keystone_v3.create_project | 0.438     | 0.457        | 0.502        | 0.522        | 0.609     | 0.466     | 100.0%  | 100   |
| keystone_v3.update_project | 0.037     | 0.04         | 0.045        | 0.047        | 0.111     | 0.042     | 100.0%  | 100   |
| keystone_v3.delete_project | 0.088     | 0.098        | 0.118        | 0.121        | 0.142     | 0.102     | 100.0%  | 100   |
| total                      | 0.575     | 0.603        | 0.652        | 0.66         | 0.762     | 0.61      | 100.0%  | 100   |
|  -> duration               | 0.575     | 0.603        | 0.652        | 0.66         | 0.762     | 0.61      | 100.0%  | 100   |
|  -> idle_duration          | 0.0       | 0.0          | 0.0          | 0.0          | 0.0       | 0.0       | 100.0%  | 100   |
+----------------------------+-----------+--------------+--------------+--------------+-----------+-----------+---------+-------+

Load duration: 13.769287
Full duration: 24.622752

HINTS:
* To plot HTML graphics with this data, run:
	rally task report 5495e347-a119-405a-870c-a4e7be73b589 --out output.html

* To generate a JUnit report, run:
	rally task export 5495e347-a119-405a-870c-a4e7be73b589 --type junit --to output.xml

* To get raw JSON output of task results, run:
	rally task report 5495e347-a119-405a-870c-a4e7be73b589 --json --out output.json

--------------------------------------------------------------------------------
Preparing input task
--------------------------------------------------------------------------------

Task is:
{
    "KeystoneBasic.create_and_list_users": [
        {
            "args": {},
            "runner": {
                "type": "constant",
                "times": 100,
                "concurrency": 10
            },
            "sla": {
                "failure_rate": {
                    "max": 0
                }
            }
        }
    ]
}

Task syntax is correct :)
Running Rally version 0.10.1~dev119
--------------------------------------------------------------------------------
Task  aff20513-e597-462e-899d-4cc565bb4466: started
--------------------------------------------------------------------------------

Running Task... This can take a while...

To track task status use:

	rally task status
	or
	rally task detailed

Using task: aff20513-e597-462e-899d-4cc565bb4466
2018-06-28 16:36:21.145 40715 INFO rally.task.engine [-] Task aff20513-e597-462e-899d-4cc565bb4466 | Starting:  Task validation.
2018-06-28 16:36:21.155 40715 INFO rally.task.engine [-] Task aff20513-e597-462e-899d-4cc565bb4466 | Starting:  Task validation of syntax.
2018-06-28 16:36:21.167 40715 INFO rally.task.engine [-] Task aff20513-e597-462e-899d-4cc565bb4466 | Completed: Task validation of syntax.
2018-06-28 16:36:21.167 40715 INFO rally.task.engine [-] Task aff20513-e597-462e-899d-4cc565bb4466 | Starting:  Task validation of required platforms.
2018-06-28 16:36:21.173 40715 INFO rally.task.engine [-] Task aff20513-e597-462e-899d-4cc565bb4466 | Completed: Task validation of required platforms.
2018-06-28 16:36:21.173 40715 INFO rally.task.engine [-] Task aff20513-e597-462e-899d-4cc565bb4466 | Starting:  Task validation of semantic.
2018-06-28 16:36:24.270 40715 INFO rally.task.context [-] Task aff20513-e597-462e-899d-4cc565bb4466 | Context users@openstack setup()  finished in 2.48 sec
2018-06-28 16:36:24.281 40715 INFO rally.task.context [-] Task aff20513-e597-462e-899d-4cc565bb4466 | Context users@openstack cleanup() started
2018-06-28 16:36:27.794 40715 INFO rally.task.context [-] Task aff20513-e597-462e-899d-4cc565bb4466 | Context users@openstack cleanup() finished in 3.51 sec
2018-06-28 16:36:27.795 40715 INFO rally.task.engine [-] Task aff20513-e597-462e-899d-4cc565bb4466 | Completed: Task validation of semantic.
2018-06-28 16:36:27.796 40715 INFO rally.task.engine [-] Task aff20513-e597-462e-899d-4cc565bb4466 | Completed: Task validation.
2018-06-28 16:36:27.796 40715 INFO rally.api [-] Task aff20513-e597-462e-899d-4cc565bb4466 input file is valid.
2018-06-28 16:36:27.796 40715 INFO rally.api [-] Run Task aff20513-e597-462e-899d-4cc565bb4466 against Deployment 7a37a5af-20ae-460e-97c7-4fdb337cc0b6
2018-06-28 16:36:27.797 40715 INFO rally.task.engine [-] Task aff20513-e597-462e-899d-4cc565bb4466 | Starting:  Running task.
2018-06-28 16:36:27.848 40715 INFO rally.task.engine [-] Running workload: 
  position = 0
  config = {
   "version": 2, 
   "title": "A cropped version of a bigger task.", 
   "description": "Auto-generated task from a single workload (uuid=c9006f37-5b22-464c-a891-c822cca42e8c)", 
   "subtasks": [
      {
         "title": "KeystoneBasic.create_and_list_users", 
         "description": "Create a keystone user with random name and list all users.", 
         "scenario": {
            "KeystoneBasic.create_and_list_users": {}
         }, 
         "contexts": {}, 
         "runner": {
            "constant": {
               "times": 100, 
               "concurrency": 10
            }
         }, 
         "hooks": [], 
         "sla": {
            "failure_rate": {
               "max": 0
            }
         }
      }
   ]
}
2018-06-28 16:36:30.402 40715 INFO rally.task.context [-] Task aff20513-e597-462e-899d-4cc565bb4466 | Context users@openstack setup()  finished in 2.52 sec
2018-06-28 16:36:30.403 40715 INFO rally.task.context [-] Task aff20513-e597-462e-899d-4cc565bb4466 | Context admin_cleanup@openstack setup()  finished in 0.02 msec
2018-06-28 16:36:30.428 40843 INFO rally.task.runner [-] Task aff20513-e597-462e-899d-4cc565bb4466 | ITER: 1 START
2018-06-28 16:36:30.431 40844 INFO rally.task.runner [-] Task aff20513-e597-462e-899d-4cc565bb4466 | ITER: 2 START
2018-06-28 16:36:30.433 40845 INFO rally.task.runner [-] Task aff20513-e597-462e-899d-4cc565bb4466 | ITER: 3 START
2018-06-28 16:36:30.435 40847 INFO rally.task.runner [-] Task aff20513-e597-462e-899d-4cc565bb4466 | ITER: 4 START
2018-06-28 16:36:30.440 40849 INFO rally.task.runner [-] Task aff20513-e597-462e-899d-4cc565bb4466 | ITER: 5 START
2018-06-28 16:36:30.444 40854 INFO rally.task.runner [-] Task aff20513-e597-462e-899d-4cc565bb4466 | ITER: 6 START
2018-06-28 16:36:30.446 40857 INFO rally.task.runner [-] Task aff20513-e597-462e-899d-4cc565bb4466 | ITER: 7 START
2018-06-28 16:36:30.450 40860 INFO rally.task.runner [-] Task aff20513-e597-462e-899d-4cc565bb4466 | ITER: 8 START
2018-06-28 16:36:30.451 40862 INFO rally.task.runner [-] Task aff20513-e597-462e-899d-4cc565bb4466 | ITER: 9 START
2018-06-28 16:36:30.453 40866 INFO rally.task.runner [-] Task aff20513-e597-462e-899d-4cc565bb4466 | ITER: 10 START
2018-06-28 16:36:31.932 40854 INFO rally.task.runner [-] Task aff20513-e597-462e-899d-4cc565bb4466 | ITER: 6 END: OK
2018-06-28 16:36:31.936 40854 INFO rally.task.runner [-] Task aff20513-e597-462e-899d-4cc565bb4466 | ITER: 11 START
2018-06-28 16:36:31.943 40844 INFO rally.task.runner [-] Task aff20513-e597-462e-899d-4cc565bb4466 | ITER: 2 END: OK
2018-06-28 16:36:31.946 40844 INFO rally.task.runner [-] Task aff20513-e597-462e-899d-4cc565bb4466 | ITER: 12 START
2018-06-28 16:36:31.950 40857 INFO rally.task.runner [-] Task aff20513-e597-462e-899d-4cc565bb4466 | ITER: 7 END: OK
2018-06-28 16:36:31.951 40862 INFO rally.task.runner [-] Task aff20513-e597-462e-899d-4cc565bb4466 | ITER: 9 END: OK
2018-06-28 16:36:31.952 40857 INFO rally.task.runner [-] Task aff20513-e597-462e-899d-4cc565bb4466 | ITER: 13 START
2018-06-28 16:36:31.953 40862 INFO rally.task.runner [-] Task aff20513-e597-462e-899d-4cc565bb4466 | ITER: 14 START
2018-06-28 16:36:31.956 40860 INFO rally.task.runner [-] Task aff20513-e597-462e-899d-4cc565bb4466 | ITER: 8 END: OK
2018-06-28 16:36:31.957 40845 INFO rally.task.runner [-] Task aff20513-e597-462e-899d-4cc565bb4466 | ITER: 3 END: OK
2018-06-28 16:36:31.958 40860 INFO rally.task.runner [-] Task aff20513-e597-462e-899d-4cc565bb4466 | ITER: 15 START
2018-06-28 16:36:31.959 40845 INFO rally.task.runner [-] Task aff20513-e597-462e-899d-4cc565bb4466 | ITER: 16 START
2018-06-28 16:36:31.959 40843 INFO rally.task.runner [-] Task aff20513-e597-462e-899d-4cc565bb4466 | ITER: 1 END: OK
2018-06-28 16:36:31.962 40843 INFO rally.task.runner [-] Task aff20513-e597-462e-899d-4cc565bb4466 | ITER: 17 START
2018-06-28 16:36:31.967 40847 INFO rally.task.runner [-] Task aff20513-e597-462e-899d-4cc565bb4466 | ITER: 4 END: OK
2018-06-28 16:36:31.969 40847 INFO rally.task.runner [-] Task aff20513-e597-462e-899d-4cc565bb4466 | ITER: 18 START
2018-06-28 16:36:31.994 40866 INFO rally.task.runner [-] Task aff20513-e597-462e-899d-4cc565bb4466 | ITER: 10 END: OK
2018-06-28 16:36:31.997 40866 INFO rally.task.runner [-] Task aff20513-e597-462e-899d-4cc565bb4466 | ITER: 19 START
2018-06-28 16:36:32.042 40849 INFO rally.task.runner [-] Task aff20513-e597-462e-899d-4cc565bb4466 | ITER: 5 END: OK
2018-06-28 16:36:32.044 40849 INFO rally.task.runner [-] Task aff20513-e597-462e-899d-4cc565bb4466 | ITER: 20 START
2018-06-28 16:36:33.276 40844 INFO rally.task.runner [-] Task aff20513-e597-462e-899d-4cc565bb4466 | ITER: 12 END: OK
2018-06-28 16:36:33.277 40843 INFO rally.task.runner [-] Task aff20513-e597-462e-899d-4cc565bb4466 | ITER: 17 END: OK
2018-06-28 16:36:33.278 40844 INFO rally.task.runner [-] Task aff20513-e597-462e-899d-4cc565bb4466 | ITER: 21 START
2018-06-28 16:36:33.280 40843 INFO rally.task.runner [-] Task aff20513-e597-462e-899d-4cc565bb4466 | ITER: 22 START
2018-06-28 16:36:33.281 40860 INFO rally.task.runner [-] Task aff20513-e597-462e-899d-4cc565bb4466 | ITER: 15 END: OK
2018-06-28 16:36:33.282 40847 INFO rally.task.runner [-] Task aff20513-e597-462e-899d-4cc565bb4466 | ITER: 18 END: OK
2018-06-28 16:36:33.283 40860 INFO rally.task.runner [-] Task aff20513-e597-462e-899d-4cc565bb4466 | ITER: 23 START
2018-06-28 16:36:33.285 40847 INFO rally.task.runner [-] Task aff20513-e597-462e-899d-4cc565bb4466 | ITER: 24 START
2018-06-28 16:36:33.291 40862 INFO rally.task.runner [-] Task aff20513-e597-462e-899d-4cc565bb4466 | ITER: 14 END: OK
2018-06-28 16:36:33.293 40862 INFO rally.task.runner [-] Task aff20513-e597-462e-899d-4cc565bb4466 | ITER: 25 START
2018-06-28 16:36:33.315 40866 INFO rally.task.runner [-] Task aff20513-e597-462e-899d-4cc565bb4466 | ITER: 19 END: OK
2018-06-28 16:36:33.318 40866 INFO rally.task.runner [-] Task aff20513-e597-462e-899d-4cc565bb4466 | ITER: 26 START
2018-06-28 16:36:33.331 40857 INFO rally.task.runner [-] Task aff20513-e597-462e-899d-4cc565bb4466 | ITER: 13 END: OK
2018-06-28 16:36:33.334 40857 INFO rally.task.runner [-] Task aff20513-e597-462e-899d-4cc565bb4466 | ITER: 27 START
2018-06-28 16:36:33.362 40849 INFO rally.task.runner [-] Task aff20513-e597-462e-899d-4cc565bb4466 | ITER: 20 END: OK
2018-06-28 16:36:33.365 40849 INFO rally.task.runner [-] Task aff20513-e597-462e-899d-4cc565bb4466 | ITER: 28 START
2018-06-28 16:36:33.386 40854 INFO rally.task.runner [-] Task aff20513-e597-462e-899d-4cc565bb4466 | ITER: 11 END: OK
2018-06-28 16:36:33.389 40854 INFO rally.task.runner [-] Task aff20513-e597-462e-899d-4cc565bb4466 | ITER: 29 START
2018-06-28 16:36:33.395 40845 INFO rally.task.runner [-] Task aff20513-e597-462e-899d-4cc565bb4466 | ITER: 16 END: OK
2018-06-28 16:36:33.398 40845 INFO rally.task.runner [-] Task aff20513-e597-462e-899d-4cc565bb4466 | ITER: 30 START
2018-06-28 16:36:34.593 40843 INFO rally.task.runner [-] Task aff20513-e597-462e-899d-4cc565bb4466 | ITER: 22 END: OK
2018-06-28 16:36:34.596 40843 INFO rally.task.runner [-] Task aff20513-e597-462e-899d-4cc565bb4466 | ITER: 31 START
2018-06-28 16:36:34.638 40866 INFO rally.task.runner [-] Task aff20513-e597-462e-899d-4cc565bb4466 | ITER: 26 END: OK
2018-06-28 16:36:34.640 40866 INFO rally.task.runner [-] Task aff20513-e597-462e-899d-4cc565bb4466 | ITER: 32 START
2018-06-28 16:36:34.656 40847 INFO rally.task.runner [-] Task aff20513-e597-462e-899d-4cc565bb4466 | ITER: 24 END: OK
2018-06-28 16:36:34.658 40857 INFO rally.task.runner [-] Task aff20513-e597-462e-899d-4cc565bb4466 | ITER: 27 END: OK
2018-06-28 16:36:34.658 40847 INFO rally.task.runner [-] Task aff20513-e597-462e-899d-4cc565bb4466 | ITER: 33 START
2018-06-28 16:36:34.661 40857 INFO rally.task.runner [-] Task aff20513-e597-462e-899d-4cc565bb4466 | ITER: 34 START
2018-06-28 16:36:34.685 40862 INFO rally.task.runner [-] Task aff20513-e597-462e-899d-4cc565bb4466 | ITER: 25 END: OK
2018-06-28 16:36:34.688 40862 INFO rally.task.runner [-] Task aff20513-e597-462e-899d-4cc565bb4466 | ITER: 35 START
2018-06-28 16:36:34.697 40860 INFO rally.task.runner [-] Task aff20513-e597-462e-899d-4cc565bb4466 | ITER: 23 END: OK
2018-06-28 16:36:34.699 40860 INFO rally.task.runner [-] Task aff20513-e597-462e-899d-4cc565bb4466 | ITER: 36 START
2018-06-28 16:36:34.709 40854 INFO rally.task.runner [-] Task aff20513-e597-462e-899d-4cc565bb4466 | ITER: 29 END: OK
2018-06-28 16:36:34.709 40845 INFO rally.task.runner [-] Task aff20513-e597-462e-899d-4cc565bb4466 | ITER: 30 END: OK
2018-06-28 16:36:34.711 40845 INFO rally.task.runner [-] Task aff20513-e597-462e-899d-4cc565bb4466 | ITER: 38 START
2018-06-28 16:36:34.711 40854 INFO rally.task.runner [-] Task aff20513-e597-462e-899d-4cc565bb4466 | ITER: 37 START
2018-06-28 16:36:34.749 40844 INFO rally.task.runner [-] Task aff20513-e597-462e-899d-4cc565bb4466 | ITER: 21 END: OK
2018-06-28 16:36:34.752 40844 INFO rally.task.runner [-] Task aff20513-e597-462e-899d-4cc565bb4466 | ITER: 39 START
2018-06-28 16:36:34.795 40849 INFO rally.task.runner [-] Task aff20513-e597-462e-899d-4cc565bb4466 | ITER: 28 END: OK
2018-06-28 16:36:34.797 40849 INFO rally.task.runner [-] Task aff20513-e597-462e-899d-4cc565bb4466 | ITER: 40 START
2018-06-28 16:36:35.974 40857 INFO rally.task.runner [-] Task aff20513-e597-462e-899d-4cc565bb4466 | ITER: 34 END: OK
2018-06-28 16:36:35.976 40857 INFO rally.task.runner [-] Task aff20513-e597-462e-899d-4cc565bb4466 | ITER: 41 START
2018-06-28 16:36:35.983 40843 INFO rally.task.runner [-] Task aff20513-e597-462e-899d-4cc565bb4466 | ITER: 31 END: OK
2018-06-28 16:36:35.986 40843 INFO rally.task.runner [-] Task aff20513-e597-462e-899d-4cc565bb4466 | ITER: 42 START
2018-06-28 16:36:36.016 40845 INFO rally.task.runner [-] Task aff20513-e597-462e-899d-4cc565bb4466 | ITER: 38 END: OK
2018-06-28 16:36:36.018 40845 INFO rally.task.runner [-] Task aff20513-e597-462e-899d-4cc565bb4466 | ITER: 43 START
2018-06-28 16:36:36.035 40860 INFO rally.task.runner [-] Task aff20513-e597-462e-899d-4cc565bb4466 | ITER: 36 END: OK
2018-06-28 16:36:36.037 40860 INFO rally.task.runner [-] Task aff20513-e597-462e-899d-4cc565bb4466 | ITER: 44 START
2018-06-28 16:36:36.049 40866 INFO rally.task.runner [-] Task aff20513-e597-462e-899d-4cc565bb4466 | ITER: 32 END: OK
2018-06-28 16:36:36.051 40854 INFO rally.task.runner [-] Task aff20513-e597-462e-899d-4cc565bb4466 | ITER: 37 END: OK
2018-06-28 16:36:36.052 40866 INFO rally.task.runner [-] Task aff20513-e597-462e-899d-4cc565bb4466 | ITER: 45 START
2018-06-28 16:36:36.054 40854 INFO rally.task.runner [-] Task aff20513-e597-462e-899d-4cc565bb4466 | ITER: 46 START
2018-06-28 16:36:36.069 40862 INFO rally.task.runner [-] Task aff20513-e597-462e-899d-4cc565bb4466 | ITER: 35 END: OK
2018-06-28 16:36:36.071 40862 INFO rally.task.runner [-] Task aff20513-e597-462e-899d-4cc565bb4466 | ITER: 47 START
2018-06-28 16:36:36.074 40844 INFO rally.task.runner [-] Task aff20513-e597-462e-899d-4cc565bb4466 | ITER: 39 END: OK
2018-06-28 16:36:36.077 40844 INFO rally.task.runner [-] Task aff20513-e597-462e-899d-4cc565bb4466 | ITER: 48 START
2018-06-28 16:36:36.121 40849 INFO rally.task.runner [-] Task aff20513-e597-462e-899d-4cc565bb4466 | ITER: 40 END: OK
2018-06-28 16:36:36.124 40849 INFO rally.task.runner [-] Task aff20513-e597-462e-899d-4cc565bb4466 | ITER: 49 START
2018-06-28 16:36:36.134 40847 INFO rally.task.runner [-] Task aff20513-e597-462e-899d-4cc565bb4466 | ITER: 33 END: OK
2018-06-28 16:36:36.137 40847 INFO rally.task.runner [-] Task aff20513-e597-462e-899d-4cc565bb4466 | ITER: 50 START
2018-06-28 16:36:37.315 40857 INFO rally.task.runner [-] Task aff20513-e597-462e-899d-4cc565bb4466 | ITER: 41 END: OK
2018-06-28 16:36:37.317 40857 INFO rally.task.runner [-] Task aff20513-e597-462e-899d-4cc565bb4466 | ITER: 51 START
2018-06-28 16:36:37.368 40843 INFO rally.task.runner [-] Task aff20513-e597-462e-899d-4cc565bb4466 | ITER: 42 END: OK
2018-06-28 16:36:37.371 40843 INFO rally.task.runner [-] Task aff20513-e597-462e-899d-4cc565bb4466 | ITER: 52 START
2018-06-28 16:36:37.376 40866 INFO rally.task.runner [-] Task aff20513-e597-462e-899d-4cc565bb4466 | ITER: 45 END: OK
2018-06-28 16:36:37.378 40845 INFO rally.task.runner [-] Task aff20513-e597-462e-899d-4cc565bb4466 | ITER: 43 END: OK
2018-06-28 16:36:37.378 40866 INFO rally.task.runner [-] Task aff20513-e597-462e-899d-4cc565bb4466 | ITER: 53 START
2018-06-28 16:36:37.381 40845 INFO rally.task.runner [-] Task aff20513-e597-462e-899d-4cc565bb4466 | ITER: 54 START
2018-06-28 16:36:37.387 40862 INFO rally.task.runner [-] Task aff20513-e597-462e-899d-4cc565bb4466 | ITER: 47 END: OK
2018-06-28 16:36:37.389 40862 INFO rally.task.runner [-] Task aff20513-e597-462e-899d-4cc565bb4466 | ITER: 55 START
2018-06-28 16:36:37.390 40854 INFO rally.task.runner [-] Task aff20513-e597-462e-899d-4cc565bb4466 | ITER: 46 END: OK
2018-06-28 16:36:37.392 40854 INFO rally.task.runner [-] Task aff20513-e597-462e-899d-4cc565bb4466 | ITER: 56 START
2018-06-28 16:36:37.400 40860 INFO rally.task.runner [-] Task aff20513-e597-462e-899d-4cc565bb4466 | ITER: 44 END: OK
2018-06-28 16:36:37.402 40860 INFO rally.task.runner [-] Task aff20513-e597-462e-899d-4cc565bb4466 | ITER: 57 START
2018-06-28 16:36:37.414 40844 INFO rally.task.runner [-] Task aff20513-e597-462e-899d-4cc565bb4466 | ITER: 48 END: OK
2018-06-28 16:36:37.417 40844 INFO rally.task.runner [-] Task aff20513-e597-462e-899d-4cc565bb4466 | ITER: 58 START
2018-06-28 16:36:37.474 40847 INFO rally.task.runner [-] Task aff20513-e597-462e-899d-4cc565bb4466 | ITER: 50 END: OK
2018-06-28 16:36:37.477 40847 INFO rally.task.runner [-] Task aff20513-e597-462e-899d-4cc565bb4466 | ITER: 59 START
2018-06-28 16:36:37.605 40849 INFO rally.task.runner [-] Task aff20513-e597-462e-899d-4cc565bb4466 | ITER: 49 END: OK
2018-06-28 16:36:37.608 40849 INFO rally.task.runner [-] Task aff20513-e597-462e-899d-4cc565bb4466 | ITER: 60 START
2018-06-28 16:36:38.664 40857 INFO rally.task.runner [-] Task aff20513-e597-462e-899d-4cc565bb4466 | ITER: 51 END: OK
2018-06-28 16:36:38.666 40857 INFO rally.task.runner [-] Task aff20513-e597-462e-899d-4cc565bb4466 | ITER: 61 START
2018-06-28 16:36:38.714 40862 INFO rally.task.runner [-] Task aff20513-e597-462e-899d-4cc565bb4466 | ITER: 55 END: OK
2018-06-28 16:36:38.716 40862 INFO rally.task.runner [-] Task aff20513-e597-462e-899d-4cc565bb4466 | ITER: 62 START
2018-06-28 16:36:38.768 40844 INFO rally.task.runner [-] Task aff20513-e597-462e-899d-4cc565bb4466 | ITER: 58 END: OK
2018-06-28 16:36:38.768 40845 INFO rally.task.runner [-] Task aff20513-e597-462e-899d-4cc565bb4466 | ITER: 54 END: OK
2018-06-28 16:36:38.770 40844 INFO rally.task.runner [-] Task aff20513-e597-462e-899d-4cc565bb4466 | ITER: 63 START
2018-06-28 16:36:38.770 40845 INFO rally.task.runner [-] Task aff20513-e597-462e-899d-4cc565bb4466 | ITER: 64 START
2018-06-28 16:36:38.774 40854 INFO rally.task.runner [-] Task aff20513-e597-462e-899d-4cc565bb4466 | ITER: 56 END: OK
2018-06-28 16:36:38.776 40854 INFO rally.task.runner [-] Task aff20513-e597-462e-899d-4cc565bb4466 | ITER: 65 START
2018-06-28 16:36:38.788 40843 INFO rally.task.runner [-] Task aff20513-e597-462e-899d-4cc565bb4466 | ITER: 52 END: OK
2018-06-28 16:36:38.791 40843 INFO rally.task.runner [-] Task aff20513-e597-462e-899d-4cc565bb4466 | ITER: 66 START
2018-06-28 16:36:38.836 40860 INFO rally.task.runner [-] Task aff20513-e597-462e-899d-4cc565bb4466 | ITER: 57 END: OK
2018-06-28 16:36:38.839 40860 INFO rally.task.runner [-] Task aff20513-e597-462e-899d-4cc565bb4466 | ITER: 67 START
2018-06-28 16:36:38.871 40866 INFO rally.task.runner [-] Task aff20513-e597-462e-899d-4cc565bb4466 | ITER: 53 END: OK
2018-06-28 16:36:38.874 40866 INFO rally.task.runner [-] Task aff20513-e597-462e-899d-4cc565bb4466 | ITER: 68 START
2018-06-28 16:36:38.924 40847 INFO rally.task.runner [-] Task aff20513-e597-462e-899d-4cc565bb4466 | ITER: 59 END: OK
2018-06-28 16:36:38.925 40849 INFO rally.task.runner [-] Task aff20513-e597-462e-899d-4cc565bb4466 | ITER: 60 END: OK
2018-06-28 16:36:38.926 40847 INFO rally.task.runner [-] Task aff20513-e597-462e-899d-4cc565bb4466 | ITER: 69 START
2018-06-28 16:36:38.927 40849 INFO rally.task.runner [-] Task aff20513-e597-462e-899d-4cc565bb4466 | ITER: 70 START
2018-06-28 16:36:40.045 40862 INFO rally.task.runner [-] Task aff20513-e597-462e-899d-4cc565bb4466 | ITER: 62 END: OK
2018-06-28 16:36:40.048 40862 INFO rally.task.runner [-] Task aff20513-e597-462e-899d-4cc565bb4466 | ITER: 71 START
2018-06-28 16:36:40.116 40857 INFO rally.task.runner [-] Task aff20513-e597-462e-899d-4cc565bb4466 | ITER: 61 END: OK
2018-06-28 16:36:40.119 40857 INFO rally.task.runner [-] Task aff20513-e597-462e-899d-4cc565bb4466 | ITER: 72 START
2018-06-28 16:36:40.174 40854 INFO rally.task.runner [-] Task aff20513-e597-462e-899d-4cc565bb4466 | ITER: 65 END: OK
2018-06-28 16:36:40.178 40854 INFO rally.task.runner [-] Task aff20513-e597-462e-899d-4cc565bb4466 | ITER: 73 START
2018-06-28 16:36:40.181 40845 INFO rally.task.runner [-] Task aff20513-e597-462e-899d-4cc565bb4466 | ITER: 64 END: OK
2018-06-28 16:36:40.184 40845 INFO rally.task.runner [-] Task aff20513-e597-462e-899d-4cc565bb4466 | ITER: 74 START
2018-06-28 16:36:40.194 40844 INFO rally.task.runner [-] Task aff20513-e597-462e-899d-4cc565bb4466 | ITER: 63 END: OK
2018-06-28 16:36:40.197 40844 INFO rally.task.runner [-] Task aff20513-e597-462e-899d-4cc565bb4466 | ITER: 75 START
2018-06-28 16:36:40.211 40843 INFO rally.task.runner [-] Task aff20513-e597-462e-899d-4cc565bb4466 | ITER: 66 END: OK
2018-06-28 16:36:40.214 40843 INFO rally.task.runner [-] Task aff20513-e597-462e-899d-4cc565bb4466 | ITER: 76 START
2018-06-28 16:36:40.238 40860 INFO rally.task.runner [-] Task aff20513-e597-462e-899d-4cc565bb4466 | ITER: 67 END: OK
2018-06-28 16:36:40.240 40866 INFO rally.task.runner [-] Task aff20513-e597-462e-899d-4cc565bb4466 | ITER: 68 END: OK
2018-06-28 16:36:40.240 40860 INFO rally.task.runner [-] Task aff20513-e597-462e-899d-4cc565bb4466 | ITER: 77 START
2018-06-28 16:36:40.243 40866 INFO rally.task.runner [-] Task aff20513-e597-462e-899d-4cc565bb4466 | ITER: 78 START
2018-06-28 16:36:40.245 40847 INFO rally.task.runner [-] Task aff20513-e597-462e-899d-4cc565bb4466 | ITER: 69 END: OK
2018-06-28 16:36:40.248 40847 INFO rally.task.runner [-] Task aff20513-e597-462e-899d-4cc565bb4466 | ITER: 79 START
2018-06-28 16:36:40.326 40849 INFO rally.task.runner [-] Task aff20513-e597-462e-899d-4cc565bb4466 | ITER: 70 END: OK
2018-06-28 16:36:40.329 40849 INFO rally.task.runner [-] Task aff20513-e597-462e-899d-4cc565bb4466 | ITER: 80 START
2018-06-28 16:36:41.467 40862 INFO rally.task.runner [-] Task aff20513-e597-462e-899d-4cc565bb4466 | ITER: 71 END: OK
2018-06-28 16:36:41.470 40862 INFO rally.task.runner [-] Task aff20513-e597-462e-899d-4cc565bb4466 | ITER: 81 START
2018-06-28 16:36:41.510 40857 INFO rally.task.runner [-] Task aff20513-e597-462e-899d-4cc565bb4466 | ITER: 72 END: OK
2018-06-28 16:36:41.513 40857 INFO rally.task.runner [-] Task aff20513-e597-462e-899d-4cc565bb4466 | ITER: 82 START
2018-06-28 16:36:41.528 40845 INFO rally.task.runner [-] Task aff20513-e597-462e-899d-4cc565bb4466 | ITER: 74 END: OK
2018-06-28 16:36:41.530 40845 INFO rally.task.runner [-] Task aff20513-e597-462e-899d-4cc565bb4466 | ITER: 83 START
2018-06-28 16:36:41.548 40854 INFO rally.task.runner [-] Task aff20513-e597-462e-899d-4cc565bb4466 | ITER: 73 END: OK
2018-06-28 16:36:41.550 40854 INFO rally.task.runner [-] Task aff20513-e597-462e-899d-4cc565bb4466 | ITER: 84 START
2018-06-28 16:36:41.554 40844 INFO rally.task.runner [-] Task aff20513-e597-462e-899d-4cc565bb4466 | ITER: 75 END: OK
2018-06-28 16:36:41.556 40844 INFO rally.task.runner [-] Task aff20513-e597-462e-899d-4cc565bb4466 | ITER: 85 START
2018-06-28 16:36:41.563 40866 INFO rally.task.runner [-] Task aff20513-e597-462e-899d-4cc565bb4466 | ITER: 78 END: OK
2018-06-28 16:36:41.565 40866 INFO rally.task.runner [-] Task aff20513-e597-462e-899d-4cc565bb4466 | ITER: 86 START
2018-06-28 16:36:41.569 40843 INFO rally.task.runner [-] Task aff20513-e597-462e-899d-4cc565bb4466 | ITER: 76 END: OK
