2018-06-28 16:39:20.369 42270 INFO rally.task.runner [-] Task 8c8bc095-f9ed-47fb-a09b-dd87289d4168 | ITER: 55 END: OK
2018-06-28 16:39:20.372 42270 INFO rally.task.runner [-] Task 8c8bc095-f9ed-47fb-a09b-dd87289d4168 | ITER: 67 START
2018-06-28 16:39:20.413 42283 INFO rally.task.runner [-] Task 8c8bc095-f9ed-47fb-a09b-dd87289d4168 | ITER: 56 END: OK
2018-06-28 16:39:20.415 42283 INFO rally.task.runner [-] Task 8c8bc095-f9ed-47fb-a09b-dd87289d4168 | ITER: 68 START
2018-06-28 16:39:20.493 42269 INFO rally.task.runner [-] Task 8c8bc095-f9ed-47fb-a09b-dd87289d4168 | ITER: 57 END: OK
2018-06-28 16:39:20.496 42269 INFO rally.task.runner [-] Task 8c8bc095-f9ed-47fb-a09b-dd87289d4168 | ITER: 69 START
2018-06-28 16:39:20.508 42279 INFO rally.task.runner [-] Task 8c8bc095-f9ed-47fb-a09b-dd87289d4168 | ITER: 60 END: OK
2018-06-28 16:39:20.511 42279 INFO rally.task.runner [-] Task 8c8bc095-f9ed-47fb-a09b-dd87289d4168 | ITER: 70 START
2018-06-28 16:39:21.610 42273 INFO rally.task.runner [-] Task 8c8bc095-f9ed-47fb-a09b-dd87289d4168 | ITER: 66 END: OK
2018-06-28 16:39:21.613 42273 INFO rally.task.runner [-] Task 8c8bc095-f9ed-47fb-a09b-dd87289d4168 | ITER: 71 START
2018-06-28 16:39:21.616 42277 INFO rally.task.runner [-] Task 8c8bc095-f9ed-47fb-a09b-dd87289d4168 | ITER: 62 END: OK
2018-06-28 16:39:21.619 42277 INFO rally.task.runner [-] Task 8c8bc095-f9ed-47fb-a09b-dd87289d4168 | ITER: 72 START
2018-06-28 16:39:21.625 42289 INFO rally.task.runner [-] Task 8c8bc095-f9ed-47fb-a09b-dd87289d4168 | ITER: 61 END: OK
2018-06-28 16:39:21.627 42289 INFO rally.task.runner [-] Task 8c8bc095-f9ed-47fb-a09b-dd87289d4168 | ITER: 73 START
2018-06-28 16:39:21.630 42283 INFO rally.task.runner [-] Task 8c8bc095-f9ed-47fb-a09b-dd87289d4168 | ITER: 68 END: OK
2018-06-28 16:39:21.632 42283 INFO rally.task.runner [-] Task 8c8bc095-f9ed-47fb-a09b-dd87289d4168 | ITER: 74 START
2018-06-28 16:39:21.633 42271 INFO rally.task.runner [-] Task 8c8bc095-f9ed-47fb-a09b-dd87289d4168 | ITER: 63 END: OK
2018-06-28 16:39:21.637 42271 INFO rally.task.runner [-] Task 8c8bc095-f9ed-47fb-a09b-dd87289d4168 | ITER: 75 START
2018-06-28 16:39:21.637 42286 INFO rally.task.runner [-] Task 8c8bc095-f9ed-47fb-a09b-dd87289d4168 | ITER: 64 END: OK
2018-06-28 16:39:21.639 42286 INFO rally.task.runner [-] Task 8c8bc095-f9ed-47fb-a09b-dd87289d4168 | ITER: 76 START
2018-06-28 16:39:21.713 42291 INFO rally.task.runner [-] Task 8c8bc095-f9ed-47fb-a09b-dd87289d4168 | ITER: 65 END: OK
2018-06-28 16:39:21.715 42291 INFO rally.task.runner [-] Task 8c8bc095-f9ed-47fb-a09b-dd87289d4168 | ITER: 77 START
2018-06-28 16:39:21.743 42279 INFO rally.task.runner [-] Task 8c8bc095-f9ed-47fb-a09b-dd87289d4168 | ITER: 70 END: OK
2018-06-28 16:39:21.745 42279 INFO rally.task.runner [-] Task 8c8bc095-f9ed-47fb-a09b-dd87289d4168 | ITER: 78 START
2018-06-28 16:39:21.745 42269 INFO rally.task.runner [-] Task 8c8bc095-f9ed-47fb-a09b-dd87289d4168 | ITER: 69 END: OK
2018-06-28 16:39:21.748 42269 INFO rally.task.runner [-] Task 8c8bc095-f9ed-47fb-a09b-dd87289d4168 | ITER: 79 START
2018-06-28 16:39:21.774 42270 INFO rally.task.runner [-] Task 8c8bc095-f9ed-47fb-a09b-dd87289d4168 | ITER: 67 END: OK
2018-06-28 16:39:21.777 42270 INFO rally.task.runner [-] Task 8c8bc095-f9ed-47fb-a09b-dd87289d4168 | ITER: 80 START
2018-06-28 16:39:22.895 42273 INFO rally.task.runner [-] Task 8c8bc095-f9ed-47fb-a09b-dd87289d4168 | ITER: 71 END: OK
2018-06-28 16:39:22.896 42273 INFO rally.task.runner [-] Task 8c8bc095-f9ed-47fb-a09b-dd87289d4168 | ITER: 81 START
2018-06-28 16:39:22.900 42286 INFO rally.task.runner [-] Task 8c8bc095-f9ed-47fb-a09b-dd87289d4168 | ITER: 76 END: OK
2018-06-28 16:39:22.901 42291 INFO rally.task.runner [-] Task 8c8bc095-f9ed-47fb-a09b-dd87289d4168 | ITER: 77 END: OK
2018-06-28 16:39:22.902 42283 INFO rally.task.runner [-] Task 8c8bc095-f9ed-47fb-a09b-dd87289d4168 | ITER: 74 END: OK
2018-06-28 16:39:22.902 42271 INFO rally.task.runner [-] Task 8c8bc095-f9ed-47fb-a09b-dd87289d4168 | ITER: 75 END: OK
2018-06-28 16:39:22.903 42286 INFO rally.task.runner [-] Task 8c8bc095-f9ed-47fb-a09b-dd87289d4168 | ITER: 82 START
2018-06-28 16:39:22.903 42283 INFO rally.task.runner [-] Task 8c8bc095-f9ed-47fb-a09b-dd87289d4168 | ITER: 84 START
2018-06-28 16:39:22.903 42291 INFO rally.task.runner [-] Task 8c8bc095-f9ed-47fb-a09b-dd87289d4168 | ITER: 83 START
2018-06-28 16:39:22.904 42271 INFO rally.task.runner [-] Task 8c8bc095-f9ed-47fb-a09b-dd87289d4168 | ITER: 85 START
2018-06-28 16:39:22.918 42279 INFO rally.task.runner [-] Task 8c8bc095-f9ed-47fb-a09b-dd87289d4168 | ITER: 78 END: OK
2018-06-28 16:39:22.921 42279 INFO rally.task.runner [-] Task 8c8bc095-f9ed-47fb-a09b-dd87289d4168 | ITER: 86 START
2018-06-28 16:39:22.921 42269 INFO rally.task.runner [-] Task 8c8bc095-f9ed-47fb-a09b-dd87289d4168 | ITER: 79 END: OK
2018-06-28 16:39:22.924 42269 INFO rally.task.runner [-] Task 8c8bc095-f9ed-47fb-a09b-dd87289d4168 | ITER: 87 START
2018-06-28 16:39:22.930 42277 INFO rally.task.runner [-] Task 8c8bc095-f9ed-47fb-a09b-dd87289d4168 | ITER: 72 END: OK
2018-06-28 16:39:22.932 42277 INFO rally.task.runner [-] Task 8c8bc095-f9ed-47fb-a09b-dd87289d4168 | ITER: 88 START
2018-06-28 16:39:22.938 42289 INFO rally.task.runner [-] Task 8c8bc095-f9ed-47fb-a09b-dd87289d4168 | ITER: 73 END: OK
2018-06-28 16:39:22.940 42289 INFO rally.task.runner [-] Task 8c8bc095-f9ed-47fb-a09b-dd87289d4168 | ITER: 89 START
2018-06-28 16:39:22.993 42270 INFO rally.task.runner [-] Task 8c8bc095-f9ed-47fb-a09b-dd87289d4168 | ITER: 80 END: OK
2018-06-28 16:39:22.996 42270 INFO rally.task.runner [-] Task 8c8bc095-f9ed-47fb-a09b-dd87289d4168 | ITER: 90 START
2018-06-28 16:39:24.163 42289 INFO rally.task.runner [-] Task 8c8bc095-f9ed-47fb-a09b-dd87289d4168 | ITER: 89 END: OK
2018-06-28 16:39:24.164 42291 INFO rally.task.runner [-] Task 8c8bc095-f9ed-47fb-a09b-dd87289d4168 | ITER: 83 END: OK
2018-06-28 16:39:24.166 42289 INFO rally.task.runner [-] Task 8c8bc095-f9ed-47fb-a09b-dd87289d4168 | ITER: 91 START
2018-06-28 16:39:24.166 42291 INFO rally.task.runner [-] Task 8c8bc095-f9ed-47fb-a09b-dd87289d4168 | ITER: 92 START
2018-06-28 16:39:24.168 42283 INFO rally.task.runner [-] Task 8c8bc095-f9ed-47fb-a09b-dd87289d4168 | ITER: 84 END: OK
2018-06-28 16:39:24.171 42283 INFO rally.task.runner [-] Task 8c8bc095-f9ed-47fb-a09b-dd87289d4168 | ITER: 93 START
2018-06-28 16:39:24.178 42279 INFO rally.task.runner [-] Task 8c8bc095-f9ed-47fb-a09b-dd87289d4168 | ITER: 86 END: OK
2018-06-28 16:39:24.180 42269 INFO rally.task.runner [-] Task 8c8bc095-f9ed-47fb-a09b-dd87289d4168 | ITER: 87 END: OK
2018-06-28 16:39:24.181 42279 INFO rally.task.runner [-] Task 8c8bc095-f9ed-47fb-a09b-dd87289d4168 | ITER: 94 START
2018-06-28 16:39:24.181 42286 INFO rally.task.runner [-] Task 8c8bc095-f9ed-47fb-a09b-dd87289d4168 | ITER: 82 END: OK
2018-06-28 16:39:24.182 42269 INFO rally.task.runner [-] Task 8c8bc095-f9ed-47fb-a09b-dd87289d4168 | ITER: 95 START
2018-06-28 16:39:24.183 42286 INFO rally.task.runner [-] Task 8c8bc095-f9ed-47fb-a09b-dd87289d4168 | ITER: 96 START
2018-06-28 16:39:24.185 42271 INFO rally.task.runner [-] Task 8c8bc095-f9ed-47fb-a09b-dd87289d4168 | ITER: 85 END: OK
2018-06-28 16:39:24.187 42271 INFO rally.task.runner [-] Task 8c8bc095-f9ed-47fb-a09b-dd87289d4168 | ITER: 97 START
2018-06-28 16:39:24.198 42270 INFO rally.task.runner [-] Task 8c8bc095-f9ed-47fb-a09b-dd87289d4168 | ITER: 90 END: OK
2018-06-28 16:39:24.200 42270 INFO rally.task.runner [-] Task 8c8bc095-f9ed-47fb-a09b-dd87289d4168 | ITER: 98 START
2018-06-28 16:39:24.213 42273 INFO rally.task.runner [-] Task 8c8bc095-f9ed-47fb-a09b-dd87289d4168 | ITER: 81 END: OK
2018-06-28 16:39:24.215 42273 INFO rally.task.runner [-] Task 8c8bc095-f9ed-47fb-a09b-dd87289d4168 | ITER: 99 START
2018-06-28 16:39:24.265 42277 INFO rally.task.runner [-] Task 8c8bc095-f9ed-47fb-a09b-dd87289d4168 | ITER: 88 END: OK
2018-06-28 16:39:24.267 42277 INFO rally.task.runner [-] Task 8c8bc095-f9ed-47fb-a09b-dd87289d4168 | ITER: 100 START
2018-06-28 16:39:25.450 42273 INFO rally.task.runner [-] Task 8c8bc095-f9ed-47fb-a09b-dd87289d4168 | ITER: 99 END: OK
2018-06-28 16:39:25.450 42289 INFO rally.task.runner [-] Task 8c8bc095-f9ed-47fb-a09b-dd87289d4168 | ITER: 91 END: OK
2018-06-28 16:39:25.451 42279 INFO rally.task.runner [-] Task 8c8bc095-f9ed-47fb-a09b-dd87289d4168 | ITER: 94 END: OK
2018-06-28 16:39:25.454 42283 INFO rally.task.runner [-] Task 8c8bc095-f9ed-47fb-a09b-dd87289d4168 | ITER: 93 END: OK
2018-06-28 16:39:25.454 42269 INFO rally.task.runner [-] Task 8c8bc095-f9ed-47fb-a09b-dd87289d4168 | ITER: 95 END: OK
2018-06-28 16:39:25.454 42270 INFO rally.task.runner [-] Task 8c8bc095-f9ed-47fb-a09b-dd87289d4168 | ITER: 98 END: OK
2018-06-28 16:39:25.460 42271 INFO rally.task.runner [-] Task 8c8bc095-f9ed-47fb-a09b-dd87289d4168 | ITER: 97 END: OK
2018-06-28 16:39:25.466 42286 INFO rally.task.runner [-] Task 8c8bc095-f9ed-47fb-a09b-dd87289d4168 | ITER: 96 END: OK
2018-06-28 16:39:25.474 42277 INFO rally.task.runner [-] Task 8c8bc095-f9ed-47fb-a09b-dd87289d4168 | ITER: 100 END: OK
2018-06-28 16:39:25.555 42291 INFO rally.task.runner [-] Task 8c8bc095-f9ed-47fb-a09b-dd87289d4168 | ITER: 92 END: OK
2018-06-28 16:39:25.577 42141 INFO rally.task.context [-] Task 8c8bc095-f9ed-47fb-a09b-dd87289d4168 | Context admin_cleanup@openstack cleanup() started
2018-06-28 16:39:41.456 42141 INFO rally.task.context [-] Task 8c8bc095-f9ed-47fb-a09b-dd87289d4168 | Context admin_cleanup@openstack cleanup() finished in 15.88 sec
2018-06-28 16:39:41.456 42141 INFO rally.task.context [-] Task 8c8bc095-f9ed-47fb-a09b-dd87289d4168 | Context users@openstack cleanup() started
2018-06-28 16:39:44.779 42141 INFO rally.task.context [-] Task 8c8bc095-f9ed-47fb-a09b-dd87289d4168 | Context users@openstack cleanup() finished in 3.32 sec
2018-06-28 16:39:44.856 42141 INFO rally.task.engine [-] Load duration is: 11.896199
2018-06-28 16:39:44.856 42141 INFO rally.task.engine [-] Full runner duration is: 12.857541
2018-06-28 16:39:44.856 42141 INFO rally.task.engine [-] Full duration is: 34.52062
2018-06-28 16:39:44.974 42141 INFO rally.task.engine [-] Task 8c8bc095-f9ed-47fb-a09b-dd87289d4168 | Completed: Running task.

--------------------------------------------------------------------------------
Task 8c8bc095-f9ed-47fb-a09b-dd87289d4168: finished
--------------------------------------------------------------------------------

test scenario KeystoneBasic.create_and_list_services
args position 0
args values:
{
  "runner": {
    "times": 100, 
    "concurrency": 10
  }, 
  "contexts": {}, 
  "args": {
    "service_type": "Rally_test_type", 
    "description": "test_description"
  }, 
  "sla": {
    "failure_rate": {
      "max": 0
    }
  }, 
  "hooks": []
}

--------------------------------------------------------------------------------
Task 8c8bc095-f9ed-47fb-a09b-dd87289d4168 has 0 error(s)
--------------------------------------------------------------------------------

+-------------------------------------------------------------------------------------------------------------------------------+
|                                                     Response Times (sec)                                                      |
+----------------------------+-----------+--------------+--------------+--------------+-----------+-----------+---------+-------+
| Action                     | Min (sec) | Median (sec) | 90%ile (sec) | 95%ile (sec) | Max (sec) | Avg (sec) | Success | Count |
+----------------------------+-----------+--------------+--------------+--------------+-----------+-----------+---------+-------+
| keystone_v3.create_service | 0.386     | 0.412        | 0.47         | 0.491        | 0.51      | 0.422     | 100.0%  | 100   |
| keystone_v3.list_services  | 0.023     | 0.033        | 0.046        | 0.05         | 0.107     | 0.035     | 100.0%  | 100   |
| total                      | 0.417     | 0.45         | 0.503        | 0.525        | 0.552     | 0.457     | 100.0%  | 100   |
|  -> duration               | 0.417     | 0.45         | 0.503        | 0.525        | 0.552     | 0.457     | 100.0%  | 100   |
|  -> idle_duration          | 0.0       | 0.0          | 0.0          | 0.0          | 0.0       | 0.0       | 100.0%  | 100   |
+----------------------------+-----------+--------------+--------------+--------------+-----------+-----------+---------+-------+

Load duration: 11.896199
Full duration: 34.52062

HINTS:
* To plot HTML graphics with this data, run:
	rally task report 8c8bc095-f9ed-47fb-a09b-dd87289d4168 --out output.html

* To generate a JUnit report, run:
	rally task export 8c8bc095-f9ed-47fb-a09b-dd87289d4168 --type junit --to output.xml

* To get raw JSON output of task results, run:
	rally task report 8c8bc095-f9ed-47fb-a09b-dd87289d4168 --json --out output.json

--------------------------------------------------------------------------------
Preparing input task
--------------------------------------------------------------------------------

Task is:
{
    "KeystoneBasic.create_and_list_roles": [
        {
            "args": {
                "create_role_kwargs": {},
                "list_role_kwargs": {}
            },
            "runner": {
                "type": "constant",
                "times": 10,
                "concurrency": 2
            },
            "context": {
                "users": {
                    "tenants": 3,
                    "users_per_tenant": 2
                }
            },
            "sla": {
                "failure_rate": {
                    "max": 0
                }
            }
        }
    ]
}

Task syntax is correct :)
Running Rally version 0.10.1~dev119
--------------------------------------------------------------------------------
Task  9e925a68-2b50-4734-8c15-cf177035ca38: started
--------------------------------------------------------------------------------

Running Task... This can take a while...

To track task status use:

	rally task status
	or
	rally task detailed

Using task: 9e925a68-2b50-4734-8c15-cf177035ca38
2018-06-28 16:39:46.758 42520 INFO rally.task.engine [-] Task 9e925a68-2b50-4734-8c15-cf177035ca38 | Starting:  Task validation.
2018-06-28 16:39:46.769 42520 INFO rally.task.engine [-] Task 9e925a68-2b50-4734-8c15-cf177035ca38 | Starting:  Task validation of syntax.
2018-06-28 16:39:46.784 42520 INFO rally.task.engine [-] Task 9e925a68-2b50-4734-8c15-cf177035ca38 | Completed: Task validation of syntax.
2018-06-28 16:39:46.785 42520 INFO rally.task.engine [-] Task 9e925a68-2b50-4734-8c15-cf177035ca38 | Starting:  Task validation of required platforms.
2018-06-28 16:39:46.791 42520 INFO rally.task.engine [-] Task 9e925a68-2b50-4734-8c15-cf177035ca38 | Completed: Task validation of required platforms.
2018-06-28 16:39:46.792 42520 INFO rally.task.engine [-] Task 9e925a68-2b50-4734-8c15-cf177035ca38 | Starting:  Task validation of semantic.
2018-06-28 16:39:49.865 42520 INFO rally.task.context [-] Task 9e925a68-2b50-4734-8c15-cf177035ca38 | Context users@openstack setup()  finished in 2.39 sec
2018-06-28 16:39:49.876 42520 INFO rally.task.context [-] Task 9e925a68-2b50-4734-8c15-cf177035ca38 | Context users@openstack cleanup() started
2018-06-28 16:39:53.161 42520 INFO rally.task.context [-] Task 9e925a68-2b50-4734-8c15-cf177035ca38 | Context users@openstack cleanup() finished in 3.28 sec
2018-06-28 16:39:53.161 42520 INFO rally.task.engine [-] Task 9e925a68-2b50-4734-8c15-cf177035ca38 | Completed: Task validation of semantic.
2018-06-28 16:39:53.161 42520 INFO rally.task.engine [-] Task 9e925a68-2b50-4734-8c15-cf177035ca38 | Completed: Task validation.
2018-06-28 16:39:53.162 42520 INFO rally.api [-] Task 9e925a68-2b50-4734-8c15-cf177035ca38 input file is valid.
2018-06-28 16:39:53.162 42520 INFO rally.api [-] Run Task 9e925a68-2b50-4734-8c15-cf177035ca38 against Deployment 7a37a5af-20ae-460e-97c7-4fdb337cc0b6
2018-06-28 16:39:53.163 42520 INFO rally.task.engine [-] Task 9e925a68-2b50-4734-8c15-cf177035ca38 | Starting:  Running task.
2018-06-28 16:39:53.226 42520 INFO rally.task.engine [-] Running workload: 
  position = 0
  config = {
   "version": 2, 
   "title": "A cropped version of a bigger task.", 
   "description": "Auto-generated task from a single workload (uuid=c3e73be1-f6b0-44a9-a844-246e9defc4ff)", 
   "subtasks": [
      {
         "title": "KeystoneBasic.create_and_list_roles", 
         "description": "Create a role, then list all roles.", 
         "scenario": {
            "KeystoneBasic.create_and_list_roles": {
               "create_role_kwargs": {}, 
               "list_role_kwargs": {}
            }
         }, 
         "contexts": {
            "users": {
               "tenants": 3, 
               "users_per_tenant": 2
            }
         }, 
         "runner": {
            "constant": {
               "times": 10, 
               "concurrency": 2
            }
         }, 
         "hooks": [], 
         "sla": {
            "failure_rate": {
               "max": 0
            }
         }
      }
   ]
}
2018-06-28 16:39:56.006 42520 INFO rally.task.context [-] Task 9e925a68-2b50-4734-8c15-cf177035ca38 | Context users@openstack setup()  finished in 2.75 sec
2018-06-28 16:39:56.007 42520 INFO rally.task.context [-] Task 9e925a68-2b50-4734-8c15-cf177035ca38 | Context admin_cleanup@openstack setup()  finished in 0.01 msec
2018-06-28 16:39:56.033 42648 INFO rally.task.runner [-] Task 9e925a68-2b50-4734-8c15-cf177035ca38 | ITER: 1 START
2018-06-28 16:39:56.036 42649 INFO rally.task.runner [-] Task 9e925a68-2b50-4734-8c15-cf177035ca38 | ITER: 2 START
2018-06-28 16:39:57.417 42649 INFO rally.task.runner [-] Task 9e925a68-2b50-4734-8c15-cf177035ca38 | ITER: 2 END: OK
2018-06-28 16:39:57.421 42649 INFO rally.task.runner [-] Task 9e925a68-2b50-4734-8c15-cf177035ca38 | ITER: 3 START
2018-06-28 16:39:57.504 42648 INFO rally.task.runner [-] Task 9e925a68-2b50-4734-8c15-cf177035ca38 | ITER: 1 END: OK
2018-06-28 16:39:57.509 42648 INFO rally.task.runner [-] Task 9e925a68-2b50-4734-8c15-cf177035ca38 | ITER: 4 START
2018-06-28 16:39:58.901 42649 INFO rally.task.runner [-] Task 9e925a68-2b50-4734-8c15-cf177035ca38 | ITER: 3 END: OK
2018-06-28 16:39:58.906 42649 INFO rally.task.runner [-] Task 9e925a68-2b50-4734-8c15-cf177035ca38 | ITER: 5 START
2018-06-28 16:39:59.016 42648 INFO rally.task.runner [-] Task 9e925a68-2b50-4734-8c15-cf177035ca38 | ITER: 4 END: OK
2018-06-28 16:39:59.021 42648 INFO rally.task.runner [-] Task 9e925a68-2b50-4734-8c15-cf177035ca38 | ITER: 6 START
2018-06-28 16:40:00.229 42649 INFO rally.task.runner [-] Task 9e925a68-2b50-4734-8c15-cf177035ca38 | ITER: 5 END: OK
2018-06-28 16:40:00.232 42649 INFO rally.task.runner [-] Task 9e925a68-2b50-4734-8c15-cf177035ca38 | ITER: 7 START
2018-06-28 16:40:00.377 42648 INFO rally.task.runner [-] Task 9e925a68-2b50-4734-8c15-cf177035ca38 | ITER: 6 END: OK
2018-06-28 16:40:00.380 42648 INFO rally.task.runner [-] Task 9e925a68-2b50-4734-8c15-cf177035ca38 | ITER: 8 START
2018-06-28 16:40:01.693 42649 INFO rally.task.runner [-] Task 9e925a68-2b50-4734-8c15-cf177035ca38 | ITER: 7 END: OK
2018-06-28 16:40:01.697 42649 INFO rally.task.runner [-] Task 9e925a68-2b50-4734-8c15-cf177035ca38 | ITER: 9 START
2018-06-28 16:40:01.753 42648 INFO rally.task.runner [-] Task 9e925a68-2b50-4734-8c15-cf177035ca38 | ITER: 8 END: OK
2018-06-28 16:40:01.757 42648 INFO rally.task.runner [-] Task 9e925a68-2b50-4734-8c15-cf177035ca38 | ITER: 10 START
2018-06-28 16:40:03.039 42649 INFO rally.task.runner [-] Task 9e925a68-2b50-4734-8c15-cf177035ca38 | ITER: 9 END: OK
2018-06-28 16:40:03.072 42648 INFO rally.task.runner [-] Task 9e925a68-2b50-4734-8c15-cf177035ca38 | ITER: 10 END: OK
2018-06-28 16:40:03.098 42520 INFO rally.task.context [-] Task 9e925a68-2b50-4734-8c15-cf177035ca38 | Context admin_cleanup@openstack cleanup() started
2018-06-28 16:40:09.089 42520 INFO rally.task.context [-] Task 9e925a68-2b50-4734-8c15-cf177035ca38 | Context admin_cleanup@openstack cleanup() finished in 5.99 sec
2018-06-28 16:40:09.089 42520 INFO rally.task.context [-] Task 9e925a68-2b50-4734-8c15-cf177035ca38 | Context users@openstack cleanup() started
2018-06-28 16:40:14.581 42520 INFO rally.task.context [-] Task 9e925a68-2b50-4734-8c15-cf177035ca38 | Context users@openstack cleanup() finished in 5.49 sec
2018-06-28 16:40:15.382 42520 INFO rally.task.engine [-] Load duration is: 6.096107
2018-06-28 16:40:15.383 42520 INFO rally.task.engine [-] Full runner duration is: 7.083506
2018-06-28 16:40:15.383 42520 INFO rally.task.engine [-] Full duration is: 21.348902
2018-06-28 16:40:15.447 42520 INFO rally.task.engine [-] Task 9e925a68-2b50-4734-8c15-cf177035ca38 | Completed: Running task.

--------------------------------------------------------------------------------
Task 9e925a68-2b50-4734-8c15-cf177035ca38: finished
--------------------------------------------------------------------------------

test scenario KeystoneBasic.create_and_list_roles
args position 0
args values:
{
  "runner": {
    "times": 10, 
    "concurrency": 2
  }, 
  "contexts": {
    "users": {
      "tenants": 3, 
      "users_per_tenant": 2
    }
  }, 
  "args": {
    "create_role_kwargs": {}, 
    "list_role_kwargs": {}
  }, 
  "sla": {
    "failure_rate": {
      "max": 0
    }
  }, 
  "hooks": []
}

--------------------------------------------------------------------------------
Task 9e925a68-2b50-4734-8c15-cf177035ca38 has 0 error(s)
--------------------------------------------------------------------------------

+----------------------------------------------------------------------------------------------------------------------------+
|                                                    Response Times (sec)                                                    |
+-------------------------+-----------+--------------+--------------+--------------+-----------+-----------+---------+-------+
| Action                  | Min (sec) | Median (sec) | 90%ile (sec) | 95%ile (sec) | Max (sec) | Avg (sec) | Success | Count |
+-------------------------+-----------+--------------+--------------+--------------+-----------+-----------+---------+-------+
| keystone_v3.create_role | 0.399     | 0.417        | 0.471        | 0.489        | 0.508     | 0.428     | 100.0%  | 10    |
| keystone_v3.list_roles  | 0.023     | 0.035        | 0.042        | 0.043        | 0.043     | 0.034     | 100.0%  | 10    |
| total                   | 0.433     | 0.449        | 0.505        | 0.526        | 0.548     | 0.462     | 100.0%  | 10    |
|  -> duration            | 0.433     | 0.449        | 0.505        | 0.526        | 0.548     | 0.462     | 100.0%  | 10    |
|  -> idle_duration       | 0.0       | 0.0          | 0.0          | 0.0          | 0.0       | 0.0       | 100.0%  | 10    |
+-------------------------+-----------+--------------+--------------+--------------+-----------+-----------+---------+-------+

Load duration: 6.096107
Full duration: 21.348902

HINTS:
* To plot HTML graphics with this data, run:
	rally task report 9e925a68-2b50-4734-8c15-cf177035ca38 --out output.html

* To generate a JUnit report, run:
	rally task export 9e925a68-2b50-4734-8c15-cf177035ca38 --type junit --to output.xml

* To get raw JSON output of task results, run:
	rally task report 9e925a68-2b50-4734-8c15-cf177035ca38 --json --out output.json

--------------------------------------------------------------------------------
Preparing input task
--------------------------------------------------------------------------------

Task is:
{
    "KeystoneBasic.create_tenant": [
        {
            "args": {},
            "runner": {
                "type": "constant",
                "times": 100,
                "concurrency": 10
            },
            "sla": {
                "failure_rate": {
                    "max": 0
                }
            }
        }
    ]
}

Task syntax is correct :)
Running Rally version 0.10.1~dev119
--------------------------------------------------------------------------------
Task  e73101a3-5eb3-408f-91d5-4fd77cc70097: started
--------------------------------------------------------------------------------

Running Task... This can take a while...

To track task status use:

	rally task status
	or
	rally task detailed

Using task: e73101a3-5eb3-408f-91d5-4fd77cc70097
2018-06-28 16:40:17.098 42785 INFO rally.task.engine [-] Task e73101a3-5eb3-408f-91d5-4fd77cc70097 | Starting:  Task validation.
2018-06-28 16:40:17.110 42785 INFO rally.task.engine [-] Task e73101a3-5eb3-408f-91d5-4fd77cc70097 | Starting:  Task validation of syntax.
2018-06-28 16:40:17.128 42785 INFO rally.task.engine [-] Task e73101a3-5eb3-408f-91d5-4fd77cc70097 | Completed: Task validation of syntax.
2018-06-28 16:40:17.129 42785 INFO rally.task.engine [-] Task e73101a3-5eb3-408f-91d5-4fd77cc70097 | Starting:  Task validation of required platforms.
2018-06-28 16:40:17.137 42785 INFO rally.task.engine [-] Task e73101a3-5eb3-408f-91d5-4fd77cc70097 | Completed: Task validation of required platforms.
2018-06-28 16:40:17.137 42785 INFO rally.task.engine [-] Task e73101a3-5eb3-408f-91d5-4fd77cc70097 | Starting:  Task validation of semantic.
2018-06-28 16:40:20.255 42785 INFO rally.task.context [-] Task e73101a3-5eb3-408f-91d5-4fd77cc70097 | Context users@openstack setup()  finished in 2.45 sec
2018-06-28 16:40:20.266 42785 INFO rally.task.context [-] Task e73101a3-5eb3-408f-91d5-4fd77cc70097 | Context users@openstack cleanup() started
2018-06-28 16:40:23.573 42785 INFO rally.task.context [-] Task e73101a3-5eb3-408f-91d5-4fd77cc70097 | Context users@openstack cleanup() finished in 3.31 sec
2018-06-28 16:40:23.574 42785 INFO rally.task.engine [-] Task e73101a3-5eb3-408f-91d5-4fd77cc70097 | Completed: Task validation of semantic.
2018-06-28 16:40:23.574 42785 INFO rally.task.engine [-] Task e73101a3-5eb3-408f-91d5-4fd77cc70097 | Completed: Task validation.
2018-06-28 16:40:23.575 42785 INFO rally.api [-] Task e73101a3-5eb3-408f-91d5-4fd77cc70097 input file is valid.
2018-06-28 16:40:23.575 42785 INFO rally.api [-] Run Task e73101a3-5eb3-408f-91d5-4fd77cc70097 against Deployment 7a37a5af-20ae-460e-97c7-4fdb337cc0b6
2018-06-28 16:40:23.575 42785 INFO rally.task.engine [-] Task e73101a3-5eb3-408f-91d5-4fd77cc70097 | Starting:  Running task.
2018-06-28 16:40:23.626 42785 INFO rally.task.engine [-] Running workload: 
  position = 0
  config = {
   "version": 2, 
   "title": "A cropped version of a bigger task.", 
   "description": "Auto-generated task from a single workload (uuid=cfdb3b13-1346-4dfa-bc0c-7a86222b4bb9)", 
   "subtasks": [
      {
         "title": "KeystoneBasic.create_tenant", 
         "description": "Create a keystone tenant with random name.", 
         "scenario": {
            "KeystoneBasic.create_tenant": {}
         }, 
         "contexts": {}, 
         "runner": {
            "constant": {
               "times": 100, 
               "concurrency": 10
            }
         }, 
         "hooks": [], 
         "sla": {
            "failure_rate": {
               "max": 0
            }
         }
      }
   ]
}
2018-06-28 16:40:26.384 42785 INFO rally.task.context [-] Task e73101a3-5eb3-408f-91d5-4fd77cc70097 | Context users@openstack setup()  finished in 2.73 sec
2018-06-28 16:40:26.384 42785 INFO rally.task.context [-] Task e73101a3-5eb3-408f-91d5-4fd77cc70097 | Context admin_cleanup@openstack setup()  finished in 0.01 msec
2018-06-28 16:40:26.444 42915 INFO rally.task.runner [-] Task e73101a3-5eb3-408f-91d5-4fd77cc70097 | ITER: 3 START
2018-06-28 16:40:26.440 42914 INFO rally.task.runner [-] Task e73101a3-5eb3-408f-91d5-4fd77cc70097 | ITER: 2 START
2018-06-28 16:40:26.439 42913 INFO rally.task.runner [-] Task e73101a3-5eb3-408f-91d5-4fd77cc70097 | ITER: 1 START
2018-06-28 16:40:26.445 42916 INFO rally.task.runner [-] Task e73101a3-5eb3-408f-91d5-4fd77cc70097 | ITER: 4 START
2018-06-28 16:40:26.450 42921 INFO rally.task.runner [-] Task e73101a3-5eb3-408f-91d5-4fd77cc70097 | ITER: 5 START
2018-06-28 16:40:26.453 42926 INFO rally.task.runner [-] Task e73101a3-5eb3-408f-91d5-4fd77cc70097 | ITER: 6 START
2018-06-28 16:40:26.458 42928 INFO rally.task.runner [-] Task e73101a3-5eb3-408f-91d5-4fd77cc70097 | ITER: 7 START
2018-06-28 16:40:26.465 42932 INFO rally.task.runner [-] Task e73101a3-5eb3-408f-91d5-4fd77cc70097 | ITER: 8 START
2018-06-28 16:40:26.469 42935 INFO rally.task.runner [-] Task e73101a3-5eb3-408f-91d5-4fd77cc70097 | ITER: 9 START
2018-06-28 16:40:26.472 42937 INFO rally.task.runner [-] Task e73101a3-5eb3-408f-91d5-4fd77cc70097 | ITER: 10 START
2018-06-28 16:40:27.842 42915 INFO rally.task.runner [-] Task e73101a3-5eb3-408f-91d5-4fd77cc70097 | ITER: 3 END: OK
2018-06-28 16:40:27.843 42928 INFO rally.task.runner [-] Task e73101a3-5eb3-408f-91d5-4fd77cc70097 | ITER: 7 END: OK
2018-06-28 16:40:27.845 42915 INFO rally.task.runner [-] Task e73101a3-5eb3-408f-91d5-4fd77cc70097 | ITER: 11 START
2018-06-28 16:40:27.847 42928 INFO rally.task.runner [-] Task e73101a3-5eb3-408f-91d5-4fd77cc70097 | ITER: 12 START
2018-06-28 16:40:27.855 42921 INFO rally.task.runner [-] Task e73101a3-5eb3-408f-91d5-4fd77cc70097 | ITER: 5 END: OK
2018-06-28 16:40:27.857 42921 INFO rally.task.runner [-] Task e73101a3-5eb3-408f-91d5-4fd77cc70097 | ITER: 13 START
2018-06-28 16:40:27.860 42926 INFO rally.task.runner [-] Task e73101a3-5eb3-408f-91d5-4fd77cc70097 | ITER: 6 END: OK
2018-06-28 16:40:27.863 42926 INFO rally.task.runner [-] Task e73101a3-5eb3-408f-91d5-4fd77cc70097 | ITER: 14 START
2018-06-28 16:40:27.867 42913 INFO rally.task.runner [-] Task e73101a3-5eb3-408f-91d5-4fd77cc70097 | ITER: 1 END: OK
2018-06-28 16:40:27.869 42913 INFO rally.task.runner [-] Task e73101a3-5eb3-408f-91d5-4fd77cc70097 | ITER: 15 START
2018-06-28 16:40:27.881 42914 INFO rally.task.runner [-] Task e73101a3-5eb3-408f-91d5-4fd77cc70097 | ITER: 2 END: OK
2018-06-28 16:40:27.883 42935 INFO rally.task.runner [-] Task e73101a3-5eb3-408f-91d5-4fd77cc70097 | ITER: 9 END: OK
2018-06-28 16:40:27.884 42914 INFO rally.task.runner [-] Task e73101a3-5eb3-408f-91d5-4fd77cc70097 | ITER: 16 START
2018-06-28 16:40:27.884 42937 INFO rally.task.runner [-] Task e73101a3-5eb3-408f-91d5-4fd77cc70097 | ITER: 10 END: OK
2018-06-28 16:40:27.886 42935 INFO rally.task.runner [-] Task e73101a3-5eb3-408f-91d5-4fd77cc70097 | ITER: 17 START
2018-06-28 16:40:27.887 42937 INFO rally.task.runner [-] Task e73101a3-5eb3-408f-91d5-4fd77cc70097 | ITER: 18 START
2018-06-28 16:40:27.889 42932 INFO rally.task.runner [-] Task e73101a3-5eb3-408f-91d5-4fd77cc70097 | ITER: 8 END: OK
2018-06-28 16:40:27.891 42932 INFO rally.task.runner [-] Task e73101a3-5eb3-408f-91d5-4fd77cc70097 | ITER: 19 START
2018-06-28 16:40:27.895 42916 INFO rally.task.runner [-] Task e73101a3-5eb3-408f-91d5-4fd77cc70097 | ITER: 4 END: OK
2018-06-28 16:40:27.898 42916 INFO rally.task.runner [-] Task e73101a3-5eb3-408f-91d5-4fd77cc70097 | ITER: 20 START
2018-06-28 16:40:29.093 42926 INFO rally.task.runner [-] Task e73101a3-5eb3-408f-91d5-4fd77cc70097 | ITER: 14 END: OK
2018-06-28 16:40:29.093 42913 INFO rally.task.runner [-] Task e73101a3-5eb3-408f-91d5-4fd77cc70097 | ITER: 15 END: OK
2018-06-28 16:40:29.096 42913 INFO rally.task.runner [-] Task e73101a3-5eb3-408f-91d5-4fd77cc70097 | ITER: 22 START
2018-06-28 16:40:29.096 42926 INFO rally.task.runner [-] Task e73101a3-5eb3-408f-91d5-4fd77cc70097 | ITER: 21 START
2018-06-28 16:40:29.107 42916 INFO rally.task.runner [-] Task e73101a3-5eb3-408f-91d5-4fd77cc70097 | ITER: 20 END: OK
2018-06-28 16:40:29.108 42915 INFO rally.task.runner [-] Task e73101a3-5eb3-408f-91d5-4fd77cc70097 | ITER: 11 END: OK
2018-06-28 16:40:29.109 42932 INFO rally.task.runner [-] Task e73101a3-5eb3-408f-91d5-4fd77cc70097 | ITER: 19 END: OK
2018-06-28 16:40:29.110 42935 INFO rally.task.runner [-] Task e73101a3-5eb3-408f-91d5-4fd77cc70097 | ITER: 17 END: OK
2018-06-28 16:40:29.110 42916 INFO rally.task.runner [-] Task e73101a3-5eb3-408f-91d5-4fd77cc70097 | ITER: 23 START
2018-06-28 16:40:29.110 42915 INFO rally.task.runner [-] Task e73101a3-5eb3-408f-91d5-4fd77cc70097 | ITER: 24 START
2018-06-28 16:40:29.113 42932 INFO rally.task.runner [-] Task e73101a3-5eb3-408f-91d5-4fd77cc70097 | ITER: 25 START
2018-06-28 16:40:29.113 42935 INFO rally.task.runner [-] Task e73101a3-5eb3-408f-91d5-4fd77cc70097 | ITER: 26 START
2018-06-28 16:40:29.117 42914 INFO rally.task.runner [-] Task e73101a3-5eb3-408f-91d5-4fd77cc70097 | ITER: 16 END: OK
2018-06-28 16:40:29.119 42921 INFO rally.task.runner [-] Task e73101a3-5eb3-408f-91d5-4fd77cc70097 | ITER: 13 END: OK
2018-06-28 16:40:29.120 42914 INFO rally.task.runner [-] Task e73101a3-5eb3-408f-91d5-4fd77cc70097 | ITER: 27 START
2018-06-28 16:40:29.122 42921 INFO rally.task.runner [-] Task e73101a3-5eb3-408f-91d5-4fd77cc70097 | ITER: 28 START
2018-06-28 16:40:29.124 42928 INFO rally.task.runner [-] Task e73101a3-5eb3-408f-91d5-4fd77cc70097 | ITER: 12 END: OK
2018-06-28 16:40:29.126 42928 INFO rally.task.runner [-] Task e73101a3-5eb3-408f-91d5-4fd77cc70097 | ITER: 29 START
2018-06-28 16:40:29.153 42937 INFO rally.task.runner [-] Task e73101a3-5eb3-408f-91d5-4fd77cc70097 | ITER: 18 END: OK
2018-06-28 16:40:29.156 42937 INFO rally.task.runner [-] Task e73101a3-5eb3-408f-91d5-4fd77cc70097 | ITER: 30 START
2018-06-28 16:40:30.331 42932 INFO rally.task.runner [-] Task e73101a3-5eb3-408f-91d5-4fd77cc70097 | ITER: 25 END: OK
2018-06-28 16:40:30.333 42932 INFO rally.task.runner [-] Task e73101a3-5eb3-408f-91d5-4fd77cc70097 | ITER: 31 START
2018-06-28 16:40:30.347 42914 INFO rally.task.runner [-] Task e73101a3-5eb3-408f-91d5-4fd77cc70097 | ITER: 27 END: OK
2018-06-28 16:40:30.350 42914 INFO rally.task.runner [-] Task e73101a3-5eb3-408f-91d5-4fd77cc70097 | ITER: 32 START
2018-06-28 16:40:30.354 42935 INFO rally.task.runner [-] Task e73101a3-5eb3-408f-91d5-4fd77cc70097 | ITER: 26 END: OK
2018-06-28 16:40:30.356 42935 INFO rally.task.runner [-] Task e73101a3-5eb3-408f-91d5-4fd77cc70097 | ITER: 33 START
2018-06-28 16:40:30.361 42926 INFO rally.task.runner [-] Task e73101a3-5eb3-408f-91d5-4fd77cc70097 | ITER: 21 END: OK
2018-06-28 16:40:30.364 42926 INFO rally.task.runner [-] Task e73101a3-5eb3-408f-91d5-4fd77cc70097 | ITER: 34 START
2018-06-28 16:40:30.365 42916 INFO rally.task.runner [-] Task e73101a3-5eb3-408f-91d5-4fd77cc70097 | ITER: 23 END: OK
2018-06-28 16:40:30.367 42916 INFO rally.task.runner [-] Task e73101a3-5eb3-408f-91d5-4fd77cc70097 | ITER: 35 START
2018-06-28 16:40:30.372 42913 INFO rally.task.runner [-] Task e73101a3-5eb3-408f-91d5-4fd77cc70097 | ITER: 22 END: OK
2018-06-28 16:40:30.374 42913 INFO rally.task.runner [-] Task e73101a3-5eb3-408f-91d5-4fd77cc70097 | ITER: 36 START
2018-06-28 16:40:30.379 42915 INFO rally.task.runner [-] Task e73101a3-5eb3-408f-91d5-4fd77cc70097 | ITER: 24 END: OK
2018-06-28 16:40:30.381 42915 INFO rally.task.runner [-] Task e73101a3-5eb3-408f-91d5-4fd77cc70097 | ITER: 37 START
2018-06-28 16:40:30.383 42937 INFO rally.task.runner [-] Task e73101a3-5eb3-408f-91d5-4fd77cc70097 | ITER: 30 END: OK
2018-06-28 16:40:30.385 42937 INFO rally.task.runner [-] Task e73101a3-5eb3-408f-91d5-4fd77cc70097 | ITER: 38 START
2018-06-28 16:40:30.392 42928 INFO rally.task.runner [-] Task e73101a3-5eb3-408f-91d5-4fd77cc70097 | ITER: 29 END: OK
2018-06-28 16:40:30.395 42928 INFO rally.task.runner [-] Task e73101a3-5eb3-408f-91d5-4fd77cc70097 | ITER: 39 START
2018-06-28 16:40:30.414 42921 INFO rally.task.runner [-] Task e73101a3-5eb3-408f-91d5-4fd77cc70097 | ITER: 28 END: OK
2018-06-28 16:40:30.416 42921 INFO rally.task.runner [-] Task e73101a3-5eb3-408f-91d5-4fd77cc70097 | ITER: 40 START
2018-06-28 16:40:31.592 42928 INFO rally.task.runner [-] Task e73101a3-5eb3-408f-91d5-4fd77cc70097 | ITER: 39 END: OK
2018-06-28 16:40:31.595 42928 INFO rally.task.runner [-] Task e73101a3-5eb3-408f-91d5-4fd77cc70097 | ITER: 41 START
2018-06-28 16:40:31.598 42915 INFO rally.task.runner [-] Task e73101a3-5eb3-408f-91d5-4fd77cc70097 | ITER: 37 END: OK
2018-06-28 16:40:31.601 42915 INFO rally.task.runner [-] Task e73101a3-5eb3-408f-91d5-4fd77cc70097 | ITER: 42 START
2018-06-28 16:40:31.615 42913 INFO rally.task.runner [-] Task e73101a3-5eb3-408f-91d5-4fd77cc70097 | ITER: 36 END: OK
2018-06-28 16:40:31.618 42913 INFO rally.task.runner [-] Task e73101a3-5eb3-408f-91d5-4fd77cc70097 | ITER: 43 START
2018-06-28 16:40:31.625 42914 INFO rally.task.runner [-] Task e73101a3-5eb3-408f-91d5-4fd77cc70097 | ITER: 32 END: OK
2018-06-28 16:40:31.627 42914 INFO rally.task.runner [-] Task e73101a3-5eb3-408f-91d5-4fd77cc70097 | ITER: 44 START
2018-06-28 16:40:31.630 42916 INFO rally.task.runner [-] Task e73101a3-5eb3-408f-91d5-4fd77cc70097 | ITER: 35 END: OK
2018-06-28 16:40:31.633 42916 INFO rally.task.runner [-] Task e73101a3-5eb3-408f-91d5-4fd77cc70097 | ITER: 45 START
2018-06-28 16:40:31.635 42926 INFO rally.task.runner [-] Task e73101a3-5eb3-408f-91d5-4fd77cc70097 | ITER: 34 END: OK
2018-06-28 16:40:31.638 42926 INFO rally.task.runner [-] Task e73101a3-5eb3-408f-91d5-4fd77cc70097 | ITER: 46 START
2018-06-28 16:40:31.642 42935 INFO rally.task.runner [-] Task e73101a3-5eb3-408f-91d5-4fd77cc70097 | ITER: 33 END: OK
2018-06-28 16:40:31.645 42935 INFO rally.task.runner [-] Task e73101a3-5eb3-408f-91d5-4fd77cc70097 | ITER: 47 START
2018-06-28 16:40:31.650 42921 INFO rally.task.runner [-] Task e73101a3-5eb3-408f-91d5-4fd77cc70097 | ITER: 40 END: OK
2018-06-28 16:40:31.652 42932 INFO rally.task.runner [-] Task e73101a3-5eb3-408f-91d5-4fd77cc70097 | ITER: 31 END: OK
2018-06-28 16:40:31.652 42921 INFO rally.task.runner [-] Task e73101a3-5eb3-408f-91d5-4fd77cc70097 | ITER: 48 START
2018-06-28 16:40:31.654 42932 INFO rally.task.runner [-] Task e73101a3-5eb3-408f-91d5-4fd77cc70097 | ITER: 49 START
2018-06-28 16:40:31.685 42937 INFO rally.task.runner [-] Task e73101a3-5eb3-408f-91d5-4fd77cc70097 | ITER: 38 END: OK
2018-06-28 16:40:31.688 42937 INFO rally.task.runner [-] Task e73101a3-5eb3-408f-91d5-4fd77cc70097 | ITER: 50 START
2018-06-28 16:40:32.841 42916 INFO rally.task.runner [-] Task e73101a3-5eb3-408f-91d5-4fd77cc70097 | ITER: 45 END: OK
2018-06-28 16:40:32.844 42916 INFO rally.task.runner [-] Task e73101a3-5eb3-408f-91d5-4fd77cc70097 | ITER: 51 START
2018-06-28 16:40:32.855 42913 INFO rally.task.runner [-] Task e73101a3-5eb3-408f-91d5-4fd77cc70097 | ITER: 43 END: OK
2018-06-28 16:40:32.858 42913 INFO rally.task.runner [-] Task e73101a3-5eb3-408f-91d5-4fd77cc70097 | ITER: 52 START
2018-06-28 16:40:32.864 42935 INFO rally.task.runner [-] Task e73101a3-5eb3-408f-91d5-4fd77cc70097 | ITER: 47 END: OK
2018-06-28 16:40:32.865 42935 INFO rally.task.runner [-] Task e73101a3-5eb3-408f-91d5-4fd77cc70097 | ITER: 53 START
2018-06-28 16:40:32.866 42914 INFO rally.task.runner [-] Task e73101a3-5eb3-408f-91d5-4fd77cc70097 | ITER: 44 END: OK
2018-06-28 16:40:32.869 42914 INFO rally.task.runner [-] Task e73101a3-5eb3-408f-91d5-4fd77cc70097 | ITER: 54 START
2018-06-28 16:40:32.879 42921 INFO rally.task.runner [-] Task e73101a3-5eb3-408f-91d5-4fd77cc70097 | ITER: 48 END: OK
2018-06-28 16:40:32.881 42921 INFO rally.task.runner [-] Task e73101a3-5eb3-408f-91d5-4fd77cc70097 | ITER: 55 START
2018-06-28 16:40:32.884 42928 INFO rally.task.runner [-] Task e73101a3-5eb3-408f-91d5-4fd77cc70097 | ITER: 41 END: OK
2018-06-28 16:40:32.886 42928 INFO rally.task.runner [-] Task e73101a3-5eb3-408f-91d5-4fd77cc70097 | ITER: 56 START
2018-06-28 16:40:32.891 42926 INFO rally.task.runner [-] Task e73101a3-5eb3-408f-91d5-4fd77cc70097 | ITER: 46 END: OK
2018-06-28 16:40:32.893 42926 INFO rally.task.runner [-] Task e73101a3-5eb3-408f-91d5-4fd77cc70097 | ITER: 57 START
2018-06-28 16:40:32.896 42937 INFO rally.task.runner [-] Task e73101a3-5eb3-408f-91d5-4fd77cc70097 | ITER: 50 END: OK
2018-06-28 16:40:32.899 42937 INFO rally.task.runner [-] Task e73101a3-5eb3-408f-91d5-4fd77cc70097 | ITER: 58 START
2018-06-28 16:40:32.908 42932 INFO rally.task.runner [-] Task e73101a3-5eb3-408f-91d5-4fd77cc70097 | ITER: 49 END: OK
2018-06-28 16:40:32.911 42932 INFO rally.task.runner [-] Task e73101a3-5eb3-408f-91d5-4fd77cc70097 | ITER: 59 START
2018-06-28 16:40:32.944 42915 INFO rally.task.runner [-] Task e73101a3-5eb3-408f-91d5-4fd77cc70097 | ITER: 42 END: OK
2018-06-28 16:40:32.946 42915 INFO rally.task.runner [-] Task e73101a3-5eb3-408f-91d5-4fd77cc70097 | ITER: 60 START
2018-06-28 16:40:34.091 42913 INFO rally.task.runner [-] Task e73101a3-5eb3-408f-91d5-4fd77cc70097 | ITER: 52 END: OK
2018-06-28 16:40:34.092 42928 INFO rally.task.runner [-] Task e73101a3-5eb3-408f-91d5-4fd77cc70097 | ITER: 56 END: OK
2018-06-28 16:40:34.094 42913 INFO rally.task.runner [-] Task e73101a3-5eb3-408f-91d5-4fd77cc70097 | ITER: 61 START
2018-06-28 16:40:34.095 42928 INFO rally.task.runner [-] Task e73101a3-5eb3-408f-91d5-4fd77cc70097 | ITER: 62 START
2018-06-28 16:40:34.103 42916 INFO rally.task.runner [-] Task e73101a3-5eb3-408f-91d5-4fd77cc70097 | ITER: 51 END: OK
2018-06-28 16:40:34.104 42921 INFO rally.task.runner [-] Task e73101a3-5eb3-408f-91d5-4fd77cc70097 | ITER: 55 END: OK
2018-06-28 16:40:34.105 42916 INFO rally.task.runner [-] Task e73101a3-5eb3-408f-91d5-4fd77cc70097 | ITER: 63 START
2018-06-28 16:40:34.106 42921 INFO rally.task.runner [-] Task e73101a3-5eb3-408f-91d5-4fd77cc70097 | ITER: 64 START
2018-06-28 16:40:34.107 42937 INFO rally.task.runner [-] Task e73101a3-5eb3-408f-91d5-4fd77cc70097 | ITER: 58 END: OK
2018-06-28 16:40:34.109 42937 INFO rally.task.runner [-] Task e73101a3-5eb3-408f-91d5-4fd77cc70097 | ITER: 65 START
2018-06-28 16:40:34.114 42932 INFO rally.task.runner [-] Task e73101a3-5eb3-408f-91d5-4fd77cc70097 | ITER: 59 END: OK
2018-06-28 16:40:34.116 42932 INFO rally.task.runner [-] Task e73101a3-5eb3-408f-91d5-4fd77cc70097 | ITER: 66 START
2018-06-28 16:40:34.130 42935 INFO rally.task.runner [-] Task e73101a3-5eb3-408f-91d5-4fd77cc70097 | ITER: 53 END: OK
2018-06-28 16:40:34.131 42926 INFO rally.task.runner [-] Task e73101a3-5eb3-408f-91d5-4fd77cc70097 | ITER: 57 END: OK
2018-06-28 16:40:34.132 42935 INFO rally.task.runner [-] Task e73101a3-5eb3-408f-91d5-4fd77cc70097 | ITER: 67 START
2018-06-28 16:40:34.134 42926 INFO rally.task.runner [-] Task e73101a3-5eb3-408f-91d5-4fd77cc70097 | ITER: 68 START
2018-06-28 16:40:34.139 42914 INFO rally.task.runner [-] Task e73101a3-5eb3-408f-91d5-4fd77cc70097 | ITER: 54 END: OK
2018-06-28 16:40:34.141 42914 INFO rally.task.runner [-] Task e73101a3-5eb3-408f-91d5-4fd77cc70097 | ITER: 69 START
2018-06-28 16:40:34.167 42915 INFO rally.task.runner [-] Task e73101a3-5eb3-408f-91d5-4fd77cc70097 | ITER: 60 END: OK
2018-06-28 16:40:34.169 42915 INFO rally.task.runner [-] Task e73101a3-5eb3-408f-91d5-4fd77cc70097 | ITER: 70 START
2018-06-28 16:40:35.331 42928 INFO rally.task.runner [-] Task e73101a3-5eb3-408f-91d5-4fd77cc70097 | ITER: 62 END: OK
2018-06-28 16:40:35.332 42913 INFO rally.task.runner [-] Task e73101a3-5eb3-408f-91d5-4fd77cc70097 | ITER: 61 END: OK
2018-06-28 16:40:35.333 42928 INFO rally.task.runner [-] Task e73101a3-5eb3-408f-91d5-4fd77cc70097 | ITER: 71 START
2018-06-28 16:40:35.334 42913 INFO rally.task.runner [-] Task e73101a3-5eb3-408f-91d5-4fd77cc70097 | ITER: 72 START
2018-06-28 16:40:35.336 42914 INFO rally.task.runner [-] Task e73101a3-5eb3-408f-91d5-4fd77cc70097 | ITER: 69 END: OK
2018-06-28 16:40:35.339 42914 INFO rally.task.runner [-] Task e73101a3-5eb3-408f-91d5-4fd77cc70097 | ITER: 73 START
2018-06-28 16:40:35.342 42937 INFO rally.task.runner [-] Task e73101a3-5eb3-408f-91d5-4fd77cc70097 | ITER: 65 END: OK
2018-06-28 16:40:35.344 42937 INFO rally.task.runner [-] Task e73101a3-5eb3-408f-91d5-4fd77cc70097 | ITER: 74 START
2018-06-28 16:40:35.347 42915 INFO rally.task.runner [-] Task e73101a3-5eb3-408f-91d5-4fd77cc70097 | ITER: 70 END: OK
2018-06-28 16:40:35.347 42921 INFO rally.task.runner [-] Task e73101a3-5eb3-408f-91d5-4fd77cc70097 | ITER: 64 END: OK
2018-06-28 16:40:35.349 42915 INFO rally.task.runner [-] Task e73101a3-5eb3-408f-91d5-4fd77cc70097 | ITER: 75 START
2018-06-28 16:40:35.350 42921 INFO rally.task.runner [-] Task e73101a3-5eb3-408f-91d5-4fd77cc70097 | ITER: 76 START
2018-06-28 16:40:35.351 42916 INFO rally.task.runner [-] Task e73101a3-5eb3-408f-91d5-4fd77cc70097 | ITER: 63 END: OK
2018-06-28 16:40:35.353 42935 INFO rally.task.runner [-] Task e73101a3-5eb3-408f-91d5-4fd77cc70097 | ITER: 67 END: OK
2018-06-28 16:40:35.354 42916 INFO rally.task.runner [-] Task e73101a3-5eb3-408f-91d5-4fd77cc70097 | ITER: 77 START
2018-06-28 16:40:35.355 42935 INFO rally.task.runner [-] Task e73101a3-5eb3-408f-91d5-4fd77cc70097 | ITER: 78 START
2018-06-28 16:40:35.367 42932 INFO rally.task.runner [-] Task e73101a3-5eb3-408f-91d5-4fd77cc70097 | ITER: 66 END: OK
2018-06-28 16:40:35.369 42932 INFO rally.task.runner [-] Task e73101a3-5eb3-408f-91d5-4fd77cc70097 | ITER: 79 START
2018-06-28 16:40:35.375 42926 INFO rally.task.runner [-] Task e73101a3-5eb3-408f-91d5-4fd77cc70097 | ITER: 68 END: OK
2018-06-28 16:40:35.378 42926 INFO rally.task.runner [-] Task e73101a3-5eb3-408f-91d5-4fd77cc70097 | ITER: 80 START
2018-06-28 16:40:36.579 42928 INFO rally.task.runner [-] Task e73101a3-5eb3-408f-91d5-4fd77cc70097 | ITER: 71 END: OK
2018-06-28 16:40:36.579 42932 INFO rally.task.runner [-] Task e73101a3-5eb3-408f-91d5-4fd77cc70097 | ITER: 79 END: OK
2018-06-28 16:40:36.581 42932 INFO rally.task.runner [-] Task e73101a3-5eb3-408f-91d5-4fd77cc70097 | ITER: 82 START
2018-06-28 16:40:36.581 42928 INFO rally.task.runner [-] Task e73101a3-5eb3-408f-91d5-4fd77cc70097 | ITER: 81 START
2018-06-28 16:40:36.589 42914 INFO rally.task.runner [-] Task e73101a3-5eb3-408f-91d5-4fd77cc70097 | ITER: 73 END: OK
2018-06-28 16:40:36.592 42914 INFO rally.task.runner [-] Task e73101a3-5eb3-408f-91d5-4fd77cc70097 | ITER: 83 START
2018-06-28 16:40:36.611 42937 INFO rally.task.runner [-] Task e73101a3-5eb3-408f-91d5-4fd77cc70097 | ITER: 74 END: OK
2018-06-28 16:40:36.613 42937 INFO rally.task.runner [-] Task e73101a3-5eb3-408f-91d5-4fd77cc70097 | ITER: 84 START
2018-06-28 16:40:36.617 42935 INFO rally.task.runner [-] Task e73101a3-5eb3-408f-91d5-4fd77cc70097 | ITER: 78 END: OK
2018-06-28 16:40:36.618 42921 INFO rally.task.runner [-] Task e73101a3-5eb3-408f-91d5-4fd77cc70097 | ITER: 76 END: OK
2018-06-28 16:40:36.619 42935 INFO rally.task.runner [-] Task e73101a3-5eb3-408f-91d5-4fd77cc70097 | ITER: 85 START
2018-06-28 16:40:36.620 42921 INFO rally.task.runner [-] Task e73101a3-5eb3-408f-91d5-4fd77cc70097 | ITER: 86 START
2018-06-28 16:40:36.621 42915 INFO rally.task.runner [-] Task e73101a3-5eb3-408f-91d5-4fd77cc70097 | ITER: 75 END: OK
2018-06-28 16:40:36.623 42915 INFO rally.task.runner [-] Task e73101a3-5eb3-408f-91d5-4fd77cc70097 | ITER: 87 START
2018-06-28 16:40:36.623 42916 INFO rally.task.runner [-] Task e73101a3-5eb3-408f-91d5-4fd77cc70097 | ITER: 77 END: OK
2018-06-28 16:40:36.625 42916 INFO rally.task.runner [-] Task e73101a3-5eb3-408f-91d5-4fd77cc70097 | ITER: 88 START
2018-06-28 16:40:36.640 42913 INFO rally.task.runner [-] Task e73101a3-5eb3-408f-91d5-4fd77cc70097 | ITER: 72 END: OK
2018-06-28 16:40:36.643 42913 INFO rally.task.runner [-] Task e73101a3-5eb3-408f-91d5-4fd77cc70097 | ITER: 89 START
2018-06-28 16:40:36.653 42926 INFO rally.task.runner [-] Task e73101a3-5eb3-408f-91d5-4fd77cc70097 | ITER: 80 END: OK
2018-06-28 16:40:36.656 42926 INFO rally.task.runner [-] Task e73101a3-5eb3-408f-91d5-4fd77cc70097 | ITER: 90 START
2018-06-28 16:40:37.825 42915 INFO rally.task.runner [-] Task e73101a3-5eb3-408f-91d5-4fd77cc70097 | ITER: 87 END: OK
2018-06-28 16:40:37.829 42915 INFO rally.task.runner [-] Task e73101a3-5eb3-408f-91d5-4fd77cc70097 | ITER: 91 START
2018-06-28 16:40:37.831 42935 INFO rally.task.runner [-] Task e73101a3-5eb3-408f-91d5-4fd77cc70097 | ITER: 85 END: OK
2018-06-28 16:40:37.833 42935 INFO rally.task.runner [-] Task e73101a3-5eb3-408f-91d5-4fd77cc70097 | ITER: 92 START
2018-06-28 16:40:37.835 42932 INFO rally.task.runner [-] Task e73101a3-5eb3-408f-91d5-4fd77cc70097 | ITER: 82 END: OK
2018-06-28 16:40:37.838 42932 INFO rally.task.runner [-] Task e73101a3-5eb3-408f-91d5-4fd77cc70097 | ITER: 93 START
2018-06-28 16:40:37.838 42928 INFO rally.task.runner [-] Task e73101a3-5eb3-408f-91d5-4fd77cc70097 | ITER: 81 END: OK
2018-06-28 16:40:37.840 42921 INFO rally.task.runner [-] Task e73101a3-5eb3-408f-91d5-4fd77cc70097 | ITER: 86 END: OK
2018-06-28 16:40:37.841 42928 INFO rally.task.runner [-] Task e73101a3-5eb3-408f-91d5-4fd77cc70097 | ITER: 94 START
2018-06-28 16:40:37.843 42921 INFO rally.task.runner [-] Task e73101a3-5eb3-408f-91d5-4fd77cc70097 | ITER: 95 START
2018-06-28 16:40:37.847 42913 INFO rally.task.runner [-] Task e73101a3-5eb3-408f-91d5-4fd77cc70097 | ITER: 89 END: OK
2018-06-28 16:40:37.850 42913 INFO rally.task.runner [-] Task e73101a3-5eb3-408f-91d5-4fd77cc70097 | ITER: 96 START
2018-06-28 16:40:37.873 42926 INFO rally.task.runner [-] Task e73101a3-5eb3-408f-91d5-4fd77cc70097 | ITER: 90 END: OK
2018-06-28 16:40:37.876 42926 INFO rally.task.runner [-] Task e73101a3-5eb3-408f-91d5-4fd77cc70097 | ITER: 97 START
2018-06-28 16:40:37.880 42916 INFO rally.task.runner [-] Task e73101a3-5eb3-408f-91d5-4fd77cc70097 | ITER: 88 END: OK
2018-06-28 16:40:37.883 42916 INFO rally.task.runner [-] Task e73101a3-5eb3-408f-91d5-4fd77cc70097 | ITER: 98 START
2018-06-28 16:40:37.890 42937 INFO rally.task.runner [-] Task e73101a3-5eb3-408f-91d5-4fd77cc70097 | ITER: 84 END: OK
2018-06-28 16:40:37.892 42937 INFO rally.task.runner [-] Task e73101a3-5eb3-408f-91d5-4fd77cc70097 | ITER: 99 START
2018-06-28 16:40:37.897 42914 INFO rally.task.runner [-] Task e73101a3-5eb3-408f-91d5-4fd77cc70097 | ITER: 83 END: OK
2018-06-28 16:40:37.899 42914 INFO rally.task.runner [-] Task e73101a3-5eb3-408f-91d5-4fd77cc70097 | ITER: 100 START
2018-06-28 16:40:39.070 42926 INFO rally.task.runner [-] Task e73101a3-5eb3-408f-91d5-4fd77cc70097 | ITER: 97 END: OK
2018-06-28 16:40:39.072 42921 INFO rally.task.runner [-] Task e73101a3-5eb3-408f-91d5-4fd77cc70097 | ITER: 95 END: OK
2018-06-28 16:40:39.100 42937 INFO rally.task.runner [-] Task e73101a3-5eb3-408f-91d5-4fd77cc70097 | ITER: 99 END: OK
