2018-05-31 19:19:39.242 24234 INFO rally.task.runner [-] Task 798385d5-92ca-4f79-bf76-40852d7cab5c | ITER: 76 END: OK
2018-05-31 19:19:39.245 24234 INFO rally.task.runner [-] Task 798385d5-92ca-4f79-bf76-40852d7cab5c | ITER: 88 START
2018-05-31 19:19:39.276 24213 INFO rally.task.runner [-] Task 798385d5-92ca-4f79-bf76-40852d7cab5c | ITER: 79 END: OK
2018-05-31 19:19:39.279 24213 INFO rally.task.runner [-] Task 798385d5-92ca-4f79-bf76-40852d7cab5c | ITER: 89 START
2018-05-31 19:19:39.301 24229 INFO rally.task.runner [-] Task 798385d5-92ca-4f79-bf76-40852d7cab5c | ITER: 80 END: OK
2018-05-31 19:19:39.304 24229 INFO rally.task.runner [-] Task 798385d5-92ca-4f79-bf76-40852d7cab5c | ITER: 90 START
2018-05-31 19:19:40.361 24224 INFO rally.task.runner [-] Task 798385d5-92ca-4f79-bf76-40852d7cab5c | ITER: 82 END: OK
2018-05-31 19:19:40.363 24224 INFO rally.task.runner [-] Task 798385d5-92ca-4f79-bf76-40852d7cab5c | ITER: 91 START
2018-05-31 19:19:40.413 24217 INFO rally.task.runner [-] Task 798385d5-92ca-4f79-bf76-40852d7cab5c | ITER: 84 END: OK
2018-05-31 19:19:40.415 24217 INFO rally.task.runner [-] Task 798385d5-92ca-4f79-bf76-40852d7cab5c | ITER: 92 START
2018-05-31 19:19:40.436 24211 INFO rally.task.runner [-] Task 798385d5-92ca-4f79-bf76-40852d7cab5c | ITER: 81 END: OK
2018-05-31 19:19:40.439 24211 INFO rally.task.runner [-] Task 798385d5-92ca-4f79-bf76-40852d7cab5c | ITER: 93 START
2018-05-31 19:19:40.477 24223 INFO rally.task.runner [-] Task 798385d5-92ca-4f79-bf76-40852d7cab5c | ITER: 85 END: OK
2018-05-31 19:19:40.479 24223 INFO rally.task.runner [-] Task 798385d5-92ca-4f79-bf76-40852d7cab5c | ITER: 94 START
2018-05-31 19:19:40.483 24220 INFO rally.task.runner [-] Task 798385d5-92ca-4f79-bf76-40852d7cab5c | ITER: 83 END: OK
2018-05-31 19:19:40.486 24220 INFO rally.task.runner [-] Task 798385d5-92ca-4f79-bf76-40852d7cab5c | ITER: 95 START
2018-05-31 19:19:40.499 24210 INFO rally.task.runner [-] Task 798385d5-92ca-4f79-bf76-40852d7cab5c | ITER: 87 END: OK
2018-05-31 19:19:40.502 24210 INFO rally.task.runner [-] Task 798385d5-92ca-4f79-bf76-40852d7cab5c | ITER: 96 START
2018-05-31 19:19:40.509 24209 INFO rally.task.runner [-] Task 798385d5-92ca-4f79-bf76-40852d7cab5c | ITER: 86 END: OK
2018-05-31 19:19:40.511 24209 INFO rally.task.runner [-] Task 798385d5-92ca-4f79-bf76-40852d7cab5c | ITER: 97 START
2018-05-31 19:19:40.555 24234 INFO rally.task.runner [-] Task 798385d5-92ca-4f79-bf76-40852d7cab5c | ITER: 88 END: OK
2018-05-31 19:19:40.558 24234 INFO rally.task.runner [-] Task 798385d5-92ca-4f79-bf76-40852d7cab5c | ITER: 98 START
2018-05-31 19:19:40.570 24229 INFO rally.task.runner [-] Task 798385d5-92ca-4f79-bf76-40852d7cab5c | ITER: 90 END: OK
2018-05-31 19:19:40.573 24229 INFO rally.task.runner [-] Task 798385d5-92ca-4f79-bf76-40852d7cab5c | ITER: 99 START
2018-05-31 19:19:40.687 24213 INFO rally.task.runner [-] Task 798385d5-92ca-4f79-bf76-40852d7cab5c | ITER: 89 END: OK
2018-05-31 19:19:40.690 24213 INFO rally.task.runner [-] Task 798385d5-92ca-4f79-bf76-40852d7cab5c | ITER: 100 START
2018-05-31 19:19:41.646 24224 INFO rally.task.runner [-] Task 798385d5-92ca-4f79-bf76-40852d7cab5c | ITER: 91 END: OK
2018-05-31 19:19:41.731 24217 INFO rally.task.runner [-] Task 798385d5-92ca-4f79-bf76-40852d7cab5c | ITER: 92 END: OK
2018-05-31 19:19:41.807 24209 INFO rally.task.runner [-] Task 798385d5-92ca-4f79-bf76-40852d7cab5c | ITER: 97 END: OK
2018-05-31 19:19:41.807 24210 INFO rally.task.runner [-] Task 798385d5-92ca-4f79-bf76-40852d7cab5c | ITER: 96 END: OK
2018-05-31 19:19:41.817 24211 INFO rally.task.runner [-] Task 798385d5-92ca-4f79-bf76-40852d7cab5c | ITER: 93 END: OK
2018-05-31 19:19:41.832 24223 INFO rally.task.runner [-] Task 798385d5-92ca-4f79-bf76-40852d7cab5c | ITER: 94 END: OK
2018-05-31 19:19:41.837 24220 INFO rally.task.runner [-] Task 798385d5-92ca-4f79-bf76-40852d7cab5c | ITER: 95 END: OK
2018-05-31 19:19:41.859 24234 INFO rally.task.runner [-] Task 798385d5-92ca-4f79-bf76-40852d7cab5c | ITER: 98 END: OK
2018-05-31 19:19:41.927 24229 INFO rally.task.runner [-] Task 798385d5-92ca-4f79-bf76-40852d7cab5c | ITER: 99 END: OK
2018-05-31 19:19:42.014 24213 INFO rally.task.runner [-] Task 798385d5-92ca-4f79-bf76-40852d7cab5c | ITER: 100 END: OK
2018-05-31 19:19:42.041 24081 INFO rally.task.context [-] Task 798385d5-92ca-4f79-bf76-40852d7cab5c | Context admin_cleanup@openstack cleanup() started
2018-05-31 19:19:58.522 24081 INFO rally.task.context [-] Task 798385d5-92ca-4f79-bf76-40852d7cab5c | Context admin_cleanup@openstack cleanup() finished in 16.48 sec
2018-05-31 19:19:58.523 24081 INFO rally.task.context [-] Task 798385d5-92ca-4f79-bf76-40852d7cab5c | Context users@openstack cleanup() started
2018-05-31 19:20:02.770 24081 INFO rally.task.context [-] Task 798385d5-92ca-4f79-bf76-40852d7cab5c | Context users@openstack cleanup() finished in 4.25 sec
2018-05-31 19:20:03.703 24081 INFO rally.task.engine [-] Load duration is: 12.495696
2018-05-31 19:20:03.704 24081 INFO rally.task.engine [-] Full runner duration is: 13.5425
2018-05-31 19:20:03.704 24081 INFO rally.task.engine [-] Full duration is: 37.353841
2018-05-31 19:20:03.809 24081 INFO rally.task.engine [-] Task 798385d5-92ca-4f79-bf76-40852d7cab5c | Completed: Running task.

--------------------------------------------------------------------------------
Task 798385d5-92ca-4f79-bf76-40852d7cab5c: finished
--------------------------------------------------------------------------------

test scenario KeystoneBasic.create_tenant
args position 0
args values:
{
  "runner": {
    "times": 100, 
    "concurrency": 10
  }, 
  "contexts": {}, 
  "args": {}, 
  "sla": {
    "failure_rate": {
      "max": 0
    }
  }, 
  "hooks": []
}

--------------------------------------------------------------------------------
Task 798385d5-92ca-4f79-bf76-40852d7cab5c has 0 error(s)
--------------------------------------------------------------------------------

+-------------------------------------------------------------------------------------------------------------------------------+
|                                                     Response Times (sec)                                                      |
+----------------------------+-----------+--------------+--------------+--------------+-----------+-----------+---------+-------+
| Action                     | Min (sec) | Median (sec) | 90%ile (sec) | 95%ile (sec) | Max (sec) | Avg (sec) | Success | Count |
+----------------------------+-----------+--------------+--------------+--------------+-----------+-----------+---------+-------+
| keystone_v3.create_project | 0.461     | 0.484        | 0.529        | 0.538        | 0.62      | 0.491     | 100.0%  | 100   |
| total                      | 0.461     | 0.484        | 0.529        | 0.538        | 0.62      | 0.491     | 100.0%  | 100   |
|  -> duration               | 0.461     | 0.484        | 0.529        | 0.538        | 0.62      | 0.491     | 100.0%  | 100   |
|  -> idle_duration          | 0.0       | 0.0          | 0.0          | 0.0          | 0.0       | 0.0       | 100.0%  | 100   |
+----------------------------+-----------+--------------+--------------+--------------+-----------+-----------+---------+-------+

Load duration: 12.495696
Full duration: 37.353841

HINTS:
* To plot HTML graphics with this data, run:
	rally task report 798385d5-92ca-4f79-bf76-40852d7cab5c --out output.html

* To generate a JUnit report, run:
	rally task export 798385d5-92ca-4f79-bf76-40852d7cab5c --type junit --to output.xml

* To get raw JSON output of task results, run:
	rally task report 798385d5-92ca-4f79-bf76-40852d7cab5c --json --out output.json

--------------------------------------------------------------------------------
Preparing input task
--------------------------------------------------------------------------------

Task is:
{
    "KeystoneBasic.get_entities": [
    {
            "runner": {
                "type": "constant",
                "times": 100,
                "concurrency": 10
            },
            "sla": {
                "failure_rate": {
                    "max": 0
                }
            }
        }
    ]
}

Task syntax is correct :)
Running Rally version 0.10.1~dev119
--------------------------------------------------------------------------------
Task  084e016e-3521-4c2f-9880-885b248b9670: started
--------------------------------------------------------------------------------

Running Task... This can take a while...

To track task status use:

	rally task status
	or
	rally task detailed

Using task: 084e016e-3521-4c2f-9880-885b248b9670
2018-05-31 19:20:05.517 24460 INFO rally.task.engine [-] Task 084e016e-3521-4c2f-9880-885b248b9670 | Starting:  Task validation.
2018-05-31 19:20:05.525 24460 INFO rally.task.engine [-] Task 084e016e-3521-4c2f-9880-885b248b9670 | Starting:  Task validation of syntax.
2018-05-31 19:20:05.533 24460 INFO rally.task.engine [-] Task 084e016e-3521-4c2f-9880-885b248b9670 | Completed: Task validation of syntax.
2018-05-31 19:20:05.533 24460 INFO rally.task.engine [-] Task 084e016e-3521-4c2f-9880-885b248b9670 | Starting:  Task validation of required platforms.
2018-05-31 19:20:05.537 24460 INFO rally.task.engine [-] Task 084e016e-3521-4c2f-9880-885b248b9670 | Completed: Task validation of required platforms.
2018-05-31 19:20:05.537 24460 INFO rally.task.engine [-] Task 084e016e-3521-4c2f-9880-885b248b9670 | Starting:  Task validation of semantic.
2018-05-31 19:20:08.748 24460 INFO rally.task.context [-] Task 084e016e-3521-4c2f-9880-885b248b9670 | Context users@openstack setup()  finished in 2.48 sec
2018-05-31 19:20:08.759 24460 INFO rally.task.context [-] Task 084e016e-3521-4c2f-9880-885b248b9670 | Context users@openstack cleanup() started
2018-05-31 19:20:13.251 24460 INFO rally.task.context [-] Task 084e016e-3521-4c2f-9880-885b248b9670 | Context users@openstack cleanup() finished in 4.49 sec
2018-05-31 19:20:13.252 24460 INFO rally.task.engine [-] Task 084e016e-3521-4c2f-9880-885b248b9670 | Completed: Task validation of semantic.
2018-05-31 19:20:13.252 24460 INFO rally.task.engine [-] Task 084e016e-3521-4c2f-9880-885b248b9670 | Completed: Task validation.
2018-05-31 19:20:13.253 24460 INFO rally.api [-] Task 084e016e-3521-4c2f-9880-885b248b9670 input file is valid.
2018-05-31 19:20:13.253 24460 INFO rally.api [-] Run Task 084e016e-3521-4c2f-9880-885b248b9670 against Deployment 9645acaa-d81e-48ac-8b77-9fe1d18f70f5
2018-05-31 19:20:13.253 24460 INFO rally.task.engine [-] Task 084e016e-3521-4c2f-9880-885b248b9670 | Starting:  Running task.
2018-05-31 19:20:13.291 24460 INFO rally.task.engine [-] Running workload: 
  position = 0
  config = {
   "version": 2, 
   "title": "A cropped version of a bigger task.", 
   "description": "Auto-generated task from a single workload (uuid=c4532bbb-fa91-449a-88fb-fc9b96ed2d6b)", 
   "subtasks": [
      {
         "title": "KeystoneBasic.get_entities", 
         "description": "Get instance of a tenant, user, role and service by id's.", 
         "scenario": {
            "KeystoneBasic.get_entities": {}
         }, 
         "contexts": {}, 
         "runner": {
            "constant": {
               "times": 100, 
               "concurrency": 10
            }
         }, 
         "hooks": [], 
         "sla": {
            "failure_rate": {
               "max": 0
            }
         }
      }
   ]
}
2018-05-31 19:20:15.831 24460 INFO rally.task.context [-] Task 084e016e-3521-4c2f-9880-885b248b9670 | Context users@openstack setup()  finished in 2.51 sec
2018-05-31 19:20:15.832 24460 INFO rally.task.context [-] Task 084e016e-3521-4c2f-9880-885b248b9670 | Context admin_cleanup@openstack setup()  finished in 0.01 msec
2018-05-31 19:20:15.855 24588 INFO rally.task.runner [-] Task 084e016e-3521-4c2f-9880-885b248b9670 | ITER: 1 START
2018-05-31 19:20:15.858 24589 INFO rally.task.runner [-] Task 084e016e-3521-4c2f-9880-885b248b9670 | ITER: 2 START
2018-05-31 19:20:15.858 24590 INFO rally.task.runner [-] Task 084e016e-3521-4c2f-9880-885b248b9670 | ITER: 3 START
2018-05-31 19:20:15.860 24592 INFO rally.task.runner [-] Task 084e016e-3521-4c2f-9880-885b248b9670 | ITER: 4 START
2018-05-31 19:20:15.865 24597 INFO rally.task.runner [-] Task 084e016e-3521-4c2f-9880-885b248b9670 | ITER: 5 START
2018-05-31 19:20:15.866 24601 INFO rally.task.runner [-] Task 084e016e-3521-4c2f-9880-885b248b9670 | ITER: 6 START
2018-05-31 19:20:15.869 24602 INFO rally.task.runner [-] Task 084e016e-3521-4c2f-9880-885b248b9670 | ITER: 7 START
2018-05-31 19:20:15.873 24607 INFO rally.task.runner [-] Task 084e016e-3521-4c2f-9880-885b248b9670 | ITER: 8 START
2018-05-31 19:20:15.874 24610 INFO rally.task.runner [-] Task 084e016e-3521-4c2f-9880-885b248b9670 | ITER: 9 START
2018-05-31 19:20:15.879 24613 INFO rally.task.runner [-] Task 084e016e-3521-4c2f-9880-885b248b9670 | ITER: 10 START
2018-05-31 19:20:17.642 24588 INFO rally.task.runner [-] Task 084e016e-3521-4c2f-9880-885b248b9670 | ITER: 1 END: OK
2018-05-31 19:20:17.643 24613 INFO rally.task.runner [-] Task 084e016e-3521-4c2f-9880-885b248b9670 | ITER: 10 END: OK
2018-05-31 19:20:17.644 24588 INFO rally.task.runner [-] Task 084e016e-3521-4c2f-9880-885b248b9670 | ITER: 11 START
2018-05-31 19:20:17.646 24613 INFO rally.task.runner [-] Task 084e016e-3521-4c2f-9880-885b248b9670 | ITER: 12 START
2018-05-31 19:20:17.646 24610 INFO rally.task.runner [-] Task 084e016e-3521-4c2f-9880-885b248b9670 | ITER: 9 END: OK
2018-05-31 19:20:17.648 24610 INFO rally.task.runner [-] Task 084e016e-3521-4c2f-9880-885b248b9670 | ITER: 13 START
2018-05-31 19:20:17.651 24607 INFO rally.task.runner [-] Task 084e016e-3521-4c2f-9880-885b248b9670 | ITER: 8 END: OK
2018-05-31 19:20:17.653 24607 INFO rally.task.runner [-] Task 084e016e-3521-4c2f-9880-885b248b9670 | ITER: 14 START
2018-05-31 19:20:17.657 24592 INFO rally.task.runner [-] Task 084e016e-3521-4c2f-9880-885b248b9670 | ITER: 4 END: OK
2018-05-31 19:20:17.657 24589 INFO rally.task.runner [-] Task 084e016e-3521-4c2f-9880-885b248b9670 | ITER: 2 END: OK
2018-05-31 19:20:17.659 24592 INFO rally.task.runner [-] Task 084e016e-3521-4c2f-9880-885b248b9670 | ITER: 15 START
2018-05-31 19:20:17.660 24589 INFO rally.task.runner [-] Task 084e016e-3521-4c2f-9880-885b248b9670 | ITER: 16 START
2018-05-31 19:20:17.660 24601 INFO rally.task.runner [-] Task 084e016e-3521-4c2f-9880-885b248b9670 | ITER: 6 END: OK
2018-05-31 19:20:17.663 24601 INFO rally.task.runner [-] Task 084e016e-3521-4c2f-9880-885b248b9670 | ITER: 17 START
2018-05-31 19:20:17.670 24590 INFO rally.task.runner [-] Task 084e016e-3521-4c2f-9880-885b248b9670 | ITER: 3 END: OK
2018-05-31 19:20:17.674 24590 INFO rally.task.runner [-] Task 084e016e-3521-4c2f-9880-885b248b9670 | ITER: 18 START
2018-05-31 19:20:17.706 24602 INFO rally.task.runner [-] Task 084e016e-3521-4c2f-9880-885b248b9670 | ITER: 7 END: OK
2018-05-31 19:20:17.708 24602 INFO rally.task.runner [-] Task 084e016e-3521-4c2f-9880-885b248b9670 | ITER: 19 START
2018-05-31 19:20:17.709 24597 INFO rally.task.runner [-] Task 084e016e-3521-4c2f-9880-885b248b9670 | ITER: 5 END: OK
2018-05-31 19:20:17.711 24597 INFO rally.task.runner [-] Task 084e016e-3521-4c2f-9880-885b248b9670 | ITER: 20 START
2018-05-31 19:20:19.328 24592 INFO rally.task.runner [-] Task 084e016e-3521-4c2f-9880-885b248b9670 | ITER: 15 END: OK
2018-05-31 19:20:19.330 24592 INFO rally.task.runner [-] Task 084e016e-3521-4c2f-9880-885b248b9670 | ITER: 21 START
2018-05-31 19:20:19.331 24602 INFO rally.task.runner [-] Task 084e016e-3521-4c2f-9880-885b248b9670 | ITER: 19 END: OK
2018-05-31 19:20:19.333 24602 INFO rally.task.runner [-] Task 084e016e-3521-4c2f-9880-885b248b9670 | ITER: 22 START
2018-05-31 19:20:19.345 24588 INFO rally.task.runner [-] Task 084e016e-3521-4c2f-9880-885b248b9670 | ITER: 11 END: OK
2018-05-31 19:20:19.346 24610 INFO rally.task.runner [-] Task 084e016e-3521-4c2f-9880-885b248b9670 | ITER: 13 END: OK
2018-05-31 19:20:19.347 24588 INFO rally.task.runner [-] Task 084e016e-3521-4c2f-9880-885b248b9670 | ITER: 23 START
2018-05-31 19:20:19.348 24610 INFO rally.task.runner [-] Task 084e016e-3521-4c2f-9880-885b248b9670 | ITER: 24 START
2018-05-31 19:20:19.348 24607 INFO rally.task.runner [-] Task 084e016e-3521-4c2f-9880-885b248b9670 | ITER: 14 END: OK
2018-05-31 19:20:19.350 24607 INFO rally.task.runner [-] Task 084e016e-3521-4c2f-9880-885b248b9670 | ITER: 25 START
2018-05-31 19:20:19.356 24613 INFO rally.task.runner [-] Task 084e016e-3521-4c2f-9880-885b248b9670 | ITER: 12 END: OK
2018-05-31 19:20:19.358 24613 INFO rally.task.runner [-] Task 084e016e-3521-4c2f-9880-885b248b9670 | ITER: 26 START
2018-05-31 19:20:19.379 24589 INFO rally.task.runner [-] Task 084e016e-3521-4c2f-9880-885b248b9670 | ITER: 16 END: OK
2018-05-31 19:20:19.381 24589 INFO rally.task.runner [-] Task 084e016e-3521-4c2f-9880-885b248b9670 | ITER: 27 START
2018-05-31 19:20:19.397 24590 INFO rally.task.runner [-] Task 084e016e-3521-4c2f-9880-885b248b9670 | ITER: 18 END: OK
2018-05-31 19:20:19.399 24601 INFO rally.task.runner [-] Task 084e016e-3521-4c2f-9880-885b248b9670 | ITER: 17 END: OK
2018-05-31 19:20:19.399 24590 INFO rally.task.runner [-] Task 084e016e-3521-4c2f-9880-885b248b9670 | ITER: 28 START
2018-05-31 19:20:19.400 24601 INFO rally.task.runner [-] Task 084e016e-3521-4c2f-9880-885b248b9670 | ITER: 29 START
2018-05-31 19:20:19.409 24597 INFO rally.task.runner [-] Task 084e016e-3521-4c2f-9880-885b248b9670 | ITER: 20 END: OK
2018-05-31 19:20:19.410 24597 INFO rally.task.runner [-] Task 084e016e-3521-4c2f-9880-885b248b9670 | ITER: 30 START
2018-05-31 19:20:21.029 24589 INFO rally.task.runner [-] Task 084e016e-3521-4c2f-9880-885b248b9670 | ITER: 27 END: OK
2018-05-31 19:20:21.031 24589 INFO rally.task.runner [-] Task 084e016e-3521-4c2f-9880-885b248b9670 | ITER: 31 START
2018-05-31 19:20:21.042 24613 INFO rally.task.runner [-] Task 084e016e-3521-4c2f-9880-885b248b9670 | ITER: 26 END: OK
2018-05-31 19:20:21.044 24613 INFO rally.task.runner [-] Task 084e016e-3521-4c2f-9880-885b248b9670 | ITER: 32 START
2018-05-31 19:20:21.045 24601 INFO rally.task.runner [-] Task 084e016e-3521-4c2f-9880-885b248b9670 | ITER: 29 END: OK
2018-05-31 19:20:21.047 24601 INFO rally.task.runner [-] Task 084e016e-3521-4c2f-9880-885b248b9670 | ITER: 33 START
2018-05-31 19:20:21.051 24610 INFO rally.task.runner [-] Task 084e016e-3521-4c2f-9880-885b248b9670 | ITER: 24 END: OK
2018-05-31 19:20:21.053 24597 INFO rally.task.runner [-] Task 084e016e-3521-4c2f-9880-885b248b9670 | ITER: 30 END: OK
2018-05-31 19:20:21.054 24610 INFO rally.task.runner [-] Task 084e016e-3521-4c2f-9880-885b248b9670 | ITER: 34 START
2018-05-31 19:20:21.054 24602 INFO rally.task.runner [-] Task 084e016e-3521-4c2f-9880-885b248b9670 | ITER: 22 END: OK
2018-05-31 19:20:21.055 24588 INFO rally.task.runner [-] Task 084e016e-3521-4c2f-9880-885b248b9670 | ITER: 23 END: OK
2018-05-31 19:20:21.056 24602 INFO rally.task.runner [-] Task 084e016e-3521-4c2f-9880-885b248b9670 | ITER: 36 START
2018-05-31 19:20:21.057 24588 INFO rally.task.runner [-] Task 084e016e-3521-4c2f-9880-885b248b9670 | ITER: 37 START
2018-05-31 19:20:21.058 24597 INFO rally.task.runner [-] Task 084e016e-3521-4c2f-9880-885b248b9670 | ITER: 35 START
2018-05-31 19:20:21.090 24592 INFO rally.task.runner [-] Task 084e016e-3521-4c2f-9880-885b248b9670 | ITER: 21 END: OK
2018-05-31 19:20:21.092 24592 INFO rally.task.runner [-] Task 084e016e-3521-4c2f-9880-885b248b9670 | ITER: 38 START
2018-05-31 19:20:21.098 24607 INFO rally.task.runner [-] Task 084e016e-3521-4c2f-9880-885b248b9670 | ITER: 25 END: OK
2018-05-31 19:20:21.100 24607 INFO rally.task.runner [-] Task 084e016e-3521-4c2f-9880-885b248b9670 | ITER: 39 START
2018-05-31 19:20:21.139 24590 INFO rally.task.runner [-] Task 084e016e-3521-4c2f-9880-885b248b9670 | ITER: 28 END: OK
2018-05-31 19:20:21.141 24590 INFO rally.task.runner [-] Task 084e016e-3521-4c2f-9880-885b248b9670 | ITER: 40 START
2018-05-31 19:20:22.748 24597 INFO rally.task.runner [-] Task 084e016e-3521-4c2f-9880-885b248b9670 | ITER: 35 END: OK
2018-05-31 19:20:22.750 24597 INFO rally.task.runner [-] Task 084e016e-3521-4c2f-9880-885b248b9670 | ITER: 41 START
2018-05-31 19:20:22.757 24589 INFO rally.task.runner [-] Task 084e016e-3521-4c2f-9880-885b248b9670 | ITER: 31 END: OK
2018-05-31 19:20:22.760 24589 INFO rally.task.runner [-] Task 084e016e-3521-4c2f-9880-885b248b9670 | ITER: 42 START
2018-05-31 19:20:22.762 24613 INFO rally.task.runner [-] Task 084e016e-3521-4c2f-9880-885b248b9670 | ITER: 32 END: OK
2018-05-31 19:20:22.763 24607 INFO rally.task.runner [-] Task 084e016e-3521-4c2f-9880-885b248b9670 | ITER: 39 END: OK
2018-05-31 19:20:22.763 24601 INFO rally.task.runner [-] Task 084e016e-3521-4c2f-9880-885b248b9670 | ITER: 33 END: OK
2018-05-31 19:20:22.764 24613 INFO rally.task.runner [-] Task 084e016e-3521-4c2f-9880-885b248b9670 | ITER: 43 START
2018-05-31 19:20:22.765 24607 INFO rally.task.runner [-] Task 084e016e-3521-4c2f-9880-885b248b9670 | ITER: 44 START
2018-05-31 19:20:22.765 24601 INFO rally.task.runner [-] Task 084e016e-3521-4c2f-9880-885b248b9670 | ITER: 45 START
2018-05-31 19:20:22.770 24592 INFO rally.task.runner [-] Task 084e016e-3521-4c2f-9880-885b248b9670 | ITER: 38 END: OK
2018-05-31 19:20:22.772 24592 INFO rally.task.runner [-] Task 084e016e-3521-4c2f-9880-885b248b9670 | ITER: 46 START
2018-05-31 19:20:22.796 24588 INFO rally.task.runner [-] Task 084e016e-3521-4c2f-9880-885b248b9670 | ITER: 37 END: OK
2018-05-31 19:20:22.799 24588 INFO rally.task.runner [-] Task 084e016e-3521-4c2f-9880-885b248b9670 | ITER: 47 START
2018-05-31 19:20:22.803 24610 INFO rally.task.runner [-] Task 084e016e-3521-4c2f-9880-885b248b9670 | ITER: 34 END: OK
2018-05-31 19:20:22.804 24610 INFO rally.task.runner [-] Task 084e016e-3521-4c2f-9880-885b248b9670 | ITER: 48 START
2018-05-31 19:20:22.807 24590 INFO rally.task.runner [-] Task 084e016e-3521-4c2f-9880-885b248b9670 | ITER: 40 END: OK
2018-05-31 19:20:22.809 24590 INFO rally.task.runner [-] Task 084e016e-3521-4c2f-9880-885b248b9670 | ITER: 49 START
2018-05-31 19:20:22.847 24602 INFO rally.task.runner [-] Task 084e016e-3521-4c2f-9880-885b248b9670 | ITER: 36 END: OK
2018-05-31 19:20:22.850 24602 INFO rally.task.runner [-] Task 084e016e-3521-4c2f-9880-885b248b9670 | ITER: 50 START
2018-05-31 19:20:24.457 24589 INFO rally.task.runner [-] Task 084e016e-3521-4c2f-9880-885b248b9670 | ITER: 42 END: OK
2018-05-31 19:20:24.460 24589 INFO rally.task.runner [-] Task 084e016e-3521-4c2f-9880-885b248b9670 | ITER: 51 START
2018-05-31 19:20:24.461 24597 INFO rally.task.runner [-] Task 084e016e-3521-4c2f-9880-885b248b9670 | ITER: 41 END: OK
2018-05-31 19:20:24.463 24597 INFO rally.task.runner [-] Task 084e016e-3521-4c2f-9880-885b248b9670 | ITER: 52 START
2018-05-31 19:20:24.482 24613 INFO rally.task.runner [-] Task 084e016e-3521-4c2f-9880-885b248b9670 | ITER: 43 END: OK
2018-05-31 19:20:24.484 24607 INFO rally.task.runner [-] Task 084e016e-3521-4c2f-9880-885b248b9670 | ITER: 44 END: OK
2018-05-31 19:20:24.484 24613 INFO rally.task.runner [-] Task 084e016e-3521-4c2f-9880-885b248b9670 | ITER: 53 START
2018-05-31 19:20:24.485 24590 INFO rally.task.runner [-] Task 084e016e-3521-4c2f-9880-885b248b9670 | ITER: 49 END: OK
2018-05-31 19:20:24.486 24607 INFO rally.task.runner [-] Task 084e016e-3521-4c2f-9880-885b248b9670 | ITER: 54 START
2018-05-31 19:20:24.486 24601 INFO rally.task.runner [-] Task 084e016e-3521-4c2f-9880-885b248b9670 | ITER: 45 END: OK
2018-05-31 19:20:24.487 24590 INFO rally.task.runner [-] Task 084e016e-3521-4c2f-9880-885b248b9670 | ITER: 55 START
2018-05-31 19:20:24.489 24601 INFO rally.task.runner [-] Task 084e016e-3521-4c2f-9880-885b248b9670 | ITER: 56 START
2018-05-31 19:20:24.501 24610 INFO rally.task.runner [-] Task 084e016e-3521-4c2f-9880-885b248b9670 | ITER: 48 END: OK
2018-05-31 19:20:24.503 24610 INFO rally.task.runner [-] Task 084e016e-3521-4c2f-9880-885b248b9670 | ITER: 57 START
2018-05-31 19:20:24.519 24602 INFO rally.task.runner [-] Task 084e016e-3521-4c2f-9880-885b248b9670 | ITER: 50 END: OK
2018-05-31 19:20:24.521 24592 INFO rally.task.runner [-] Task 084e016e-3521-4c2f-9880-885b248b9670 | ITER: 46 END: OK
2018-05-31 19:20:24.521 24602 INFO rally.task.runner [-] Task 084e016e-3521-4c2f-9880-885b248b9670 | ITER: 58 START
2018-05-31 19:20:24.522 24592 INFO rally.task.runner [-] Task 084e016e-3521-4c2f-9880-885b248b9670 | ITER: 59 START
2018-05-31 19:20:24.538 24588 INFO rally.task.runner [-] Task 084e016e-3521-4c2f-9880-885b248b9670 | ITER: 47 END: OK
2018-05-31 19:20:24.540 24588 INFO rally.task.runner [-] Task 084e016e-3521-4c2f-9880-885b248b9670 | ITER: 60 START
2018-05-31 19:20:26.168 24607 INFO rally.task.runner [-] Task 084e016e-3521-4c2f-9880-885b248b9670 | ITER: 54 END: OK
2018-05-31 19:20:26.169 24602 INFO rally.task.runner [-] Task 084e016e-3521-4c2f-9880-885b248b9670 | ITER: 58 END: OK
2018-05-31 19:20:26.171 24607 INFO rally.task.runner [-] Task 084e016e-3521-4c2f-9880-885b248b9670 | ITER: 61 START
2018-05-31 19:20:26.171 24602 INFO rally.task.runner [-] Task 084e016e-3521-4c2f-9880-885b248b9670 | ITER: 62 START
2018-05-31 19:20:26.208 24601 INFO rally.task.runner [-] Task 084e016e-3521-4c2f-9880-885b248b9670 | ITER: 56 END: OK
2018-05-31 19:20:26.209 24610 INFO rally.task.runner [-] Task 084e016e-3521-4c2f-9880-885b248b9670 | ITER: 57 END: OK
2018-05-31 19:20:26.210 24589 INFO rally.task.runner [-] Task 084e016e-3521-4c2f-9880-885b248b9670 | ITER: 51 END: OK
2018-05-31 19:20:26.210 24601 INFO rally.task.runner [-] Task 084e016e-3521-4c2f-9880-885b248b9670 | ITER: 63 START
2018-05-31 19:20:26.212 24589 INFO rally.task.runner [-] Task 084e016e-3521-4c2f-9880-885b248b9670 | ITER: 64 START
2018-05-31 19:20:26.213 24610 INFO rally.task.runner [-] Task 084e016e-3521-4c2f-9880-885b248b9670 | ITER: 65 START
2018-05-31 19:20:26.215 24597 INFO rally.task.runner [-] Task 084e016e-3521-4c2f-9880-885b248b9670 | ITER: 52 END: OK
2018-05-31 19:20:26.217 24597 INFO rally.task.runner [-] Task 084e016e-3521-4c2f-9880-885b248b9670 | ITER: 66 START
2018-05-31 19:20:26.228 24613 INFO rally.task.runner [-] Task 084e016e-3521-4c2f-9880-885b248b9670 | ITER: 53 END: OK
2018-05-31 19:20:26.229 24590 INFO rally.task.runner [-] Task 084e016e-3521-4c2f-9880-885b248b9670 | ITER: 55 END: OK
2018-05-31 19:20:26.229 24592 INFO rally.task.runner [-] Task 084e016e-3521-4c2f-9880-885b248b9670 | ITER: 59 END: OK
2018-05-31 19:20:26.230 24613 INFO rally.task.runner [-] Task 084e016e-3521-4c2f-9880-885b248b9670 | ITER: 67 START
2018-05-31 19:20:26.231 24590 INFO rally.task.runner [-] Task 084e016e-3521-4c2f-9880-885b248b9670 | ITER: 68 START
2018-05-31 19:20:26.231 24592 INFO rally.task.runner [-] Task 084e016e-3521-4c2f-9880-885b248b9670 | ITER: 69 START
2018-05-31 19:20:26.258 24588 INFO rally.task.runner [-] Task 084e016e-3521-4c2f-9880-885b248b9670 | ITER: 60 END: OK
2018-05-31 19:20:26.260 24588 INFO rally.task.runner [-] Task 084e016e-3521-4c2f-9880-885b248b9670 | ITER: 70 START
2018-05-31 19:20:27.883 24610 INFO rally.task.runner [-] Task 084e016e-3521-4c2f-9880-885b248b9670 | ITER: 65 END: OK
2018-05-31 19:20:27.885 24610 INFO rally.task.runner [-] Task 084e016e-3521-4c2f-9880-885b248b9670 | ITER: 71 START
2018-05-31 19:20:27.892 24589 INFO rally.task.runner [-] Task 084e016e-3521-4c2f-9880-885b248b9670 | ITER: 64 END: OK
2018-05-31 19:20:27.894 24589 INFO rally.task.runner [-] Task 084e016e-3521-4c2f-9880-885b248b9670 | ITER: 72 START
2018-05-31 19:20:27.902 24607 INFO rally.task.runner [-] Task 084e016e-3521-4c2f-9880-885b248b9670 | ITER: 61 END: OK
2018-05-31 19:20:27.904 24607 INFO rally.task.runner [-] Task 084e016e-3521-4c2f-9880-885b248b9670 | ITER: 73 START
2018-05-31 19:20:27.905 24602 INFO rally.task.runner [-] Task 084e016e-3521-4c2f-9880-885b248b9670 | ITER: 62 END: OK
2018-05-31 19:20:27.907 24592 INFO rally.task.runner [-] Task 084e016e-3521-4c2f-9880-885b248b9670 | ITER: 69 END: OK
2018-05-31 19:20:27.907 24602 INFO rally.task.runner [-] Task 084e016e-3521-4c2f-9880-885b248b9670 | ITER: 74 START
2018-05-31 19:20:27.910 24592 INFO rally.task.runner [-] Task 084e016e-3521-4c2f-9880-885b248b9670 | ITER: 75 START
2018-05-31 19:20:27.921 24597 INFO rally.task.runner [-] Task 084e016e-3521-4c2f-9880-885b248b9670 | ITER: 66 END: OK
2018-05-31 19:20:27.922 24597 INFO rally.task.runner [-] Task 084e016e-3521-4c2f-9880-885b248b9670 | ITER: 76 START
2018-05-31 19:20:27.928 24613 INFO rally.task.runner [-] Task 084e016e-3521-4c2f-9880-885b248b9670 | ITER: 67 END: OK
2018-05-31 19:20:27.930 24613 INFO rally.task.runner [-] Task 084e016e-3521-4c2f-9880-885b248b9670 | ITER: 77 START
2018-05-31 19:20:27.944 24590 INFO rally.task.runner [-] Task 084e016e-3521-4c2f-9880-885b248b9670 | ITER: 68 END: OK
2018-05-31 19:20:27.947 24590 INFO rally.task.runner [-] Task 084e016e-3521-4c2f-9880-885b248b9670 | ITER: 78 START
2018-05-31 19:20:27.948 24601 INFO rally.task.runner [-] Task 084e016e-3521-4c2f-9880-885b248b9670 | ITER: 63 END: OK
2018-05-31 19:20:27.950 24601 INFO rally.task.runner [-] Task 084e016e-3521-4c2f-9880-885b248b9670 | ITER: 79 START
2018-05-31 19:20:28.002 24588 INFO rally.task.runner [-] Task 084e016e-3521-4c2f-9880-885b248b9670 | ITER: 70 END: OK
2018-05-31 19:20:28.004 24588 INFO rally.task.runner [-] Task 084e016e-3521-4c2f-9880-885b248b9670 | ITER: 80 START
2018-05-31 19:20:29.623 24592 INFO rally.task.runner [-] Task 084e016e-3521-4c2f-9880-885b248b9670 | ITER: 75 END: OK
2018-05-31 19:20:29.624 24592 INFO rally.task.runner [-] Task 084e016e-3521-4c2f-9880-885b248b9670 | ITER: 81 START
2018-05-31 19:20:29.632 24588 INFO rally.task.runner [-] Task 084e016e-3521-4c2f-9880-885b248b9670 | ITER: 80 END: OK
2018-05-31 19:20:29.634 24588 INFO rally.task.runner [-] Task 084e016e-3521-4c2f-9880-885b248b9670 | ITER: 82 START
2018-05-31 19:20:29.640 24607 INFO rally.task.runner [-] Task 084e016e-3521-4c2f-9880-885b248b9670 | ITER: 73 END: OK
2018-05-31 19:20:29.643 24601 INFO rally.task.runner [-] Task 084e016e-3521-4c2f-9880-885b248b9670 | ITER: 79 END: OK
2018-05-31 19:20:29.643 24607 INFO rally.task.runner [-] Task 084e016e-3521-4c2f-9880-885b248b9670 | ITER: 83 START
2018-05-31 19:20:29.644 24601 INFO rally.task.runner [-] Task 084e016e-3521-4c2f-9880-885b248b9670 | ITER: 84 START
2018-05-31 19:20:29.660 24613 INFO rally.task.runner [-] Task 084e016e-3521-4c2f-9880-885b248b9670 | ITER: 77 END: OK
2018-05-31 19:20:29.662 24613 INFO rally.task.runner [-] Task 084e016e-3521-4c2f-9880-885b248b9670 | ITER: 85 START
2018-05-31 19:20:29.664 24602 INFO rally.task.runner [-] Task 084e016e-3521-4c2f-9880-885b248b9670 | ITER: 74 END: OK
2018-05-31 19:20:29.666 24602 INFO rally.task.runner [-] Task 084e016e-3521-4c2f-9880-885b248b9670 | ITER: 86 START
2018-05-31 19:20:29.668 24590 INFO rally.task.runner [-] Task 084e016e-3521-4c2f-9880-885b248b9670 | ITER: 78 END: OK
2018-05-31 19:20:29.670 24590 INFO rally.task.runner [-] Task 084e016e-3521-4c2f-9880-885b248b9670 | ITER: 87 START
2018-05-31 19:20:29.670 24589 INFO rally.task.runner [-] Task 084e016e-3521-4c2f-9880-885b248b9670 | ITER: 72 END: OK
2018-05-31 19:20:29.672 24589 INFO rally.task.runner [-] Task 084e016e-3521-4c2f-9880-885b248b9670 | ITER: 88 START
2018-05-31 19:20:29.677 24610 INFO rally.task.runner [-] Task 084e016e-3521-4c2f-9880-885b248b9670 | ITER: 71 END: OK
2018-05-31 19:20:29.679 24610 INFO rally.task.runner [-] Task 084e016e-3521-4c2f-9880-885b248b9670 | ITER: 89 START
2018-05-31 19:20:29.715 24597 INFO rally.task.runner [-] Task 084e016e-3521-4c2f-9880-885b248b9670 | ITER: 76 END: OK
2018-05-31 19:20:29.718 24597 INFO rally.task.runner [-] Task 084e016e-3521-4c2f-9880-885b248b9670 | ITER: 90 START
2018-05-31 19:20:31.342 24592 INFO rally.task.runner [-] Task 084e016e-3521-4c2f-9880-885b248b9670 | ITER: 81 END: OK
2018-05-31 19:20:31.343 24588 INFO rally.task.runner [-] Task 084e016e-3521-4c2f-9880-885b248b9670 | ITER: 82 END: OK
2018-05-31 19:20:31.345 24592 INFO rally.task.runner [-] Task 084e016e-3521-4c2f-9880-885b248b9670 | ITER: 91 START
2018-05-31 19:20:31.346 24588 INFO rally.task.runner [-] Task 084e016e-3521-4c2f-9880-885b248b9670 | ITER: 92 START
2018-05-31 19:20:31.351 24597 INFO rally.task.runner [-] Task 084e016e-3521-4c2f-9880-885b248b9670 | ITER: 90 END: OK
2018-05-31 19:20:31.351 24613 INFO rally.task.runner [-] Task 084e016e-3521-4c2f-9880-885b248b9670 | ITER: 85 END: OK
2018-05-31 19:20:31.352 24597 INFO rally.task.runner [-] Task 084e016e-3521-4c2f-9880-885b248b9670 | ITER: 93 START
2018-05-31 19:20:31.354 24613 INFO rally.task.runner [-] Task 084e016e-3521-4c2f-9880-885b248b9670 | ITER: 94 START
2018-05-31 19:20:31.355 24589 INFO rally.task.runner [-] Task 084e016e-3521-4c2f-9880-885b248b9670 | ITER: 88 END: OK
2018-05-31 19:20:31.357 24602 INFO rally.task.runner [-] Task 084e016e-3521-4c2f-9880-885b248b9670 | ITER: 86 END: OK
2018-05-31 19:20:31.357 24589 INFO rally.task.runner [-] Task 084e016e-3521-4c2f-9880-885b248b9670 | ITER: 95 START
2018-05-31 19:20:31.359 24602 INFO rally.task.runner [-] Task 084e016e-3521-4c2f-9880-885b248b9670 | ITER: 96 START
2018-05-31 19:20:31.372 24590 INFO rally.task.runner [-] Task 084e016e-3521-4c2f-9880-885b248b9670 | ITER: 87 END: OK
2018-05-31 19:20:31.374 24590 INFO rally.task.runner [-] Task 084e016e-3521-4c2f-9880-885b248b9670 | ITER: 97 START
2018-05-31 19:20:31.378 24601 INFO rally.task.runner [-] Task 084e016e-3521-4c2f-9880-885b248b9670 | ITER: 84 END: OK
2018-05-31 19:20:31.381 24601 INFO rally.task.runner [-] Task 084e016e-3521-4c2f-9880-885b248b9670 | ITER: 98 START
2018-05-31 19:20:31.391 24607 INFO rally.task.runner [-] Task 084e016e-3521-4c2f-9880-885b248b9670 | ITER: 83 END: OK
2018-05-31 19:20:31.393 24607 INFO rally.task.runner [-] Task 084e016e-3521-4c2f-9880-885b248b9670 | ITER: 99 START
2018-05-31 19:20:31.397 24610 INFO rally.task.runner [-] Task 084e016e-3521-4c2f-9880-885b248b9670 | ITER: 89 END: OK
2018-05-31 19:20:31.398 24610 INFO rally.task.runner [-] Task 084e016e-3521-4c2f-9880-885b248b9670 | ITER: 100 START
2018-05-31 19:20:33.036 24610 INFO rally.task.runner [-] Task 084e016e-3521-4c2f-9880-885b248b9670 | ITER: 100 END: OK
2018-05-31 19:20:33.055 24601 INFO rally.task.runner [-] Task 084e016e-3521-4c2f-9880-885b248b9670 | ITER: 98 END: OK
2018-05-31 19:20:33.073 24607 INFO rally.task.runner [-] Task 084e016e-3521-4c2f-9880-885b248b9670 | ITER: 99 END: OK
2018-05-31 19:20:33.078 24602 INFO rally.task.runner [-] Task 084e016e-3521-4c2f-9880-885b248b9670 | ITER: 96 END: OK
2018-05-31 19:20:33.093 24590 INFO rally.task.runner [-] Task 084e016e-3521-4c2f-9880-885b248b9670 | ITER: 97 END: OK
2018-05-31 19:20:33.093 24588 INFO rally.task.runner [-] Task 084e016e-3521-4c2f-9880-885b248b9670 | ITER: 92 END: OK
2018-05-31 19:20:33.102 24597 INFO rally.task.runner [-] Task 084e016e-3521-4c2f-9880-885b248b9670 | ITER: 93 END: OK
2018-05-31 19:20:33.109 24589 INFO rally.task.runner [-] Task 084e016e-3521-4c2f-9880-885b248b9670 | ITER: 95 END: OK
2018-05-31 19:20:33.109 24613 INFO rally.task.runner [-] Task 084e016e-3521-4c2f-9880-885b248b9670 | ITER: 94 END: OK
2018-05-31 19:20:33.120 24592 INFO rally.task.runner [-] Task 084e016e-3521-4c2f-9880-885b248b9670 | ITER: 91 END: OK
2018-05-31 19:20:33.145 24460 INFO rally.task.context [-] Task 084e016e-3521-4c2f-9880-885b248b9670 | Context admin_cleanup@openstack cleanup() started
2018-05-31 19:21:14.966 24460 INFO rally.task.context [-] Task 084e016e-3521-4c2f-9880-885b248b9670 | Context admin_cleanup@openstack cleanup() finished in 41.82 sec
2018-05-31 19:21:14.967 24460 INFO rally.task.context [-] Task 084e016e-3521-4c2f-9880-885b248b9670 | Context users@openstack cleanup() started
2018-05-31 19:21:18.809 24460 INFO rally.task.context [-] Task 084e016e-3521-4c2f-9880-885b248b9670 | Context users@openstack cleanup() finished in 3.84 sec
2018-05-31 19:21:20.272 24460 INFO rally.task.engine [-] Load duration is: 16.278353
2018-05-31 19:21:20.272 24460 INFO rally.task.engine [-] Full runner duration is: 17.306027
2018-05-31 19:21:20.273 24460 INFO rally.task.engine [-] Full duration is: 65.513279
2018-05-31 19:21:20.583 24460 INFO rally.task.engine [-] Task 084e016e-3521-4c2f-9880-885b248b9670 | Completed: Running task.

--------------------------------------------------------------------------------
Task 084e016e-3521-4c2f-9880-885b248b9670: finished
--------------------------------------------------------------------------------

test scenario KeystoneBasic.get_entities
args position 0
args values:
{
  "runner": {
    "times": 100, 
    "concurrency": 10
  }, 
  "contexts": {}, 
  "args": {}, 
  "sla": {
    "failure_rate": {
      "max": 0
    }
  }, 
  "hooks": []
}

--------------------------------------------------------------------------------
Task 084e016e-3521-4c2f-9880-885b248b9670 has 0 error(s)
--------------------------------------------------------------------------------

+-------------------------------------------------------------------------------------------------------------------------------+
|                                                     Response Times (sec)                                                      |
+----------------------------+-----------+--------------+--------------+--------------+-----------+-----------+---------+-------+
| Action                     | Min (sec) | Median (sec) | 90%ile (sec) | 95%ile (sec) | Max (sec) | Avg (sec) | Success | Count |
+----------------------------+-----------+--------------+--------------+--------------+-----------+-----------+---------+-------+
| keystone_v3.create_project | 0.464     | 0.486        | 0.52         | 0.537        | 0.582     | 0.492     | 100.0%  | 100   |
| keystone_v3.create_user    | 0.15      | 0.166        | 0.18         | 0.185        | 0.196     | 0.168     | 100.0%  | 100   |
|  -> keystone_v3.list_roles | 0.02      | 0.028        | 0.034        | 0.035        | 0.042     | 0.028     | 100.0%  | 100   |
|  -> keystone_v3.add_role   | 0.05      | 0.054        | 0.062        | 0.064        | 0.068     | 0.055     | 100.0%  | 100   |
| keystone_v3.create_role    | 0.026     | 0.028        | 0.034        | 0.035        | 0.04      | 0.029     | 100.0%  | 100   |
| keystone_v3.get_project    | 0.018     | 0.02         | 0.024        | 0.025        | 0.027     | 0.021     | 100.0%  | 100   |
| keystone_v3.get_user       | 0.018     | 0.02         | 0.024        | 0.025        | 0.028     | 0.021     | 100.0%  | 100   |
| keystone_v3.get_role       | 0.018     | 0.02         | 0.023        | 0.025        | 0.027     | 0.021     | 100.0%  | 100   |
| keystone_v3.list_services  | 0.02      | 0.023        | 0.027        | 0.029        | 0.092     | 0.024     | 100.0%  | 100   |
| keystone_v3.get_services   | 0.017     | 0.02         | 0.025        | 0.027        | 0.03      | 0.021     | 100.0%  | 100   |
| total                      | 0.774     | 0.812        | 0.857        | 0.864        | 0.898     | 0.818     | 100.0%  | 100   |
|  -> duration               | 0.774     | 0.812        | 0.857        | 0.864        | 0.898     | 0.818     | 100.0%  | 100   |
|  -> idle_duration          | 0.0       | 0.0          | 0.0          | 0.0          | 0.0       | 0.0       | 100.0%  | 100   |
+----------------------------+-----------+--------------+--------------+--------------+-----------+-----------+---------+-------+

Load duration: 16.278353
Full duration: 65.513279

HINTS:
* To plot HTML graphics with this data, run:
	rally task report 084e016e-3521-4c2f-9880-885b248b9670 --out output.html

* To generate a JUnit report, run:
	rally task export 084e016e-3521-4c2f-9880-885b248b9670 --type junit --to output.xml

* To get raw JSON output of task results, run:
	rally task report 084e016e-3521-4c2f-9880-885b248b9670 --json --out output.json

--------------------------------------------------------------------------------
Preparing input task
--------------------------------------------------------------------------------

Task is:
{
    "KeystoneBasic.create_and_delete_ec2credential": [
        {
            "runner": {
                "type": "constant",
                "times": 10,
                "concurrency": 5
            },
            "context": {
                "users": {
                    "tenants": 2,
                    "users_per_tenant": 2
                }
            },
            "sla": {
                "failure_rate": {
                    "max": 0
                }
            }
        }
    ]
}

Task syntax is correct :)
Running Rally version 0.10.1~dev119
--------------------------------------------------------------------------------
Task  3c668b9a-a8cf-4525-a8cb-041a009293aa: started
--------------------------------------------------------------------------------

Running Task... This can take a while...

To track task status use:

	rally task status
	or
	rally task detailed

Using task: 3c668b9a-a8cf-4525-a8cb-041a009293aa
2018-05-31 19:21:22.445 24839 INFO rally.task.engine [-] Task 3c668b9a-a8cf-4525-a8cb-041a009293aa | Starting:  Task validation.
2018-05-31 19:21:22.452 24839 INFO rally.task.engine [-] Task 3c668b9a-a8cf-4525-a8cb-041a009293aa | Starting:  Task validation of syntax.
2018-05-31 19:21:22.461 24839 INFO rally.task.engine [-] Task 3c668b9a-a8cf-4525-a8cb-041a009293aa | Completed: Task validation of syntax.
2018-05-31 19:21:22.461 24839 INFO rally.task.engine [-] Task 3c668b9a-a8cf-4525-a8cb-041a009293aa | Starting:  Task validation of required platforms.
2018-05-31 19:21:22.465 24839 INFO rally.task.engine [-] Task 3c668b9a-a8cf-4525-a8cb-041a009293aa | Completed: Task validation of required platforms.
2018-05-31 19:21:22.466 24839 INFO rally.task.engine [-] Task 3c668b9a-a8cf-4525-a8cb-041a009293aa | Starting:  Task validation of semantic.
2018-05-31 19:21:25.714 24839 INFO rally.task.context [-] Task 3c668b9a-a8cf-4525-a8cb-041a009293aa | Context users@openstack setup()  finished in 2.55 sec
2018-05-31 19:21:25.724 24839 INFO rally.task.context [-] Task 3c668b9a-a8cf-4525-a8cb-041a009293aa | Context users@openstack cleanup() started
2018-05-31 19:21:29.569 24839 INFO rally.task.context [-] Task 3c668b9a-a8cf-4525-a8cb-041a009293aa | Context users@openstack cleanup() finished in 3.85 sec
2018-05-31 19:21:29.570 24839 INFO rally.task.engine [-] Task 3c668b9a-a8cf-4525-a8cb-041a009293aa | Completed: Task validation of semantic.
2018-05-31 19:21:29.570 24839 INFO rally.task.engine [-] Task 3c668b9a-a8cf-4525-a8cb-041a009293aa | Completed: Task validation.
2018-05-31 19:21:29.571 24839 INFO rally.api [-] Task 3c668b9a-a8cf-4525-a8cb-041a009293aa input file is valid.
2018-05-31 19:21:29.571 24839 INFO rally.api [-] Run Task 3c668b9a-a8cf-4525-a8cb-041a009293aa against Deployment 9645acaa-d81e-48ac-8b77-9fe1d18f70f5
2018-05-31 19:21:29.571 24839 INFO rally.task.engine [-] Task 3c668b9a-a8cf-4525-a8cb-041a009293aa | Starting:  Running task.
2018-05-31 19:21:29.614 24839 INFO rally.task.engine [-] Running workload: 
  position = 0
  config = {
   "version": 2, 
   "title": "A cropped version of a bigger task.", 
   "description": "Auto-generated task from a single workload (uuid=6411f771-643a-49ed-aea4-f1a9c1518e83)", 
   "subtasks": [
      {
         "title": "KeystoneBasic.create_and_delete_ec2credential", 
         "description": "Create and delete keystone ec2-credential.", 
         "scenario": {
            "KeystoneBasic.create_and_delete_ec2credential": {}
         }, 
         "contexts": {
            "users": {
               "tenants": 2, 
               "users_per_tenant": 2
            }
         }, 
         "runner": {
            "constant": {
               "times": 10, 
               "concurrency": 5
            }
         }, 
         "hooks": [], 
         "sla": {
            "failure_rate": {
               "max": 0
            }
         }
      }
   ]
}
2018-05-31 19:21:32.405 24839 INFO rally.task.context [-] Task 3c668b9a-a8cf-4525-a8cb-041a009293aa | Context users@openstack setup()  finished in 2.76 sec
2018-05-31 19:21:32.406 24839 INFO rally.task.context [-] Task 3c668b9a-a8cf-4525-a8cb-041a009293aa | Context cleanup@openstack setup()  finished in 0.01 msec
2018-05-31 19:21:32.430 24967 INFO rally.task.runner [-] Task 3c668b9a-a8cf-4525-a8cb-041a009293aa | ITER: 1 START
2018-05-31 19:21:32.432 24968 INFO rally.task.runner [-] Task 3c668b9a-a8cf-4525-a8cb-041a009293aa | ITER: 2 START
2018-05-31 19:21:32.436 24969 INFO rally.task.runner [-] Task 3c668b9a-a8cf-4525-a8cb-041a009293aa | ITER: 3 START
2018-05-31 19:21:32.438 24970 INFO rally.task.runner [-] Task 3c668b9a-a8cf-4525-a8cb-041a009293aa | ITER: 4 START
2018-05-31 19:21:32.440 24973 INFO rally.task.runner [-] Task 3c668b9a-a8cf-4525-a8cb-041a009293aa | ITER: 5 START
2018-05-31 19:21:33.825 24970 INFO rally.task.runner [-] Task 3c668b9a-a8cf-4525-a8cb-041a009293aa | ITER: 4 END: OK
2018-05-31 19:21:33.829 24970 INFO rally.task.runner [-] Task 3c668b9a-a8cf-4525-a8cb-041a009293aa | ITER: 6 START
2018-05-31 19:21:33.834 24968 INFO rally.task.runner [-] Task 3c668b9a-a8cf-4525-a8cb-041a009293aa | ITER: 2 END: OK
2018-05-31 19:21:33.837 24968 INFO rally.task.runner [-] Task 3c668b9a-a8cf-4525-a8cb-041a009293aa | ITER: 7 START
2018-05-31 19:21:33.842 24973 INFO rally.task.runner [-] Task 3c668b9a-a8cf-4525-a8cb-041a009293aa | ITER: 5 END: OK
2018-05-31 19:21:33.846 24973 INFO rally.task.runner [-] Task 3c668b9a-a8cf-4525-a8cb-041a009293aa | ITER: 8 START
2018-05-31 19:21:33.896 24967 INFO rally.task.runner [-] Task 3c668b9a-a8cf-4525-a8cb-041a009293aa | ITER: 1 END: OK
2018-05-31 19:21:33.900 24967 INFO rally.task.runner [-] Task 3c668b9a-a8cf-4525-a8cb-041a009293aa | ITER: 9 START
2018-05-31 19:21:33.914 24969 INFO rally.task.runner [-] Task 3c668b9a-a8cf-4525-a8cb-041a009293aa | ITER: 3 END: OK
2018-05-31 19:21:33.918 24969 INFO rally.task.runner [-] Task 3c668b9a-a8cf-4525-a8cb-041a009293aa | ITER: 10 START
2018-05-31 19:21:35.096 24973 INFO rally.task.runner [-] Task 3c668b9a-a8cf-4525-a8cb-041a009293aa | ITER: 8 END: OK
2018-05-31 19:21:35.109 24968 INFO rally.task.runner [-] Task 3c668b9a-a8cf-4525-a8cb-041a009293aa | ITER: 7 END: OK
2018-05-31 19:21:35.170 24970 INFO rally.task.runner [-] Task 3c668b9a-a8cf-4525-a8cb-041a009293aa | ITER: 6 END: OK
2018-05-31 19:21:35.187 24969 INFO rally.task.runner [-] Task 3c668b9a-a8cf-4525-a8cb-041a009293aa | ITER: 10 END: OK
2018-05-31 19:21:35.230 24967 INFO rally.task.runner [-] Task 3c668b9a-a8cf-4525-a8cb-041a009293aa | ITER: 9 END: OK
2018-05-31 19:21:35.252 24839 INFO rally.task.context [-] Task 3c668b9a-a8cf-4525-a8cb-041a009293aa | Context cleanup@openstack cleanup() started
2018-05-31 19:21:37.075 24839 INFO rally.task.context [-] Task 3c668b9a-a8cf-4525-a8cb-041a009293aa | Context cleanup@openstack cleanup() finished in 1.82 sec
2018-05-31 19:21:37.075 24839 INFO rally.task.context [-] Task 3c668b9a-a8cf-4525-a8cb-041a009293aa | Context users@openstack cleanup() started
2018-05-31 19:21:42.354 24839 INFO rally.task.context [-] Task 3c668b9a-a8cf-4525-a8cb-041a009293aa | Context users@openstack cleanup() finished in 5.28 sec
2018-05-31 19:21:43.746 24839 INFO rally.task.engine [-] Load duration is: 1.866928
2018-05-31 19:21:43.746 24839 INFO rally.task.engine [-] Full runner duration is: 2.839164
2018-05-31 19:21:43.747 24839 INFO rally.task.engine [-] Full duration is: 12.733655
2018-05-31 19:21:43.812 24839 INFO rally.task.engine [-] Task 3c668b9a-a8cf-4525-a8cb-041a009293aa | Completed: Running task.

--------------------------------------------------------------------------------
Task 3c668b9a-a8cf-4525-a8cb-041a009293aa: finished
--------------------------------------------------------------------------------

test scenario KeystoneBasic.create_and_delete_ec2credential
args position 0
args values:
{
  "runner": {
    "times": 10, 
    "concurrency": 5
  }, 
  "contexts": {
    "users": {
      "tenants": 2, 
      "users_per_tenant": 2
    }
  }, 
  "args": {}, 
  "sla": {
    "failure_rate": {
      "max": 0
    }
  }, 
  "hooks": []
}

--------------------------------------------------------------------------------
Task 3c668b9a-a8cf-4525-a8cb-041a009293aa has 0 error(s)
--------------------------------------------------------------------------------

+--------------------------------------------------------------------------------------------------------------------------------+
|                                                      Response Times (sec)                                                      |
+-----------------------------+-----------+--------------+--------------+--------------+-----------+-----------+---------+-------+
| Action                      | Min (sec) | Median (sec) | 90%ile (sec) | 95%ile (sec) | Max (sec) | Avg (sec) | Success | Count |
+-----------------------------+-----------+--------------+--------------+--------------+-----------+-----------+---------+-------+
| keystone_v3.create_ec2creds | 0.409     | 0.423        | 0.433        | 0.453        | 0.474     | 0.425     | 100.0%  | 10    |
| keystone_v3.delete_ec2creds | 0.03      | 0.035        | 0.039        | 0.042        | 0.046     | 0.036     | 100.0%  | 10    |
| total                       | 0.446     | 0.457        | 0.467        | 0.489        | 0.511     | 0.461     | 100.0%  | 10    |
|  -> duration                | 0.446     | 0.457        | 0.467        | 0.489        | 0.511     | 0.461     | 100.0%  | 10    |
|  -> idle_duration           | 0.0       | 0.0          | 0.0          | 0.0          | 0.0       | 0.0       | 100.0%  | 10    |
+-----------------------------+-----------+--------------+--------------+--------------+-----------+-----------+---------+-------+

Load duration: 1.866928
Full duration: 12.733655

HINTS:
* To plot HTML graphics with this data, run:
	rally task report 3c668b9a-a8cf-4525-a8cb-041a009293aa --out output.html

* To generate a JUnit report, run:
	rally task export 3c668b9a-a8cf-4525-a8cb-041a009293aa --type junit --to output.xml

* To get raw JSON output of task results, run:
	rally task report 3c668b9a-a8cf-4525-a8cb-041a009293aa --json --out output.json

