      {
         "title": "KeystoneBasic.create_and_list_ec2credentials", 
         "description": "Create and List all keystone ec2-credentials.", 
         "scenario": {
            "KeystoneBasic.create_and_list_ec2credentials": {}
         }, 
         "contexts": {
            "users": {
               "tenants": 2, 
               "users_per_tenant": 2
            }
         }, 
         "runner": {
            "constant": {
               "times": 10, 
               "concurrency": 5
            }
         }, 
         "hooks": [], 
         "sla": {
            "failure_rate": {
               "max": 0
            }
         }
      }
   ]
}
2018-06-28 16:42:43.640 43902 INFO rally.task.context [-] Task 92b30c36-9525-429c-ab6d-a76e72a7abf2 | Context users@openstack setup()  finished in 2.42 sec
2018-06-28 16:42:43.640 43902 INFO rally.task.context [-] Task 92b30c36-9525-429c-ab6d-a76e72a7abf2 | Context cleanup@openstack setup()  finished in 0.00 msec
2018-06-28 16:42:43.655 44034 INFO rally.task.runner [-] Task 92b30c36-9525-429c-ab6d-a76e72a7abf2 | ITER: 1 START
2018-06-28 16:42:43.656 44035 INFO rally.task.runner [-] Task 92b30c36-9525-429c-ab6d-a76e72a7abf2 | ITER: 2 START
2018-06-28 16:42:43.657 44036 INFO rally.task.runner [-] Task 92b30c36-9525-429c-ab6d-a76e72a7abf2 | ITER: 3 START
2018-06-28 16:42:43.660 44038 INFO rally.task.runner [-] Task 92b30c36-9525-429c-ab6d-a76e72a7abf2 | ITER: 4 START
2018-06-28 16:42:43.661 44037 INFO rally.task.runner [-] Task 92b30c36-9525-429c-ab6d-a76e72a7abf2 | ITER: 5 START
2018-06-28 16:42:45.014 44037 INFO rally.task.runner [-] Task 92b30c36-9525-429c-ab6d-a76e72a7abf2 | ITER: 5 END: OK
2018-06-28 16:42:45.018 44037 INFO rally.task.runner [-] Task 92b30c36-9525-429c-ab6d-a76e72a7abf2 | ITER: 6 START
2018-06-28 16:42:45.020 44038 INFO rally.task.runner [-] Task 92b30c36-9525-429c-ab6d-a76e72a7abf2 | ITER: 4 END: OK
2018-06-28 16:42:45.024 44038 INFO rally.task.runner [-] Task 92b30c36-9525-429c-ab6d-a76e72a7abf2 | ITER: 7 START
2018-06-28 16:42:45.055 44036 INFO rally.task.runner [-] Task 92b30c36-9525-429c-ab6d-a76e72a7abf2 | ITER: 3 END: OK
2018-06-28 16:42:45.056 44035 INFO rally.task.runner [-] Task 92b30c36-9525-429c-ab6d-a76e72a7abf2 | ITER: 2 END: OK
2018-06-28 16:42:45.058 44036 INFO rally.task.runner [-] Task 92b30c36-9525-429c-ab6d-a76e72a7abf2 | ITER: 8 START
2018-06-28 16:42:45.059 44035 INFO rally.task.runner [-] Task 92b30c36-9525-429c-ab6d-a76e72a7abf2 | ITER: 9 START
2018-06-28 16:42:45.072 44034 INFO rally.task.runner [-] Task 92b30c36-9525-429c-ab6d-a76e72a7abf2 | ITER: 1 END: OK
2018-06-28 16:42:45.075 44034 INFO rally.task.runner [-] Task 92b30c36-9525-429c-ab6d-a76e72a7abf2 | ITER: 10 START
2018-06-28 16:42:46.297 44037 INFO rally.task.runner [-] Task 92b30c36-9525-429c-ab6d-a76e72a7abf2 | ITER: 6 END: OK
2018-06-28 16:42:46.334 44034 INFO rally.task.runner [-] Task 92b30c36-9525-429c-ab6d-a76e72a7abf2 | ITER: 10 END: OK
2018-06-28 16:42:46.339 44035 INFO rally.task.runner [-] Task 92b30c36-9525-429c-ab6d-a76e72a7abf2 | ITER: 9 END: OK
2018-06-28 16:42:46.394 44038 INFO rally.task.runner [-] Task 92b30c36-9525-429c-ab6d-a76e72a7abf2 | ITER: 7 END: OK
2018-06-28 16:42:46.500 44036 INFO rally.task.runner [-] Task 92b30c36-9525-429c-ab6d-a76e72a7abf2 | ITER: 8 END: OK
2018-06-28 16:42:46.522 43902 INFO rally.task.context [-] Task 92b30c36-9525-429c-ab6d-a76e72a7abf2 | Context cleanup@openstack cleanup() started
2018-06-28 16:42:50.251 43902 INFO rally.task.context [-] Task 92b30c36-9525-429c-ab6d-a76e72a7abf2 | Context cleanup@openstack cleanup() finished in 3.73 sec
2018-06-28 16:42:50.251 43902 INFO rally.task.context [-] Task 92b30c36-9525-429c-ab6d-a76e72a7abf2 | Context users@openstack cleanup() started
2018-06-28 16:42:54.617 43902 INFO rally.task.context [-] Task 92b30c36-9525-429c-ab6d-a76e72a7abf2 | Context users@openstack cleanup() finished in 4.37 sec
2018-06-28 16:42:55.307 43902 INFO rally.task.engine [-] Load duration is: 1.968563
2018-06-28 16:42:55.307 43902 INFO rally.task.engine [-] Full runner duration is: 2.878276
2018-06-28 16:42:55.307 43902 INFO rally.task.engine [-] Full duration is: 13.419573
2018-06-28 16:42:55.375 43902 INFO rally.task.engine [-] Task 92b30c36-9525-429c-ab6d-a76e72a7abf2 | Completed: Running task.

--------------------------------------------------------------------------------
Task 92b30c36-9525-429c-ab6d-a76e72a7abf2: finished
--------------------------------------------------------------------------------

test scenario KeystoneBasic.create_and_list_ec2credentials
args position 0
args values:
{
  "runner": {
    "times": 10, 
    "concurrency": 5
  }, 
  "contexts": {
    "users": {
      "tenants": 2, 
      "users_per_tenant": 2
    }
  }, 
  "args": {}, 
  "sla": {
    "failure_rate": {
      "max": 0
    }
  }, 
  "hooks": []
}

--------------------------------------------------------------------------------
Task 92b30c36-9525-429c-ab6d-a76e72a7abf2 has 0 error(s)
--------------------------------------------------------------------------------

+--------------------------------------------------------------------------------------------------------------------------------+
|                                                      Response Times (sec)                                                      |
+-----------------------------+-----------+--------------+--------------+--------------+-----------+-----------+---------+-------+
| Action                      | Min (sec) | Median (sec) | 90%ile (sec) | 95%ile (sec) | Max (sec) | Avg (sec) | Success | Count |
+-----------------------------+-----------+--------------+--------------+--------------+-----------+-----------+---------+-------+
| keystone_v3.create_ec2creds | 0.387     | 0.436        | 0.501        | 0.508        | 0.514     | 0.444     | 100.0%  | 10    |
| keystone_v3.list_ec2creds   | 0.023     | 0.025        | 0.028        | 0.032        | 0.036     | 0.026     | 100.0%  | 10    |
| total                       | 0.413     | 0.461        | 0.529        | 0.533        | 0.538     | 0.47      | 100.0%  | 10    |
|  -> duration                | 0.413     | 0.461        | 0.529        | 0.533        | 0.538     | 0.47      | 100.0%  | 10    |
|  -> idle_duration           | 0.0       | 0.0          | 0.0          | 0.0          | 0.0       | 0.0       | 100.0%  | 10    |
+-----------------------------+-----------+--------------+--------------+--------------+-----------+-----------+---------+-------+

Load duration: 1.968563
Full duration: 13.419573

HINTS:
* To plot HTML graphics with this data, run:
	rally task report 92b30c36-9525-429c-ab6d-a76e72a7abf2 --out output.html

* To generate a JUnit report, run:
	rally task export 92b30c36-9525-429c-ab6d-a76e72a7abf2 --type junit --to output.xml

* To get raw JSON output of task results, run:
	rally task report 92b30c36-9525-429c-ab6d-a76e72a7abf2 --json --out output.json

--------------------------------------------------------------------------------
Preparing input task
--------------------------------------------------------------------------------

Task is:
{
    "KeystoneBasic.add_and_remove_user_role": [
    {
            "runner": {
                "type": "constant",
                "times": 100,
                "concurrency": 10
            },
            "context": {
                "users": {
                    "tenants": 3,
                    "users_per_tenant": 2
                }
            },
            "sla": {
                "failure_rate": {
                    "max": 0
                }
            }
        }
    ]
}

Task syntax is correct :)
Running Rally version 0.10.1~dev119
--------------------------------------------------------------------------------
Task  e43afed2-3cf5-48a6-8549-72443ef8aa8d: started
--------------------------------------------------------------------------------

Running Task... This can take a while...

To track task status use:

	rally task status
	or
	rally task detailed

Using task: e43afed2-3cf5-48a6-8549-72443ef8aa8d
2018-06-28 16:42:57.118 44227 INFO rally.task.engine [-] Task e43afed2-3cf5-48a6-8549-72443ef8aa8d | Starting:  Task validation.
2018-06-28 16:42:57.129 44227 INFO rally.task.engine [-] Task e43afed2-3cf5-48a6-8549-72443ef8aa8d | Starting:  Task validation of syntax.
2018-06-28 16:42:57.152 44227 INFO rally.task.engine [-] Task e43afed2-3cf5-48a6-8549-72443ef8aa8d | Completed: Task validation of syntax.
2018-06-28 16:42:57.152 44227 INFO rally.task.engine [-] Task e43afed2-3cf5-48a6-8549-72443ef8aa8d | Starting:  Task validation of required platforms.
2018-06-28 16:42:57.162 44227 INFO rally.task.engine [-] Task e43afed2-3cf5-48a6-8549-72443ef8aa8d | Completed: Task validation of required platforms.
2018-06-28 16:42:57.162 44227 INFO rally.task.engine [-] Task e43afed2-3cf5-48a6-8549-72443ef8aa8d | Starting:  Task validation of semantic.
2018-06-28 16:43:00.314 44227 INFO rally.task.context [-] Task e43afed2-3cf5-48a6-8549-72443ef8aa8d | Context users@openstack setup()  finished in 2.45 sec
2018-06-28 16:43:00.326 44227 INFO rally.task.context [-] Task e43afed2-3cf5-48a6-8549-72443ef8aa8d | Context users@openstack cleanup() started
2018-06-28 16:43:03.820 44227 INFO rally.task.context [-] Task e43afed2-3cf5-48a6-8549-72443ef8aa8d | Context users@openstack cleanup() finished in 3.49 sec
2018-06-28 16:43:03.821 44227 INFO rally.task.engine [-] Task e43afed2-3cf5-48a6-8549-72443ef8aa8d | Completed: Task validation of semantic.
2018-06-28 16:43:03.821 44227 INFO rally.task.engine [-] Task e43afed2-3cf5-48a6-8549-72443ef8aa8d | Completed: Task validation.
2018-06-28 16:43:03.822 44227 INFO rally.api [-] Task e43afed2-3cf5-48a6-8549-72443ef8aa8d input file is valid.
2018-06-28 16:43:03.822 44227 INFO rally.api [-] Run Task e43afed2-3cf5-48a6-8549-72443ef8aa8d against Deployment 7a37a5af-20ae-460e-97c7-4fdb337cc0b6
2018-06-28 16:43:03.823 44227 INFO rally.task.engine [-] Task e43afed2-3cf5-48a6-8549-72443ef8aa8d | Starting:  Running task.
2018-06-28 16:43:03.862 44227 INFO rally.task.engine [-] Running workload: 
  position = 0
  config = {
   "version": 2, 
   "title": "A cropped version of a bigger task.", 
   "description": "Auto-generated task from a single workload (uuid=417829dd-48c7-4353-9fde-d6b985c2180e)", 
   "subtasks": [
      {
         "title": "KeystoneBasic.add_and_remove_user_role", 
         "description": "Create a user role add to a user and disassociate.", 
         "scenario": {
            "KeystoneBasic.add_and_remove_user_role": {}
         }, 
         "contexts": {
            "users": {
               "tenants": 3, 
               "users_per_tenant": 2
            }
         }, 
         "runner": {
            "constant": {
               "times": 100, 
               "concurrency": 10
            }
         }, 
         "hooks": [], 
         "sla": {
            "failure_rate": {
               "max": 0
            }
         }
      }
   ]
}
2018-06-28 16:43:06.578 44227 INFO rally.task.context [-] Task e43afed2-3cf5-48a6-8549-72443ef8aa8d | Context users@openstack setup()  finished in 2.68 sec
2018-06-28 16:43:06.578 44227 INFO rally.task.context [-] Task e43afed2-3cf5-48a6-8549-72443ef8aa8d | Context admin_cleanup@openstack setup()  finished in 0.00 msec
2018-06-28 16:43:06.601 44443 INFO rally.task.runner [-] Task e43afed2-3cf5-48a6-8549-72443ef8aa8d | ITER: 1 START
2018-06-28 16:43:06.603 44444 INFO rally.task.runner [-] Task e43afed2-3cf5-48a6-8549-72443ef8aa8d | ITER: 2 START
2018-06-28 16:43:06.605 44445 INFO rally.task.runner [-] Task e43afed2-3cf5-48a6-8549-72443ef8aa8d | ITER: 3 START
2018-06-28 16:43:06.612 44452 INFO rally.task.runner [-] Task e43afed2-3cf5-48a6-8549-72443ef8aa8d | ITER: 6 START
2018-06-28 16:43:06.612 44446 INFO rally.task.runner [-] Task e43afed2-3cf5-48a6-8549-72443ef8aa8d | ITER: 4 START
2018-06-28 16:43:06.615 44448 INFO rally.task.runner [-] Task e43afed2-3cf5-48a6-8549-72443ef8aa8d | ITER: 5 START
2018-06-28 16:43:06.615 44455 INFO rally.task.runner [-] Task e43afed2-3cf5-48a6-8549-72443ef8aa8d | ITER: 7 START
2018-06-28 16:43:06.618 44457 INFO rally.task.runner [-] Task e43afed2-3cf5-48a6-8549-72443ef8aa8d | ITER: 8 START
2018-06-28 16:43:06.620 44459 INFO rally.task.runner [-] Task e43afed2-3cf5-48a6-8549-72443ef8aa8d | ITER: 9 START
2018-06-28 16:43:06.620 44463 INFO rally.task.runner [-] Task e43afed2-3cf5-48a6-8549-72443ef8aa8d | ITER: 10 START
2018-06-28 16:43:08.018 44448 INFO rally.task.runner [-] Task e43afed2-3cf5-48a6-8549-72443ef8aa8d | ITER: 5 END: OK
2018-06-28 16:43:08.020 44444 INFO rally.task.runner [-] Task e43afed2-3cf5-48a6-8549-72443ef8aa8d | ITER: 2 END: OK
2018-06-28 16:43:08.022 44448 INFO rally.task.runner [-] Task e43afed2-3cf5-48a6-8549-72443ef8aa8d | ITER: 11 START
2018-06-28 16:43:08.024 44452 INFO rally.task.runner [-] Task e43afed2-3cf5-48a6-8549-72443ef8aa8d | ITER: 6 END: OK
2018-06-28 16:43:08.024 44444 INFO rally.task.runner [-] Task e43afed2-3cf5-48a6-8549-72443ef8aa8d | ITER: 12 START
2018-06-28 16:43:08.027 44452 INFO rally.task.runner [-] Task e43afed2-3cf5-48a6-8549-72443ef8aa8d | ITER: 13 START
2018-06-28 16:43:08.031 44446 INFO rally.task.runner [-] Task e43afed2-3cf5-48a6-8549-72443ef8aa8d | ITER: 4 END: OK
2018-06-28 16:43:08.034 44446 INFO rally.task.runner [-] Task e43afed2-3cf5-48a6-8549-72443ef8aa8d | ITER: 14 START
2018-06-28 16:43:08.039 44457 INFO rally.task.runner [-] Task e43afed2-3cf5-48a6-8549-72443ef8aa8d | ITER: 8 END: OK
2018-06-28 16:43:08.039 44463 INFO rally.task.runner [-] Task e43afed2-3cf5-48a6-8549-72443ef8aa8d | ITER: 10 END: OK
2018-06-28 16:43:08.041 44457 INFO rally.task.runner [-] Task e43afed2-3cf5-48a6-8549-72443ef8aa8d | ITER: 15 START
2018-06-28 16:43:08.042 44463 INFO rally.task.runner [-] Task e43afed2-3cf5-48a6-8549-72443ef8aa8d | ITER: 16 START
2018-06-28 16:43:08.108 44455 INFO rally.task.runner [-] Task e43afed2-3cf5-48a6-8549-72443ef8aa8d | ITER: 7 END: OK
2018-06-28 16:43:08.110 44455 INFO rally.task.runner [-] Task e43afed2-3cf5-48a6-8549-72443ef8aa8d | ITER: 17 START
2018-06-28 16:43:08.131 44459 INFO rally.task.runner [-] Task e43afed2-3cf5-48a6-8549-72443ef8aa8d | ITER: 9 END: OK
2018-06-28 16:43:08.136 44459 INFO rally.task.runner [-] Task e43afed2-3cf5-48a6-8549-72443ef8aa8d | ITER: 18 START
2018-06-28 16:43:08.181 44445 INFO rally.task.runner [-] Task e43afed2-3cf5-48a6-8549-72443ef8aa8d | ITER: 3 END: OK
2018-06-28 16:43:08.185 44445 INFO rally.task.runner [-] Task e43afed2-3cf5-48a6-8549-72443ef8aa8d | ITER: 19 START
2018-06-28 16:43:08.224 44443 INFO rally.task.runner [-] Task e43afed2-3cf5-48a6-8549-72443ef8aa8d | ITER: 1 END: OK
2018-06-28 16:43:08.228 44443 INFO rally.task.runner [-] Task e43afed2-3cf5-48a6-8549-72443ef8aa8d | ITER: 20 START
2018-06-28 16:43:09.380 44452 INFO rally.task.runner [-] Task e43afed2-3cf5-48a6-8549-72443ef8aa8d | ITER: 13 END: OK
2018-06-28 16:43:09.382 44452 INFO rally.task.runner [-] Task e43afed2-3cf5-48a6-8549-72443ef8aa8d | ITER: 21 START
2018-06-28 16:43:09.394 44463 INFO rally.task.runner [-] Task e43afed2-3cf5-48a6-8549-72443ef8aa8d | ITER: 16 END: OK
2018-06-28 16:43:09.396 44446 INFO rally.task.runner [-] Task e43afed2-3cf5-48a6-8549-72443ef8aa8d | ITER: 14 END: OK
2018-06-28 16:43:09.397 44463 INFO rally.task.runner [-] Task e43afed2-3cf5-48a6-8549-72443ef8aa8d | ITER: 22 START
2018-06-28 16:43:09.399 44446 INFO rally.task.runner [-] Task e43afed2-3cf5-48a6-8549-72443ef8aa8d | ITER: 23 START
2018-06-28 16:43:09.401 44448 INFO rally.task.runner [-] Task e43afed2-3cf5-48a6-8549-72443ef8aa8d | ITER: 11 END: OK
2018-06-28 16:43:09.404 44448 INFO rally.task.runner [-] Task e43afed2-3cf5-48a6-8549-72443ef8aa8d | ITER: 24 START
2018-06-28 16:43:09.483 44455 INFO rally.task.runner [-] Task e43afed2-3cf5-48a6-8549-72443ef8aa8d | ITER: 17 END: OK
2018-06-28 16:43:09.485 44455 INFO rally.task.runner [-] Task e43afed2-3cf5-48a6-8549-72443ef8aa8d | ITER: 25 START
2018-06-28 16:43:09.524 44445 INFO rally.task.runner [-] Task e43afed2-3cf5-48a6-8549-72443ef8aa8d | ITER: 19 END: OK
2018-06-28 16:43:09.527 44445 INFO rally.task.runner [-] Task e43afed2-3cf5-48a6-8549-72443ef8aa8d | ITER: 26 START
2018-06-28 16:43:09.563 44443 INFO rally.task.runner [-] Task e43afed2-3cf5-48a6-8549-72443ef8aa8d | ITER: 20 END: OK
2018-06-28 16:43:09.566 44443 INFO rally.task.runner [-] Task e43afed2-3cf5-48a6-8549-72443ef8aa8d | ITER: 27 START
2018-06-28 16:43:09.576 44444 INFO rally.task.runner [-] Task e43afed2-3cf5-48a6-8549-72443ef8aa8d | ITER: 12 END: OK
2018-06-28 16:43:09.579 44444 INFO rally.task.runner [-] Task e43afed2-3cf5-48a6-8549-72443ef8aa8d | ITER: 28 START
2018-06-28 16:43:09.580 44457 INFO rally.task.runner [-] Task e43afed2-3cf5-48a6-8549-72443ef8aa8d | ITER: 15 END: OK
2018-06-28 16:43:09.583 44457 INFO rally.task.runner [-] Task e43afed2-3cf5-48a6-8549-72443ef8aa8d | ITER: 29 START
2018-06-28 16:43:09.732 44459 INFO rally.task.runner [-] Task e43afed2-3cf5-48a6-8549-72443ef8aa8d | ITER: 18 END: OK
2018-06-28 16:43:09.736 44459 INFO rally.task.runner [-] Task e43afed2-3cf5-48a6-8549-72443ef8aa8d | ITER: 30 START
2018-06-28 16:43:10.742 44446 INFO rally.task.runner [-] Task e43afed2-3cf5-48a6-8549-72443ef8aa8d | ITER: 23 END: OK
2018-06-28 16:43:10.745 44446 INFO rally.task.runner [-] Task e43afed2-3cf5-48a6-8549-72443ef8aa8d | ITER: 31 START
2018-06-28 16:43:10.764 44445 INFO rally.task.runner [-] Task e43afed2-3cf5-48a6-8549-72443ef8aa8d | ITER: 26 END: OK
2018-06-28 16:43:10.767 44445 INFO rally.task.runner [-] Task e43afed2-3cf5-48a6-8549-72443ef8aa8d | ITER: 32 START
2018-06-28 16:43:10.873 44452 INFO rally.task.runner [-] Task e43afed2-3cf5-48a6-8549-72443ef8aa8d | ITER: 21 END: OK
2018-06-28 16:43:10.876 44452 INFO rally.task.runner [-] Task e43afed2-3cf5-48a6-8549-72443ef8aa8d | ITER: 33 START
2018-06-28 16:43:10.879 44448 INFO rally.task.runner [-] Task e43afed2-3cf5-48a6-8549-72443ef8aa8d | ITER: 24 END: OK
2018-06-28 16:43:10.882 44455 INFO rally.task.runner [-] Task e43afed2-3cf5-48a6-8549-72443ef8aa8d | ITER: 25 END: OK
2018-06-28 16:43:10.882 44448 INFO rally.task.runner [-] Task e43afed2-3cf5-48a6-8549-72443ef8aa8d | ITER: 34 START
2018-06-28 16:43:10.886 44455 INFO rally.task.runner [-] Task e43afed2-3cf5-48a6-8549-72443ef8aa8d | ITER: 35 START
2018-06-28 16:43:10.888 44463 INFO rally.task.runner [-] Task e43afed2-3cf5-48a6-8549-72443ef8aa8d | ITER: 22 END: OK
2018-06-28 16:43:10.891 44463 INFO rally.task.runner [-] Task e43afed2-3cf5-48a6-8549-72443ef8aa8d | ITER: 36 START
2018-06-28 16:43:10.932 44457 INFO rally.task.runner [-] Task e43afed2-3cf5-48a6-8549-72443ef8aa8d | ITER: 29 END: OK
2018-06-28 16:43:10.935 44457 INFO rally.task.runner [-] Task e43afed2-3cf5-48a6-8549-72443ef8aa8d | ITER: 37 START
2018-06-28 16:43:10.963 44443 INFO rally.task.runner [-] Task e43afed2-3cf5-48a6-8549-72443ef8aa8d | ITER: 27 END: OK
2018-06-28 16:43:10.967 44443 INFO rally.task.runner [-] Task e43afed2-3cf5-48a6-8549-72443ef8aa8d | ITER: 38 START
2018-06-28 16:43:11.045 44444 INFO rally.task.runner [-] Task e43afed2-3cf5-48a6-8549-72443ef8aa8d | ITER: 28 END: OK
2018-06-28 16:43:11.049 44444 INFO rally.task.runner [-] Task e43afed2-3cf5-48a6-8549-72443ef8aa8d | ITER: 39 START
2018-06-28 16:43:11.209 44459 INFO rally.task.runner [-] Task e43afed2-3cf5-48a6-8549-72443ef8aa8d | ITER: 30 END: OK
2018-06-28 16:43:11.213 44459 INFO rally.task.runner [-] Task e43afed2-3cf5-48a6-8549-72443ef8aa8d | ITER: 40 START
2018-06-28 16:43:12.179 44445 INFO rally.task.runner [-] Task e43afed2-3cf5-48a6-8549-72443ef8aa8d | ITER: 32 END: OK
2018-06-28 16:43:12.182 44445 INFO rally.task.runner [-] Task e43afed2-3cf5-48a6-8549-72443ef8aa8d | ITER: 41 START
2018-06-28 16:43:12.188 44448 INFO rally.task.runner [-] Task e43afed2-3cf5-48a6-8549-72443ef8aa8d | ITER: 34 END: OK
2018-06-28 16:43:12.191 44448 INFO rally.task.runner [-] Task e43afed2-3cf5-48a6-8549-72443ef8aa8d | ITER: 42 START
2018-06-28 16:43:12.207 44446 INFO rally.task.runner [-] Task e43afed2-3cf5-48a6-8549-72443ef8aa8d | ITER: 31 END: OK
2018-06-28 16:43:12.210 44446 INFO rally.task.runner [-] Task e43afed2-3cf5-48a6-8549-72443ef8aa8d | ITER: 43 START
2018-06-28 16:43:12.342 44463 INFO rally.task.runner [-] Task e43afed2-3cf5-48a6-8549-72443ef8aa8d | ITER: 36 END: OK
2018-06-28 16:43:12.346 44463 INFO rally.task.runner [-] Task e43afed2-3cf5-48a6-8549-72443ef8aa8d | ITER: 44 START
2018-06-28 16:43:12.355 44452 INFO rally.task.runner [-] Task e43afed2-3cf5-48a6-8549-72443ef8aa8d | ITER: 33 END: OK
2018-06-28 16:43:12.358 44455 INFO rally.task.runner [-] Task e43afed2-3cf5-48a6-8549-72443ef8aa8d | ITER: 35 END: OK
2018-06-28 16:43:12.359 44452 INFO rally.task.runner [-] Task e43afed2-3cf5-48a6-8549-72443ef8aa8d | ITER: 45 START
2018-06-28 16:43:12.361 44455 INFO rally.task.runner [-] Task e43afed2-3cf5-48a6-8549-72443ef8aa8d | ITER: 46 START
2018-06-28 16:43:12.415 44443 INFO rally.task.runner [-] Task e43afed2-3cf5-48a6-8549-72443ef8aa8d | ITER: 38 END: OK
2018-06-28 16:43:12.419 44443 INFO rally.task.runner [-] Task e43afed2-3cf5-48a6-8549-72443ef8aa8d | ITER: 47 START
2018-06-28 16:43:12.434 44457 INFO rally.task.runner [-] Task e43afed2-3cf5-48a6-8549-72443ef8aa8d | ITER: 37 END: OK
2018-06-28 16:43:12.437 44457 INFO rally.task.runner [-] Task e43afed2-3cf5-48a6-8549-72443ef8aa8d | ITER: 48 START
2018-06-28 16:43:12.449 44444 INFO rally.task.runner [-] Task e43afed2-3cf5-48a6-8549-72443ef8aa8d | ITER: 39 END: OK
2018-06-28 16:43:12.452 44444 INFO rally.task.runner [-] Task e43afed2-3cf5-48a6-8549-72443ef8aa8d | ITER: 49 START
2018-06-28 16:43:12.690 44459 INFO rally.task.runner [-] Task e43afed2-3cf5-48a6-8549-72443ef8aa8d | ITER: 40 END: OK
2018-06-28 16:43:12.694 44459 INFO rally.task.runner [-] Task e43afed2-3cf5-48a6-8549-72443ef8aa8d | ITER: 50 START
2018-06-28 16:43:13.574 44446 INFO rally.task.runner [-] Task e43afed2-3cf5-48a6-8549-72443ef8aa8d | ITER: 43 END: OK
2018-06-28 16:43:13.577 44446 INFO rally.task.runner [-] Task e43afed2-3cf5-48a6-8549-72443ef8aa8d | ITER: 51 START
2018-06-28 16:43:13.637 44445 INFO rally.task.runner [-] Task e43afed2-3cf5-48a6-8549-72443ef8aa8d | ITER: 41 END: OK
2018-06-28 16:43:13.640 44445 INFO rally.task.runner [-] Task e43afed2-3cf5-48a6-8549-72443ef8aa8d | ITER: 52 START
2018-06-28 16:43:13.641 44448 INFO rally.task.runner [-] Task e43afed2-3cf5-48a6-8549-72443ef8aa8d | ITER: 42 END: OK
2018-06-28 16:43:13.645 44448 INFO rally.task.runner [-] Task e43afed2-3cf5-48a6-8549-72443ef8aa8d | ITER: 53 START
2018-06-28 16:43:13.767 44463 INFO rally.task.runner [-] Task e43afed2-3cf5-48a6-8549-72443ef8aa8d | ITER: 44 END: OK
2018-06-28 16:43:13.770 44463 INFO rally.task.runner [-] Task e43afed2-3cf5-48a6-8549-72443ef8aa8d | ITER: 54 START
2018-06-28 16:43:13.788 44443 INFO rally.task.runner [-] Task e43afed2-3cf5-48a6-8549-72443ef8aa8d | ITER: 47 END: OK
2018-06-28 16:43:13.791 44443 INFO rally.task.runner [-] Task e43afed2-3cf5-48a6-8549-72443ef8aa8d | ITER: 55 START
2018-06-28 16:43:13.797 44444 INFO rally.task.runner [-] Task e43afed2-3cf5-48a6-8549-72443ef8aa8d | ITER: 49 END: OK
2018-06-28 16:43:13.800 44444 INFO rally.task.runner [-] Task e43afed2-3cf5-48a6-8549-72443ef8aa8d | ITER: 56 START
2018-06-28 16:43:13.819 44457 INFO rally.task.runner [-] Task e43afed2-3cf5-48a6-8549-72443ef8aa8d | ITER: 48 END: OK
2018-06-28 16:43:13.822 44457 INFO rally.task.runner [-] Task e43afed2-3cf5-48a6-8549-72443ef8aa8d | ITER: 57 START
2018-06-28 16:43:13.847 44452 INFO rally.task.runner [-] Task e43afed2-3cf5-48a6-8549-72443ef8aa8d | ITER: 45 END: OK
2018-06-28 16:43:13.851 44452 INFO rally.task.runner [-] Task e43afed2-3cf5-48a6-8549-72443ef8aa8d | ITER: 58 START
2018-06-28 16:43:13.881 44455 INFO rally.task.runner [-] Task e43afed2-3cf5-48a6-8549-72443ef8aa8d | ITER: 46 END: OK
2018-06-28 16:43:13.884 44455 INFO rally.task.runner [-] Task e43afed2-3cf5-48a6-8549-72443ef8aa8d | ITER: 59 START
2018-06-28 16:43:14.012 44459 INFO rally.task.runner [-] Task e43afed2-3cf5-48a6-8549-72443ef8aa8d | ITER: 50 END: OK
2018-06-28 16:43:14.015 44459 INFO rally.task.runner [-] Task e43afed2-3cf5-48a6-8549-72443ef8aa8d | ITER: 60 START
2018-06-28 16:43:14.958 44446 INFO rally.task.runner [-] Task e43afed2-3cf5-48a6-8549-72443ef8aa8d | ITER: 51 END: OK
2018-06-28 16:43:14.961 44446 INFO rally.task.runner [-] Task e43afed2-3cf5-48a6-8549-72443ef8aa8d | ITER: 61 START
2018-06-28 16:43:15.018 44445 INFO rally.task.runner [-] Task e43afed2-3cf5-48a6-8549-72443ef8aa8d | ITER: 52 END: OK
2018-06-28 16:43:15.021 44445 INFO rally.task.runner [-] Task e43afed2-3cf5-48a6-8549-72443ef8aa8d | ITER: 62 START
2018-06-28 16:43:15.086 44448 INFO rally.task.runner [-] Task e43afed2-3cf5-48a6-8549-72443ef8aa8d | ITER: 53 END: OK
2018-06-28 16:43:15.090 44448 INFO rally.task.runner [-] Task e43afed2-3cf5-48a6-8549-72443ef8aa8d | ITER: 63 START
2018-06-28 16:43:15.155 44452 INFO rally.task.runner [-] Task e43afed2-3cf5-48a6-8549-72443ef8aa8d | ITER: 58 END: OK
2018-06-28 16:43:15.158 44452 INFO rally.task.runner [-] Task e43afed2-3cf5-48a6-8549-72443ef8aa8d | ITER: 64 START
2018-06-28 16:43:15.226 44455 INFO rally.task.runner [-] Task e43afed2-3cf5-48a6-8549-72443ef8aa8d | ITER: 59 END: OK
2018-06-28 16:43:15.229 44455 INFO rally.task.runner [-] Task e43afed2-3cf5-48a6-8549-72443ef8aa8d | ITER: 65 START
2018-06-28 16:43:15.253 44463 INFO rally.task.runner [-] Task e43afed2-3cf5-48a6-8549-72443ef8aa8d | ITER: 54 END: OK
2018-06-28 16:43:15.256 44463 INFO rally.task.runner [-] Task e43afed2-3cf5-48a6-8549-72443ef8aa8d | ITER: 66 START
2018-06-28 16:43:15.259 44443 INFO rally.task.runner [-] Task e43afed2-3cf5-48a6-8549-72443ef8aa8d | ITER: 55 END: OK
2018-06-28 16:43:15.263 44443 INFO rally.task.runner [-] Task e43afed2-3cf5-48a6-8549-72443ef8aa8d | ITER: 67 START
2018-06-28 16:43:15.283 44444 INFO rally.task.runner [-] Task e43afed2-3cf5-48a6-8549-72443ef8aa8d | ITER: 56 END: OK
2018-06-28 16:43:15.285 44444 INFO rally.task.runner [-] Task e43afed2-3cf5-48a6-8549-72443ef8aa8d | ITER: 68 START
2018-06-28 16:43:15.343 44457 INFO rally.task.runner [-] Task e43afed2-3cf5-48a6-8549-72443ef8aa8d | ITER: 57 END: OK
2018-06-28 16:43:15.346 44457 INFO rally.task.runner [-] Task e43afed2-3cf5-48a6-8549-72443ef8aa8d | ITER: 69 START
2018-06-28 16:43:15.516 44459 INFO rally.task.runner [-] Task e43afed2-3cf5-48a6-8549-72443ef8aa8d | ITER: 60 END: OK
2018-06-28 16:43:15.519 44459 INFO rally.task.runner [-] Task e43afed2-3cf5-48a6-8549-72443ef8aa8d | ITER: 70 START
2018-06-28 16:43:16.389 44445 INFO rally.task.runner [-] Task e43afed2-3cf5-48a6-8549-72443ef8aa8d | ITER: 62 END: OK
2018-06-28 16:43:16.393 44445 INFO rally.task.runner [-] Task e43afed2-3cf5-48a6-8549-72443ef8aa8d | ITER: 71 START
2018-06-28 16:43:16.467 44446 INFO rally.task.runner [-] Task e43afed2-3cf5-48a6-8549-72443ef8aa8d | ITER: 61 END: OK
2018-06-28 16:43:16.470 44446 INFO rally.task.runner [-] Task e43afed2-3cf5-48a6-8549-72443ef8aa8d | ITER: 72 START
2018-06-28 16:43:16.542 44452 INFO rally.task.runner [-] Task e43afed2-3cf5-48a6-8549-72443ef8aa8d | ITER: 64 END: OK
2018-06-28 16:43:16.546 44452 INFO rally.task.runner [-] Task e43afed2-3cf5-48a6-8549-72443ef8aa8d | ITER: 73 START
2018-06-28 16:43:16.661 44448 INFO rally.task.runner [-] Task e43afed2-3cf5-48a6-8549-72443ef8aa8d | ITER: 63 END: OK
2018-06-28 16:43:16.664 44448 INFO rally.task.runner [-] Task e43afed2-3cf5-48a6-8549-72443ef8aa8d | ITER: 74 START
2018-06-28 16:43:16.699 44463 INFO rally.task.runner [-] Task e43afed2-3cf5-48a6-8549-72443ef8aa8d | ITER: 66 END: OK
2018-06-28 16:43:16.702 44463 INFO rally.task.runner [-] Task e43afed2-3cf5-48a6-8549-72443ef8aa8d | ITER: 75 START
2018-06-28 16:43:16.730 44444 INFO rally.task.runner [-] Task e43afed2-3cf5-48a6-8549-72443ef8aa8d | ITER: 68 END: OK
2018-06-28 16:43:16.734 44444 INFO rally.task.runner [-] Task e43afed2-3cf5-48a6-8549-72443ef8aa8d | ITER: 76 START
2018-06-28 16:43:16.744 44443 INFO rally.task.runner [-] Task e43afed2-3cf5-48a6-8549-72443ef8aa8d | ITER: 67 END: OK
2018-06-28 16:43:16.747 44443 INFO rally.task.runner [-] Task e43afed2-3cf5-48a6-8549-72443ef8aa8d | ITER: 77 START
2018-06-28 16:43:16.755 44457 INFO rally.task.runner [-] Task e43afed2-3cf5-48a6-8549-72443ef8aa8d | ITER: 69 END: OK
2018-06-28 16:43:16.758 44457 INFO rally.task.runner [-] Task e43afed2-3cf5-48a6-8549-72443ef8aa8d | ITER: 78 START
2018-06-28 16:43:16.763 44455 INFO rally.task.runner [-] Task e43afed2-3cf5-48a6-8549-72443ef8aa8d | ITER: 65 END: OK
2018-06-28 16:43:16.765 44455 INFO rally.task.runner [-] Task e43afed2-3cf5-48a6-8549-72443ef8aa8d | ITER: 79 START
2018-06-28 16:43:16.965 44459 INFO rally.task.runner [-] Task e43afed2-3cf5-48a6-8549-72443ef8aa8d | ITER: 70 END: OK
2018-06-28 16:43:16.968 44459 INFO rally.task.runner [-] Task e43afed2-3cf5-48a6-8549-72443ef8aa8d | ITER: 80 START
2018-06-28 16:43:17.788 44445 INFO rally.task.runner [-] Task e43afed2-3cf5-48a6-8549-72443ef8aa8d | ITER: 71 END: OK
2018-06-28 16:43:17.792 44445 INFO rally.task.runner [-] Task e43afed2-3cf5-48a6-8549-72443ef8aa8d | ITER: 81 START
2018-06-28 16:43:17.808 44446 INFO rally.task.runner [-] Task e43afed2-3cf5-48a6-8549-72443ef8aa8d | ITER: 72 END: OK
2018-06-28 16:43:17.811 44446 INFO rally.task.runner [-] Task e43afed2-3cf5-48a6-8549-72443ef8aa8d | ITER: 82 START
2018-06-28 16:43:17.923 44452 INFO rally.task.runner [-] Task e43afed2-3cf5-48a6-8549-72443ef8aa8d | ITER: 73 END: OK
2018-06-28 16:43:17.925 44452 INFO rally.task.runner [-] Task e43afed2-3cf5-48a6-8549-72443ef8aa8d | ITER: 83 START
2018-06-28 16:43:18.037 44448 INFO rally.task.runner [-] Task e43afed2-3cf5-48a6-8549-72443ef8aa8d | ITER: 74 END: OK
2018-06-28 16:43:18.040 44448 INFO rally.task.runner [-] Task e43afed2-3cf5-48a6-8549-72443ef8aa8d | ITER: 84 START
2018-06-28 16:43:18.049 44444 INFO rally.task.runner [-] Task e43afed2-3cf5-48a6-8549-72443ef8aa8d | ITER: 76 END: OK
2018-06-28 16:43:18.052 44444 INFO rally.task.runner [-] Task e43afed2-3cf5-48a6-8549-72443ef8aa8d | ITER: 85 START
2018-06-28 16:43:18.062 44457 INFO rally.task.runner [-] Task e43afed2-3cf5-48a6-8549-72443ef8aa8d | ITER: 78 END: OK
2018-06-28 16:43:18.065 44457 INFO rally.task.runner [-] Task e43afed2-3cf5-48a6-8549-72443ef8aa8d | ITER: 86 START
2018-06-28 16:43:18.137 44463 INFO rally.task.runner [-] Task e43afed2-3cf5-48a6-8549-72443ef8aa8d | ITER: 75 END: OK
2018-06-28 16:43:18.139 44463 INFO rally.task.runner [-] Task e43afed2-3cf5-48a6-8549-72443ef8aa8d | ITER: 87 START
2018-06-28 16:43:18.152 44443 INFO rally.task.runner [-] Task e43afed2-3cf5-48a6-8549-72443ef8aa8d | ITER: 77 END: OK
2018-06-28 16:43:18.155 44443 INFO rally.task.runner [-] Task e43afed2-3cf5-48a6-8549-72443ef8aa8d | ITER: 88 START
2018-06-28 16:43:18.277 44455 INFO rally.task.runner [-] Task e43afed2-3cf5-48a6-8549-72443ef8aa8d | ITER: 79 END: OK
2018-06-28 16:43:18.280 44455 INFO rally.task.runner [-] Task e43afed2-3cf5-48a6-8549-72443ef8aa8d | ITER: 89 START
2018-06-28 16:43:18.489 44459 INFO rally.task.runner [-] Task e43afed2-3cf5-48a6-8549-72443ef8aa8d | ITER: 80 END: OK
2018-06-28 16:43:18.493 44459 INFO rally.task.runner [-] Task e43afed2-3cf5-48a6-8549-72443ef8aa8d | ITER: 90 START
2018-06-28 16:43:19.155 44446 INFO rally.task.runner [-] Task e43afed2-3cf5-48a6-8549-72443ef8aa8d | ITER: 82 END: OK
2018-06-28 16:43:19.158 44446 INFO rally.task.runner [-] Task e43afed2-3cf5-48a6-8549-72443ef8aa8d | ITER: 91 START
2018-06-28 16:43:19.172 44445 INFO rally.task.runner [-] Task e43afed2-3cf5-48a6-8549-72443ef8aa8d | ITER: 81 END: OK
2018-06-28 16:43:19.175 44445 INFO rally.task.runner [-] Task e43afed2-3cf5-48a6-8549-72443ef8aa8d | ITER: 92 START
2018-06-28 16:43:19.448 44448 INFO rally.task.runner [-] Task e43afed2-3cf5-48a6-8549-72443ef8aa8d | ITER: 84 END: OK
2018-06-28 16:43:19.452 44448 INFO rally.task.runner [-] Task e43afed2-3cf5-48a6-8549-72443ef8aa8d | ITER: 93 START
2018-06-28 16:43:19.468 44444 INFO rally.task.runner [-] Task e43afed2-3cf5-48a6-8549-72443ef8aa8d | ITER: 85 END: OK
2018-06-28 16:43:19.470 44444 INFO rally.task.runner [-] Task e43afed2-3cf5-48a6-8549-72443ef8aa8d | ITER: 94 START
2018-06-28 16:43:19.538 44463 INFO rally.task.runner [-] Task e43afed2-3cf5-48a6-8549-72443ef8aa8d | ITER: 87 END: OK
2018-06-28 16:43:19.542 44463 INFO rally.task.runner [-] Task e43afed2-3cf5-48a6-8549-72443ef8aa8d | ITER: 95 START
2018-06-28 16:43:19.552 44443 INFO rally.task.runner [-] Task e43afed2-3cf5-48a6-8549-72443ef8aa8d | ITER: 88 END: OK
2018-06-28 16:43:19.556 44443 INFO rally.task.runner [-] Task e43afed2-3cf5-48a6-8549-72443ef8aa8d | ITER: 96 START
2018-06-28 16:43:19.605 44457 INFO rally.task.runner [-] Task e43afed2-3cf5-48a6-8549-72443ef8aa8d | ITER: 86 END: OK
2018-06-28 16:43:19.609 44457 INFO rally.task.runner [-] Task e43afed2-3cf5-48a6-8549-72443ef8aa8d | ITER: 97 START
2018-06-28 16:43:19.648 44452 INFO rally.task.runner [-] Task e43afed2-3cf5-48a6-8549-72443ef8aa8d | ITER: 83 END: OK
2018-06-28 16:43:19.651 44452 INFO rally.task.runner [-] Task e43afed2-3cf5-48a6-8549-72443ef8aa8d | ITER: 98 START
2018-06-28 16:43:19.814 44455 INFO rally.task.runner [-] Task e43afed2-3cf5-48a6-8549-72443ef8aa8d | ITER: 89 END: OK
2018-06-28 16:43:19.817 44455 INFO rally.task.runner [-] Task e43afed2-3cf5-48a6-8549-72443ef8aa8d | ITER: 99 START
2018-06-28 16:43:19.953 44459 INFO rally.task.runner [-] Task e43afed2-3cf5-48a6-8549-72443ef8aa8d | ITER: 90 END: OK
2018-06-28 16:43:19.956 44459 INFO rally.task.runner [-] Task e43afed2-3cf5-48a6-8549-72443ef8aa8d | ITER: 100 START
2018-06-28 16:43:20.649 44445 INFO rally.task.runner [-] Task e43afed2-3cf5-48a6-8549-72443ef8aa8d | ITER: 92 END: OK
2018-06-28 16:43:20.688 44446 INFO rally.task.runner [-] Task e43afed2-3cf5-48a6-8549-72443ef8aa8d | ITER: 91 END: OK
2018-06-28 16:43:20.887 44448 INFO rally.task.runner [-] Task e43afed2-3cf5-48a6-8549-72443ef8aa8d | ITER: 93 END: OK
2018-06-28 16:43:21.008 44452 INFO rally.task.runner [-] Task e43afed2-3cf5-48a6-8549-72443ef8aa8d | ITER: 98 END: OK
2018-06-28 16:43:21.046 44457 INFO rally.task.runner [-] Task e43afed2-3cf5-48a6-8549-72443ef8aa8d | ITER: 97 END: OK
2018-06-28 16:43:21.099 44443 INFO rally.task.runner [-] Task e43afed2-3cf5-48a6-8549-72443ef8aa8d | ITER: 96 END: OK
2018-06-28 16:43:21.100 44444 INFO rally.task.runner [-] Task e43afed2-3cf5-48a6-8549-72443ef8aa8d | ITER: 94 END: OK
2018-06-28 16:43:21.226 44463 INFO rally.task.runner [-] Task e43afed2-3cf5-48a6-8549-72443ef8aa8d | ITER: 95 END: OK
2018-06-28 16:43:21.227 44455 INFO rally.task.runner [-] Task e43afed2-3cf5-48a6-8549-72443ef8aa8d | ITER: 99 END: OK
2018-06-28 16:43:21.536 44459 INFO rally.task.runner [-] Task e43afed2-3cf5-48a6-8549-72443ef8aa8d | ITER: 100 END: OK
2018-06-28 16:43:21.557 44227 INFO rally.task.context [-] Task e43afed2-3cf5-48a6-8549-72443ef8aa8d | Context admin_cleanup@openstack cleanup() started
2018-06-28 16:43:36.564 44227 INFO rally.task.context [-] Task e43afed2-3cf5-48a6-8549-72443ef8aa8d | Context admin_cleanup@openstack cleanup() finished in 15.01 sec
2018-06-28 16:43:36.565 44227 INFO rally.task.context [-] Task e43afed2-3cf5-48a6-8549-72443ef8aa8d | Context users@openstack cleanup() started
2018-06-28 16:43:41.987 44227 INFO rally.task.context [-] Task e43afed2-3cf5-48a6-8549-72443ef8aa8d | Context users@openstack cleanup() finished in 5.42 sec
2018-06-28 16:43:42.463 44227 INFO rally.task.engine [-] Load duration is: 14.001031
2018-06-28 16:43:42.463 44227 INFO rally.task.engine [-] Full runner duration is: 14.972268
2018-06-28 16:43:42.464 44227 INFO rally.task.engine [-] Full duration is: 38.117985
2018-06-28 16:43:42.596 44227 INFO rally.task.engine [-] Task e43afed2-3cf5-48a6-8549-72443ef8aa8d | Completed: Running task.

--------------------------------------------------------------------------------
Task e43afed2-3cf5-48a6-8549-72443ef8aa8d: finished
--------------------------------------------------------------------------------

test scenario KeystoneBasic.add_and_remove_user_role
args position 0
args values:
{
  "runner": {
    "times": 100, 
    "concurrency": 10
  }, 
  "contexts": {
    "users": {
      "tenants": 3, 
      "users_per_tenant": 2
    }
  }, 
  "args": {}, 
  "sla": {
    "failure_rate": {
      "max": 0
    }
  }, 
  "hooks": []
}

--------------------------------------------------------------------------------
Task e43afed2-3cf5-48a6-8549-72443ef8aa8d has 0 error(s)
--------------------------------------------------------------------------------

+----------------------------------------------------------------------------------------------------------------------------+
|                                                    Response Times (sec)                                                    |
+-------------------------+-----------+--------------+--------------+--------------+-----------+-----------+---------+-------+
| Action                  | Min (sec) | Median (sec) | 90%ile (sec) | 95%ile (sec) | Max (sec) | Avg (sec) | Success | Count |
+-------------------------+-----------+--------------+--------------+--------------+-----------+-----------+---------+-------+
| keystone_v3.create_role | 0.387     | 0.45         | 0.515        | 0.524        | 0.662     | 0.454     | 100.0%  | 100   |
| keystone_v3.add_role    | 0.028     | 0.037        | 0.086        | 0.091        | 0.11      | 0.051     | 100.0%  | 100   |
| keystone_v3.revoke_role | 0.047     | 0.069        | 0.113        | 0.121        | 0.132     | 0.079     | 100.0%  | 100   |
| total                   | 0.467     | 0.582        | 0.678        | 0.701        | 0.813     | 0.584     | 100.0%  | 100   |
|  -> duration            | 0.467     | 0.582        | 0.678        | 0.701        | 0.813     | 0.584     | 100.0%  | 100   |
|  -> idle_duration       | 0.0       | 0.0          | 0.0          | 0.0          | 0.0       | 0.0       | 100.0%  | 100   |
+-------------------------+-----------+--------------+--------------+--------------+-----------+-----------+---------+-------+

Load duration: 14.001031
Full duration: 38.117985

HINTS:
* To plot HTML graphics with this data, run:
	rally task report e43afed2-3cf5-48a6-8549-72443ef8aa8d --out output.html

* To generate a JUnit report, run:
	rally task export e43afed2-3cf5-48a6-8549-72443ef8aa8d --type junit --to output.xml

* To get raw JSON output of task results, run:
	rally task report e43afed2-3cf5-48a6-8549-72443ef8aa8d --json --out output.json

--------------------------------------------------------------------------------
Preparing input task
--------------------------------------------------------------------------------

Task is:
{
    "KeystoneBasic.create_user_update_password": [
        {
            "args": {},
            "runner": {
                "type": "constant",
                "times": 100,
                "concurrency": 10
            },
            "sla": {
                "failure_rate": {
                    "max": 0
                }
            }
        }
    ]
}

Task syntax is correct :)
Running Rally version 0.10.1~dev119
--------------------------------------------------------------------------------
Task  b7f57467-64a8-482a-863a-4bccaad0cec2: started
--------------------------------------------------------------------------------

Running Task... This can take a while...

To track task status use:

	rally task status
	or
	rally task detailed

Using task: b7f57467-64a8-482a-863a-4bccaad0cec2
2018-06-28 16:43:44.574 44694 INFO rally.task.engine [-] Task b7f57467-64a8-482a-863a-4bccaad0cec2 | Starting:  Task validation.
2018-06-28 16:43:44.586 44694 INFO rally.task.engine [-] Task b7f57467-64a8-482a-863a-4bccaad0cec2 | Starting:  Task validation of syntax.
2018-06-28 16:43:44.598 44694 INFO rally.task.engine [-] Task b7f57467-64a8-482a-863a-4bccaad0cec2 | Completed: Task validation of syntax.
2018-06-28 16:43:44.599 44694 INFO rally.task.engine [-] Task b7f57467-64a8-482a-863a-4bccaad0cec2 | Starting:  Task validation of required platforms.
2018-06-28 16:43:44.605 44694 INFO rally.task.engine [-] Task b7f57467-64a8-482a-863a-4bccaad0cec2 | Completed: Task validation of required platforms.
2018-06-28 16:43:44.605 44694 INFO rally.task.engine [-] Task b7f57467-64a8-482a-863a-4bccaad0cec2 | Starting:  Task validation of semantic.
2018-06-28 16:43:47.730 44694 INFO rally.task.context [-] Task b7f57467-64a8-482a-863a-4bccaad0cec2 | Context users@openstack setup()  finished in 2.44 sec
2018-06-28 16:43:47.742 44694 INFO rally.task.context [-] Task b7f57467-64a8-482a-863a-4bccaad0cec2 | Context users@openstack cleanup() started
2018-06-28 16:43:51.287 44694 INFO rally.task.context [-] Task b7f57467-64a8-482a-863a-4bccaad0cec2 | Context users@openstack cleanup() finished in 3.54 sec
2018-06-28 16:43:51.287 44694 INFO rally.task.engine [-] Task b7f57467-64a8-482a-863a-4bccaad0cec2 | Completed: Task validation of semantic.
2018-06-28 16:43:51.287 44694 INFO rally.task.engine [-] Task b7f57467-64a8-482a-863a-4bccaad0cec2 | Completed: Task validation.
2018-06-28 16:43:51.288 44694 INFO rally.api [-] Task b7f57467-64a8-482a-863a-4bccaad0cec2 input file is valid.
2018-06-28 16:43:51.288 44694 INFO rally.api [-] Run Task b7f57467-64a8-482a-863a-4bccaad0cec2 against Deployment 7a37a5af-20ae-460e-97c7-4fdb337cc0b6
2018-06-28 16:43:51.288 44694 INFO rally.task.engine [-] Task b7f57467-64a8-482a-863a-4bccaad0cec2 | Starting:  Running task.
2018-06-28 16:43:51.351 44694 INFO rally.task.engine [-] Running workload: 
  position = 0
  config = {
   "version": 2, 
   "title": "A cropped version of a bigger task.", 
   "description": "Auto-generated task from a single workload (uuid=544a653e-2371-47fd-ac1c-649fa1babf23)", 
   "subtasks": [
      {
         "title": "KeystoneBasic.create_user_update_password", 
         "description": "Create user and update password for that user.", 
         "scenario": {
            "KeystoneBasic.create_user_update_password": {}
         }, 
         "contexts": {}, 
         "runner": {
            "constant": {
               "times": 100, 
               "concurrency": 10
            }
         }, 
         "hooks": [], 
         "sla": {
            "failure_rate": {
               "max": 0
            }
         }
      }
   ]
}
2018-06-28 16:43:53.981 44694 INFO rally.task.context [-] Task b7f57467-64a8-482a-863a-4bccaad0cec2 | Context users@openstack setup()  finished in 2.60 sec
2018-06-28 16:43:53.982 44694 INFO rally.task.context [-] Task b7f57467-64a8-482a-863a-4bccaad0cec2 | Context admin_cleanup@openstack setup()  finished in 0.08 msec
2018-06-28 16:43:54.007 44822 INFO rally.task.runner [-] Task b7f57467-64a8-482a-863a-4bccaad0cec2 | ITER: 1 START
2018-06-28 16:43:54.012 44824 INFO rally.task.runner [-] Task b7f57467-64a8-482a-863a-4bccaad0cec2 | ITER: 3 START
2018-06-28 16:43:54.015 44825 INFO rally.task.runner [-] Task b7f57467-64a8-482a-863a-4bccaad0cec2 | ITER: 4 START
2018-06-28 16:43:54.014 44823 INFO rally.task.runner [-] Task b7f57467-64a8-482a-863a-4bccaad0cec2 | ITER: 2 START
2018-06-28 16:43:54.020 44832 INFO rally.task.runner [-] Task b7f57467-64a8-482a-863a-4bccaad0cec2 | ITER: 6 START
2018-06-28 16:43:54.020 44829 INFO rally.task.runner [-] Task b7f57467-64a8-482a-863a-4bccaad0cec2 | ITER: 5 START
2018-06-28 16:43:54.024 44835 INFO rally.task.runner [-] Task b7f57467-64a8-482a-863a-4bccaad0cec2 | ITER: 7 START
2018-06-28 16:43:54.025 44837 INFO rally.task.runner [-] Task b7f57467-64a8-482a-863a-4bccaad0cec2 | ITER: 8 START
2018-06-28 16:43:54.029 44842 INFO rally.task.runner [-] Task b7f57467-64a8-482a-863a-4bccaad0cec2 | ITER: 9 START
2018-06-28 16:43:54.031 44844 INFO rally.task.runner [-] Task b7f57467-64a8-482a-863a-4bccaad0cec2 | ITER: 10 START
2018-06-28 16:43:56.148 44835 INFO rally.task.runner [-] Task b7f57467-64a8-482a-863a-4bccaad0cec2 | ITER: 7 END: OK
2018-06-28 16:43:56.151 44835 INFO rally.task.runner [-] Task b7f57467-64a8-482a-863a-4bccaad0cec2 | ITER: 11 START
2018-06-28 16:43:56.160 44822 INFO rally.task.runner [-] Task b7f57467-64a8-482a-863a-4bccaad0cec2 | ITER: 1 END: OK
2018-06-28 16:43:56.162 44837 INFO rally.task.runner [-] Task b7f57467-64a8-482a-863a-4bccaad0cec2 | ITER: 8 END: OK
2018-06-28 16:43:56.164 44822 INFO rally.task.runner [-] Task b7f57467-64a8-482a-863a-4bccaad0cec2 | ITER: 12 START
2018-06-28 16:43:56.165 44837 INFO rally.task.runner [-] Task b7f57467-64a8-482a-863a-4bccaad0cec2 | ITER: 13 START
2018-06-28 16:43:56.176 44829 INFO rally.task.runner [-] Task b7f57467-64a8-482a-863a-4bccaad0cec2 | ITER: 5 END: OK
2018-06-28 16:43:56.179 44829 INFO rally.task.runner [-] Task b7f57467-64a8-482a-863a-4bccaad0cec2 | ITER: 14 START
2018-06-28 16:43:56.204 44844 INFO rally.task.runner [-] Task b7f57467-64a8-482a-863a-4bccaad0cec2 | ITER: 10 END: OK
2018-06-28 16:43:56.207 44844 INFO rally.task.runner [-] Task b7f57467-64a8-482a-863a-4bccaad0cec2 | ITER: 15 START
2018-06-28 16:43:56.209 44825 INFO rally.task.runner [-] Task b7f57467-64a8-482a-863a-4bccaad0cec2 | ITER: 4 END: OK
2018-06-28 16:43:56.210 44824 INFO rally.task.runner [-] Task b7f57467-64a8-482a-863a-4bccaad0cec2 | ITER: 3 END: OK
2018-06-28 16:43:56.210 44832 INFO rally.task.runner [-] Task b7f57467-64a8-482a-863a-4bccaad0cec2 | ITER: 6 END: OK
2018-06-28 16:43:56.212 44825 INFO rally.task.runner [-] Task b7f57467-64a8-482a-863a-4bccaad0cec2 | ITER: 16 START
2018-06-28 16:43:56.213 44824 INFO rally.task.runner [-] Task b7f57467-64a8-482a-863a-4bccaad0cec2 | ITER: 17 START
2018-06-28 16:43:56.213 44832 INFO rally.task.runner [-] Task b7f57467-64a8-482a-863a-4bccaad0cec2 | ITER: 18 START
2018-06-28 16:43:56.247 44842 INFO rally.task.runner [-] Task b7f57467-64a8-482a-863a-4bccaad0cec2 | ITER: 9 END: OK
2018-06-28 16:43:56.250 44842 INFO rally.task.runner [-] Task b7f57467-64a8-482a-863a-4bccaad0cec2 | ITER: 19 START
2018-06-28 16:43:56.293 44823 INFO rally.task.runner [-] Task b7f57467-64a8-482a-863a-4bccaad0cec2 | ITER: 2 END: OK
2018-06-28 16:43:56.296 44823 INFO rally.task.runner [-] Task b7f57467-64a8-482a-863a-4bccaad0cec2 | ITER: 20 START
2018-06-28 16:43:58.142 44837 INFO rally.task.runner [-] Task b7f57467-64a8-482a-863a-4bccaad0cec2 | ITER: 13 END: OK
2018-06-28 16:43:58.144 44837 INFO rally.task.runner [-] Task b7f57467-64a8-482a-863a-4bccaad0cec2 | ITER: 21 START
2018-06-28 16:43:58.159 44822 INFO rally.task.runner [-] Task b7f57467-64a8-482a-863a-4bccaad0cec2 | ITER: 12 END: OK
2018-06-28 16:43:58.163 44822 INFO rally.task.runner [-] Task b7f57467-64a8-482a-863a-4bccaad0cec2 | ITER: 22 START
2018-06-28 16:43:58.188 44832 INFO rally.task.runner [-] Task b7f57467-64a8-482a-863a-4bccaad0cec2 | ITER: 18 END: OK
2018-06-28 16:43:58.191 44832 INFO rally.task.runner [-] Task b7f57467-64a8-482a-863a-4bccaad0cec2 | ITER: 23 START
2018-06-28 16:43:58.194 44842 INFO rally.task.runner [-] Task b7f57467-64a8-482a-863a-4bccaad0cec2 | ITER: 19 END: OK
2018-06-28 16:43:58.197 44842 INFO rally.task.runner [-] Task b7f57467-64a8-482a-863a-4bccaad0cec2 | ITER: 24 START
2018-06-28 16:43:58.198 44844 INFO rally.task.runner [-] Task b7f57467-64a8-482a-863a-4bccaad0cec2 | ITER: 15 END: OK
2018-06-28 16:43:58.201 44844 INFO rally.task.runner [-] Task b7f57467-64a8-482a-863a-4bccaad0cec2 | ITER: 25 START
2018-06-28 16:43:58.204 44835 INFO rally.task.runner [-] Task b7f57467-64a8-482a-863a-4bccaad0cec2 | ITER: 11 END: OK
2018-06-28 16:43:58.207 44835 INFO rally.task.runner [-] Task b7f57467-64a8-482a-863a-4bccaad0cec2 | ITER: 26 START
2018-06-28 16:43:58.208 44825 INFO rally.task.runner [-] Task b7f57467-64a8-482a-863a-4bccaad0cec2 | ITER: 16 END: OK
2018-06-28 16:43:58.211 44825 INFO rally.task.runner [-] Task b7f57467-64a8-482a-863a-4bccaad0cec2 | ITER: 27 START
2018-06-28 16:43:58.233 44824 INFO rally.task.runner [-] Task b7f57467-64a8-482a-863a-4bccaad0cec2 | ITER: 17 END: OK
2018-06-28 16:43:58.236 44824 INFO rally.task.runner [-] Task b7f57467-64a8-482a-863a-4bccaad0cec2 | ITER: 28 START
2018-06-28 16:43:58.275 44823 INFO rally.task.runner [-] Task b7f57467-64a8-482a-863a-4bccaad0cec2 | ITER: 20 END: OK
2018-06-28 16:43:58.278 44823 INFO rally.task.runner [-] Task b7f57467-64a8-482a-863a-4bccaad0cec2 | ITER: 29 START
2018-06-28 16:43:58.285 44829 INFO rally.task.runner [-] Task b7f57467-64a8-482a-863a-4bccaad0cec2 | ITER: 14 END: OK
2018-06-28 16:43:58.288 44829 INFO rally.task.runner [-] Task b7f57467-64a8-482a-863a-4bccaad0cec2 | ITER: 30 START
2018-06-28 16:44:00.134 44842 INFO rally.task.runner [-] Task b7f57467-64a8-482a-863a-4bccaad0cec2 | ITER: 24 END: OK
2018-06-28 16:44:00.138 44842 INFO rally.task.runner [-] Task b7f57467-64a8-482a-863a-4bccaad0cec2 | ITER: 31 START
2018-06-28 16:44:00.186 44822 INFO rally.task.runner [-] Task b7f57467-64a8-482a-863a-4bccaad0cec2 | ITER: 22 END: OK
2018-06-28 16:44:00.189 44822 INFO rally.task.runner [-] Task b7f57467-64a8-482a-863a-4bccaad0cec2 | ITER: 32 START
2018-06-28 16:44:00.201 44837 INFO rally.task.runner [-] Task b7f57467-64a8-482a-863a-4bccaad0cec2 | ITER: 21 END: OK
2018-06-28 16:44:00.204 44837 INFO rally.task.runner [-] Task b7f57467-64a8-482a-863a-4bccaad0cec2 | ITER: 33 START
2018-06-28 16:44:00.209 44835 INFO rally.task.runner [-] Task b7f57467-64a8-482a-863a-4bccaad0cec2 | ITER: 26 END: OK
2018-06-28 16:44:00.211 44835 INFO rally.task.runner [-] Task b7f57467-64a8-482a-863a-4bccaad0cec2 | ITER: 34 START
2018-06-28 16:44:00.217 44829 INFO rally.task.runner [-] Task b7f57467-64a8-482a-863a-4bccaad0cec2 | ITER: 30 END: OK
2018-06-28 16:44:00.220 44829 INFO rally.task.runner [-] Task b7f57467-64a8-482a-863a-4bccaad0cec2 | ITER: 35 START
2018-06-28 16:44:00.260 44825 INFO rally.task.runner [-] Task b7f57467-64a8-482a-863a-4bccaad0cec2 | ITER: 27 END: OK
2018-06-28 16:44:00.263 44825 INFO rally.task.runner [-] Task b7f57467-64a8-482a-863a-4bccaad0cec2 | ITER: 36 START
2018-06-28 16:44:00.265 44844 INFO rally.task.runner [-] Task b7f57467-64a8-482a-863a-4bccaad0cec2 | ITER: 25 END: OK
2018-06-28 16:44:00.268 44844 INFO rally.task.runner [-] Task b7f57467-64a8-482a-863a-4bccaad0cec2 | ITER: 37 START
