2018-05-31 19:15:19.243 22144 INFO rally.task.runner [-] Task 4e632436-162f-4326-9dc4-6bf5244a2cd1 | ITER: 66 END: OK
2018-05-31 19:15:19.245 22144 INFO rally.task.runner [-] Task 4e632436-162f-4326-9dc4-6bf5244a2cd1 | ITER: 73 START
2018-05-31 19:15:19.247 22135 INFO rally.task.runner [-] Task 4e632436-162f-4326-9dc4-6bf5244a2cd1 | ITER: 64 END: OK
2018-05-31 19:15:19.249 22135 INFO rally.task.runner [-] Task 4e632436-162f-4326-9dc4-6bf5244a2cd1 | ITER: 74 START
2018-05-31 19:15:19.249 22131 INFO rally.task.runner [-] Task 4e632436-162f-4326-9dc4-6bf5244a2cd1 | ITER: 67 END: OK
2018-05-31 19:15:19.252 22131 INFO rally.task.runner [-] Task 4e632436-162f-4326-9dc4-6bf5244a2cd1 | ITER: 75 START
2018-05-31 19:15:19.259 22138 INFO rally.task.runner [-] Task 4e632436-162f-4326-9dc4-6bf5244a2cd1 | ITER: 68 END: OK
2018-05-31 19:15:19.259 22141 INFO rally.task.runner [-] Task 4e632436-162f-4326-9dc4-6bf5244a2cd1 | ITER: 69 END: OK
2018-05-31 19:15:19.260 22138 INFO rally.task.runner [-] Task 4e632436-162f-4326-9dc4-6bf5244a2cd1 | ITER: 76 START
2018-05-31 19:15:19.261 22130 INFO rally.task.runner [-] Task 4e632436-162f-4326-9dc4-6bf5244a2cd1 | ITER: 70 END: OK
2018-05-31 19:15:19.262 22141 INFO rally.task.runner [-] Task 4e632436-162f-4326-9dc4-6bf5244a2cd1 | ITER: 77 START
2018-05-31 19:15:19.263 22130 INFO rally.task.runner [-] Task 4e632436-162f-4326-9dc4-6bf5244a2cd1 | ITER: 78 START
2018-05-31 19:15:19.268 22132 INFO rally.task.runner [-] Task 4e632436-162f-4326-9dc4-6bf5244a2cd1 | ITER: 63 END: OK
2018-05-31 19:15:19.270 22132 INFO rally.task.runner [-] Task 4e632436-162f-4326-9dc4-6bf5244a2cd1 | ITER: 79 START
2018-05-31 19:15:19.288 22151 INFO rally.task.runner [-] Task 4e632436-162f-4326-9dc4-6bf5244a2cd1 | ITER: 61 END: OK
2018-05-31 19:15:19.290 22151 INFO rally.task.runner [-] Task 4e632436-162f-4326-9dc4-6bf5244a2cd1 | ITER: 80 START
2018-05-31 19:15:20.653 22147 INFO rally.task.runner [-] Task 4e632436-162f-4326-9dc4-6bf5244a2cd1 | ITER: 72 END: OK
2018-05-31 19:15:20.655 22147 INFO rally.task.runner [-] Task 4e632436-162f-4326-9dc4-6bf5244a2cd1 | ITER: 81 START
2018-05-31 19:15:20.656 22144 INFO rally.task.runner [-] Task 4e632436-162f-4326-9dc4-6bf5244a2cd1 | ITER: 73 END: OK
2018-05-31 19:15:20.659 22144 INFO rally.task.runner [-] Task 4e632436-162f-4326-9dc4-6bf5244a2cd1 | ITER: 82 START
2018-05-31 19:15:20.660 22135 INFO rally.task.runner [-] Task 4e632436-162f-4326-9dc4-6bf5244a2cd1 | ITER: 74 END: OK
2018-05-31 19:15:20.663 22131 INFO rally.task.runner [-] Task 4e632436-162f-4326-9dc4-6bf5244a2cd1 | ITER: 75 END: OK
2018-05-31 19:15:20.663 22135 INFO rally.task.runner [-] Task 4e632436-162f-4326-9dc4-6bf5244a2cd1 | ITER: 83 START
2018-05-31 19:15:20.668 22131 INFO rally.task.runner [-] Task 4e632436-162f-4326-9dc4-6bf5244a2cd1 | ITER: 84 START
2018-05-31 19:15:20.682 22130 INFO rally.task.runner [-] Task 4e632436-162f-4326-9dc4-6bf5244a2cd1 | ITER: 78 END: OK
2018-05-31 19:15:20.685 22130 INFO rally.task.runner [-] Task 4e632436-162f-4326-9dc4-6bf5244a2cd1 | ITER: 85 START
2018-05-31 19:15:20.689 22150 INFO rally.task.runner [-] Task 4e632436-162f-4326-9dc4-6bf5244a2cd1 | ITER: 71 END: OK
2018-05-31 19:15:20.691 22150 INFO rally.task.runner [-] Task 4e632436-162f-4326-9dc4-6bf5244a2cd1 | ITER: 86 START
2018-05-31 19:15:20.693 22132 INFO rally.task.runner [-] Task 4e632436-162f-4326-9dc4-6bf5244a2cd1 | ITER: 79 END: OK
2018-05-31 19:15:20.696 22132 INFO rally.task.runner [-] Task 4e632436-162f-4326-9dc4-6bf5244a2cd1 | ITER: 87 START
2018-05-31 19:15:20.724 22151 INFO rally.task.runner [-] Task 4e632436-162f-4326-9dc4-6bf5244a2cd1 | ITER: 80 END: OK
2018-05-31 19:15:20.727 22151 INFO rally.task.runner [-] Task 4e632436-162f-4326-9dc4-6bf5244a2cd1 | ITER: 88 START
2018-05-31 19:15:20.767 22141 INFO rally.task.runner [-] Task 4e632436-162f-4326-9dc4-6bf5244a2cd1 | ITER: 77 END: OK
2018-05-31 19:15:20.771 22141 INFO rally.task.runner [-] Task 4e632436-162f-4326-9dc4-6bf5244a2cd1 | ITER: 89 START
2018-05-31 19:15:20.780 22138 INFO rally.task.runner [-] Task 4e632436-162f-4326-9dc4-6bf5244a2cd1 | ITER: 76 END: OK
2018-05-31 19:15:20.783 22138 INFO rally.task.runner [-] Task 4e632436-162f-4326-9dc4-6bf5244a2cd1 | ITER: 90 START
2018-05-31 19:15:22.107 22144 INFO rally.task.runner [-] Task 4e632436-162f-4326-9dc4-6bf5244a2cd1 | ITER: 82 END: OK
2018-05-31 19:15:22.110 22144 INFO rally.task.runner [-] Task 4e632436-162f-4326-9dc4-6bf5244a2cd1 | ITER: 91 START
2018-05-31 19:15:22.134 22135 INFO rally.task.runner [-] Task 4e632436-162f-4326-9dc4-6bf5244a2cd1 | ITER: 83 END: OK
2018-05-31 19:15:22.134 22150 INFO rally.task.runner [-] Task 4e632436-162f-4326-9dc4-6bf5244a2cd1 | ITER: 86 END: OK
2018-05-31 19:15:22.137 22150 INFO rally.task.runner [-] Task 4e632436-162f-4326-9dc4-6bf5244a2cd1 | ITER: 92 START
2018-05-31 19:15:22.137 22135 INFO rally.task.runner [-] Task 4e632436-162f-4326-9dc4-6bf5244a2cd1 | ITER: 93 START
2018-05-31 19:15:22.146 22132 INFO rally.task.runner [-] Task 4e632436-162f-4326-9dc4-6bf5244a2cd1 | ITER: 87 END: OK
2018-05-31 19:15:22.149 22132 INFO rally.task.runner [-] Task 4e632436-162f-4326-9dc4-6bf5244a2cd1 | ITER: 94 START
2018-05-31 19:15:22.152 22147 INFO rally.task.runner [-] Task 4e632436-162f-4326-9dc4-6bf5244a2cd1 | ITER: 81 END: OK
2018-05-31 19:15:22.153 22130 INFO rally.task.runner [-] Task 4e632436-162f-4326-9dc4-6bf5244a2cd1 | ITER: 85 END: OK
2018-05-31 19:15:22.154 22147 INFO rally.task.runner [-] Task 4e632436-162f-4326-9dc4-6bf5244a2cd1 | ITER: 95 START
2018-05-31 19:15:22.155 22130 INFO rally.task.runner [-] Task 4e632436-162f-4326-9dc4-6bf5244a2cd1 | ITER: 96 START
2018-05-31 19:15:22.169 22151 INFO rally.task.runner [-] Task 4e632436-162f-4326-9dc4-6bf5244a2cd1 | ITER: 88 END: OK
2018-05-31 19:15:22.171 22151 INFO rally.task.runner [-] Task 4e632436-162f-4326-9dc4-6bf5244a2cd1 | ITER: 97 START
2018-05-31 19:15:22.178 22131 INFO rally.task.runner [-] Task 4e632436-162f-4326-9dc4-6bf5244a2cd1 | ITER: 84 END: OK
2018-05-31 19:15:22.180 22131 INFO rally.task.runner [-] Task 4e632436-162f-4326-9dc4-6bf5244a2cd1 | ITER: 98 START
2018-05-31 19:15:22.212 22141 INFO rally.task.runner [-] Task 4e632436-162f-4326-9dc4-6bf5244a2cd1 | ITER: 89 END: OK
2018-05-31 19:15:22.215 22141 INFO rally.task.runner [-] Task 4e632436-162f-4326-9dc4-6bf5244a2cd1 | ITER: 99 START
2018-05-31 19:15:22.273 22138 INFO rally.task.runner [-] Task 4e632436-162f-4326-9dc4-6bf5244a2cd1 | ITER: 90 END: OK
2018-05-31 19:15:22.276 22138 INFO rally.task.runner [-] Task 4e632436-162f-4326-9dc4-6bf5244a2cd1 | ITER: 100 START
2018-05-31 19:15:23.552 22144 INFO rally.task.runner [-] Task 4e632436-162f-4326-9dc4-6bf5244a2cd1 | ITER: 91 END: OK
2018-05-31 19:15:23.581 22135 INFO rally.task.runner [-] Task 4e632436-162f-4326-9dc4-6bf5244a2cd1 | ITER: 93 END: OK
2018-05-31 19:15:23.595 22150 INFO rally.task.runner [-] Task 4e632436-162f-4326-9dc4-6bf5244a2cd1 | ITER: 92 END: OK
2018-05-31 19:15:23.600 22130 INFO rally.task.runner [-] Task 4e632436-162f-4326-9dc4-6bf5244a2cd1 | ITER: 96 END: OK
2018-05-31 19:15:23.660 22131 INFO rally.task.runner [-] Task 4e632436-162f-4326-9dc4-6bf5244a2cd1 | ITER: 98 END: OK
2018-05-31 19:15:23.663 22141 INFO rally.task.runner [-] Task 4e632436-162f-4326-9dc4-6bf5244a2cd1 | ITER: 99 END: OK
2018-05-31 19:15:23.669 22147 INFO rally.task.runner [-] Task 4e632436-162f-4326-9dc4-6bf5244a2cd1 | ITER: 95 END: OK
2018-05-31 19:15:23.684 22138 INFO rally.task.runner [-] Task 4e632436-162f-4326-9dc4-6bf5244a2cd1 | ITER: 100 END: OK
2018-05-31 19:15:23.736 22132 INFO rally.task.runner [-] Task 4e632436-162f-4326-9dc4-6bf5244a2cd1 | ITER: 94 END: OK
2018-05-31 19:15:23.739 22151 INFO rally.task.runner [-] Task 4e632436-162f-4326-9dc4-6bf5244a2cd1 | ITER: 97 END: OK
2018-05-31 19:15:23.761 22002 INFO rally.task.context [-] Task 4e632436-162f-4326-9dc4-6bf5244a2cd1 | Context admin_cleanup@openstack cleanup() started
2018-05-31 19:15:40.075 22002 INFO rally.task.context [-] Task 4e632436-162f-4326-9dc4-6bf5244a2cd1 | Context admin_cleanup@openstack cleanup() finished in 16.31 sec
2018-05-31 19:15:40.076 22002 INFO rally.task.context [-] Task 4e632436-162f-4326-9dc4-6bf5244a2cd1 | Context users@openstack cleanup() started
2018-05-31 19:15:45.057 22002 INFO rally.task.context [-] Task 4e632436-162f-4326-9dc4-6bf5244a2cd1 | Context users@openstack cleanup() finished in 4.98 sec
2018-05-31 19:15:46.966 22002 INFO rally.task.engine [-] Load duration is: 13.630067
2018-05-31 19:15:46.966 22002 INFO rally.task.engine [-] Full runner duration is: 14.665431
2018-05-31 19:15:46.966 22002 INFO rally.task.engine [-] Full duration is: 38.513307
2018-05-31 19:15:47.081 22002 INFO rally.task.engine [-] Task 4e632436-162f-4326-9dc4-6bf5244a2cd1 | Completed: Running task.

--------------------------------------------------------------------------------
Task 4e632436-162f-4326-9dc4-6bf5244a2cd1: finished
--------------------------------------------------------------------------------

test scenario KeystoneBasic.create_and_list_users
args position 0
args values:
{
  "runner": {
    "times": 100, 
    "concurrency": 10
  }, 
  "contexts": {}, 
  "args": {}, 
  "sla": {
    "failure_rate": {
      "max": 0
    }
  }, 
  "hooks": []
}

--------------------------------------------------------------------------------
Task 4e632436-162f-4326-9dc4-6bf5244a2cd1 has 0 error(s)
--------------------------------------------------------------------------------

+----------------------------------------------------------------------------------------------------------------------------+
|                                                    Response Times (sec)                                                    |
+-------------------------+-----------+--------------+--------------+--------------+-----------+-----------+---------+-------+
| Action                  | Min (sec) | Median (sec) | 90%ile (sec) | 95%ile (sec) | Max (sec) | Avg (sec) | Success | Count |
+-------------------------+-----------+--------------+--------------+--------------+-----------+-----------+---------+-------+
| keystone_v3.create_user | 0.463     | 0.484        | 0.508        | 0.522        | 0.575     | 0.488     | 100.0%  | 100   |
| keystone_v3.list_users  | 0.05      | 0.071        | 0.09         | 0.104        | 0.175     | 0.075     | 100.0%  | 100   |
| total                   | 0.56      | 0.603        | 0.65         | 0.669        | 0.732     | 0.61      | 100.0%  | 100   |
|  -> duration            | 0.56      | 0.603        | 0.65         | 0.669        | 0.732     | 0.61      | 100.0%  | 100   |
|  -> idle_duration       | 0.0       | 0.0          | 0.0          | 0.0          | 0.0       | 0.0       | 100.0%  | 100   |
+-------------------------+-----------+--------------+--------------+--------------+-----------+-----------+---------+-------+

Load duration: 13.630067
Full duration: 38.513307

HINTS:
* To plot HTML graphics with this data, run:
	rally task report 4e632436-162f-4326-9dc4-6bf5244a2cd1 --out output.html

* To generate a JUnit report, run:
	rally task export 4e632436-162f-4326-9dc4-6bf5244a2cd1 --type junit --to output.xml

* To get raw JSON output of task results, run:
	rally task report 4e632436-162f-4326-9dc4-6bf5244a2cd1 --json --out output.json

--------------------------------------------------------------------------------
Preparing input task
--------------------------------------------------------------------------------

Task is:
{
    "KeystoneBasic.create_add_and_list_user_roles": [
    {
            "runner": {
                "type": "constant",
                "times": 100,
                "concurrency": 10
            },
            "context": {
                "users": {
                    "tenants": 3,
                    "users_per_tenant": 2
                }
            },
            "sla": {
                "failure_rate": {
                    "max": 0
                }
            }
        }
    ]
}

Task syntax is correct :)
Running Rally version 0.10.1~dev119
--------------------------------------------------------------------------------
Task  168c976f-3dc5-4a63-8afa-a78b130c34ca: started
--------------------------------------------------------------------------------

Running Task... This can take a while...

To track task status use:

	rally task status
	or
	rally task detailed

Using task: 168c976f-3dc5-4a63-8afa-a78b130c34ca
2018-05-31 19:15:48.810 22382 INFO rally.task.engine [-] Task 168c976f-3dc5-4a63-8afa-a78b130c34ca | Starting:  Task validation.
2018-05-31 19:15:48.817 22382 INFO rally.task.engine [-] Task 168c976f-3dc5-4a63-8afa-a78b130c34ca | Starting:  Task validation of syntax.
2018-05-31 19:15:48.826 22382 INFO rally.task.engine [-] Task 168c976f-3dc5-4a63-8afa-a78b130c34ca | Completed: Task validation of syntax.
2018-05-31 19:15:48.826 22382 INFO rally.task.engine [-] Task 168c976f-3dc5-4a63-8afa-a78b130c34ca | Starting:  Task validation of required platforms.
2018-05-31 19:15:48.831 22382 INFO rally.task.engine [-] Task 168c976f-3dc5-4a63-8afa-a78b130c34ca | Completed: Task validation of required platforms.
2018-05-31 19:15:48.831 22382 INFO rally.task.engine [-] Task 168c976f-3dc5-4a63-8afa-a78b130c34ca | Starting:  Task validation of semantic.
2018-05-31 19:15:52.535 22382 INFO rally.task.context [-] Task 168c976f-3dc5-4a63-8afa-a78b130c34ca | Context users@openstack setup()  finished in 2.97 sec
2018-05-31 19:15:52.546 22382 INFO rally.task.context [-] Task 168c976f-3dc5-4a63-8afa-a78b130c34ca | Context users@openstack cleanup() started
2018-05-31 19:15:58.767 22382 INFO rally.task.context [-] Task 168c976f-3dc5-4a63-8afa-a78b130c34ca | Context users@openstack cleanup() finished in 6.22 sec
2018-05-31 19:15:58.768 22382 INFO rally.task.engine [-] Task 168c976f-3dc5-4a63-8afa-a78b130c34ca | Completed: Task validation of semantic.
2018-05-31 19:15:58.768 22382 INFO rally.task.engine [-] Task 168c976f-3dc5-4a63-8afa-a78b130c34ca | Completed: Task validation.
2018-05-31 19:15:58.769 22382 INFO rally.api [-] Task 168c976f-3dc5-4a63-8afa-a78b130c34ca input file is valid.
2018-05-31 19:15:58.769 22382 INFO rally.api [-] Run Task 168c976f-3dc5-4a63-8afa-a78b130c34ca against Deployment 9645acaa-d81e-48ac-8b77-9fe1d18f70f5
2018-05-31 19:15:58.769 22382 INFO rally.task.engine [-] Task 168c976f-3dc5-4a63-8afa-a78b130c34ca | Starting:  Running task.
2018-05-31 19:15:58.818 22382 INFO rally.task.engine [-] Running workload: 
  position = 0
  config = {
   "version": 2, 
   "title": "A cropped version of a bigger task.", 
   "description": "Auto-generated task from a single workload (uuid=e850c3bc-722b-4696-85d9-87e70c886a32)", 
   "subtasks": [
      {
         "title": "KeystoneBasic.create_add_and_list_user_roles", 
         "description": "Create user role, add it and list user roles for given user.", 
         "scenario": {
            "KeystoneBasic.create_add_and_list_user_roles": {}
         }, 
         "contexts": {
            "users": {
               "tenants": 3, 
               "users_per_tenant": 2
            }
         }, 
         "runner": {
            "constant": {
               "times": 100, 
               "concurrency": 10
            }
         }, 
         "hooks": [], 
         "sla": {
            "failure_rate": {
               "max": 0
            }
         }
      }
   ]
}
2018-05-31 19:16:01.885 22382 INFO rally.task.context [-] Task 168c976f-3dc5-4a63-8afa-a78b130c34ca | Context users@openstack setup()  finished in 3.04 sec
2018-05-31 19:16:01.886 22382 INFO rally.task.context [-] Task 168c976f-3dc5-4a63-8afa-a78b130c34ca | Context admin_cleanup@openstack setup()  finished in 0.01 msec
2018-05-31 19:16:01.915 22510 INFO rally.task.runner [-] Task 168c976f-3dc5-4a63-8afa-a78b130c34ca | ITER: 1 START
2018-05-31 19:16:01.925 22511 INFO rally.task.runner [-] Task 168c976f-3dc5-4a63-8afa-a78b130c34ca | ITER: 2 START
2018-05-31 19:16:01.930 22518 INFO rally.task.runner [-] Task 168c976f-3dc5-4a63-8afa-a78b130c34ca | ITER: 5 START
2018-05-31 19:16:01.932 22515 INFO rally.task.runner [-] Task 168c976f-3dc5-4a63-8afa-a78b130c34ca | ITER: 4 START
2018-05-31 19:16:01.937 22521 INFO rally.task.runner [-] Task 168c976f-3dc5-4a63-8afa-a78b130c34ca | ITER: 8 START
2018-05-31 19:16:01.934 22512 INFO rally.task.runner [-] Task 168c976f-3dc5-4a63-8afa-a78b130c34ca | ITER: 3 START
2018-05-31 19:16:01.940 22525 INFO rally.task.runner [-] Task 168c976f-3dc5-4a63-8afa-a78b130c34ca | ITER: 9 START
2018-05-31 19:16:01.935 22519 INFO rally.task.runner [-] Task 168c976f-3dc5-4a63-8afa-a78b130c34ca | ITER: 6 START
2018-05-31 19:16:01.934 22520 INFO rally.task.runner [-] Task 168c976f-3dc5-4a63-8afa-a78b130c34ca | ITER: 7 START
2018-05-31 19:16:01.941 22529 INFO rally.task.runner [-] Task 168c976f-3dc5-4a63-8afa-a78b130c34ca | ITER: 10 START
2018-05-31 19:16:03.407 22520 INFO rally.task.runner [-] Task 168c976f-3dc5-4a63-8afa-a78b130c34ca | ITER: 7 END: OK
2018-05-31 19:16:03.411 22520 INFO rally.task.runner [-] Task 168c976f-3dc5-4a63-8afa-a78b130c34ca | ITER: 11 START
2018-05-31 19:16:03.420 22510 INFO rally.task.runner [-] Task 168c976f-3dc5-4a63-8afa-a78b130c34ca | ITER: 1 END: OK
2018-05-31 19:16:03.421 22518 INFO rally.task.runner [-] Task 168c976f-3dc5-4a63-8afa-a78b130c34ca | ITER: 5 END: OK
2018-05-31 19:16:03.422 22512 INFO rally.task.runner [-] Task 168c976f-3dc5-4a63-8afa-a78b130c34ca | ITER: 3 END: OK
2018-05-31 19:16:03.424 22510 INFO rally.task.runner [-] Task 168c976f-3dc5-4a63-8afa-a78b130c34ca | ITER: 12 START
2018-05-31 19:16:03.424 22512 INFO rally.task.runner [-] Task 168c976f-3dc5-4a63-8afa-a78b130c34ca | ITER: 14 START
2018-05-31 19:16:03.425 22518 INFO rally.task.runner [-] Task 168c976f-3dc5-4a63-8afa-a78b130c34ca | ITER: 13 START
2018-05-31 19:16:03.430 22525 INFO rally.task.runner [-] Task 168c976f-3dc5-4a63-8afa-a78b130c34ca | ITER: 9 END: OK
2018-05-31 19:16:03.433 22525 INFO rally.task.runner [-] Task 168c976f-3dc5-4a63-8afa-a78b130c34ca | ITER: 15 START
2018-05-31 19:16:03.435 22519 INFO rally.task.runner [-] Task 168c976f-3dc5-4a63-8afa-a78b130c34ca | ITER: 6 END: OK
2018-05-31 19:16:03.438 22519 INFO rally.task.runner [-] Task 168c976f-3dc5-4a63-8afa-a78b130c34ca | ITER: 16 START
2018-05-31 19:16:03.439 22515 INFO rally.task.runner [-] Task 168c976f-3dc5-4a63-8afa-a78b130c34ca | ITER: 4 END: OK
2018-05-31 19:16:03.443 22515 INFO rally.task.runner [-] Task 168c976f-3dc5-4a63-8afa-a78b130c34ca | ITER: 17 START
2018-05-31 19:16:03.501 22529 INFO rally.task.runner [-] Task 168c976f-3dc5-4a63-8afa-a78b130c34ca | ITER: 10 END: OK
2018-05-31 19:16:03.505 22529 INFO rally.task.runner [-] Task 168c976f-3dc5-4a63-8afa-a78b130c34ca | ITER: 18 START
2018-05-31 19:16:03.544 22521 INFO rally.task.runner [-] Task 168c976f-3dc5-4a63-8afa-a78b130c34ca | ITER: 8 END: OK
2018-05-31 19:16:03.548 22521 INFO rally.task.runner [-] Task 168c976f-3dc5-4a63-8afa-a78b130c34ca | ITER: 19 START
2018-05-31 19:16:03.563 22511 INFO rally.task.runner [-] Task 168c976f-3dc5-4a63-8afa-a78b130c34ca | ITER: 2 END: OK
2018-05-31 19:16:03.567 22511 INFO rally.task.runner [-] Task 168c976f-3dc5-4a63-8afa-a78b130c34ca | ITER: 20 START
2018-05-31 19:16:04.816 22520 INFO rally.task.runner [-] Task 168c976f-3dc5-4a63-8afa-a78b130c34ca | ITER: 11 END: OK
2018-05-31 19:16:04.820 22520 INFO rally.task.runner [-] Task 168c976f-3dc5-4a63-8afa-a78b130c34ca | ITER: 21 START
2018-05-31 19:16:04.825 22525 INFO rally.task.runner [-] Task 168c976f-3dc5-4a63-8afa-a78b130c34ca | ITER: 15 END: OK
2018-05-31 19:16:04.826 22510 INFO rally.task.runner [-] Task 168c976f-3dc5-4a63-8afa-a78b130c34ca | ITER: 12 END: OK
2018-05-31 19:16:04.828 22525 INFO rally.task.runner [-] Task 168c976f-3dc5-4a63-8afa-a78b130c34ca | ITER: 22 START
2018-05-31 19:16:04.829 22510 INFO rally.task.runner [-] Task 168c976f-3dc5-4a63-8afa-a78b130c34ca | ITER: 23 START
2018-05-31 19:16:04.833 22515 INFO rally.task.runner [-] Task 168c976f-3dc5-4a63-8afa-a78b130c34ca | ITER: 17 END: OK
2018-05-31 19:16:04.836 22515 INFO rally.task.runner [-] Task 168c976f-3dc5-4a63-8afa-a78b130c34ca | ITER: 24 START
2018-05-31 19:16:04.842 22519 INFO rally.task.runner [-] Task 168c976f-3dc5-4a63-8afa-a78b130c34ca | ITER: 16 END: OK
2018-05-31 19:16:04.844 22519 INFO rally.task.runner [-] Task 168c976f-3dc5-4a63-8afa-a78b130c34ca | ITER: 25 START
2018-05-31 19:16:04.851 22518 INFO rally.task.runner [-] Task 168c976f-3dc5-4a63-8afa-a78b130c34ca | ITER: 13 END: OK
2018-05-31 19:16:04.853 22518 INFO rally.task.runner [-] Task 168c976f-3dc5-4a63-8afa-a78b130c34ca | ITER: 26 START
2018-05-31 19:16:04.856 22529 INFO rally.task.runner [-] Task 168c976f-3dc5-4a63-8afa-a78b130c34ca | ITER: 18 END: OK
2018-05-31 19:16:04.857 22512 INFO rally.task.runner [-] Task 168c976f-3dc5-4a63-8afa-a78b130c34ca | ITER: 14 END: OK
2018-05-31 19:16:04.859 22529 INFO rally.task.runner [-] Task 168c976f-3dc5-4a63-8afa-a78b130c34ca | ITER: 27 START
2018-05-31 19:16:04.860 22512 INFO rally.task.runner [-] Task 168c976f-3dc5-4a63-8afa-a78b130c34ca | ITER: 28 START
2018-05-31 19:16:04.952 22521 INFO rally.task.runner [-] Task 168c976f-3dc5-4a63-8afa-a78b130c34ca | ITER: 19 END: OK
2018-05-31 19:16:04.955 22511 INFO rally.task.runner [-] Task 168c976f-3dc5-4a63-8afa-a78b130c34ca | ITER: 20 END: OK
2018-05-31 19:16:04.956 22521 INFO rally.task.runner [-] Task 168c976f-3dc5-4a63-8afa-a78b130c34ca | ITER: 29 START
2018-05-31 19:16:04.957 22511 INFO rally.task.runner [-] Task 168c976f-3dc5-4a63-8afa-a78b130c34ca | ITER: 30 START
2018-05-31 19:16:06.239 22520 INFO rally.task.runner [-] Task 168c976f-3dc5-4a63-8afa-a78b130c34ca | ITER: 21 END: OK
2018-05-31 19:16:06.243 22520 INFO rally.task.runner [-] Task 168c976f-3dc5-4a63-8afa-a78b130c34ca | ITER: 31 START
2018-05-31 19:16:06.248 22518 INFO rally.task.runner [-] Task 168c976f-3dc5-4a63-8afa-a78b130c34ca | ITER: 26 END: OK
2018-05-31 19:16:06.252 22518 INFO rally.task.runner [-] Task 168c976f-3dc5-4a63-8afa-a78b130c34ca | ITER: 32 START
2018-05-31 19:16:06.256 22519 INFO rally.task.runner [-] Task 168c976f-3dc5-4a63-8afa-a78b130c34ca | ITER: 25 END: OK
2018-05-31 19:16:06.260 22519 INFO rally.task.runner [-] Task 168c976f-3dc5-4a63-8afa-a78b130c34ca | ITER: 33 START
2018-05-31 19:16:06.268 22529 INFO rally.task.runner [-] Task 168c976f-3dc5-4a63-8afa-a78b130c34ca | ITER: 27 END: OK
2018-05-31 19:16:06.271 22529 INFO rally.task.runner [-] Task 168c976f-3dc5-4a63-8afa-a78b130c34ca | ITER: 34 START
2018-05-31 19:16:06.271 22512 INFO rally.task.runner [-] Task 168c976f-3dc5-4a63-8afa-a78b130c34ca | ITER: 28 END: OK
2018-05-31 19:16:06.275 22512 INFO rally.task.runner [-] Task 168c976f-3dc5-4a63-8afa-a78b130c34ca | ITER: 35 START
2018-05-31 19:16:06.276 22525 INFO rally.task.runner [-] Task 168c976f-3dc5-4a63-8afa-a78b130c34ca | ITER: 22 END: OK
2018-05-31 19:16:06.279 22525 INFO rally.task.runner [-] Task 168c976f-3dc5-4a63-8afa-a78b130c34ca | ITER: 36 START
2018-05-31 19:16:06.291 22511 INFO rally.task.runner [-] Task 168c976f-3dc5-4a63-8afa-a78b130c34ca | ITER: 30 END: OK
2018-05-31 19:16:06.295 22511 INFO rally.task.runner [-] Task 168c976f-3dc5-4a63-8afa-a78b130c34ca | ITER: 37 START
2018-05-31 19:16:06.295 22510 INFO rally.task.runner [-] Task 168c976f-3dc5-4a63-8afa-a78b130c34ca | ITER: 23 END: OK
2018-05-31 19:16:06.295 22521 INFO rally.task.runner [-] Task 168c976f-3dc5-4a63-8afa-a78b130c34ca | ITER: 29 END: OK
2018-05-31 19:16:06.296 22515 INFO rally.task.runner [-] Task 168c976f-3dc5-4a63-8afa-a78b130c34ca | ITER: 24 END: OK
2018-05-31 19:16:06.297 22510 INFO rally.task.runner [-] Task 168c976f-3dc5-4a63-8afa-a78b130c34ca | ITER: 38 START
2018-05-31 19:16:06.299 22515 INFO rally.task.runner [-] Task 168c976f-3dc5-4a63-8afa-a78b130c34ca | ITER: 40 START
2018-05-31 19:16:06.299 22521 INFO rally.task.runner [-] Task 168c976f-3dc5-4a63-8afa-a78b130c34ca | ITER: 39 START
2018-05-31 19:16:07.678 22519 INFO rally.task.runner [-] Task 168c976f-3dc5-4a63-8afa-a78b130c34ca | ITER: 33 END: OK
2018-05-31 19:16:07.681 22529 INFO rally.task.runner [-] Task 168c976f-3dc5-4a63-8afa-a78b130c34ca | ITER: 34 END: OK
2018-05-31 19:16:07.682 22519 INFO rally.task.runner [-] Task 168c976f-3dc5-4a63-8afa-a78b130c34ca | ITER: 41 START
2018-05-31 19:16:07.683 22521 INFO rally.task.runner [-] Task 168c976f-3dc5-4a63-8afa-a78b130c34ca | ITER: 39 END: OK
2018-05-31 19:16:07.685 22529 INFO rally.task.runner [-] Task 168c976f-3dc5-4a63-8afa-a78b130c34ca | ITER: 42 START
2018-05-31 19:16:07.685 22515 INFO rally.task.runner [-] Task 168c976f-3dc5-4a63-8afa-a78b130c34ca | ITER: 40 END: OK
2018-05-31 19:16:07.686 22525 INFO rally.task.runner [-] Task 168c976f-3dc5-4a63-8afa-a78b130c34ca | ITER: 36 END: OK
2018-05-31 19:16:07.687 22521 INFO rally.task.runner [-] Task 168c976f-3dc5-4a63-8afa-a78b130c34ca | ITER: 43 START
2018-05-31 19:16:07.689 22515 INFO rally.task.runner [-] Task 168c976f-3dc5-4a63-8afa-a78b130c34ca | ITER: 44 START
2018-05-31 19:16:07.690 22525 INFO rally.task.runner [-] Task 168c976f-3dc5-4a63-8afa-a78b130c34ca | ITER: 45 START
2018-05-31 19:16:07.691 22520 INFO rally.task.runner [-] Task 168c976f-3dc5-4a63-8afa-a78b130c34ca | ITER: 31 END: OK
2018-05-31 19:16:07.692 22510 INFO rally.task.runner [-] Task 168c976f-3dc5-4a63-8afa-a78b130c34ca | ITER: 38 END: OK
2018-05-31 19:16:07.695 22520 INFO rally.task.runner [-] Task 168c976f-3dc5-4a63-8afa-a78b130c34ca | ITER: 46 START
2018-05-31 19:16:07.695 22510 INFO rally.task.runner [-] Task 168c976f-3dc5-4a63-8afa-a78b130c34ca | ITER: 47 START
2018-05-31 19:16:07.707 22511 INFO rally.task.runner [-] Task 168c976f-3dc5-4a63-8afa-a78b130c34ca | ITER: 37 END: OK
2018-05-31 19:16:07.710 22511 INFO rally.task.runner [-] Task 168c976f-3dc5-4a63-8afa-a78b130c34ca | ITER: 48 START
2018-05-31 19:16:07.710 22518 INFO rally.task.runner [-] Task 168c976f-3dc5-4a63-8afa-a78b130c34ca | ITER: 32 END: OK
2018-05-31 19:16:07.715 22518 INFO rally.task.runner [-] Task 168c976f-3dc5-4a63-8afa-a78b130c34ca | ITER: 49 START
2018-05-31 19:16:07.728 22512 INFO rally.task.runner [-] Task 168c976f-3dc5-4a63-8afa-a78b130c34ca | ITER: 35 END: OK
2018-05-31 19:16:07.731 22512 INFO rally.task.runner [-] Task 168c976f-3dc5-4a63-8afa-a78b130c34ca | ITER: 50 START
2018-05-31 19:16:09.092 22510 INFO rally.task.runner [-] Task 168c976f-3dc5-4a63-8afa-a78b130c34ca | ITER: 47 END: OK
2018-05-31 19:16:09.095 22510 INFO rally.task.runner [-] Task 168c976f-3dc5-4a63-8afa-a78b130c34ca | ITER: 51 START
2018-05-31 19:16:09.102 22515 INFO rally.task.runner [-] Task 168c976f-3dc5-4a63-8afa-a78b130c34ca | ITER: 44 END: OK
2018-05-31 19:16:09.104 22519 INFO rally.task.runner [-] Task 168c976f-3dc5-4a63-8afa-a78b130c34ca | ITER: 41 END: OK
2018-05-31 19:16:09.105 22520 INFO rally.task.runner [-] Task 168c976f-3dc5-4a63-8afa-a78b130c34ca | ITER: 46 END: OK
2018-05-31 19:16:09.106 22515 INFO rally.task.runner [-] Task 168c976f-3dc5-4a63-8afa-a78b130c34ca | ITER: 52 START
2018-05-31 19:16:09.107 22519 INFO rally.task.runner [-] Task 168c976f-3dc5-4a63-8afa-a78b130c34ca | ITER: 53 START
2018-05-31 19:16:09.108 22520 INFO rally.task.runner [-] Task 168c976f-3dc5-4a63-8afa-a78b130c34ca | ITER: 54 START
2018-05-31 19:16:09.114 22529 INFO rally.task.runner [-] Task 168c976f-3dc5-4a63-8afa-a78b130c34ca | ITER: 42 END: OK
2018-05-31 19:16:09.114 22518 INFO rally.task.runner [-] Task 168c976f-3dc5-4a63-8afa-a78b130c34ca | ITER: 49 END: OK
2018-05-31 19:16:09.117 22518 INFO rally.task.runner [-] Task 168c976f-3dc5-4a63-8afa-a78b130c34ca | ITER: 56 START
2018-05-31 19:16:09.117 22529 INFO rally.task.runner [-] Task 168c976f-3dc5-4a63-8afa-a78b130c34ca | ITER: 55 START
2018-05-31 19:16:09.123 22512 INFO rally.task.runner [-] Task 168c976f-3dc5-4a63-8afa-a78b130c34ca | ITER: 50 END: OK
2018-05-31 19:16:09.124 22521 INFO rally.task.runner [-] Task 168c976f-3dc5-4a63-8afa-a78b130c34ca | ITER: 43 END: OK
2018-05-31 19:16:09.126 22512 INFO rally.task.runner [-] Task 168c976f-3dc5-4a63-8afa-a78b130c34ca | ITER: 57 START
2018-05-31 19:16:09.127 22521 INFO rally.task.runner [-] Task 168c976f-3dc5-4a63-8afa-a78b130c34ca | ITER: 58 START
2018-05-31 19:16:09.139 22511 INFO rally.task.runner [-] Task 168c976f-3dc5-4a63-8afa-a78b130c34ca | ITER: 48 END: OK
2018-05-31 19:16:09.141 22511 INFO rally.task.runner [-] Task 168c976f-3dc5-4a63-8afa-a78b130c34ca | ITER: 59 START
2018-05-31 19:16:09.150 22525 INFO rally.task.runner [-] Task 168c976f-3dc5-4a63-8afa-a78b130c34ca | ITER: 45 END: OK
2018-05-31 19:16:09.152 22525 INFO rally.task.runner [-] Task 168c976f-3dc5-4a63-8afa-a78b130c34ca | ITER: 60 START
2018-05-31 19:16:10.517 22510 INFO rally.task.runner [-] Task 168c976f-3dc5-4a63-8afa-a78b130c34ca | ITER: 51 END: OK
2018-05-31 19:16:10.520 22510 INFO rally.task.runner [-] Task 168c976f-3dc5-4a63-8afa-a78b130c34ca | ITER: 61 START
2018-05-31 19:16:10.521 22518 INFO rally.task.runner [-] Task 168c976f-3dc5-4a63-8afa-a78b130c34ca | ITER: 56 END: OK
2018-05-31 19:16:10.524 22518 INFO rally.task.runner [-] Task 168c976f-3dc5-4a63-8afa-a78b130c34ca | ITER: 62 START
2018-05-31 19:16:10.531 22525 INFO rally.task.runner [-] Task 168c976f-3dc5-4a63-8afa-a78b130c34ca | ITER: 60 END: OK
2018-05-31 19:16:10.535 22525 INFO rally.task.runner [-] Task 168c976f-3dc5-4a63-8afa-a78b130c34ca | ITER: 63 START
2018-05-31 19:16:10.536 22519 INFO rally.task.runner [-] Task 168c976f-3dc5-4a63-8afa-a78b130c34ca | ITER: 53 END: OK
2018-05-31 19:16:10.536 22529 INFO rally.task.runner [-] Task 168c976f-3dc5-4a63-8afa-a78b130c34ca | ITER: 55 END: OK
2018-05-31 19:16:10.539 22519 INFO rally.task.runner [-] Task 168c976f-3dc5-4a63-8afa-a78b130c34ca | ITER: 64 START
2018-05-31 19:16:10.540 22529 INFO rally.task.runner [-] Task 168c976f-3dc5-4a63-8afa-a78b130c34ca | ITER: 65 START
2018-05-31 19:16:10.545 22520 INFO rally.task.runner [-] Task 168c976f-3dc5-4a63-8afa-a78b130c34ca | ITER: 54 END: OK
2018-05-31 19:16:10.548 22520 INFO rally.task.runner [-] Task 168c976f-3dc5-4a63-8afa-a78b130c34ca | ITER: 66 START
2018-05-31 19:16:10.551 22512 INFO rally.task.runner [-] Task 168c976f-3dc5-4a63-8afa-a78b130c34ca | ITER: 57 END: OK
2018-05-31 19:16:10.554 22512 INFO rally.task.runner [-] Task 168c976f-3dc5-4a63-8afa-a78b130c34ca | ITER: 67 START
2018-05-31 19:16:10.563 22515 INFO rally.task.runner [-] Task 168c976f-3dc5-4a63-8afa-a78b130c34ca | ITER: 52 END: OK
2018-05-31 19:16:10.565 22515 INFO rally.task.runner [-] Task 168c976f-3dc5-4a63-8afa-a78b130c34ca | ITER: 68 START
2018-05-31 19:16:10.581 22511 INFO rally.task.runner [-] Task 168c976f-3dc5-4a63-8afa-a78b130c34ca | ITER: 59 END: OK
2018-05-31 19:16:10.581 22521 INFO rally.task.runner [-] Task 168c976f-3dc5-4a63-8afa-a78b130c34ca | ITER: 58 END: OK
2018-05-31 19:16:10.583 22511 INFO rally.task.runner [-] Task 168c976f-3dc5-4a63-8afa-a78b130c34ca | ITER: 69 START
2018-05-31 19:16:10.584 22521 INFO rally.task.runner [-] Task 168c976f-3dc5-4a63-8afa-a78b130c34ca | ITER: 70 START
2018-05-31 19:16:11.942 22521 INFO rally.task.runner [-] Task 168c976f-3dc5-4a63-8afa-a78b130c34ca | ITER: 70 END: OK
2018-05-31 19:16:11.946 22521 INFO rally.task.runner [-] Task 168c976f-3dc5-4a63-8afa-a78b130c34ca | ITER: 71 START
2018-05-31 19:16:11.949 22520 INFO rally.task.runner [-] Task 168c976f-3dc5-4a63-8afa-a78b130c34ca | ITER: 66 END: OK
2018-05-31 19:16:11.949 22512 INFO rally.task.runner [-] Task 168c976f-3dc5-4a63-8afa-a78b130c34ca | ITER: 67 END: OK
2018-05-31 19:16:11.952 22520 INFO rally.task.runner [-] Task 168c976f-3dc5-4a63-8afa-a78b130c34ca | ITER: 72 START
2018-05-31 19:16:11.953 22512 INFO rally.task.runner [-] Task 168c976f-3dc5-4a63-8afa-a78b130c34ca | ITER: 73 START
2018-05-31 19:16:11.963 22525 INFO rally.task.runner [-] Task 168c976f-3dc5-4a63-8afa-a78b130c34ca | ITER: 63 END: OK
2018-05-31 19:16:11.966 22518 INFO rally.task.runner [-] Task 168c976f-3dc5-4a63-8afa-a78b130c34ca | ITER: 62 END: OK
2018-05-31 19:16:11.967 22525 INFO rally.task.runner [-] Task 168c976f-3dc5-4a63-8afa-a78b130c34ca | ITER: 74 START
2018-05-31 19:16:11.968 22518 INFO rally.task.runner [-] Task 168c976f-3dc5-4a63-8afa-a78b130c34ca | ITER: 75 START
2018-05-31 19:16:11.991 22510 INFO rally.task.runner [-] Task 168c976f-3dc5-4a63-8afa-a78b130c34ca | ITER: 61 END: OK
2018-05-31 19:16:11.994 22510 INFO rally.task.runner [-] Task 168c976f-3dc5-4a63-8afa-a78b130c34ca | ITER: 76 START
2018-05-31 19:16:11.995 22515 INFO rally.task.runner [-] Task 168c976f-3dc5-4a63-8afa-a78b130c34ca | ITER: 68 END: OK
2018-05-31 19:16:11.998 22515 INFO rally.task.runner [-] Task 168c976f-3dc5-4a63-8afa-a78b130c34ca | ITER: 77 START
2018-05-31 19:16:12.009 22519 INFO rally.task.runner [-] Task 168c976f-3dc5-4a63-8afa-a78b130c34ca | ITER: 64 END: OK
2018-05-31 19:16:12.011 22519 INFO rally.task.runner [-] Task 168c976f-3dc5-4a63-8afa-a78b130c34ca | ITER: 78 START
2018-05-31 19:16:12.021 22529 INFO rally.task.runner [-] Task 168c976f-3dc5-4a63-8afa-a78b130c34ca | ITER: 65 END: OK
2018-05-31 19:16:12.024 22529 INFO rally.task.runner [-] Task 168c976f-3dc5-4a63-8afa-a78b130c34ca | ITER: 79 START
2018-05-31 19:16:12.060 22511 INFO rally.task.runner [-] Task 168c976f-3dc5-4a63-8afa-a78b130c34ca | ITER: 69 END: OK
2018-05-31 19:16:12.063 22511 INFO rally.task.runner [-] Task 168c976f-3dc5-4a63-8afa-a78b130c34ca | ITER: 80 START
2018-05-31 19:16:13.351 22512 INFO rally.task.runner [-] Task 168c976f-3dc5-4a63-8afa-a78b130c34ca | ITER: 73 END: OK
2018-05-31 19:16:13.355 22512 INFO rally.task.runner [-] Task 168c976f-3dc5-4a63-8afa-a78b130c34ca | ITER: 81 START
2018-05-31 19:16:13.381 22520 INFO rally.task.runner [-] Task 168c976f-3dc5-4a63-8afa-a78b130c34ca | ITER: 72 END: OK
2018-05-31 19:16:13.383 22515 INFO rally.task.runner [-] Task 168c976f-3dc5-4a63-8afa-a78b130c34ca | ITER: 77 END: OK
2018-05-31 19:16:13.384 22520 INFO rally.task.runner [-] Task 168c976f-3dc5-4a63-8afa-a78b130c34ca | ITER: 82 START
2018-05-31 19:16:13.387 22515 INFO rally.task.runner [-] Task 168c976f-3dc5-4a63-8afa-a78b130c34ca | ITER: 83 START
2018-05-31 19:16:13.403 22529 INFO rally.task.runner [-] Task 168c976f-3dc5-4a63-8afa-a78b130c34ca | ITER: 79 END: OK
2018-05-31 19:16:13.406 22529 INFO rally.task.runner [-] Task 168c976f-3dc5-4a63-8afa-a78b130c34ca | ITER: 84 START
2018-05-31 19:16:13.407 22518 INFO rally.task.runner [-] Task 168c976f-3dc5-4a63-8afa-a78b130c34ca | ITER: 75 END: OK
2018-05-31 19:16:13.408 22525 INFO rally.task.runner [-] Task 168c976f-3dc5-4a63-8afa-a78b130c34ca | ITER: 74 END: OK
2018-05-31 19:16:13.409 22518 INFO rally.task.runner [-] Task 168c976f-3dc5-4a63-8afa-a78b130c34ca | ITER: 85 START
2018-05-31 19:16:13.411 22525 INFO rally.task.runner [-] Task 168c976f-3dc5-4a63-8afa-a78b130c34ca | ITER: 86 START
2018-05-31 19:16:13.413 22521 INFO rally.task.runner [-] Task 168c976f-3dc5-4a63-8afa-a78b130c34ca | ITER: 71 END: OK
2018-05-31 19:16:13.415 22521 INFO rally.task.runner [-] Task 168c976f-3dc5-4a63-8afa-a78b130c34ca | ITER: 87 START
2018-05-31 19:16:13.416 22511 INFO rally.task.runner [-] Task 168c976f-3dc5-4a63-8afa-a78b130c34ca | ITER: 80 END: OK
2018-05-31 19:16:13.417 22519 INFO rally.task.runner [-] Task 168c976f-3dc5-4a63-8afa-a78b130c34ca | ITER: 78 END: OK
2018-05-31 19:16:13.419 22511 INFO rally.task.runner [-] Task 168c976f-3dc5-4a63-8afa-a78b130c34ca | ITER: 88 START
2018-05-31 19:16:13.420 22519 INFO rally.task.runner [-] Task 168c976f-3dc5-4a63-8afa-a78b130c34ca | ITER: 89 START
2018-05-31 19:16:13.511 22510 INFO rally.task.runner [-] Task 168c976f-3dc5-4a63-8afa-a78b130c34ca | ITER: 76 END: OK
2018-05-31 19:16:13.515 22510 INFO rally.task.runner [-] Task 168c976f-3dc5-4a63-8afa-a78b130c34ca | ITER: 90 START
2018-05-31 19:16:14.802 22521 INFO rally.task.runner [-] Task 168c976f-3dc5-4a63-8afa-a78b130c34ca | ITER: 87 END: OK
2018-05-31 19:16:14.804 22511 INFO rally.task.runner [-] Task 168c976f-3dc5-4a63-8afa-a78b130c34ca | ITER: 88 END: OK
2018-05-31 19:16:14.806 22521 INFO rally.task.runner [-] Task 168c976f-3dc5-4a63-8afa-a78b130c34ca | ITER: 91 START
2018-05-31 19:16:14.807 22511 INFO rally.task.runner [-] Task 168c976f-3dc5-4a63-8afa-a78b130c34ca | ITER: 92 START
2018-05-31 19:16:14.811 22518 INFO rally.task.runner [-] Task 168c976f-3dc5-4a63-8afa-a78b130c34ca | ITER: 85 END: OK
2018-05-31 19:16:14.814 22518 INFO rally.task.runner [-] Task 168c976f-3dc5-4a63-8afa-a78b130c34ca | ITER: 93 START
2018-05-31 19:16:14.821 22519 INFO rally.task.runner [-] Task 168c976f-3dc5-4a63-8afa-a78b130c34ca | ITER: 89 END: OK
2018-05-31 19:16:14.821 22520 INFO rally.task.runner [-] Task 168c976f-3dc5-4a63-8afa-a78b130c34ca | ITER: 82 END: OK
2018-05-31 19:16:14.823 22519 INFO rally.task.runner [-] Task 168c976f-3dc5-4a63-8afa-a78b130c34ca | ITER: 94 START
2018-05-31 19:16:14.824 22520 INFO rally.task.runner [-] Task 168c976f-3dc5-4a63-8afa-a78b130c34ca | ITER: 95 START
2018-05-31 19:16:14.828 22515 INFO rally.task.runner [-] Task 168c976f-3dc5-4a63-8afa-a78b130c34ca | ITER: 83 END: OK
2018-05-31 19:16:14.830 22515 INFO rally.task.runner [-] Task 168c976f-3dc5-4a63-8afa-a78b130c34ca | ITER: 96 START
2018-05-31 19:16:14.838 22525 INFO rally.task.runner [-] Task 168c976f-3dc5-4a63-8afa-a78b130c34ca | ITER: 86 END: OK
2018-05-31 19:16:14.841 22525 INFO rally.task.runner [-] Task 168c976f-3dc5-4a63-8afa-a78b130c34ca | ITER: 97 START
2018-05-31 19:16:14.843 22529 INFO rally.task.runner [-] Task 168c976f-3dc5-4a63-8afa-a78b130c34ca | ITER: 84 END: OK
2018-05-31 19:16:14.846 22529 INFO rally.task.runner [-] Task 168c976f-3dc5-4a63-8afa-a78b130c34ca | ITER: 98 START
2018-05-31 19:16:14.848 22512 INFO rally.task.runner [-] Task 168c976f-3dc5-4a63-8afa-a78b130c34ca | ITER: 81 END: OK
2018-05-31 19:16:14.850 22512 INFO rally.task.runner [-] Task 168c976f-3dc5-4a63-8afa-a78b130c34ca | ITER: 99 START
2018-05-31 19:16:14.979 22510 INFO rally.task.runner [-] Task 168c976f-3dc5-4a63-8afa-a78b130c34ca | ITER: 90 END: OK
2018-05-31 19:16:14.982 22510 INFO rally.task.runner [-] Task 168c976f-3dc5-4a63-8afa-a78b130c34ca | ITER: 100 START
2018-05-31 19:16:16.254 22515 INFO rally.task.runner [-] Task 168c976f-3dc5-4a63-8afa-a78b130c34ca | ITER: 96 END: OK
2018-05-31 19:16:16.260 22519 INFO rally.task.runner [-] Task 168c976f-3dc5-4a63-8afa-a78b130c34ca | ITER: 94 END: OK
2018-05-31 19:16:16.269 22518 INFO rally.task.runner [-] Task 168c976f-3dc5-4a63-8afa-a78b130c34ca | ITER: 93 END: OK
2018-05-31 19:16:16.270 22520 INFO rally.task.runner [-] Task 168c976f-3dc5-4a63-8afa-a78b130c34ca | ITER: 95 END: OK
2018-05-31 19:16:16.273 22512 INFO rally.task.runner [-] Task 168c976f-3dc5-4a63-8afa-a78b130c34ca | ITER: 99 END: OK
2018-05-31 19:16:16.283 22529 INFO rally.task.runner [-] Task 168c976f-3dc5-4a63-8afa-a78b130c34ca | ITER: 98 END: OK
2018-05-31 19:16:16.309 22525 INFO rally.task.runner [-] Task 168c976f-3dc5-4a63-8afa-a78b130c34ca | ITER: 97 END: OK
2018-05-31 19:16:16.318 22521 INFO rally.task.runner [-] Task 168c976f-3dc5-4a63-8afa-a78b130c34ca | ITER: 91 END: OK
2018-05-31 19:16:16.498 22510 INFO rally.task.runner [-] Task 168c976f-3dc5-4a63-8afa-a78b130c34ca | ITER: 100 END: OK
2018-05-31 19:16:16.513 22511 INFO rally.task.runner [-] Task 168c976f-3dc5-4a63-8afa-a78b130c34ca | ITER: 92 END: OK
2018-05-31 19:16:16.535 22382 INFO rally.task.context [-] Task 168c976f-3dc5-4a63-8afa-a78b130c34ca | Context admin_cleanup@openstack cleanup() started
2018-05-31 19:16:33.206 22382 INFO rally.task.context [-] Task 168c976f-3dc5-4a63-8afa-a78b130c34ca | Context admin_cleanup@openstack cleanup() finished in 16.67 sec
2018-05-31 19:16:33.206 22382 INFO rally.task.context [-] Task 168c976f-3dc5-4a63-8afa-a78b130c34ca | Context users@openstack cleanup() started
2018-05-31 19:16:41.600 22382 INFO rally.task.context [-] Task 168c976f-3dc5-4a63-8afa-a78b130c34ca | Context users@openstack cleanup() finished in 8.39 sec
2018-05-31 19:16:43.196 22382 INFO rally.task.engine [-] Load duration is: 13.587056
2018-05-31 19:16:43.197 22382 INFO rally.task.engine [-] Full runner duration is: 14.641423
2018-05-31 19:16:43.197 22382 INFO rally.task.engine [-] Full duration is: 42.775031
2018-05-31 19:16:43.323 22382 INFO rally.task.engine [-] Task 168c976f-3dc5-4a63-8afa-a78b130c34ca | Completed: Running task.

--------------------------------------------------------------------------------
Task 168c976f-3dc5-4a63-8afa-a78b130c34ca: finished
--------------------------------------------------------------------------------

test scenario KeystoneBasic.create_add_and_list_user_roles
args position 0
args values:
{
  "runner": {
    "times": 100, 
    "concurrency": 10
  }, 
  "contexts": {
    "users": {
      "tenants": 3, 
      "users_per_tenant": 2
    }
  }, 
  "args": {}, 
  "sla": {
    "failure_rate": {
      "max": 0
    }
  }, 
  "hooks": []
}

--------------------------------------------------------------------------------
Task 168c976f-3dc5-4a63-8afa-a78b130c34ca has 0 error(s)
--------------------------------------------------------------------------------

+----------------------------------------------------------------------------------------------------------------------------+
|                                                    Response Times (sec)                                                    |
+-------------------------+-----------+--------------+--------------+--------------+-----------+-----------+---------+-------+
| Action                  | Min (sec) | Median (sec) | 90%ile (sec) | 95%ile (sec) | Max (sec) | Avg (sec) | Success | Count |
+-------------------------+-----------+--------------+--------------+--------------+-----------+-----------+---------+-------+
| keystone_v3.create_role | 0.407     | 0.424        | 0.478        | 0.485        | 0.609     | 0.435     | 100.0%  | 100   |
| keystone_v3.add_role    | 0.027     | 0.031        | 0.036        | 0.038        | 0.044     | 0.032     | 100.0%  | 100   |
| keystone_v3.list_roles  | 0.025     | 0.028        | 0.033        | 0.035        | 0.111     | 0.03      | 100.0%  | 100   |
| total                   | 0.464     | 0.486        | 0.537        | 0.545        | 0.679     | 0.497     | 100.0%  | 100   |
|  -> duration            | 0.464     | 0.486        | 0.537        | 0.545        | 0.679     | 0.497     | 100.0%  | 100   |
|  -> idle_duration       | 0.0       | 0.0          | 0.0          | 0.0          | 0.0       | 0.0       | 100.0%  | 100   |
+-------------------------+-----------+--------------+--------------+--------------+-----------+-----------+---------+-------+

Load duration: 13.587056
Full duration: 42.775031

HINTS:
* To plot HTML graphics with this data, run:
	rally task report 168c976f-3dc5-4a63-8afa-a78b130c34ca --out output.html

* To generate a JUnit report, run:
	rally task export 168c976f-3dc5-4a63-8afa-a78b130c34ca --type junit --to output.xml

* To get raw JSON output of task results, run:
	rally task report 168c976f-3dc5-4a63-8afa-a78b130c34ca --json --out output.json

--------------------------------------------------------------------------------
Preparing input task
--------------------------------------------------------------------------------

Task is:
{
    "KeystoneBasic.create_and_delete_service": [
    {
            "args": {
                "service_type": "Rally_test_type",
                "description": "test_description"
            },
            "runner": {
                "type": "constant",
                "times": 100,
                "concurrency": 10
            },
            "sla": {
                "failure_rate": {
                    "max": 0
                }
            }
        }
    ]
}

Task syntax is correct :)
Running Rally version 0.10.1~dev119
--------------------------------------------------------------------------------
Task  93b16ec2-f5c7-4f87-90d0-b457a90ba49c: started
--------------------------------------------------------------------------------

Running Task... This can take a while...

To track task status use:

	rally task status
	or
	rally task detailed

Using task: 93b16ec2-f5c7-4f87-90d0-b457a90ba49c
2018-05-31 19:16:45.080 22761 INFO rally.task.engine [-] Task 93b16ec2-f5c7-4f87-90d0-b457a90ba49c | Starting:  Task validation.
2018-05-31 19:16:45.087 22761 INFO rally.task.engine [-] Task 93b16ec2-f5c7-4f87-90d0-b457a90ba49c | Starting:  Task validation of syntax.
2018-05-31 19:16:45.095 22761 INFO rally.task.engine [-] Task 93b16ec2-f5c7-4f87-90d0-b457a90ba49c | Completed: Task validation of syntax.
2018-05-31 19:16:45.095 22761 INFO rally.task.engine [-] Task 93b16ec2-f5c7-4f87-90d0-b457a90ba49c | Starting:  Task validation of required platforms.
2018-05-31 19:16:45.099 22761 INFO rally.task.engine [-] Task 93b16ec2-f5c7-4f87-90d0-b457a90ba49c | Completed: Task validation of required platforms.
2018-05-31 19:16:45.099 22761 INFO rally.task.engine [-] Task 93b16ec2-f5c7-4f87-90d0-b457a90ba49c | Starting:  Task validation of semantic.
2018-05-31 19:16:48.387 22761 INFO rally.task.context [-] Task 93b16ec2-f5c7-4f87-90d0-b457a90ba49c | Context users@openstack setup()  finished in 2.62 sec
2018-05-31 19:16:48.398 22761 INFO rally.task.context [-] Task 93b16ec2-f5c7-4f87-90d0-b457a90ba49c | Context users@openstack cleanup() started
2018-05-31 19:16:52.414 22761 INFO rally.task.context [-] Task 93b16ec2-f5c7-4f87-90d0-b457a90ba49c | Context users@openstack cleanup() finished in 4.02 sec
2018-05-31 19:16:52.414 22761 INFO rally.task.engine [-] Task 93b16ec2-f5c7-4f87-90d0-b457a90ba49c | Completed: Task validation of semantic.
2018-05-31 19:16:52.415 22761 INFO rally.task.engine [-] Task 93b16ec2-f5c7-4f87-90d0-b457a90ba49c | Completed: Task validation.
2018-05-31 19:16:52.415 22761 INFO rally.api [-] Task 93b16ec2-f5c7-4f87-90d0-b457a90ba49c input file is valid.
2018-05-31 19:16:52.416 22761 INFO rally.api [-] Run Task 93b16ec2-f5c7-4f87-90d0-b457a90ba49c against Deployment 9645acaa-d81e-48ac-8b77-9fe1d18f70f5
2018-05-31 19:16:52.416 22761 INFO rally.task.engine [-] Task 93b16ec2-f5c7-4f87-90d0-b457a90ba49c | Starting:  Running task.
2018-05-31 19:16:52.458 22761 INFO rally.task.engine [-] Running workload: 
  position = 0
  config = {
   "version": 2, 
   "title": "A cropped version of a bigger task.", 
   "description": "Auto-generated task from a single workload (uuid=84f1673c-2475-48ea-bff0-20b6429e5c8e)", 
   "subtasks": [
      {
         "title": "KeystoneBasic.create_and_delete_service", 
         "description": "Create and delete service.", 
         "scenario": {
            "KeystoneBasic.create_and_delete_service": {
               "service_type": "Rally_test_type", 
               "description": "test_description"
            }
         }, 
         "contexts": {}, 
         "runner": {
            "constant": {
               "times": 100, 
               "concurrency": 10
            }
         }, 
         "hooks": [], 
         "sla": {
            "failure_rate": {
               "max": 0
            }
         }
      }
   ]
}
2018-05-31 19:16:55.484 22761 INFO rally.task.context [-] Task 93b16ec2-f5c7-4f87-90d0-b457a90ba49c | Context users@openstack setup()  finished in 3.00 sec
2018-05-31 19:16:55.485 22761 INFO rally.task.context [-] Task 93b16ec2-f5c7-4f87-90d0-b457a90ba49c | Context admin_cleanup@openstack setup()  finished in 0.01 msec
2018-05-31 19:16:55.509 22889 INFO rally.task.runner [-] Task 93b16ec2-f5c7-4f87-90d0-b457a90ba49c | ITER: 1 START
2018-05-31 19:16:55.513 22890 INFO rally.task.runner [-] Task 93b16ec2-f5c7-4f87-90d0-b457a90ba49c | ITER: 2 START
2018-05-31 19:16:55.515 22891 INFO rally.task.runner [-] Task 93b16ec2-f5c7-4f87-90d0-b457a90ba49c | ITER: 3 START
2018-05-31 19:16:55.521 22894 INFO rally.task.runner [-] Task 93b16ec2-f5c7-4f87-90d0-b457a90ba49c | ITER: 4 START
2018-05-31 19:16:55.524 22900 INFO rally.task.runner [-] Task 93b16ec2-f5c7-4f87-90d0-b457a90ba49c | ITER: 6 START
2018-05-31 19:16:55.525 22897 INFO rally.task.runner [-] Task 93b16ec2-f5c7-4f87-90d0-b457a90ba49c | ITER: 5 START
2018-05-31 19:16:55.529 22901 INFO rally.task.runner [-] Task 93b16ec2-f5c7-4f87-90d0-b457a90ba49c | ITER: 7 START
2018-05-31 19:16:55.531 22905 INFO rally.task.runner [-] Task 93b16ec2-f5c7-4f87-90d0-b457a90ba49c | ITER: 8 START
2018-05-31 19:16:55.534 22910 INFO rally.task.runner [-] Task 93b16ec2-f5c7-4f87-90d0-b457a90ba49c | ITER: 10 START
2018-05-31 19:16:55.537 22909 INFO rally.task.runner [-] Task 93b16ec2-f5c7-4f87-90d0-b457a90ba49c | ITER: 9 START
2018-05-31 19:16:56.995 22897 INFO rally.task.runner [-] Task 93b16ec2-f5c7-4f87-90d0-b457a90ba49c | ITER: 5 END: OK
2018-05-31 19:16:56.999 22897 INFO rally.task.runner [-] Task 93b16ec2-f5c7-4f87-90d0-b457a90ba49c | ITER: 11 START
2018-05-31 19:16:57.010 22894 INFO rally.task.runner [-] Task 93b16ec2-f5c7-4f87-90d0-b457a90ba49c | ITER: 4 END: OK
2018-05-31 19:16:57.013 22909 INFO rally.task.runner [-] Task 93b16ec2-f5c7-4f87-90d0-b457a90ba49c | ITER: 9 END: OK
2018-05-31 19:16:57.013 22894 INFO rally.task.runner [-] Task 93b16ec2-f5c7-4f87-90d0-b457a90ba49c | ITER: 12 START
2018-05-31 19:16:57.014 22910 INFO rally.task.runner [-] Task 93b16ec2-f5c7-4f87-90d0-b457a90ba49c | ITER: 10 END: OK
2018-05-31 19:16:57.016 22909 INFO rally.task.runner [-] Task 93b16ec2-f5c7-4f87-90d0-b457a90ba49c | ITER: 13 START
2018-05-31 19:16:57.018 22910 INFO rally.task.runner [-] Task 93b16ec2-f5c7-4f87-90d0-b457a90ba49c | ITER: 14 START
2018-05-31 19:16:57.022 22890 INFO rally.task.runner [-] Task 93b16ec2-f5c7-4f87-90d0-b457a90ba49c | ITER: 2 END: OK
2018-05-31 19:16:57.023 22900 INFO rally.task.runner [-] Task 93b16ec2-f5c7-4f87-90d0-b457a90ba49c | ITER: 6 END: OK
2018-05-31 19:16:57.024 22890 INFO rally.task.runner [-] Task 93b16ec2-f5c7-4f87-90d0-b457a90ba49c | ITER: 15 START
2018-05-31 19:16:57.026 22900 INFO rally.task.runner [-] Task 93b16ec2-f5c7-4f87-90d0-b457a90ba49c | ITER: 16 START
2018-05-31 19:16:57.030 22891 INFO rally.task.runner [-] Task 93b16ec2-f5c7-4f87-90d0-b457a90ba49c | ITER: 3 END: OK
2018-05-31 19:16:57.032 22891 INFO rally.task.runner [-] Task 93b16ec2-f5c7-4f87-90d0-b457a90ba49c | ITER: 17 START
2018-05-31 19:16:57.035 22901 INFO rally.task.runner [-] Task 93b16ec2-f5c7-4f87-90d0-b457a90ba49c | ITER: 7 END: OK
