2018-05-31 19:16:57.037 22889 INFO rally.task.runner [-] Task 93b16ec2-f5c7-4f87-90d0-b457a90ba49c | ITER: 1 END: OK
2018-05-31 19:16:57.038 22901 INFO rally.task.runner [-] Task 93b16ec2-f5c7-4f87-90d0-b457a90ba49c | ITER: 18 START
2018-05-31 19:16:57.039 22889 INFO rally.task.runner [-] Task 93b16ec2-f5c7-4f87-90d0-b457a90ba49c | ITER: 19 START
2018-05-31 19:16:57.086 22905 INFO rally.task.runner [-] Task 93b16ec2-f5c7-4f87-90d0-b457a90ba49c | ITER: 8 END: OK
2018-05-31 19:16:57.088 22905 INFO rally.task.runner [-] Task 93b16ec2-f5c7-4f87-90d0-b457a90ba49c | ITER: 20 START
2018-05-31 19:16:58.349 22890 INFO rally.task.runner [-] Task 93b16ec2-f5c7-4f87-90d0-b457a90ba49c | ITER: 15 END: OK
2018-05-31 19:16:58.352 22890 INFO rally.task.runner [-] Task 93b16ec2-f5c7-4f87-90d0-b457a90ba49c | ITER: 21 START
2018-05-31 19:16:58.362 22897 INFO rally.task.runner [-] Task 93b16ec2-f5c7-4f87-90d0-b457a90ba49c | ITER: 11 END: OK
2018-05-31 19:16:58.364 22897 INFO rally.task.runner [-] Task 93b16ec2-f5c7-4f87-90d0-b457a90ba49c | ITER: 22 START
2018-05-31 19:16:58.393 22894 INFO rally.task.runner [-] Task 93b16ec2-f5c7-4f87-90d0-b457a90ba49c | ITER: 12 END: OK
2018-05-31 19:16:58.396 22894 INFO rally.task.runner [-] Task 93b16ec2-f5c7-4f87-90d0-b457a90ba49c | ITER: 23 START
2018-05-31 19:16:58.407 22889 INFO rally.task.runner [-] Task 93b16ec2-f5c7-4f87-90d0-b457a90ba49c | ITER: 19 END: OK
2018-05-31 19:16:58.409 22889 INFO rally.task.runner [-] Task 93b16ec2-f5c7-4f87-90d0-b457a90ba49c | ITER: 24 START
2018-05-31 19:16:58.412 22910 INFO rally.task.runner [-] Task 93b16ec2-f5c7-4f87-90d0-b457a90ba49c | ITER: 14 END: OK
2018-05-31 19:16:58.414 22909 INFO rally.task.runner [-] Task 93b16ec2-f5c7-4f87-90d0-b457a90ba49c | ITER: 13 END: OK
2018-05-31 19:16:58.415 22910 INFO rally.task.runner [-] Task 93b16ec2-f5c7-4f87-90d0-b457a90ba49c | ITER: 25 START
2018-05-31 19:16:58.416 22909 INFO rally.task.runner [-] Task 93b16ec2-f5c7-4f87-90d0-b457a90ba49c | ITER: 26 START
2018-05-31 19:16:58.428 22905 INFO rally.task.runner [-] Task 93b16ec2-f5c7-4f87-90d0-b457a90ba49c | ITER: 20 END: OK
2018-05-31 19:16:58.430 22905 INFO rally.task.runner [-] Task 93b16ec2-f5c7-4f87-90d0-b457a90ba49c | ITER: 27 START
2018-05-31 19:16:58.431 22900 INFO rally.task.runner [-] Task 93b16ec2-f5c7-4f87-90d0-b457a90ba49c | ITER: 16 END: OK
2018-05-31 19:16:58.434 22900 INFO rally.task.runner [-] Task 93b16ec2-f5c7-4f87-90d0-b457a90ba49c | ITER: 28 START
2018-05-31 19:16:58.444 22891 INFO rally.task.runner [-] Task 93b16ec2-f5c7-4f87-90d0-b457a90ba49c | ITER: 17 END: OK
2018-05-31 19:16:58.447 22891 INFO rally.task.runner [-] Task 93b16ec2-f5c7-4f87-90d0-b457a90ba49c | ITER: 29 START
2018-05-31 19:16:58.485 22901 INFO rally.task.runner [-] Task 93b16ec2-f5c7-4f87-90d0-b457a90ba49c | ITER: 18 END: OK
2018-05-31 19:16:58.487 22901 INFO rally.task.runner [-] Task 93b16ec2-f5c7-4f87-90d0-b457a90ba49c | ITER: 30 START
2018-05-31 19:16:59.714 22889 INFO rally.task.runner [-] Task 93b16ec2-f5c7-4f87-90d0-b457a90ba49c | ITER: 24 END: OK
2018-05-31 19:16:59.717 22889 INFO rally.task.runner [-] Task 93b16ec2-f5c7-4f87-90d0-b457a90ba49c | ITER: 31 START
2018-05-31 19:16:59.717 22910 INFO rally.task.runner [-] Task 93b16ec2-f5c7-4f87-90d0-b457a90ba49c | ITER: 25 END: OK
2018-05-31 19:16:59.718 22890 INFO rally.task.runner [-] Task 93b16ec2-f5c7-4f87-90d0-b457a90ba49c | ITER: 21 END: OK
2018-05-31 19:16:59.720 22910 INFO rally.task.runner [-] Task 93b16ec2-f5c7-4f87-90d0-b457a90ba49c | ITER: 32 START
2018-05-31 19:16:59.720 22890 INFO rally.task.runner [-] Task 93b16ec2-f5c7-4f87-90d0-b457a90ba49c | ITER: 33 START
2018-05-31 19:16:59.741 22900 INFO rally.task.runner [-] Task 93b16ec2-f5c7-4f87-90d0-b457a90ba49c | ITER: 28 END: OK
2018-05-31 19:16:59.744 22900 INFO rally.task.runner [-] Task 93b16ec2-f5c7-4f87-90d0-b457a90ba49c | ITER: 34 START
2018-05-31 19:16:59.746 22891 INFO rally.task.runner [-] Task 93b16ec2-f5c7-4f87-90d0-b457a90ba49c | ITER: 29 END: OK
2018-05-31 19:16:59.748 22909 INFO rally.task.runner [-] Task 93b16ec2-f5c7-4f87-90d0-b457a90ba49c | ITER: 26 END: OK
2018-05-31 19:16:59.749 22891 INFO rally.task.runner [-] Task 93b16ec2-f5c7-4f87-90d0-b457a90ba49c | ITER: 35 START
2018-05-31 19:16:59.749 22897 INFO rally.task.runner [-] Task 93b16ec2-f5c7-4f87-90d0-b457a90ba49c | ITER: 22 END: OK
2018-05-31 19:16:59.751 22909 INFO rally.task.runner [-] Task 93b16ec2-f5c7-4f87-90d0-b457a90ba49c | ITER: 36 START
2018-05-31 19:16:59.751 22897 INFO rally.task.runner [-] Task 93b16ec2-f5c7-4f87-90d0-b457a90ba49c | ITER: 37 START
2018-05-31 19:16:59.763 22905 INFO rally.task.runner [-] Task 93b16ec2-f5c7-4f87-90d0-b457a90ba49c | ITER: 27 END: OK
2018-05-31 19:16:59.766 22905 INFO rally.task.runner [-] Task 93b16ec2-f5c7-4f87-90d0-b457a90ba49c | ITER: 38 START
2018-05-31 19:16:59.797 22901 INFO rally.task.runner [-] Task 93b16ec2-f5c7-4f87-90d0-b457a90ba49c | ITER: 30 END: OK
2018-05-31 19:16:59.800 22901 INFO rally.task.runner [-] Task 93b16ec2-f5c7-4f87-90d0-b457a90ba49c | ITER: 39 START
2018-05-31 19:16:59.818 22894 INFO rally.task.runner [-] Task 93b16ec2-f5c7-4f87-90d0-b457a90ba49c | ITER: 23 END: OK
2018-05-31 19:16:59.821 22894 INFO rally.task.runner [-] Task 93b16ec2-f5c7-4f87-90d0-b457a90ba49c | ITER: 40 START
2018-05-31 19:17:01.034 22910 INFO rally.task.runner [-] Task 93b16ec2-f5c7-4f87-90d0-b457a90ba49c | ITER: 32 END: OK
2018-05-31 19:17:01.037 22910 INFO rally.task.runner [-] Task 93b16ec2-f5c7-4f87-90d0-b457a90ba49c | ITER: 41 START
2018-05-31 19:17:01.052 22891 INFO rally.task.runner [-] Task 93b16ec2-f5c7-4f87-90d0-b457a90ba49c | ITER: 35 END: OK
2018-05-31 19:17:01.054 22897 INFO rally.task.runner [-] Task 93b16ec2-f5c7-4f87-90d0-b457a90ba49c | ITER: 37 END: OK
2018-05-31 19:17:01.054 22891 INFO rally.task.runner [-] Task 93b16ec2-f5c7-4f87-90d0-b457a90ba49c | ITER: 42 START
2018-05-31 19:17:01.055 22889 INFO rally.task.runner [-] Task 93b16ec2-f5c7-4f87-90d0-b457a90ba49c | ITER: 31 END: OK
2018-05-31 19:17:01.057 22897 INFO rally.task.runner [-] Task 93b16ec2-f5c7-4f87-90d0-b457a90ba49c | ITER: 43 START
2018-05-31 19:17:01.058 22889 INFO rally.task.runner [-] Task 93b16ec2-f5c7-4f87-90d0-b457a90ba49c | ITER: 44 START
2018-05-31 19:17:01.064 22909 INFO rally.task.runner [-] Task 93b16ec2-f5c7-4f87-90d0-b457a90ba49c | ITER: 36 END: OK
2018-05-31 19:17:01.067 22909 INFO rally.task.runner [-] Task 93b16ec2-f5c7-4f87-90d0-b457a90ba49c | ITER: 45 START
2018-05-31 19:17:01.067 22890 INFO rally.task.runner [-] Task 93b16ec2-f5c7-4f87-90d0-b457a90ba49c | ITER: 33 END: OK
2018-05-31 19:17:01.070 22890 INFO rally.task.runner [-] Task 93b16ec2-f5c7-4f87-90d0-b457a90ba49c | ITER: 46 START
2018-05-31 19:17:01.074 22901 INFO rally.task.runner [-] Task 93b16ec2-f5c7-4f87-90d0-b457a90ba49c | ITER: 39 END: OK
2018-05-31 19:17:01.076 22905 INFO rally.task.runner [-] Task 93b16ec2-f5c7-4f87-90d0-b457a90ba49c | ITER: 38 END: OK
2018-05-31 19:17:01.077 22901 INFO rally.task.runner [-] Task 93b16ec2-f5c7-4f87-90d0-b457a90ba49c | ITER: 47 START
2018-05-31 19:17:01.079 22905 INFO rally.task.runner [-] Task 93b16ec2-f5c7-4f87-90d0-b457a90ba49c | ITER: 48 START
2018-05-31 19:17:01.103 22900 INFO rally.task.runner [-] Task 93b16ec2-f5c7-4f87-90d0-b457a90ba49c | ITER: 34 END: OK
2018-05-31 19:17:01.106 22900 INFO rally.task.runner [-] Task 93b16ec2-f5c7-4f87-90d0-b457a90ba49c | ITER: 49 START
2018-05-31 19:17:01.115 22894 INFO rally.task.runner [-] Task 93b16ec2-f5c7-4f87-90d0-b457a90ba49c | ITER: 40 END: OK
2018-05-31 19:17:01.117 22894 INFO rally.task.runner [-] Task 93b16ec2-f5c7-4f87-90d0-b457a90ba49c | ITER: 50 START
2018-05-31 19:17:02.371 22905 INFO rally.task.runner [-] Task 93b16ec2-f5c7-4f87-90d0-b457a90ba49c | ITER: 48 END: OK
2018-05-31 19:17:02.371 22889 INFO rally.task.runner [-] Task 93b16ec2-f5c7-4f87-90d0-b457a90ba49c | ITER: 44 END: OK
2018-05-31 19:17:02.373 22901 INFO rally.task.runner [-] Task 93b16ec2-f5c7-4f87-90d0-b457a90ba49c | ITER: 47 END: OK
2018-05-31 19:17:02.374 22905 INFO rally.task.runner [-] Task 93b16ec2-f5c7-4f87-90d0-b457a90ba49c | ITER: 51 START
2018-05-31 19:17:02.374 22889 INFO rally.task.runner [-] Task 93b16ec2-f5c7-4f87-90d0-b457a90ba49c | ITER: 52 START
2018-05-31 19:17:02.376 22901 INFO rally.task.runner [-] Task 93b16ec2-f5c7-4f87-90d0-b457a90ba49c | ITER: 53 START
2018-05-31 19:17:02.377 22910 INFO rally.task.runner [-] Task 93b16ec2-f5c7-4f87-90d0-b457a90ba49c | ITER: 41 END: OK
2018-05-31 19:17:02.378 22900 INFO rally.task.runner [-] Task 93b16ec2-f5c7-4f87-90d0-b457a90ba49c | ITER: 49 END: OK
2018-05-31 19:17:02.379 22909 INFO rally.task.runner [-] Task 93b16ec2-f5c7-4f87-90d0-b457a90ba49c | ITER: 45 END: OK
2018-05-31 19:17:02.380 22891 INFO rally.task.runner [-] Task 93b16ec2-f5c7-4f87-90d0-b457a90ba49c | ITER: 42 END: OK
2018-05-31 19:17:02.380 22900 INFO rally.task.runner [-] Task 93b16ec2-f5c7-4f87-90d0-b457a90ba49c | ITER: 55 START
2018-05-31 19:17:02.380 22910 INFO rally.task.runner [-] Task 93b16ec2-f5c7-4f87-90d0-b457a90ba49c | ITER: 54 START
2018-05-31 19:17:02.381 22909 INFO rally.task.runner [-] Task 93b16ec2-f5c7-4f87-90d0-b457a90ba49c | ITER: 56 START
2018-05-31 19:17:02.382 22890 INFO rally.task.runner [-] Task 93b16ec2-f5c7-4f87-90d0-b457a90ba49c | ITER: 46 END: OK
2018-05-31 19:17:02.383 22891 INFO rally.task.runner [-] Task 93b16ec2-f5c7-4f87-90d0-b457a90ba49c | ITER: 57 START
2018-05-31 19:17:02.385 22890 INFO rally.task.runner [-] Task 93b16ec2-f5c7-4f87-90d0-b457a90ba49c | ITER: 58 START
2018-05-31 19:17:02.399 22894 INFO rally.task.runner [-] Task 93b16ec2-f5c7-4f87-90d0-b457a90ba49c | ITER: 50 END: OK
2018-05-31 19:17:02.402 22894 INFO rally.task.runner [-] Task 93b16ec2-f5c7-4f87-90d0-b457a90ba49c | ITER: 59 START
2018-05-31 19:17:02.464 22897 INFO rally.task.runner [-] Task 93b16ec2-f5c7-4f87-90d0-b457a90ba49c | ITER: 43 END: OK
2018-05-31 19:17:02.467 22897 INFO rally.task.runner [-] Task 93b16ec2-f5c7-4f87-90d0-b457a90ba49c | ITER: 60 START
2018-05-31 19:17:03.697 22909 INFO rally.task.runner [-] Task 93b16ec2-f5c7-4f87-90d0-b457a90ba49c | ITER: 56 END: OK
2018-05-31 19:17:03.700 22909 INFO rally.task.runner [-] Task 93b16ec2-f5c7-4f87-90d0-b457a90ba49c | ITER: 61 START
2018-05-31 19:17:03.700 22900 INFO rally.task.runner [-] Task 93b16ec2-f5c7-4f87-90d0-b457a90ba49c | ITER: 55 END: OK
2018-05-31 19:17:03.701 22891 INFO rally.task.runner [-] Task 93b16ec2-f5c7-4f87-90d0-b457a90ba49c | ITER: 57 END: OK
2018-05-31 19:17:03.703 22900 INFO rally.task.runner [-] Task 93b16ec2-f5c7-4f87-90d0-b457a90ba49c | ITER: 62 START
2018-05-31 19:17:03.706 22891 INFO rally.task.runner [-] Task 93b16ec2-f5c7-4f87-90d0-b457a90ba49c | ITER: 63 START
2018-05-31 19:17:03.709 22910 INFO rally.task.runner [-] Task 93b16ec2-f5c7-4f87-90d0-b457a90ba49c | ITER: 54 END: OK
2018-05-31 19:17:03.709 22890 INFO rally.task.runner [-] Task 93b16ec2-f5c7-4f87-90d0-b457a90ba49c | ITER: 58 END: OK
2018-05-31 19:17:03.711 22910 INFO rally.task.runner [-] Task 93b16ec2-f5c7-4f87-90d0-b457a90ba49c | ITER: 64 START
2018-05-31 19:17:03.713 22894 INFO rally.task.runner [-] Task 93b16ec2-f5c7-4f87-90d0-b457a90ba49c | ITER: 59 END: OK
2018-05-31 19:17:03.713 22890 INFO rally.task.runner [-] Task 93b16ec2-f5c7-4f87-90d0-b457a90ba49c | ITER: 65 START
2018-05-31 19:17:03.714 22901 INFO rally.task.runner [-] Task 93b16ec2-f5c7-4f87-90d0-b457a90ba49c | ITER: 53 END: OK
2018-05-31 19:17:03.715 22889 INFO rally.task.runner [-] Task 93b16ec2-f5c7-4f87-90d0-b457a90ba49c | ITER: 52 END: OK
2018-05-31 19:17:03.715 22905 INFO rally.task.runner [-] Task 93b16ec2-f5c7-4f87-90d0-b457a90ba49c | ITER: 51 END: OK
2018-05-31 19:17:03.716 22894 INFO rally.task.runner [-] Task 93b16ec2-f5c7-4f87-90d0-b457a90ba49c | ITER: 66 START
2018-05-31 19:17:03.717 22901 INFO rally.task.runner [-] Task 93b16ec2-f5c7-4f87-90d0-b457a90ba49c | ITER: 67 START
2018-05-31 19:17:03.717 22905 INFO rally.task.runner [-] Task 93b16ec2-f5c7-4f87-90d0-b457a90ba49c | ITER: 68 START
2018-05-31 19:17:03.719 22889 INFO rally.task.runner [-] Task 93b16ec2-f5c7-4f87-90d0-b457a90ba49c | ITER: 69 START
2018-05-31 19:17:03.771 22897 INFO rally.task.runner [-] Task 93b16ec2-f5c7-4f87-90d0-b457a90ba49c | ITER: 60 END: OK
2018-05-31 19:17:03.774 22897 INFO rally.task.runner [-] Task 93b16ec2-f5c7-4f87-90d0-b457a90ba49c | ITER: 70 START
2018-05-31 19:17:05.021 22889 INFO rally.task.runner [-] Task 93b16ec2-f5c7-4f87-90d0-b457a90ba49c | ITER: 69 END: OK
2018-05-31 19:17:05.022 22909 INFO rally.task.runner [-] Task 93b16ec2-f5c7-4f87-90d0-b457a90ba49c | ITER: 61 END: OK
2018-05-31 19:17:05.023 22889 INFO rally.task.runner [-] Task 93b16ec2-f5c7-4f87-90d0-b457a90ba49c | ITER: 71 START
2018-05-31 19:17:05.024 22891 INFO rally.task.runner [-] Task 93b16ec2-f5c7-4f87-90d0-b457a90ba49c | ITER: 63 END: OK
2018-05-31 19:17:05.025 22909 INFO rally.task.runner [-] Task 93b16ec2-f5c7-4f87-90d0-b457a90ba49c | ITER: 72 START
2018-05-31 19:17:05.027 22910 INFO rally.task.runner [-] Task 93b16ec2-f5c7-4f87-90d0-b457a90ba49c | ITER: 64 END: OK
2018-05-31 19:17:05.027 22891 INFO rally.task.runner [-] Task 93b16ec2-f5c7-4f87-90d0-b457a90ba49c | ITER: 73 START
2018-05-31 19:17:05.028 22901 INFO rally.task.runner [-] Task 93b16ec2-f5c7-4f87-90d0-b457a90ba49c | ITER: 67 END: OK
2018-05-31 19:17:05.030 22910 INFO rally.task.runner [-] Task 93b16ec2-f5c7-4f87-90d0-b457a90ba49c | ITER: 74 START
2018-05-31 19:17:05.030 22901 INFO rally.task.runner [-] Task 93b16ec2-f5c7-4f87-90d0-b457a90ba49c | ITER: 75 START
2018-05-31 19:17:05.034 22890 INFO rally.task.runner [-] Task 93b16ec2-f5c7-4f87-90d0-b457a90ba49c | ITER: 65 END: OK
2018-05-31 19:17:05.036 22890 INFO rally.task.runner [-] Task 93b16ec2-f5c7-4f87-90d0-b457a90ba49c | ITER: 76 START
2018-05-31 19:17:05.038 22894 INFO rally.task.runner [-] Task 93b16ec2-f5c7-4f87-90d0-b457a90ba49c | ITER: 66 END: OK
2018-05-31 19:17:05.038 22900 INFO rally.task.runner [-] Task 93b16ec2-f5c7-4f87-90d0-b457a90ba49c | ITER: 62 END: OK
2018-05-31 19:17:05.040 22894 INFO rally.task.runner [-] Task 93b16ec2-f5c7-4f87-90d0-b457a90ba49c | ITER: 77 START
2018-05-31 19:17:05.041 22900 INFO rally.task.runner [-] Task 93b16ec2-f5c7-4f87-90d0-b457a90ba49c | ITER: 78 START
2018-05-31 19:17:05.096 22905 INFO rally.task.runner [-] Task 93b16ec2-f5c7-4f87-90d0-b457a90ba49c | ITER: 68 END: OK
2018-05-31 19:17:05.100 22905 INFO rally.task.runner [-] Task 93b16ec2-f5c7-4f87-90d0-b457a90ba49c | ITER: 79 START
2018-05-31 19:17:05.122 22897 INFO rally.task.runner [-] Task 93b16ec2-f5c7-4f87-90d0-b457a90ba49c | ITER: 70 END: OK
2018-05-31 19:17:05.125 22897 INFO rally.task.runner [-] Task 93b16ec2-f5c7-4f87-90d0-b457a90ba49c | ITER: 80 START
2018-05-31 19:17:06.348 22909 INFO rally.task.runner [-] Task 93b16ec2-f5c7-4f87-90d0-b457a90ba49c | ITER: 72 END: OK
2018-05-31 19:17:06.350 22909 INFO rally.task.runner [-] Task 93b16ec2-f5c7-4f87-90d0-b457a90ba49c | ITER: 81 START
2018-05-31 19:17:06.352 22891 INFO rally.task.runner [-] Task 93b16ec2-f5c7-4f87-90d0-b457a90ba49c | ITER: 73 END: OK
2018-05-31 19:17:06.352 22894 INFO rally.task.runner [-] Task 93b16ec2-f5c7-4f87-90d0-b457a90ba49c | ITER: 77 END: OK
2018-05-31 19:17:06.354 22901 INFO rally.task.runner [-] Task 93b16ec2-f5c7-4f87-90d0-b457a90ba49c | ITER: 75 END: OK
2018-05-31 19:17:06.354 22900 INFO rally.task.runner [-] Task 93b16ec2-f5c7-4f87-90d0-b457a90ba49c | ITER: 78 END: OK
2018-05-31 19:17:06.355 22891 INFO rally.task.runner [-] Task 93b16ec2-f5c7-4f87-90d0-b457a90ba49c | ITER: 82 START
2018-05-31 19:17:06.355 22894 INFO rally.task.runner [-] Task 93b16ec2-f5c7-4f87-90d0-b457a90ba49c | ITER: 83 START
2018-05-31 19:17:06.356 22889 INFO rally.task.runner [-] Task 93b16ec2-f5c7-4f87-90d0-b457a90ba49c | ITER: 71 END: OK
2018-05-31 19:17:06.357 22901 INFO rally.task.runner [-] Task 93b16ec2-f5c7-4f87-90d0-b457a90ba49c | ITER: 84 START
2018-05-31 19:17:06.358 22900 INFO rally.task.runner [-] Task 93b16ec2-f5c7-4f87-90d0-b457a90ba49c | ITER: 85 START
2018-05-31 19:17:06.358 22889 INFO rally.task.runner [-] Task 93b16ec2-f5c7-4f87-90d0-b457a90ba49c | ITER: 86 START
2018-05-31 19:17:06.363 22890 INFO rally.task.runner [-] Task 93b16ec2-f5c7-4f87-90d0-b457a90ba49c | ITER: 76 END: OK
2018-05-31 19:17:06.366 22890 INFO rally.task.runner [-] Task 93b16ec2-f5c7-4f87-90d0-b457a90ba49c | ITER: 87 START
2018-05-31 19:17:06.437 22910 INFO rally.task.runner [-] Task 93b16ec2-f5c7-4f87-90d0-b457a90ba49c | ITER: 74 END: OK
2018-05-31 19:17:06.439 22897 INFO rally.task.runner [-] Task 93b16ec2-f5c7-4f87-90d0-b457a90ba49c | ITER: 80 END: OK
2018-05-31 19:17:06.440 22910 INFO rally.task.runner [-] Task 93b16ec2-f5c7-4f87-90d0-b457a90ba49c | ITER: 88 START
2018-05-31 19:17:06.442 22897 INFO rally.task.runner [-] Task 93b16ec2-f5c7-4f87-90d0-b457a90ba49c | ITER: 89 START
2018-05-31 19:17:06.459 22905 INFO rally.task.runner [-] Task 93b16ec2-f5c7-4f87-90d0-b457a90ba49c | ITER: 79 END: OK
2018-05-31 19:17:06.462 22905 INFO rally.task.runner [-] Task 93b16ec2-f5c7-4f87-90d0-b457a90ba49c | ITER: 90 START
2018-05-31 19:17:07.672 22900 INFO rally.task.runner [-] Task 93b16ec2-f5c7-4f87-90d0-b457a90ba49c | ITER: 85 END: OK
2018-05-31 19:17:07.674 22894 INFO rally.task.runner [-] Task 93b16ec2-f5c7-4f87-90d0-b457a90ba49c | ITER: 83 END: OK
2018-05-31 19:17:07.675 22900 INFO rally.task.runner [-] Task 93b16ec2-f5c7-4f87-90d0-b457a90ba49c | ITER: 91 START
2018-05-31 19:17:07.677 22901 INFO rally.task.runner [-] Task 93b16ec2-f5c7-4f87-90d0-b457a90ba49c | ITER: 84 END: OK
2018-05-31 19:17:07.677 22894 INFO rally.task.runner [-] Task 93b16ec2-f5c7-4f87-90d0-b457a90ba49c | ITER: 92 START
2018-05-31 19:17:07.677 22889 INFO rally.task.runner [-] Task 93b16ec2-f5c7-4f87-90d0-b457a90ba49c | ITER: 86 END: OK
2018-05-31 19:17:07.679 22890 INFO rally.task.runner [-] Task 93b16ec2-f5c7-4f87-90d0-b457a90ba49c | ITER: 87 END: OK
2018-05-31 19:17:07.679 22901 INFO rally.task.runner [-] Task 93b16ec2-f5c7-4f87-90d0-b457a90ba49c | ITER: 93 START
2018-05-31 19:17:07.680 22889 INFO rally.task.runner [-] Task 93b16ec2-f5c7-4f87-90d0-b457a90ba49c | ITER: 94 START
2018-05-31 19:17:07.682 22890 INFO rally.task.runner [-] Task 93b16ec2-f5c7-4f87-90d0-b457a90ba49c | ITER: 95 START
2018-05-31 19:17:07.691 22891 INFO rally.task.runner [-] Task 93b16ec2-f5c7-4f87-90d0-b457a90ba49c | ITER: 82 END: OK
2018-05-31 19:17:07.694 22891 INFO rally.task.runner [-] Task 93b16ec2-f5c7-4f87-90d0-b457a90ba49c | ITER: 96 START
2018-05-31 19:17:07.705 22909 INFO rally.task.runner [-] Task 93b16ec2-f5c7-4f87-90d0-b457a90ba49c | ITER: 81 END: OK
2018-05-31 19:17:07.708 22909 INFO rally.task.runner [-] Task 93b16ec2-f5c7-4f87-90d0-b457a90ba49c | ITER: 97 START
2018-05-31 19:17:07.752 22910 INFO rally.task.runner [-] Task 93b16ec2-f5c7-4f87-90d0-b457a90ba49c | ITER: 88 END: OK
2018-05-31 19:17:07.754 22910 INFO rally.task.runner [-] Task 93b16ec2-f5c7-4f87-90d0-b457a90ba49c | ITER: 98 START
2018-05-31 19:17:07.765 22905 INFO rally.task.runner [-] Task 93b16ec2-f5c7-4f87-90d0-b457a90ba49c | ITER: 90 END: OK
2018-05-31 19:17:07.767 22905 INFO rally.task.runner [-] Task 93b16ec2-f5c7-4f87-90d0-b457a90ba49c | ITER: 99 START
2018-05-31 19:17:07.770 22897 INFO rally.task.runner [-] Task 93b16ec2-f5c7-4f87-90d0-b457a90ba49c | ITER: 89 END: OK
2018-05-31 19:17:07.772 22897 INFO rally.task.runner [-] Task 93b16ec2-f5c7-4f87-90d0-b457a90ba49c | ITER: 100 START
2018-05-31 19:17:08.990 22890 INFO rally.task.runner [-] Task 93b16ec2-f5c7-4f87-90d0-b457a90ba49c | ITER: 95 END: OK
2018-05-31 19:17:08.999 22891 INFO rally.task.runner [-] Task 93b16ec2-f5c7-4f87-90d0-b457a90ba49c | ITER: 96 END: OK
2018-05-31 19:17:08.999 22894 INFO rally.task.runner [-] Task 93b16ec2-f5c7-4f87-90d0-b457a90ba49c | ITER: 92 END: OK
2018-05-31 19:17:09.011 22900 INFO rally.task.runner [-] Task 93b16ec2-f5c7-4f87-90d0-b457a90ba49c | ITER: 91 END: OK
2018-05-31 19:17:09.013 22901 INFO rally.task.runner [-] Task 93b16ec2-f5c7-4f87-90d0-b457a90ba49c | ITER: 93 END: OK
2018-05-31 19:17:09.046 22909 INFO rally.task.runner [-] Task 93b16ec2-f5c7-4f87-90d0-b457a90ba49c | ITER: 97 END: OK
2018-05-31 19:17:09.052 22889 INFO rally.task.runner [-] Task 93b16ec2-f5c7-4f87-90d0-b457a90ba49c | ITER: 94 END: OK
2018-05-31 19:17:09.062 22905 INFO rally.task.runner [-] Task 93b16ec2-f5c7-4f87-90d0-b457a90ba49c | ITER: 99 END: OK
2018-05-31 19:17:09.063 22910 INFO rally.task.runner [-] Task 93b16ec2-f5c7-4f87-90d0-b457a90ba49c | ITER: 98 END: OK
2018-05-31 19:17:09.081 22897 INFO rally.task.runner [-] Task 93b16ec2-f5c7-4f87-90d0-b457a90ba49c | ITER: 100 END: OK
2018-05-31 19:17:09.102 22761 INFO rally.task.context [-] Task 93b16ec2-f5c7-4f87-90d0-b457a90ba49c | Context admin_cleanup@openstack cleanup() started
2018-05-31 19:17:12.759 22761 INFO rally.task.context [-] Task 93b16ec2-f5c7-4f87-90d0-b457a90ba49c | Context admin_cleanup@openstack cleanup() finished in 3.66 sec
2018-05-31 19:17:12.759 22761 INFO rally.task.context [-] Task 93b16ec2-f5c7-4f87-90d0-b457a90ba49c | Context users@openstack cleanup() started
2018-05-31 19:17:16.698 22761 INFO rally.task.context [-] Task 93b16ec2-f5c7-4f87-90d0-b457a90ba49c | Context users@openstack cleanup() finished in 3.94 sec
2018-05-31 19:17:18.644 22761 INFO rally.task.engine [-] Load duration is: 12.570351
2018-05-31 19:17:18.645 22761 INFO rally.task.engine [-] Full runner duration is: 13.609421
2018-05-31 19:17:18.645 22761 INFO rally.task.engine [-] Full duration is: 24.234197
2018-05-31 19:17:18.765 22761 INFO rally.task.engine [-] Task 93b16ec2-f5c7-4f87-90d0-b457a90ba49c | Completed: Running task.

--------------------------------------------------------------------------------
Task 93b16ec2-f5c7-4f87-90d0-b457a90ba49c: finished
--------------------------------------------------------------------------------

test scenario KeystoneBasic.create_and_delete_service
args position 0
args values:
{
  "runner": {
    "times": 100, 
    "concurrency": 10
  }, 
  "contexts": {}, 
  "args": {
    "service_type": "Rally_test_type", 
    "description": "test_description"
  }, 
  "sla": {
    "failure_rate": {
      "max": 0
    }
  }, 
  "hooks": []
}

--------------------------------------------------------------------------------
Task 93b16ec2-f5c7-4f87-90d0-b457a90ba49c has 0 error(s)
--------------------------------------------------------------------------------

+-------------------------------------------------------------------------------------------------------------------------------+
|                                                     Response Times (sec)                                                      |
+----------------------------+-----------+--------------+--------------+--------------+-----------+-----------+---------+-------+
| Action                     | Min (sec) | Median (sec) | 90%ile (sec) | 95%ile (sec) | Max (sec) | Avg (sec) | Success | Count |
+----------------------------+-----------+--------------+--------------+--------------+-----------+-----------+---------+-------+
| keystone_v3.create_service | 0.415     | 0.435        | 0.45         | 0.483        | 0.527     | 0.439     | 100.0%  | 100   |
| keystone_v3.delete_service | 0.041     | 0.048        | 0.071        | 0.121        | 0.136     | 0.055     | 100.0%  | 100   |
| total                      | 0.464     | 0.488        | 0.538        | 0.555        | 0.607     | 0.494     | 100.0%  | 100   |
|  -> duration               | 0.464     | 0.488        | 0.538        | 0.555        | 0.607     | 0.494     | 100.0%  | 100   |
|  -> idle_duration          | 0.0       | 0.0          | 0.0          | 0.0          | 0.0       | 0.0       | 100.0%  | 100   |
+----------------------------+-----------+--------------+--------------+--------------+-----------+-----------+---------+-------+

Load duration: 12.570351
Full duration: 24.234197

HINTS:
* To plot HTML graphics with this data, run:
	rally task report 93b16ec2-f5c7-4f87-90d0-b457a90ba49c --out output.html

* To generate a JUnit report, run:
	rally task export 93b16ec2-f5c7-4f87-90d0-b457a90ba49c --type junit --to output.xml

* To get raw JSON output of task results, run:
	rally task report 93b16ec2-f5c7-4f87-90d0-b457a90ba49c --json --out output.json

--------------------------------------------------------------------------------
Preparing input task
--------------------------------------------------------------------------------

Task is:
{
    "KeystoneBasic.create_tenant_with_users": [
        {
            "args": {
                "users_per_tenant": 10
            },
            "runner": {
                "type": "constant",
                "times": 10,
                "concurrency": 10
            },
            "sla": {
                "failure_rate": {
                    "max": 0
                }
            }
        }
    ]
}

Task syntax is correct :)
Running Rally version 0.10.1~dev119
--------------------------------------------------------------------------------
Task  9cb762ed-fe1b-4774-b00e-f5c089671891: started
--------------------------------------------------------------------------------

Running Task... This can take a while...

To track task status use:

	rally task status
	or
	rally task detailed

Using task: 9cb762ed-fe1b-4774-b00e-f5c089671891
2018-05-31 19:17:20.635 23148 INFO rally.task.engine [-] Task 9cb762ed-fe1b-4774-b00e-f5c089671891 | Starting:  Task validation.
2018-05-31 19:17:20.646 23148 INFO rally.task.engine [-] Task 9cb762ed-fe1b-4774-b00e-f5c089671891 | Starting:  Task validation of syntax.
2018-05-31 19:17:20.659 23148 INFO rally.task.engine [-] Task 9cb762ed-fe1b-4774-b00e-f5c089671891 | Completed: Task validation of syntax.
2018-05-31 19:17:20.659 23148 INFO rally.task.engine [-] Task 9cb762ed-fe1b-4774-b00e-f5c089671891 | Starting:  Task validation of required platforms.
2018-05-31 19:17:20.666 23148 INFO rally.task.engine [-] Task 9cb762ed-fe1b-4774-b00e-f5c089671891 | Completed: Task validation of required platforms.
2018-05-31 19:17:20.666 23148 INFO rally.task.engine [-] Task 9cb762ed-fe1b-4774-b00e-f5c089671891 | Starting:  Task validation of semantic.
2018-05-31 19:17:23.847 23148 INFO rally.task.context [-] Task 9cb762ed-fe1b-4774-b00e-f5c089671891 | Context users@openstack setup()  finished in 2.47 sec
2018-05-31 19:17:23.858 23148 INFO rally.task.context [-] Task 9cb762ed-fe1b-4774-b00e-f5c089671891 | Context users@openstack cleanup() started
2018-05-31 19:17:28.076 23148 INFO rally.task.context [-] Task 9cb762ed-fe1b-4774-b00e-f5c089671891 | Context users@openstack cleanup() finished in 4.22 sec
2018-05-31 19:17:28.076 23148 INFO rally.task.engine [-] Task 9cb762ed-fe1b-4774-b00e-f5c089671891 | Completed: Task validation of semantic.
2018-05-31 19:17:28.077 23148 INFO rally.task.engine [-] Task 9cb762ed-fe1b-4774-b00e-f5c089671891 | Completed: Task validation.
2018-05-31 19:17:28.077 23148 INFO rally.api [-] Task 9cb762ed-fe1b-4774-b00e-f5c089671891 input file is valid.
2018-05-31 19:17:28.077 23148 INFO rally.api [-] Run Task 9cb762ed-fe1b-4774-b00e-f5c089671891 against Deployment 9645acaa-d81e-48ac-8b77-9fe1d18f70f5
2018-05-31 19:17:28.078 23148 INFO rally.task.engine [-] Task 9cb762ed-fe1b-4774-b00e-f5c089671891 | Starting:  Running task.
2018-05-31 19:17:28.121 23148 INFO rally.task.engine [-] Running workload: 
  position = 0
  config = {
   "version": 2, 
   "title": "A cropped version of a bigger task.", 
   "description": "Auto-generated task from a single workload (uuid=697a03cd-0ca2-4070-8139-d9aca3164b32)", 
   "subtasks": [
      {
         "title": "KeystoneBasic.create_tenant_with_users", 
         "description": "Create a keystone tenant and several users belonging to it.", 
         "scenario": {
            "KeystoneBasic.create_tenant_with_users": {
               "users_per_tenant": 10
            }
         }, 
         "contexts": {}, 
         "runner": {
            "constant": {
               "times": 10, 
               "concurrency": 10
            }
         }, 
         "hooks": [], 
         "sla": {
            "failure_rate": {
               "max": 0
            }
         }
      }
   ]
}
2018-05-31 19:17:30.499 23148 INFO rally.task.context [-] Task 9cb762ed-fe1b-4774-b00e-f5c089671891 | Context users@openstack setup()  finished in 2.35 sec
2018-05-31 19:17:30.499 23148 INFO rally.task.context [-] Task 9cb762ed-fe1b-4774-b00e-f5c089671891 | Context admin_cleanup@openstack setup()  finished in 0.01 msec
2018-05-31 19:17:30.523 23277 INFO rally.task.runner [-] Task 9cb762ed-fe1b-4774-b00e-f5c089671891 | ITER: 2 START
2018-05-31 19:17:30.524 23276 INFO rally.task.runner [-] Task 9cb762ed-fe1b-4774-b00e-f5c089671891 | ITER: 1 START
2018-05-31 19:17:30.525 23278 INFO rally.task.runner [-] Task 9cb762ed-fe1b-4774-b00e-f5c089671891 | ITER: 3 START
2018-05-31 19:17:30.528 23280 INFO rally.task.runner [-] Task 9cb762ed-fe1b-4774-b00e-f5c089671891 | ITER: 4 START
2018-05-31 19:17:30.535 23281 INFO rally.task.runner [-] Task 9cb762ed-fe1b-4774-b00e-f5c089671891 | ITER: 5 START
2018-05-31 19:17:30.536 23286 INFO rally.task.runner [-] Task 9cb762ed-fe1b-4774-b00e-f5c089671891 | ITER: 6 START
2018-05-31 19:17:30.537 23292 INFO rally.task.runner [-] Task 9cb762ed-fe1b-4774-b00e-f5c089671891 | ITER: 8 START
2018-05-31 19:17:30.537 23289 INFO rally.task.runner [-] Task 9cb762ed-fe1b-4774-b00e-f5c089671891 | ITER: 7 START
2018-05-31 19:17:30.539 23294 INFO rally.task.runner [-] Task 9cb762ed-fe1b-4774-b00e-f5c089671891 | ITER: 9 START
2018-05-31 19:17:30.542 23295 INFO rally.task.runner [-] Task 9cb762ed-fe1b-4774-b00e-f5c089671891 | ITER: 10 START
2018-05-31 19:17:33.833 23281 INFO rally.task.runner [-] Task 9cb762ed-fe1b-4774-b00e-f5c089671891 | ITER: 5 END: OK
2018-05-31 19:17:33.855 23289 INFO rally.task.runner [-] Task 9cb762ed-fe1b-4774-b00e-f5c089671891 | ITER: 7 END: OK
2018-05-31 19:17:33.855 23294 INFO rally.task.runner [-] Task 9cb762ed-fe1b-4774-b00e-f5c089671891 | ITER: 9 END: OK
2018-05-31 19:17:33.879 23292 INFO rally.task.runner [-] Task 9cb762ed-fe1b-4774-b00e-f5c089671891 | ITER: 8 END: OK
2018-05-31 19:17:33.889 23276 INFO rally.task.runner [-] Task 9cb762ed-fe1b-4774-b00e-f5c089671891 | ITER: 1 END: OK
2018-05-31 19:17:33.889 23277 INFO rally.task.runner [-] Task 9cb762ed-fe1b-4774-b00e-f5c089671891 | ITER: 2 END: OK
2018-05-31 19:17:33.900 23295 INFO rally.task.runner [-] Task 9cb762ed-fe1b-4774-b00e-f5c089671891 | ITER: 10 END: OK
2018-05-31 19:17:33.920 23278 INFO rally.task.runner [-] Task 9cb762ed-fe1b-4774-b00e-f5c089671891 | ITER: 3 END: OK
2018-05-31 19:17:33.930 23280 INFO rally.task.runner [-] Task 9cb762ed-fe1b-4774-b00e-f5c089671891 | ITER: 4 END: OK
2018-05-31 19:17:33.957 23286 INFO rally.task.runner [-] Task 9cb762ed-fe1b-4774-b00e-f5c089671891 | ITER: 6 END: OK
2018-05-31 19:17:33.976 23148 INFO rally.task.context [-] Task 9cb762ed-fe1b-4774-b00e-f5c089671891 | Context admin_cleanup@openstack cleanup() started
2018-05-31 19:17:51.717 23148 INFO rally.task.context [-] Task 9cb762ed-fe1b-4774-b00e-f5c089671891 | Context admin_cleanup@openstack cleanup() finished in 17.74 sec
2018-05-31 19:17:51.717 23148 INFO rally.task.context [-] Task 9cb762ed-fe1b-4774-b00e-f5c089671891 | Context users@openstack cleanup() started
2018-05-31 19:17:56.238 23148 INFO rally.task.context [-] Task 9cb762ed-fe1b-4774-b00e-f5c089671891 | Context users@openstack cleanup() finished in 4.52 sec
2018-05-31 19:17:56.529 23148 INFO rally.task.engine [-] Load duration is: 2.452836
2018-05-31 19:17:56.529 23148 INFO rally.task.engine [-] Full runner duration is: 3.471191
2018-05-31 19:17:56.529 23148 INFO rally.task.engine [-] Full duration is: 28.110615
2018-05-31 19:17:56.625 23148 INFO rally.task.engine [-] Task 9cb762ed-fe1b-4774-b00e-f5c089671891 | Completed: Running task.

--------------------------------------------------------------------------------
Task 9cb762ed-fe1b-4774-b00e-f5c089671891: finished
--------------------------------------------------------------------------------

test scenario KeystoneBasic.create_tenant_with_users
args position 0
args values:
{
  "runner": {
    "times": 10, 
    "concurrency": 10
  }, 
  "contexts": {}, 
  "args": {
    "users_per_tenant": 10
  }, 
  "sla": {
    "failure_rate": {
      "max": 0
    }
  }, 
  "hooks": []
}

--------------------------------------------------------------------------------
Task 9cb762ed-fe1b-4774-b00e-f5c089671891 has 0 error(s)
--------------------------------------------------------------------------------

+--------------------------------------------------------------------------------------------------------------------------------------+
|                                                         Response Times (sec)                                                         |
+-----------------------------------+-----------+--------------+--------------+--------------+-----------+-----------+---------+-------+
| Action                            | Min (sec) | Median (sec) | 90%ile (sec) | 95%ile (sec) | Max (sec) | Avg (sec) | Success | Count |
+-----------------------------------+-----------+--------------+--------------+--------------+-----------+-----------+---------+-------+
| keystone_v3.create_project        | 0.482     | 0.494        | 0.503        | 0.506        | 0.508     | 0.494     | 100.0%  | 10    |
| keystone_v3.create_users          | 1.617     | 1.671        | 1.719        | 1.732        | 1.744     | 1.674     | 100.0%  | 10    |
|  -> keystone_v3.create_user (x10) | 1.617     | 1.671        | 1.719        | 1.731        | 1.744     | 1.674     | 100.0%  | 10    |
|  --> keystone_v3.list_roles (x10) | 0.224     | 0.237        | 0.245        | 0.247        | 0.249     | 0.237     | 100.0%  | 10    |
|  --> keystone_v3.add_role (x10)   | 0.548     | 0.576        | 0.585        | 0.605        | 0.624     | 0.576     | 100.0%  | 10    |
| total                             | 2.321     | 2.379        | 2.422        | 2.435        | 2.447     | 2.378     | 100.0%  | 10    |
|  -> duration                      | 2.321     | 2.379        | 2.422        | 2.435        | 2.447     | 2.378     | 100.0%  | 10    |
|  -> idle_duration                 | 0.0       | 0.0          | 0.0          | 0.0          | 0.0       | 0.0       | 100.0%  | 10    |
+-----------------------------------+-----------+--------------+--------------+--------------+-----------+-----------+---------+-------+

Load duration: 2.452836
Full duration: 28.110615

HINTS:
* To plot HTML graphics with this data, run:
	rally task report 9cb762ed-fe1b-4774-b00e-f5c089671891 --out output.html

* To generate a JUnit report, run:
	rally task export 9cb762ed-fe1b-4774-b00e-f5c089671891 --type junit --to output.xml

* To get raw JSON output of task results, run:
	rally task report 9cb762ed-fe1b-4774-b00e-f5c089671891 --json --out output.json

--------------------------------------------------------------------------------
Preparing input task
--------------------------------------------------------------------------------

Task is:
{
    "KeystoneBasic.create_and_list_services": [
    {
            "args": {
                "service_type": "Rally_test_type",
                "description": "test_description"
            },
            "runner": {
                "type": "constant",
                "times": 100,
                "concurrency": 10
            },
            "sla": {
                "failure_rate": {
                    "max": 0
                }
            }
        }
    ]
}

Task syntax is correct :)
Running Rally version 0.10.1~dev119
--------------------------------------------------------------------------------
Task  21ebd268-3032-4d77-845b-3419c28af962: started
--------------------------------------------------------------------------------

Running Task... This can take a while...

To track task status use:

	rally task status
	or
	rally task detailed

Using task: 21ebd268-3032-4d77-845b-3419c28af962
2018-05-31 19:17:58.343 23437 INFO rally.task.engine [-] Task 21ebd268-3032-4d77-845b-3419c28af962 | Starting:  Task validation.
2018-05-31 19:17:58.350 23437 INFO rally.task.engine [-] Task 21ebd268-3032-4d77-845b-3419c28af962 | Starting:  Task validation of syntax.
2018-05-31 19:17:58.357 23437 INFO rally.task.engine [-] Task 21ebd268-3032-4d77-845b-3419c28af962 | Completed: Task validation of syntax.
2018-05-31 19:17:58.357 23437 INFO rally.task.engine [-] Task 21ebd268-3032-4d77-845b-3419c28af962 | Starting:  Task validation of required platforms.
2018-05-31 19:17:58.361 23437 INFO rally.task.engine [-] Task 21ebd268-3032-4d77-845b-3419c28af962 | Completed: Task validation of required platforms.
2018-05-31 19:17:58.361 23437 INFO rally.task.engine [-] Task 21ebd268-3032-4d77-845b-3419c28af962 | Starting:  Task validation of semantic.
2018-05-31 19:18:01.794 23437 INFO rally.task.context [-] Task 21ebd268-3032-4d77-845b-3419c28af962 | Context users@openstack setup()  finished in 2.75 sec
2018-05-31 19:18:01.804 23437 INFO rally.task.context [-] Task 21ebd268-3032-4d77-845b-3419c28af962 | Context users@openstack cleanup() started
2018-05-31 19:18:05.635 23437 INFO rally.task.context [-] Task 21ebd268-3032-4d77-845b-3419c28af962 | Context users@openstack cleanup() finished in 3.83 sec
2018-05-31 19:18:05.636 23437 INFO rally.task.engine [-] Task 21ebd268-3032-4d77-845b-3419c28af962 | Completed: Task validation of semantic.
2018-05-31 19:18:05.636 23437 INFO rally.task.engine [-] Task 21ebd268-3032-4d77-845b-3419c28af962 | Completed: Task validation.
2018-05-31 19:18:05.636 23437 INFO rally.api [-] Task 21ebd268-3032-4d77-845b-3419c28af962 input file is valid.
2018-05-31 19:18:05.637 23437 INFO rally.api [-] Run Task 21ebd268-3032-4d77-845b-3419c28af962 against Deployment 9645acaa-d81e-48ac-8b77-9fe1d18f70f5
2018-05-31 19:18:05.637 23437 INFO rally.task.engine [-] Task 21ebd268-3032-4d77-845b-3419c28af962 | Starting:  Running task.
2018-05-31 19:18:05.681 23437 INFO rally.task.engine [-] Running workload: 
  position = 0
  config = {
   "version": 2, 
   "title": "A cropped version of a bigger task.", 
   "description": "Auto-generated task from a single workload (uuid=eed60a5a-260d-43ba-868f-3cb393ec36b3)", 
   "subtasks": [
      {
         "title": "KeystoneBasic.create_and_list_services", 
         "description": "Create and list services.", 
         "scenario": {
            "KeystoneBasic.create_and_list_services": {
               "service_type": "Rally_test_type", 
               "description": "test_description"
            }
         }, 
         "contexts": {}, 
         "runner": {
            "constant": {
               "times": 100, 
               "concurrency": 10
            }
         }, 
         "hooks": [], 
         "sla": {
            "failure_rate": {
               "max": 0
            }
         }
      }
   ]
}
2018-05-31 19:18:08.499 23437 INFO rally.task.context [-] Task 21ebd268-3032-4d77-845b-3419c28af962 | Context users@openstack setup()  finished in 2.79 sec
2018-05-31 19:18:08.500 23437 INFO rally.task.context [-] Task 21ebd268-3032-4d77-845b-3419c28af962 | Context admin_cleanup@openstack setup()  finished in 0.01 msec
2018-05-31 19:18:08.523 23565 INFO rally.task.runner [-] Task 21ebd268-3032-4d77-845b-3419c28af962 | ITER: 1 START
2018-05-31 19:18:08.527 23566 INFO rally.task.runner [-] Task 21ebd268-3032-4d77-845b-3419c28af962 | ITER: 2 START
2018-05-31 19:18:08.528 23567 INFO rally.task.runner [-] Task 21ebd268-3032-4d77-845b-3419c28af962 | ITER: 3 START
2018-05-31 19:18:08.539 23571 INFO rally.task.runner [-] Task 21ebd268-3032-4d77-845b-3419c28af962 | ITER: 5 START
2018-05-31 19:18:08.539 23576 INFO rally.task.runner [-] Task 21ebd268-3032-4d77-845b-3419c28af962 | ITER: 6 START
2018-05-31 19:18:08.540 23578 INFO rally.task.runner [-] Task 21ebd268-3032-4d77-845b-3419c28af962 | ITER: 7 START
2018-05-31 19:18:08.539 23570 INFO rally.task.runner [-] Task 21ebd268-3032-4d77-845b-3419c28af962 | ITER: 4 START
2018-05-31 19:18:08.542 23580 INFO rally.task.runner [-] Task 21ebd268-3032-4d77-845b-3419c28af962 | ITER: 8 START
2018-05-31 19:18:08.545 23581 INFO rally.task.runner [-] Task 21ebd268-3032-4d77-845b-3419c28af962 | ITER: 9 START
2018-05-31 19:18:08.557 23592 INFO rally.task.runner [-] Task 21ebd268-3032-4d77-845b-3419c28af962 | ITER: 10 START
2018-05-31 19:18:09.921 23570 INFO rally.task.runner [-] Task 21ebd268-3032-4d77-845b-3419c28af962 | ITER: 4 END: OK
2018-05-31 19:18:09.924 23570 INFO rally.task.runner [-] Task 21ebd268-3032-4d77-845b-3419c28af962 | ITER: 11 START
2018-05-31 19:18:09.925 23566 INFO rally.task.runner [-] Task 21ebd268-3032-4d77-845b-3419c28af962 | ITER: 2 END: OK
2018-05-31 19:18:09.928 23578 INFO rally.task.runner [-] Task 21ebd268-3032-4d77-845b-3419c28af962 | ITER: 7 END: OK
2018-05-31 19:18:09.928 23566 INFO rally.task.runner [-] Task 21ebd268-3032-4d77-845b-3419c28af962 | ITER: 12 START
2018-05-31 19:18:09.929 23565 INFO rally.task.runner [-] Task 21ebd268-3032-4d77-845b-3419c28af962 | ITER: 1 END: OK
2018-05-31 19:18:09.931 23578 INFO rally.task.runner [-] Task 21ebd268-3032-4d77-845b-3419c28af962 | ITER: 13 START
2018-05-31 19:18:09.932 23571 INFO rally.task.runner [-] Task 21ebd268-3032-4d77-845b-3419c28af962 | ITER: 5 END: OK
2018-05-31 19:18:09.932 23565 INFO rally.task.runner [-] Task 21ebd268-3032-4d77-845b-3419c28af962 | ITER: 14 START
2018-05-31 19:18:09.935 23571 INFO rally.task.runner [-] Task 21ebd268-3032-4d77-845b-3419c28af962 | ITER: 15 START
2018-05-31 19:18:09.950 23576 INFO rally.task.runner [-] Task 21ebd268-3032-4d77-845b-3419c28af962 | ITER: 6 END: OK
2018-05-31 19:18:09.953 23576 INFO rally.task.runner [-] Task 21ebd268-3032-4d77-845b-3419c28af962 | ITER: 16 START
2018-05-31 19:18:09.961 23580 INFO rally.task.runner [-] Task 21ebd268-3032-4d77-845b-3419c28af962 | ITER: 8 END: OK
2018-05-31 19:18:09.963 23580 INFO rally.task.runner [-] Task 21ebd268-3032-4d77-845b-3419c28af962 | ITER: 17 START
2018-05-31 19:18:09.981 23567 INFO rally.task.runner [-] Task 21ebd268-3032-4d77-845b-3419c28af962 | ITER: 3 END: OK
2018-05-31 19:18:09.984 23567 INFO rally.task.runner [-] Task 21ebd268-3032-4d77-845b-3419c28af962 | ITER: 18 START
2018-05-31 19:18:09.993 23592 INFO rally.task.runner [-] Task 21ebd268-3032-4d77-845b-3419c28af962 | ITER: 10 END: OK
2018-05-31 19:18:09.996 23592 INFO rally.task.runner [-] Task 21ebd268-3032-4d77-845b-3419c28af962 | ITER: 19 START
2018-05-31 19:18:10.001 23581 INFO rally.task.runner [-] Task 21ebd268-3032-4d77-845b-3419c28af962 | ITER: 9 END: OK
2018-05-31 19:18:10.003 23581 INFO rally.task.runner [-] Task 21ebd268-3032-4d77-845b-3419c28af962 | ITER: 20 START
2018-05-31 19:18:11.205 23566 INFO rally.task.runner [-] Task 21ebd268-3032-4d77-845b-3419c28af962 | ITER: 12 END: OK
2018-05-31 19:18:11.208 23566 INFO rally.task.runner [-] Task 21ebd268-3032-4d77-845b-3419c28af962 | ITER: 21 START
2018-05-31 19:18:11.226 23570 INFO rally.task.runner [-] Task 21ebd268-3032-4d77-845b-3419c28af962 | ITER: 11 END: OK
2018-05-31 19:18:11.227 23571 INFO rally.task.runner [-] Task 21ebd268-3032-4d77-845b-3419c28af962 | ITER: 15 END: OK
2018-05-31 19:18:11.229 23570 INFO rally.task.runner [-] Task 21ebd268-3032-4d77-845b-3419c28af962 | ITER: 22 START
2018-05-31 19:18:11.229 23571 INFO rally.task.runner [-] Task 21ebd268-3032-4d77-845b-3419c28af962 | ITER: 23 START
2018-05-31 19:18:11.236 23580 INFO rally.task.runner [-] Task 21ebd268-3032-4d77-845b-3419c28af962 | ITER: 17 END: OK
2018-05-31 19:18:11.238 23580 INFO rally.task.runner [-] Task 21ebd268-3032-4d77-845b-3419c28af962 | ITER: 24 START
2018-05-31 19:18:11.288 23576 INFO rally.task.runner [-] Task 21ebd268-3032-4d77-845b-3419c28af962 | ITER: 16 END: OK
2018-05-31 19:18:11.290 23576 INFO rally.task.runner [-] Task 21ebd268-3032-4d77-845b-3419c28af962 | ITER: 25 START
2018-05-31 19:18:11.298 23578 INFO rally.task.runner [-] Task 21ebd268-3032-4d77-845b-3419c28af962 | ITER: 13 END: OK
2018-05-31 19:18:11.300 23578 INFO rally.task.runner [-] Task 21ebd268-3032-4d77-845b-3419c28af962 | ITER: 26 START
2018-05-31 19:18:11.311 23567 INFO rally.task.runner [-] Task 21ebd268-3032-4d77-845b-3419c28af962 | ITER: 18 END: OK
2018-05-31 19:18:11.313 23567 INFO rally.task.runner [-] Task 21ebd268-3032-4d77-845b-3419c28af962 | ITER: 27 START
2018-05-31 19:18:11.318 23581 INFO rally.task.runner [-] Task 21ebd268-3032-4d77-845b-3419c28af962 | ITER: 20 END: OK
2018-05-31 19:18:11.320 23592 INFO rally.task.runner [-] Task 21ebd268-3032-4d77-845b-3419c28af962 | ITER: 19 END: OK
2018-05-31 19:18:11.320 23581 INFO rally.task.runner [-] Task 21ebd268-3032-4d77-845b-3419c28af962 | ITER: 28 START
2018-05-31 19:18:11.322 23592 INFO rally.task.runner [-] Task 21ebd268-3032-4d77-845b-3419c28af962 | ITER: 29 START
2018-05-31 19:18:11.329 23565 INFO rally.task.runner [-] Task 21ebd268-3032-4d77-845b-3419c28af962 | ITER: 14 END: OK
2018-05-31 19:18:11.330 23565 INFO rally.task.runner [-] Task 21ebd268-3032-4d77-845b-3419c28af962 | ITER: 30 START
2018-05-31 19:18:12.511 23566 INFO rally.task.runner [-] Task 21ebd268-3032-4d77-845b-3419c28af962 | ITER: 21 END: OK
2018-05-31 19:18:12.514 23566 INFO rally.task.runner [-] Task 21ebd268-3032-4d77-845b-3419c28af962 | ITER: 31 START
2018-05-31 19:18:12.533 23571 INFO rally.task.runner [-] Task 21ebd268-3032-4d77-845b-3419c28af962 | ITER: 23 END: OK
2018-05-31 19:18:12.535 23571 INFO rally.task.runner [-] Task 21ebd268-3032-4d77-845b-3419c28af962 | ITER: 32 START
2018-05-31 19:18:12.545 23578 INFO rally.task.runner [-] Task 21ebd268-3032-4d77-845b-3419c28af962 | ITER: 26 END: OK
2018-05-31 19:18:12.548 23578 INFO rally.task.runner [-] Task 21ebd268-3032-4d77-845b-3419c28af962 | ITER: 33 START
2018-05-31 19:18:12.549 23570 INFO rally.task.runner [-] Task 21ebd268-3032-4d77-845b-3419c28af962 | ITER: 22 END: OK
2018-05-31 19:18:12.552 23570 INFO rally.task.runner [-] Task 21ebd268-3032-4d77-845b-3419c28af962 | ITER: 34 START
2018-05-31 19:18:12.572 23580 INFO rally.task.runner [-] Task 21ebd268-3032-4d77-845b-3419c28af962 | ITER: 24 END: OK
2018-05-31 19:18:12.574 23580 INFO rally.task.runner [-] Task 21ebd268-3032-4d77-845b-3419c28af962 | ITER: 35 START
2018-05-31 19:18:12.589 23576 INFO rally.task.runner [-] Task 21ebd268-3032-4d77-845b-3419c28af962 | ITER: 25 END: OK
2018-05-31 19:18:12.591 23576 INFO rally.task.runner [-] Task 21ebd268-3032-4d77-845b-3419c28af962 | ITER: 36 START
2018-05-31 19:18:12.599 23581 INFO rally.task.runner [-] Task 21ebd268-3032-4d77-845b-3419c28af962 | ITER: 28 END: OK
2018-05-31 19:18:12.602 23581 INFO rally.task.runner [-] Task 21ebd268-3032-4d77-845b-3419c28af962 | ITER: 37 START
2018-05-31 19:18:12.616 23565 INFO rally.task.runner [-] Task 21ebd268-3032-4d77-845b-3419c28af962 | ITER: 30 END: OK
2018-05-31 19:18:12.617 23565 INFO rally.task.runner [-] Task 21ebd268-3032-4d77-845b-3419c28af962 | ITER: 38 START
2018-05-31 19:18:12.623 23592 INFO rally.task.runner [-] Task 21ebd268-3032-4d77-845b-3419c28af962 | ITER: 29 END: OK
2018-05-31 19:18:12.625 23592 INFO rally.task.runner [-] Task 21ebd268-3032-4d77-845b-3419c28af962 | ITER: 39 START
2018-05-31 19:18:12.665 23567 INFO rally.task.runner [-] Task 21ebd268-3032-4d77-845b-3419c28af962 | ITER: 27 END: OK
2018-05-31 19:18:12.668 23567 INFO rally.task.runner [-] Task 21ebd268-3032-4d77-845b-3419c28af962 | ITER: 40 START
2018-05-31 19:18:13.801 23566 INFO rally.task.runner [-] Task 21ebd268-3032-4d77-845b-3419c28af962 | ITER: 31 END: OK
2018-05-31 19:18:13.804 23571 INFO rally.task.runner [-] Task 21ebd268-3032-4d77-845b-3419c28af962 | ITER: 32 END: OK
2018-05-31 19:18:13.804 23566 INFO rally.task.runner [-] Task 21ebd268-3032-4d77-845b-3419c28af962 | ITER: 41 START
2018-05-31 19:18:13.807 23571 INFO rally.task.runner [-] Task 21ebd268-3032-4d77-845b-3419c28af962 | ITER: 42 START
2018-05-31 19:18:13.828 23578 INFO rally.task.runner [-] Task 21ebd268-3032-4d77-845b-3419c28af962 | ITER: 33 END: OK
2018-05-31 19:18:13.831 23578 INFO rally.task.runner [-] Task 21ebd268-3032-4d77-845b-3419c28af962 | ITER: 43 START
2018-05-31 19:18:13.855 23576 INFO rally.task.runner [-] Task 21ebd268-3032-4d77-845b-3419c28af962 | ITER: 36 END: OK
2018-05-31 19:18:13.857 23576 INFO rally.task.runner [-] Task 21ebd268-3032-4d77-845b-3419c28af962 | ITER: 44 START
2018-05-31 19:18:13.889 23581 INFO rally.task.runner [-] Task 21ebd268-3032-4d77-845b-3419c28af962 | ITER: 37 END: OK
2018-05-31 19:18:13.892 23581 INFO rally.task.runner [-] Task 21ebd268-3032-4d77-845b-3419c28af962 | ITER: 45 START
2018-05-31 19:18:13.895 23580 INFO rally.task.runner [-] Task 21ebd268-3032-4d77-845b-3419c28af962 | ITER: 35 END: OK
2018-05-31 19:18:13.897 23580 INFO rally.task.runner [-] Task 21ebd268-3032-4d77-845b-3419c28af962 | ITER: 46 START
2018-05-31 19:18:13.915 23570 INFO rally.task.runner [-] Task 21ebd268-3032-4d77-845b-3419c28af962 | ITER: 34 END: OK
2018-05-31 19:18:13.917 23570 INFO rally.task.runner [-] Task 21ebd268-3032-4d77-845b-3419c28af962 | ITER: 47 START
2018-05-31 19:18:13.927 23592 INFO rally.task.runner [-] Task 21ebd268-3032-4d77-845b-3419c28af962 | ITER: 39 END: OK
2018-05-31 19:18:13.929 23592 INFO rally.task.runner [-] Task 21ebd268-3032-4d77-845b-3419c28af962 | ITER: 48 START
2018-05-31 19:18:13.945 23567 INFO rally.task.runner [-] Task 21ebd268-3032-4d77-845b-3419c28af962 | ITER: 40 END: OK
2018-05-31 19:18:13.948 23567 INFO rally.task.runner [-] Task 21ebd268-3032-4d77-845b-3419c28af962 | ITER: 49 START
2018-05-31 19:18:13.961 23565 INFO rally.task.runner [-] Task 21ebd268-3032-4d77-845b-3419c28af962 | ITER: 38 END: OK
2018-05-31 19:18:13.963 23565 INFO rally.task.runner [-] Task 21ebd268-3032-4d77-845b-3419c28af962 | ITER: 50 START
2018-05-31 19:18:15.134 23566 INFO rally.task.runner [-] Task 21ebd268-3032-4d77-845b-3419c28af962 | ITER: 41 END: OK
2018-05-31 19:18:15.137 23566 INFO rally.task.runner [-] Task 21ebd268-3032-4d77-845b-3419c28af962 | ITER: 51 START
2018-05-31 19:18:15.155 23571 INFO rally.task.runner [-] Task 21ebd268-3032-4d77-845b-3419c28af962 | ITER: 42 END: OK
