2018-08-15 19:02:08.198 17025 INFO rally.task.runner [-] Task e56f955c-63f1-4c67-9968-5b4c0b9d73df | ITER: 25 END: OK
2018-08-15 19:02:08.201 17042 INFO rally.task.runner [-] Task e56f955c-63f1-4c67-9968-5b4c0b9d73df | ITER: 23 END: OK
2018-08-15 19:02:08.200 17025 INFO rally.task.runner [-] Task e56f955c-63f1-4c67-9968-5b4c0b9d73df | ITER: 33 START
2018-08-15 19:02:08.203 17042 INFO rally.task.runner [-] Task e56f955c-63f1-4c67-9968-5b4c0b9d73df | ITER: 34 START
2018-08-15 19:02:08.270 17040 INFO rally.task.runner [-] Task e56f955c-63f1-4c67-9968-5b4c0b9d73df | ITER: 28 END: OK
2018-08-15 19:02:08.273 17040 INFO rally.task.runner [-] Task e56f955c-63f1-4c67-9968-5b4c0b9d73df | ITER: 35 START
2018-08-15 19:02:08.291 17033 INFO rally.task.runner [-] Task e56f955c-63f1-4c67-9968-5b4c0b9d73df | ITER: 24 END: OK
2018-08-15 19:02:08.294 17033 INFO rally.task.runner [-] Task e56f955c-63f1-4c67-9968-5b4c0b9d73df | ITER: 36 START
2018-08-15 19:02:08.304 17035 INFO rally.task.runner [-] Task e56f955c-63f1-4c67-9968-5b4c0b9d73df | ITER: 26 END: OK
2018-08-15 19:02:08.306 17035 INFO rally.task.runner [-] Task e56f955c-63f1-4c67-9968-5b4c0b9d73df | ITER: 37 START
2018-08-15 19:02:08.359 17028 INFO rally.task.runner [-] Task e56f955c-63f1-4c67-9968-5b4c0b9d73df | ITER: 27 END: OK
2018-08-15 19:02:08.362 17028 INFO rally.task.runner [-] Task e56f955c-63f1-4c67-9968-5b4c0b9d73df | ITER: 38 START
2018-08-15 19:02:08.499 17030 INFO rally.task.runner [-] Task e56f955c-63f1-4c67-9968-5b4c0b9d73df | ITER: 29 END: OK
2018-08-15 19:02:08.501 17030 INFO rally.task.runner [-] Task e56f955c-63f1-4c67-9968-5b4c0b9d73df | ITER: 39 START
2018-08-15 19:02:08.536 17026 INFO rally.task.runner [-] Task e56f955c-63f1-4c67-9968-5b4c0b9d73df | ITER: 30 END: OK
2018-08-15 19:02:08.538 17026 INFO rally.task.runner [-] Task e56f955c-63f1-4c67-9968-5b4c0b9d73df | ITER: 40 START
2018-08-15 19:02:09.385 17046 INFO rally.task.runner [-] Task e56f955c-63f1-4c67-9968-5b4c0b9d73df | ITER: 31 END: OK
2018-08-15 19:02:09.387 17046 INFO rally.task.runner [-] Task e56f955c-63f1-4c67-9968-5b4c0b9d73df | ITER: 41 START
2018-08-15 19:02:09.391 17042 INFO rally.task.runner [-] Task e56f955c-63f1-4c67-9968-5b4c0b9d73df | ITER: 34 END: OK
2018-08-15 19:02:09.393 17042 INFO rally.task.runner [-] Task e56f955c-63f1-4c67-9968-5b4c0b9d73df | ITER: 42 START
2018-08-15 19:02:09.410 17025 INFO rally.task.runner [-] Task e56f955c-63f1-4c67-9968-5b4c0b9d73df | ITER: 33 END: OK
2018-08-15 19:02:09.413 17025 INFO rally.task.runner [-] Task e56f955c-63f1-4c67-9968-5b4c0b9d73df | ITER: 43 START
2018-08-15 19:02:09.481 17027 INFO rally.task.runner [-] Task e56f955c-63f1-4c67-9968-5b4c0b9d73df | ITER: 32 END: OK
2018-08-15 19:02:09.484 17027 INFO rally.task.runner [-] Task e56f955c-63f1-4c67-9968-5b4c0b9d73df | ITER: 44 START
2018-08-15 19:02:09.499 17040 INFO rally.task.runner [-] Task e56f955c-63f1-4c67-9968-5b4c0b9d73df | ITER: 35 END: OK
2018-08-15 19:02:09.502 17040 INFO rally.task.runner [-] Task e56f955c-63f1-4c67-9968-5b4c0b9d73df | ITER: 45 START
2018-08-15 19:02:09.567 17033 INFO rally.task.runner [-] Task e56f955c-63f1-4c67-9968-5b4c0b9d73df | ITER: 36 END: OK
2018-08-15 19:02:09.570 17033 INFO rally.task.runner [-] Task e56f955c-63f1-4c67-9968-5b4c0b9d73df | ITER: 46 START
2018-08-15 19:02:09.584 17035 INFO rally.task.runner [-] Task e56f955c-63f1-4c67-9968-5b4c0b9d73df | ITER: 37 END: OK
2018-08-15 19:02:09.586 17035 INFO rally.task.runner [-] Task e56f955c-63f1-4c67-9968-5b4c0b9d73df | ITER: 47 START
2018-08-15 19:02:09.586 17028 INFO rally.task.runner [-] Task e56f955c-63f1-4c67-9968-5b4c0b9d73df | ITER: 38 END: OK
2018-08-15 19:02:09.589 17028 INFO rally.task.runner [-] Task e56f955c-63f1-4c67-9968-5b4c0b9d73df | ITER: 48 START
2018-08-15 19:02:09.759 17026 INFO rally.task.runner [-] Task e56f955c-63f1-4c67-9968-5b4c0b9d73df | ITER: 40 END: OK
2018-08-15 19:02:09.761 17030 INFO rally.task.runner [-] Task e56f955c-63f1-4c67-9968-5b4c0b9d73df | ITER: 39 END: OK
2018-08-15 19:02:09.762 17026 INFO rally.task.runner [-] Task e56f955c-63f1-4c67-9968-5b4c0b9d73df | ITER: 49 START
2018-08-15 19:02:09.763 17030 INFO rally.task.runner [-] Task e56f955c-63f1-4c67-9968-5b4c0b9d73df | ITER: 50 START
2018-08-15 19:02:10.606 17025 INFO rally.task.runner [-] Task e56f955c-63f1-4c67-9968-5b4c0b9d73df | ITER: 43 END: OK
2018-08-15 19:02:10.609 17025 INFO rally.task.runner [-] Task e56f955c-63f1-4c67-9968-5b4c0b9d73df | ITER: 51 START
2018-08-15 19:02:10.686 17046 INFO rally.task.runner [-] Task e56f955c-63f1-4c67-9968-5b4c0b9d73df | ITER: 41 END: OK
2018-08-15 19:02:10.689 17046 INFO rally.task.runner [-] Task e56f955c-63f1-4c67-9968-5b4c0b9d73df | ITER: 52 START
2018-08-15 19:02:10.690 17040 INFO rally.task.runner [-] Task e56f955c-63f1-4c67-9968-5b4c0b9d73df | ITER: 45 END: OK
2018-08-15 19:02:10.693 17040 INFO rally.task.runner [-] Task e56f955c-63f1-4c67-9968-5b4c0b9d73df | ITER: 53 START
2018-08-15 19:02:10.709 17042 INFO rally.task.runner [-] Task e56f955c-63f1-4c67-9968-5b4c0b9d73df | ITER: 42 END: OK
2018-08-15 19:02:10.712 17042 INFO rally.task.runner [-] Task e56f955c-63f1-4c67-9968-5b4c0b9d73df | ITER: 54 START
2018-08-15 19:02:10.738 17027 INFO rally.task.runner [-] Task e56f955c-63f1-4c67-9968-5b4c0b9d73df | ITER: 44 END: OK
2018-08-15 19:02:10.741 17027 INFO rally.task.runner [-] Task e56f955c-63f1-4c67-9968-5b4c0b9d73df | ITER: 55 START
2018-08-15 19:02:10.745 17033 INFO rally.task.runner [-] Task e56f955c-63f1-4c67-9968-5b4c0b9d73df | ITER: 46 END: OK
2018-08-15 19:02:10.748 17033 INFO rally.task.runner [-] Task e56f955c-63f1-4c67-9968-5b4c0b9d73df | ITER: 56 START
2018-08-15 19:02:10.751 17028 INFO rally.task.runner [-] Task e56f955c-63f1-4c67-9968-5b4c0b9d73df | ITER: 48 END: OK
2018-08-15 19:02:10.754 17028 INFO rally.task.runner [-] Task e56f955c-63f1-4c67-9968-5b4c0b9d73df | ITER: 57 START
2018-08-15 19:02:10.927 17035 INFO rally.task.runner [-] Task e56f955c-63f1-4c67-9968-5b4c0b9d73df | ITER: 47 END: OK
2018-08-15 19:02:10.930 17035 INFO rally.task.runner [-] Task e56f955c-63f1-4c67-9968-5b4c0b9d73df | ITER: 58 START
2018-08-15 19:02:10.960 17030 INFO rally.task.runner [-] Task e56f955c-63f1-4c67-9968-5b4c0b9d73df | ITER: 50 END: OK
2018-08-15 19:02:10.962 17030 INFO rally.task.runner [-] Task e56f955c-63f1-4c67-9968-5b4c0b9d73df | ITER: 59 START
2018-08-15 19:02:10.974 17026 INFO rally.task.runner [-] Task e56f955c-63f1-4c67-9968-5b4c0b9d73df | ITER: 49 END: OK
2018-08-15 19:02:10.976 17026 INFO rally.task.runner [-] Task e56f955c-63f1-4c67-9968-5b4c0b9d73df | ITER: 60 START
2018-08-15 19:02:11.862 17025 INFO rally.task.runner [-] Task e56f955c-63f1-4c67-9968-5b4c0b9d73df | ITER: 51 END: OK
2018-08-15 19:02:11.865 17025 INFO rally.task.runner [-] Task e56f955c-63f1-4c67-9968-5b4c0b9d73df | ITER: 61 START
2018-08-15 19:02:11.935 17027 INFO rally.task.runner [-] Task e56f955c-63f1-4c67-9968-5b4c0b9d73df | ITER: 55 END: OK
2018-08-15 19:02:11.938 17027 INFO rally.task.runner [-] Task e56f955c-63f1-4c67-9968-5b4c0b9d73df | ITER: 62 START
2018-08-15 19:02:11.939 17040 INFO rally.task.runner [-] Task e56f955c-63f1-4c67-9968-5b4c0b9d73df | ITER: 53 END: OK
2018-08-15 19:02:11.942 17040 INFO rally.task.runner [-] Task e56f955c-63f1-4c67-9968-5b4c0b9d73df | ITER: 63 START
2018-08-15 19:02:11.968 17033 INFO rally.task.runner [-] Task e56f955c-63f1-4c67-9968-5b4c0b9d73df | ITER: 56 END: OK
2018-08-15 19:02:11.971 17033 INFO rally.task.runner [-] Task e56f955c-63f1-4c67-9968-5b4c0b9d73df | ITER: 64 START
2018-08-15 19:02:11.976 17046 INFO rally.task.runner [-] Task e56f955c-63f1-4c67-9968-5b4c0b9d73df | ITER: 52 END: OK
2018-08-15 19:02:11.978 17046 INFO rally.task.runner [-] Task e56f955c-63f1-4c67-9968-5b4c0b9d73df | ITER: 65 START
2018-08-15 19:02:12.007 17028 INFO rally.task.runner [-] Task e56f955c-63f1-4c67-9968-5b4c0b9d73df | ITER: 57 END: OK
2018-08-15 19:02:12.009 17028 INFO rally.task.runner [-] Task e56f955c-63f1-4c67-9968-5b4c0b9d73df | ITER: 66 START
2018-08-15 19:02:12.011 17042 INFO rally.task.runner [-] Task e56f955c-63f1-4c67-9968-5b4c0b9d73df | ITER: 54 END: OK
2018-08-15 19:02:12.014 17042 INFO rally.task.runner [-] Task e56f955c-63f1-4c67-9968-5b4c0b9d73df | ITER: 67 START
2018-08-15 19:02:12.148 17035 INFO rally.task.runner [-] Task e56f955c-63f1-4c67-9968-5b4c0b9d73df | ITER: 58 END: OK
2018-08-15 19:02:12.150 17035 INFO rally.task.runner [-] Task e56f955c-63f1-4c67-9968-5b4c0b9d73df | ITER: 68 START
2018-08-15 19:02:12.168 17030 INFO rally.task.runner [-] Task e56f955c-63f1-4c67-9968-5b4c0b9d73df | ITER: 59 END: OK
2018-08-15 19:02:12.170 17030 INFO rally.task.runner [-] Task e56f955c-63f1-4c67-9968-5b4c0b9d73df | ITER: 69 START
2018-08-15 19:02:12.171 17026 INFO rally.task.runner [-] Task e56f955c-63f1-4c67-9968-5b4c0b9d73df | ITER: 60 END: OK
2018-08-15 19:02:12.173 17026 INFO rally.task.runner [-] Task e56f955c-63f1-4c67-9968-5b4c0b9d73df | ITER: 70 START
2018-08-15 19:02:13.152 17040 INFO rally.task.runner [-] Task e56f955c-63f1-4c67-9968-5b4c0b9d73df | ITER: 63 END: OK
2018-08-15 19:02:13.154 17040 INFO rally.task.runner [-] Task e56f955c-63f1-4c67-9968-5b4c0b9d73df | ITER: 71 START
2018-08-15 19:02:13.169 17025 INFO rally.task.runner [-] Task e56f955c-63f1-4c67-9968-5b4c0b9d73df | ITER: 61 END: OK
2018-08-15 19:02:13.172 17025 INFO rally.task.runner [-] Task e56f955c-63f1-4c67-9968-5b4c0b9d73df | ITER: 72 START
2018-08-15 19:02:13.198 17042 INFO rally.task.runner [-] Task e56f955c-63f1-4c67-9968-5b4c0b9d73df | ITER: 67 END: OK
2018-08-15 19:02:13.200 17042 INFO rally.task.runner [-] Task e56f955c-63f1-4c67-9968-5b4c0b9d73df | ITER: 73 START
2018-08-15 19:02:13.217 17028 INFO rally.task.runner [-] Task e56f955c-63f1-4c67-9968-5b4c0b9d73df | ITER: 66 END: OK
2018-08-15 19:02:13.218 17028 INFO rally.task.runner [-] Task e56f955c-63f1-4c67-9968-5b4c0b9d73df | ITER: 74 START
2018-08-15 19:02:13.250 17033 INFO rally.task.runner [-] Task e56f955c-63f1-4c67-9968-5b4c0b9d73df | ITER: 64 END: OK
2018-08-15 19:02:13.253 17033 INFO rally.task.runner [-] Task e56f955c-63f1-4c67-9968-5b4c0b9d73df | ITER: 75 START
2018-08-15 19:02:13.258 17046 INFO rally.task.runner [-] Task e56f955c-63f1-4c67-9968-5b4c0b9d73df | ITER: 65 END: OK
2018-08-15 19:02:13.260 17046 INFO rally.task.runner [-] Task e56f955c-63f1-4c67-9968-5b4c0b9d73df | ITER: 76 START
2018-08-15 19:02:13.264 17027 INFO rally.task.runner [-] Task e56f955c-63f1-4c67-9968-5b4c0b9d73df | ITER: 62 END: OK
2018-08-15 19:02:13.267 17027 INFO rally.task.runner [-] Task e56f955c-63f1-4c67-9968-5b4c0b9d73df | ITER: 77 START
2018-08-15 19:02:13.360 17035 INFO rally.task.runner [-] Task e56f955c-63f1-4c67-9968-5b4c0b9d73df | ITER: 68 END: OK
2018-08-15 19:02:13.363 17035 INFO rally.task.runner [-] Task e56f955c-63f1-4c67-9968-5b4c0b9d73df | ITER: 78 START
2018-08-15 19:02:13.384 17030 INFO rally.task.runner [-] Task e56f955c-63f1-4c67-9968-5b4c0b9d73df | ITER: 69 END: OK
2018-08-15 19:02:13.387 17030 INFO rally.task.runner [-] Task e56f955c-63f1-4c67-9968-5b4c0b9d73df | ITER: 79 START
2018-08-15 19:02:13.392 17026 INFO rally.task.runner [-] Task e56f955c-63f1-4c67-9968-5b4c0b9d73df | ITER: 70 END: OK
2018-08-15 19:02:13.394 17026 INFO rally.task.runner [-] Task e56f955c-63f1-4c67-9968-5b4c0b9d73df | ITER: 80 START
2018-08-15 19:02:14.387 17025 INFO rally.task.runner [-] Task e56f955c-63f1-4c67-9968-5b4c0b9d73df | ITER: 72 END: OK
2018-08-15 19:02:14.390 17025 INFO rally.task.runner [-] Task e56f955c-63f1-4c67-9968-5b4c0b9d73df | ITER: 81 START
2018-08-15 19:02:14.446 17028 INFO rally.task.runner [-] Task e56f955c-63f1-4c67-9968-5b4c0b9d73df | ITER: 74 END: OK
2018-08-15 19:02:14.448 17028 INFO rally.task.runner [-] Task e56f955c-63f1-4c67-9968-5b4c0b9d73df | ITER: 82 START
2018-08-15 19:02:14.455 17042 INFO rally.task.runner [-] Task e56f955c-63f1-4c67-9968-5b4c0b9d73df | ITER: 73 END: OK
2018-08-15 19:02:14.457 17042 INFO rally.task.runner [-] Task e56f955c-63f1-4c67-9968-5b4c0b9d73df | ITER: 83 START
2018-08-15 19:02:14.461 17040 INFO rally.task.runner [-] Task e56f955c-63f1-4c67-9968-5b4c0b9d73df | ITER: 71 END: OK
2018-08-15 19:02:14.464 17040 INFO rally.task.runner [-] Task e56f955c-63f1-4c67-9968-5b4c0b9d73df | ITER: 84 START
2018-08-15 19:02:14.479 17027 INFO rally.task.runner [-] Task e56f955c-63f1-4c67-9968-5b4c0b9d73df | ITER: 77 END: OK
2018-08-15 19:02:14.481 17033 INFO rally.task.runner [-] Task e56f955c-63f1-4c67-9968-5b4c0b9d73df | ITER: 75 END: OK
2018-08-15 19:02:14.482 17027 INFO rally.task.runner [-] Task e56f955c-63f1-4c67-9968-5b4c0b9d73df | ITER: 85 START
2018-08-15 19:02:14.484 17033 INFO rally.task.runner [-] Task e56f955c-63f1-4c67-9968-5b4c0b9d73df | ITER: 86 START
2018-08-15 19:02:14.552 17046 INFO rally.task.runner [-] Task e56f955c-63f1-4c67-9968-5b4c0b9d73df | ITER: 76 END: OK
2018-08-15 19:02:14.555 17046 INFO rally.task.runner [-] Task e56f955c-63f1-4c67-9968-5b4c0b9d73df | ITER: 87 START
2018-08-15 19:02:14.573 17030 INFO rally.task.runner [-] Task e56f955c-63f1-4c67-9968-5b4c0b9d73df | ITER: 79 END: OK
2018-08-15 19:02:14.576 17030 INFO rally.task.runner [-] Task e56f955c-63f1-4c67-9968-5b4c0b9d73df | ITER: 88 START
2018-08-15 19:02:14.580 17035 INFO rally.task.runner [-] Task e56f955c-63f1-4c67-9968-5b4c0b9d73df | ITER: 78 END: OK
2018-08-15 19:02:14.583 17035 INFO rally.task.runner [-] Task e56f955c-63f1-4c67-9968-5b4c0b9d73df | ITER: 89 START
2018-08-15 19:02:14.601 17026 INFO rally.task.runner [-] Task e56f955c-63f1-4c67-9968-5b4c0b9d73df | ITER: 80 END: OK
2018-08-15 19:02:14.604 17026 INFO rally.task.runner [-] Task e56f955c-63f1-4c67-9968-5b4c0b9d73df | ITER: 90 START
2018-08-15 19:02:15.657 17025 INFO rally.task.runner [-] Task e56f955c-63f1-4c67-9968-5b4c0b9d73df | ITER: 81 END: OK
2018-08-15 19:02:15.660 17025 INFO rally.task.runner [-] Task e56f955c-63f1-4c67-9968-5b4c0b9d73df | ITER: 91 START
2018-08-15 19:02:15.693 17033 INFO rally.task.runner [-] Task e56f955c-63f1-4c67-9968-5b4c0b9d73df | ITER: 86 END: OK
2018-08-15 19:02:15.696 17033 INFO rally.task.runner [-] Task e56f955c-63f1-4c67-9968-5b4c0b9d73df | ITER: 92 START
2018-08-15 19:02:15.723 17027 INFO rally.task.runner [-] Task e56f955c-63f1-4c67-9968-5b4c0b9d73df | ITER: 85 END: OK
2018-08-15 19:02:15.726 17027 INFO rally.task.runner [-] Task e56f955c-63f1-4c67-9968-5b4c0b9d73df | ITER: 93 START
2018-08-15 19:02:15.740 17042 INFO rally.task.runner [-] Task e56f955c-63f1-4c67-9968-5b4c0b9d73df | ITER: 83 END: OK
2018-08-15 19:02:15.742 17042 INFO rally.task.runner [-] Task e56f955c-63f1-4c67-9968-5b4c0b9d73df | ITER: 94 START
2018-08-15 19:02:15.745 17040 INFO rally.task.runner [-] Task e56f955c-63f1-4c67-9968-5b4c0b9d73df | ITER: 84 END: OK
2018-08-15 19:02:15.745 17028 INFO rally.task.runner [-] Task e56f955c-63f1-4c67-9968-5b4c0b9d73df | ITER: 82 END: OK
2018-08-15 19:02:15.748 17028 INFO rally.task.runner [-] Task e56f955c-63f1-4c67-9968-5b4c0b9d73df | ITER: 95 START
2018-08-15 19:02:15.748 17040 INFO rally.task.runner [-] Task e56f955c-63f1-4c67-9968-5b4c0b9d73df | ITER: 96 START
2018-08-15 19:02:15.757 17030 INFO rally.task.runner [-] Task e56f955c-63f1-4c67-9968-5b4c0b9d73df | ITER: 88 END: OK
2018-08-15 19:02:15.759 17030 INFO rally.task.runner [-] Task e56f955c-63f1-4c67-9968-5b4c0b9d73df | ITER: 97 START
2018-08-15 19:02:15.768 17035 INFO rally.task.runner [-] Task e56f955c-63f1-4c67-9968-5b4c0b9d73df | ITER: 89 END: OK
2018-08-15 19:02:15.770 17035 INFO rally.task.runner [-] Task e56f955c-63f1-4c67-9968-5b4c0b9d73df | ITER: 98 START
2018-08-15 19:02:15.804 17046 INFO rally.task.runner [-] Task e56f955c-63f1-4c67-9968-5b4c0b9d73df | ITER: 87 END: OK
2018-08-15 19:02:15.807 17046 INFO rally.task.runner [-] Task e56f955c-63f1-4c67-9968-5b4c0b9d73df | ITER: 99 START
2018-08-15 19:02:15.815 17026 INFO rally.task.runner [-] Task e56f955c-63f1-4c67-9968-5b4c0b9d73df | ITER: 90 END: OK
2018-08-15 19:02:15.818 17026 INFO rally.task.runner [-] Task e56f955c-63f1-4c67-9968-5b4c0b9d73df | ITER: 100 START
2018-08-15 19:02:16.942 17040 INFO rally.task.runner [-] Task e56f955c-63f1-4c67-9968-5b4c0b9d73df | ITER: 96 END: OK
2018-08-15 19:02:16.947 17027 INFO rally.task.runner [-] Task e56f955c-63f1-4c67-9968-5b4c0b9d73df | ITER: 93 END: OK
2018-08-15 19:02:16.954 17030 INFO rally.task.runner [-] Task e56f955c-63f1-4c67-9968-5b4c0b9d73df | ITER: 97 END: OK
2018-08-15 19:02:16.969 17033 INFO rally.task.runner [-] Task e56f955c-63f1-4c67-9968-5b4c0b9d73df | ITER: 92 END: OK
2018-08-15 19:02:16.985 17035 INFO rally.task.runner [-] Task e56f955c-63f1-4c67-9968-5b4c0b9d73df | ITER: 98 END: OK
2018-08-15 19:02:17.023 17025 INFO rally.task.runner [-] Task e56f955c-63f1-4c67-9968-5b4c0b9d73df | ITER: 91 END: OK
2018-08-15 19:02:17.043 17046 INFO rally.task.runner [-] Task e56f955c-63f1-4c67-9968-5b4c0b9d73df | ITER: 99 END: OK
2018-08-15 19:02:17.052 17042 INFO rally.task.runner [-] Task e56f955c-63f1-4c67-9968-5b4c0b9d73df | ITER: 94 END: OK
2018-08-15 19:02:17.056 17026 INFO rally.task.runner [-] Task e56f955c-63f1-4c67-9968-5b4c0b9d73df | ITER: 100 END: OK
2018-08-15 19:02:17.114 17028 INFO rally.task.runner [-] Task e56f955c-63f1-4c67-9968-5b4c0b9d73df | ITER: 95 END: OK
2018-08-15 19:02:17.135 16897 INFO rally.task.context [-] Task e56f955c-63f1-4c67-9968-5b4c0b9d73df | Context admin_cleanup@openstack cleanup() started
2018-08-15 19:02:20.906 16897 INFO rally.task.context [-] Task e56f955c-63f1-4c67-9968-5b4c0b9d73df | Context admin_cleanup@openstack cleanup() finished in 3.77 sec
2018-08-15 19:02:20.906 16897 INFO rally.task.context [-] Task e56f955c-63f1-4c67-9968-5b4c0b9d73df | Context users@openstack cleanup() started
2018-08-15 19:02:24.461 16897 INFO rally.task.context [-] Task e56f955c-63f1-4c67-9968-5b4c0b9d73df | Context users@openstack cleanup() finished in 3.55 sec
2018-08-15 19:02:25.345 16897 INFO rally.task.engine [-] Load duration is: 11.849259
2018-08-15 19:02:25.345 16897 INFO rally.task.engine [-] Full runner duration is: 12.815164
2018-08-15 19:02:25.346 16897 INFO rally.task.engine [-] Full duration is: 23.266344
2018-08-15 19:02:25.479 16897 INFO rally.task.engine [-] Task e56f955c-63f1-4c67-9968-5b4c0b9d73df | Completed: Running task.

--------------------------------------------------------------------------------
Task e56f955c-63f1-4c67-9968-5b4c0b9d73df: finished
--------------------------------------------------------------------------------

test scenario KeystoneBasic.create_and_delete_service
args position 0
args values:
{
  "runner": {
    "times": 100, 
    "concurrency": 10
  }, 
  "contexts": {}, 
  "args": {
    "service_type": "Rally_test_type", 
    "description": "test_description"
  }, 
  "sla": {
    "failure_rate": {
      "max": 0
    }
  }, 
  "hooks": []
}

--------------------------------------------------------------------------------
Task e56f955c-63f1-4c67-9968-5b4c0b9d73df has 0 error(s)
--------------------------------------------------------------------------------

+-------------------------------------------------------------------------------------------------------------------------------+
|                                                     Response Times (sec)                                                      |
+----------------------------+-----------+--------------+--------------+--------------+-----------+-----------+---------+-------+
| Action                     | Min (sec) | Median (sec) | 90%ile (sec) | 95%ile (sec) | Max (sec) | Avg (sec) | Success | Count |
+----------------------------+-----------+--------------+--------------+--------------+-----------+-----------+---------+-------+
| keystone_v3.create_service | 0.38      | 0.405        | 0.478        | 0.488        | 0.547     | 0.421     | 100.0%  | 100   |
| keystone_v3.delete_service | 0.037     | 0.043        | 0.053        | 0.063        | 0.121     | 0.047     | 100.0%  | 100   |
| total                      | 0.42      | 0.448        | 0.527        | 0.549        | 0.639     | 0.468     | 100.0%  | 100   |
|  -> duration               | 0.42      | 0.448        | 0.527        | 0.549        | 0.639     | 0.468     | 100.0%  | 100   |
|  -> idle_duration          | 0.0       | 0.0          | 0.0          | 0.0          | 0.0       | 0.0       | 100.0%  | 100   |
+----------------------------+-----------+--------------+--------------+--------------+-----------+-----------+---------+-------+

Load duration: 11.849259
Full duration: 23.266344

HINTS:
* To plot HTML graphics with this data, run:
	rally task report e56f955c-63f1-4c67-9968-5b4c0b9d73df --out output.html

* To generate a JUnit report, run:
	rally task export e56f955c-63f1-4c67-9968-5b4c0b9d73df --type junit --to output.xml

* To get raw JSON output of task results, run:
	rally task report e56f955c-63f1-4c67-9968-5b4c0b9d73df --json --out output.json

--------------------------------------------------------------------------------
Preparing input task
--------------------------------------------------------------------------------

Task is:
{
    "KeystoneBasic.create_tenant_with_users": [
        {
            "args": {
                "users_per_tenant": 10
            },
            "runner": {
                "type": "constant",
                "times": 10,
                "concurrency": 10
            },
            "sla": {
                "failure_rate": {
                    "max": 0
                }
            }
        }
    ]
}

Task syntax is correct :)
Running Rally version 0.10.1~dev119
--------------------------------------------------------------------------------
Task  a26e2bbb-286a-4ebd-bc8e-3635179dc522: started
--------------------------------------------------------------------------------

Running Task... This can take a while...

To track task status use:

	rally task status
	or
	rally task detailed

Using task: a26e2bbb-286a-4ebd-bc8e-3635179dc522
2018-08-15 19:02:27.281 17278 INFO rally.task.engine [-] Task a26e2bbb-286a-4ebd-bc8e-3635179dc522 | Starting:  Task validation.
2018-08-15 19:02:27.293 17278 INFO rally.task.engine [-] Task a26e2bbb-286a-4ebd-bc8e-3635179dc522 | Starting:  Task validation of syntax.
2018-08-15 19:02:27.306 17278 INFO rally.task.engine [-] Task a26e2bbb-286a-4ebd-bc8e-3635179dc522 | Completed: Task validation of syntax.
2018-08-15 19:02:27.306 17278 INFO rally.task.engine [-] Task a26e2bbb-286a-4ebd-bc8e-3635179dc522 | Starting:  Task validation of required platforms.
2018-08-15 19:02:27.312 17278 INFO rally.task.engine [-] Task a26e2bbb-286a-4ebd-bc8e-3635179dc522 | Completed: Task validation of required platforms.
2018-08-15 19:02:27.312 17278 INFO rally.task.engine [-] Task a26e2bbb-286a-4ebd-bc8e-3635179dc522 | Starting:  Task validation of semantic.
2018-08-15 19:02:30.686 17278 INFO rally.task.context [-] Task a26e2bbb-286a-4ebd-bc8e-3635179dc522 | Context users@openstack setup()  finished in 2.62 sec
2018-08-15 19:02:30.697 17278 INFO rally.task.context [-] Task a26e2bbb-286a-4ebd-bc8e-3635179dc522 | Context users@openstack cleanup() started
2018-08-15 19:02:34.471 17278 INFO rally.task.context [-] Task a26e2bbb-286a-4ebd-bc8e-3635179dc522 | Context users@openstack cleanup() finished in 3.77 sec
2018-08-15 19:02:34.472 17278 INFO rally.task.engine [-] Task a26e2bbb-286a-4ebd-bc8e-3635179dc522 | Completed: Task validation of semantic.
2018-08-15 19:02:34.472 17278 INFO rally.task.engine [-] Task a26e2bbb-286a-4ebd-bc8e-3635179dc522 | Completed: Task validation.
2018-08-15 19:02:34.472 17278 INFO rally.api [-] Task a26e2bbb-286a-4ebd-bc8e-3635179dc522 input file is valid.
2018-08-15 19:02:34.473 17278 INFO rally.api [-] Run Task a26e2bbb-286a-4ebd-bc8e-3635179dc522 against Deployment b4bb4828-a5c6-40c5-a936-034590fa9108
2018-08-15 19:02:34.473 17278 INFO rally.task.engine [-] Task a26e2bbb-286a-4ebd-bc8e-3635179dc522 | Starting:  Running task.
2018-08-15 19:02:34.538 17278 INFO rally.task.engine [-] Running workload: 
  position = 0
  config = {
   "version": 2, 
   "title": "A cropped version of a bigger task.", 
   "description": "Auto-generated task from a single workload (uuid=e8a60a3f-6d09-4451-851e-a2c1d4203391)", 
   "subtasks": [
      {
         "title": "KeystoneBasic.create_tenant_with_users", 
         "description": "Create a keystone tenant and several users belonging to it.", 
         "scenario": {
            "KeystoneBasic.create_tenant_with_users": {
               "users_per_tenant": 10
            }
         }, 
         "contexts": {}, 
         "runner": {
            "constant": {
               "times": 10, 
               "concurrency": 10
            }
         }, 
         "hooks": [], 
         "sla": {
            "failure_rate": {
               "max": 0
            }
         }
      }
   ]
}
2018-08-15 19:02:37.262 17278 INFO rally.task.context [-] Task a26e2bbb-286a-4ebd-bc8e-3635179dc522 | Context users@openstack setup()  finished in 2.68 sec
2018-08-15 19:02:37.263 17278 INFO rally.task.context [-] Task a26e2bbb-286a-4ebd-bc8e-3635179dc522 | Context admin_cleanup@openstack setup()  finished in 0.05 msec
2018-08-15 19:02:37.298 17407 INFO rally.task.runner [-] Task a26e2bbb-286a-4ebd-bc8e-3635179dc522 | ITER: 1 START
2018-08-15 19:02:37.301 17408 INFO rally.task.runner [-] Task a26e2bbb-286a-4ebd-bc8e-3635179dc522 | ITER: 2 START
2018-08-15 19:02:37.306 17409 INFO rally.task.runner [-] Task a26e2bbb-286a-4ebd-bc8e-3635179dc522 | ITER: 3 START
2018-08-15 19:02:37.309 17410 INFO rally.task.runner [-] Task a26e2bbb-286a-4ebd-bc8e-3635179dc522 | ITER: 4 START
2018-08-15 19:02:37.313 17413 INFO rally.task.runner [-] Task a26e2bbb-286a-4ebd-bc8e-3635179dc522 | ITER: 5 START
2018-08-15 19:02:37.316 17416 INFO rally.task.runner [-] Task a26e2bbb-286a-4ebd-bc8e-3635179dc522 | ITER: 6 START
2018-08-15 19:02:37.325 17422 INFO rally.task.runner [-] Task a26e2bbb-286a-4ebd-bc8e-3635179dc522 | ITER: 8 START
2018-08-15 19:02:37.325 17419 INFO rally.task.runner [-] Task a26e2bbb-286a-4ebd-bc8e-3635179dc522 | ITER: 7 START
2018-08-15 19:02:37.326 17425 INFO rally.task.runner [-] Task a26e2bbb-286a-4ebd-bc8e-3635179dc522 | ITER: 9 START
2018-08-15 19:02:37.329 17429 INFO rally.task.runner [-] Task a26e2bbb-286a-4ebd-bc8e-3635179dc522 | ITER: 10 START
2018-08-15 19:02:40.367 17410 INFO rally.task.runner [-] Task a26e2bbb-286a-4ebd-bc8e-3635179dc522 | ITER: 4 END: OK
2018-08-15 19:02:40.379 17419 INFO rally.task.runner [-] Task a26e2bbb-286a-4ebd-bc8e-3635179dc522 | ITER: 7 END: OK
2018-08-15 19:02:40.396 17413 INFO rally.task.runner [-] Task a26e2bbb-286a-4ebd-bc8e-3635179dc522 | ITER: 5 END: OK
2018-08-15 19:02:40.403 17408 INFO rally.task.runner [-] Task a26e2bbb-286a-4ebd-bc8e-3635179dc522 | ITER: 2 END: OK
2018-08-15 19:02:40.406 17429 INFO rally.task.runner [-] Task a26e2bbb-286a-4ebd-bc8e-3635179dc522 | ITER: 10 END: OK
2018-08-15 19:02:40.437 17422 INFO rally.task.runner [-] Task a26e2bbb-286a-4ebd-bc8e-3635179dc522 | ITER: 8 END: OK
2018-08-15 19:02:40.442 17416 INFO rally.task.runner [-] Task a26e2bbb-286a-4ebd-bc8e-3635179dc522 | ITER: 6 END: OK
2018-08-15 19:02:40.468 17407 INFO rally.task.runner [-] Task a26e2bbb-286a-4ebd-bc8e-3635179dc522 | ITER: 1 END: OK
2018-08-15 19:02:40.474 17425 INFO rally.task.runner [-] Task a26e2bbb-286a-4ebd-bc8e-3635179dc522 | ITER: 9 END: OK
2018-08-15 19:02:40.497 17409 INFO rally.task.runner [-] Task a26e2bbb-286a-4ebd-bc8e-3635179dc522 | ITER: 3 END: OK
2018-08-15 19:02:40.520 17278 INFO rally.task.context [-] Task a26e2bbb-286a-4ebd-bc8e-3635179dc522 | Context admin_cleanup@openstack cleanup() started
2018-08-15 19:02:59.590 17278 INFO rally.task.context [-] Task a26e2bbb-286a-4ebd-bc8e-3635179dc522 | Context admin_cleanup@openstack cleanup() finished in 19.07 sec
2018-08-15 19:02:59.590 17278 INFO rally.task.context [-] Task a26e2bbb-286a-4ebd-bc8e-3635179dc522 | Context users@openstack cleanup() started
2018-08-15 19:03:03.571 17278 INFO rally.task.context [-] Task a26e2bbb-286a-4ebd-bc8e-3635179dc522 | Context users@openstack cleanup() finished in 3.98 sec
2018-08-15 19:03:04.759 17278 INFO rally.task.engine [-] Load duration is: 2.267406
2018-08-15 19:03:04.759 17278 INFO rally.task.engine [-] Full runner duration is: 3.250004
2018-08-15 19:03:04.760 17278 INFO rally.task.engine [-] Full duration is: 29.017289
2018-08-15 19:03:04.857 17278 INFO rally.task.engine [-] Task a26e2bbb-286a-4ebd-bc8e-3635179dc522 | Completed: Running task.

--------------------------------------------------------------------------------
Task a26e2bbb-286a-4ebd-bc8e-3635179dc522: finished
--------------------------------------------------------------------------------

test scenario KeystoneBasic.create_tenant_with_users
args position 0
args values:
{
  "runner": {
    "times": 10, 
    "concurrency": 10
  }, 
  "contexts": {}, 
  "args": {
    "users_per_tenant": 10
  }, 
  "sla": {
    "failure_rate": {
      "max": 0
    }
  }, 
  "hooks": []
}

--------------------------------------------------------------------------------
Task a26e2bbb-286a-4ebd-bc8e-3635179dc522 has 0 error(s)
--------------------------------------------------------------------------------

+--------------------------------------------------------------------------------------------------------------------------------------+
|                                                         Response Times (sec)                                                         |
+-----------------------------------+-----------+--------------+--------------+--------------+-----------+-----------+---------+-------+
| Action                            | Min (sec) | Median (sec) | 90%ile (sec) | 95%ile (sec) | Max (sec) | Avg (sec) | Success | Count |
+-----------------------------------+-----------+--------------+--------------+--------------+-----------+-----------+---------+-------+
| keystone_v3.create_project        | 0.453     | 0.457        | 0.502        | 0.502        | 0.503     | 0.467     | 100.0%  | 10    |
| keystone_v3.create_users          | 1.478     | 1.511        | 1.582        | 1.585        | 1.588     | 1.52      | 100.0%  | 10    |
|  -> keystone_v3.create_user (x10) | 1.477     | 1.51         | 1.582        | 1.585        | 1.588     | 1.519     | 100.0%  | 10    |
|  --> keystone_v3.list_roles (x10) | 0.214     | 0.219        | 0.228        | 0.229        | 0.23      | 0.22      | 100.0%  | 10    |
|  --> keystone_v3.add_role (x10)   | 0.492     | 0.506        | 0.53         | 0.568        | 0.606     | 0.515     | 100.0%  | 10    |
| total                             | 2.133     | 2.162        | 2.23         | 2.235        | 2.24      | 2.176     | 100.0%  | 10    |
|  -> duration                      | 2.133     | 2.162        | 2.23         | 2.235        | 2.24      | 2.176     | 100.0%  | 10    |
|  -> idle_duration                 | 0.0       | 0.0          | 0.0          | 0.0          | 0.0       | 0.0       | 100.0%  | 10    |
+-----------------------------------+-----------+--------------+--------------+--------------+-----------+-----------+---------+-------+

Load duration: 2.267406
Full duration: 29.017289

HINTS:
* To plot HTML graphics with this data, run:
	rally task report a26e2bbb-286a-4ebd-bc8e-3635179dc522 --out output.html

* To generate a JUnit report, run:
	rally task export a26e2bbb-286a-4ebd-bc8e-3635179dc522 --type junit --to output.xml

* To get raw JSON output of task results, run:
	rally task report a26e2bbb-286a-4ebd-bc8e-3635179dc522 --json --out output.json

--------------------------------------------------------------------------------
Preparing input task
--------------------------------------------------------------------------------

Task is:
{
    "KeystoneBasic.create_and_list_services": [
    {
            "args": {
                "service_type": "Rally_test_type",
                "description": "test_description"
            },
            "runner": {
                "type": "constant",
                "times": 100,
                "concurrency": 10
            },
            "sla": {
                "failure_rate": {
                    "max": 0
                }
            }
        }
    ]
}

Task syntax is correct :)
Running Rally version 0.10.1~dev119
--------------------------------------------------------------------------------
Task  84a9cd41-96d3-495d-9fc3-fef1421ef7a3: started
--------------------------------------------------------------------------------

Running Task... This can take a while...

To track task status use:

	rally task status
	or
	rally task detailed

Using task: 84a9cd41-96d3-495d-9fc3-fef1421ef7a3
2018-08-15 19:03:06.640 17572 INFO rally.task.engine [-] Task 84a9cd41-96d3-495d-9fc3-fef1421ef7a3 | Starting:  Task validation.
2018-08-15 19:03:06.652 17572 INFO rally.task.engine [-] Task 84a9cd41-96d3-495d-9fc3-fef1421ef7a3 | Starting:  Task validation of syntax.
2018-08-15 19:03:06.665 17572 INFO rally.task.engine [-] Task 84a9cd41-96d3-495d-9fc3-fef1421ef7a3 | Completed: Task validation of syntax.
2018-08-15 19:03:06.665 17572 INFO rally.task.engine [-] Task 84a9cd41-96d3-495d-9fc3-fef1421ef7a3 | Starting:  Task validation of required platforms.
2018-08-15 19:03:06.671 17572 INFO rally.task.engine [-] Task 84a9cd41-96d3-495d-9fc3-fef1421ef7a3 | Completed: Task validation of required platforms.
2018-08-15 19:03:06.671 17572 INFO rally.task.engine [-] Task 84a9cd41-96d3-495d-9fc3-fef1421ef7a3 | Starting:  Task validation of semantic.
2018-08-15 19:03:10.452 17572 INFO rally.task.context [-] Task 84a9cd41-96d3-495d-9fc3-fef1421ef7a3 | Context users@openstack setup()  finished in 3.08 sec
2018-08-15 19:03:10.462 17572 INFO rally.task.context [-] Task 84a9cd41-96d3-495d-9fc3-fef1421ef7a3 | Context users@openstack cleanup() started
2018-08-15 19:03:14.349 17572 INFO rally.task.context [-] Task 84a9cd41-96d3-495d-9fc3-fef1421ef7a3 | Context users@openstack cleanup() finished in 3.89 sec
2018-08-15 19:03:14.349 17572 INFO rally.task.engine [-] Task 84a9cd41-96d3-495d-9fc3-fef1421ef7a3 | Completed: Task validation of semantic.
2018-08-15 19:03:14.350 17572 INFO rally.task.engine [-] Task 84a9cd41-96d3-495d-9fc3-fef1421ef7a3 | Completed: Task validation.
2018-08-15 19:03:14.350 17572 INFO rally.api [-] Task 84a9cd41-96d3-495d-9fc3-fef1421ef7a3 input file is valid.
2018-08-15 19:03:14.351 17572 INFO rally.api [-] Run Task 84a9cd41-96d3-495d-9fc3-fef1421ef7a3 against Deployment b4bb4828-a5c6-40c5-a936-034590fa9108
2018-08-15 19:03:14.351 17572 INFO rally.task.engine [-] Task 84a9cd41-96d3-495d-9fc3-fef1421ef7a3 | Starting:  Running task.
2018-08-15 19:03:14.428 17572 INFO rally.task.engine [-] Running workload: 
  position = 0
  config = {
   "version": 2, 
   "title": "A cropped version of a bigger task.", 
   "description": "Auto-generated task from a single workload (uuid=50186ba4-afb9-4497-8b2c-f5ae39bedf54)", 
   "subtasks": [
      {
         "title": "KeystoneBasic.create_and_list_services", 
         "description": "Create and list services.", 
         "scenario": {
            "KeystoneBasic.create_and_list_services": {
               "service_type": "Rally_test_type", 
               "description": "test_description"
            }
         }, 
         "contexts": {}, 
         "runner": {
            "constant": {
               "times": 100, 
               "concurrency": 10
            }
         }, 
         "hooks": [], 
         "sla": {
            "failure_rate": {
               "max": 0
            }
         }
      }
   ]
}
2018-08-15 19:03:17.314 17572 INFO rally.task.context [-] Task 84a9cd41-96d3-495d-9fc3-fef1421ef7a3 | Context users@openstack setup()  finished in 2.85 sec
2018-08-15 19:03:17.315 17572 INFO rally.task.context [-] Task 84a9cd41-96d3-495d-9fc3-fef1421ef7a3 | Context admin_cleanup@openstack setup()  finished in 0.05 msec
2018-08-15 19:03:17.349 17700 INFO rally.task.runner [-] Task 84a9cd41-96d3-495d-9fc3-fef1421ef7a3 | ITER: 1 START
2018-08-15 19:03:17.355 17701 INFO rally.task.runner [-] Task 84a9cd41-96d3-495d-9fc3-fef1421ef7a3 | ITER: 2 START
2018-08-15 19:03:17.359 17702 INFO rally.task.runner [-] Task 84a9cd41-96d3-495d-9fc3-fef1421ef7a3 | ITER: 3 START
2018-08-15 19:03:17.367 17705 INFO rally.task.runner [-] Task 84a9cd41-96d3-495d-9fc3-fef1421ef7a3 | ITER: 4 START
2018-08-15 19:03:17.373 17709 INFO rally.task.runner [-] Task 84a9cd41-96d3-495d-9fc3-fef1421ef7a3 | ITER: 5 START
2018-08-15 19:03:17.381 17711 INFO rally.task.runner [-] Task 84a9cd41-96d3-495d-9fc3-fef1421ef7a3 | ITER: 6 START
2018-08-15 19:03:17.386 17714 INFO rally.task.runner [-] Task 84a9cd41-96d3-495d-9fc3-fef1421ef7a3 | ITER: 7 START
2018-08-15 19:03:17.391 17717 INFO rally.task.runner [-] Task 84a9cd41-96d3-495d-9fc3-fef1421ef7a3 | ITER: 8 START
2018-08-15 19:03:17.395 17720 INFO rally.task.runner [-] Task 84a9cd41-96d3-495d-9fc3-fef1421ef7a3 | ITER: 9 START
2018-08-15 19:03:17.399 17723 INFO rally.task.runner [-] Task 84a9cd41-96d3-495d-9fc3-fef1421ef7a3 | ITER: 10 START
2018-08-15 19:03:18.724 17700 INFO rally.task.runner [-] Task 84a9cd41-96d3-495d-9fc3-fef1421ef7a3 | ITER: 1 END: OK
2018-08-15 19:03:18.727 17700 INFO rally.task.runner [-] Task 84a9cd41-96d3-495d-9fc3-fef1421ef7a3 | ITER: 11 START
2018-08-15 19:03:18.728 17714 INFO rally.task.runner [-] Task 84a9cd41-96d3-495d-9fc3-fef1421ef7a3 | ITER: 7 END: OK
2018-08-15 19:03:18.731 17714 INFO rally.task.runner [-] Task 84a9cd41-96d3-495d-9fc3-fef1421ef7a3 | ITER: 12 START
2018-08-15 19:03:18.757 17711 INFO rally.task.runner [-] Task 84a9cd41-96d3-495d-9fc3-fef1421ef7a3 | ITER: 6 END: OK
2018-08-15 19:03:18.760 17711 INFO rally.task.runner [-] Task 84a9cd41-96d3-495d-9fc3-fef1421ef7a3 | ITER: 13 START
2018-08-15 19:03:18.775 17717 INFO rally.task.runner [-] Task 84a9cd41-96d3-495d-9fc3-fef1421ef7a3 | ITER: 8 END: OK
2018-08-15 19:03:18.778 17717 INFO rally.task.runner [-] Task 84a9cd41-96d3-495d-9fc3-fef1421ef7a3 | ITER: 14 START
2018-08-15 19:03:18.789 17702 INFO rally.task.runner [-] Task 84a9cd41-96d3-495d-9fc3-fef1421ef7a3 | ITER: 3 END: OK
2018-08-15 19:03:18.791 17702 INFO rally.task.runner [-] Task 84a9cd41-96d3-495d-9fc3-fef1421ef7a3 | ITER: 15 START
2018-08-15 19:03:18.794 17701 INFO rally.task.runner [-] Task 84a9cd41-96d3-495d-9fc3-fef1421ef7a3 | ITER: 2 END: OK
2018-08-15 19:03:18.797 17701 INFO rally.task.runner [-] Task 84a9cd41-96d3-495d-9fc3-fef1421ef7a3 | ITER: 16 START
2018-08-15 19:03:18.809 17723 INFO rally.task.runner [-] Task 84a9cd41-96d3-495d-9fc3-fef1421ef7a3 | ITER: 10 END: OK
2018-08-15 19:03:18.812 17723 INFO rally.task.runner [-] Task 84a9cd41-96d3-495d-9fc3-fef1421ef7a3 | ITER: 17 START
2018-08-15 19:03:18.842 17705 INFO rally.task.runner [-] Task 84a9cd41-96d3-495d-9fc3-fef1421ef7a3 | ITER: 4 END: OK
2018-08-15 19:03:18.845 17705 INFO rally.task.runner [-] Task 84a9cd41-96d3-495d-9fc3-fef1421ef7a3 | ITER: 18 START
2018-08-15 19:03:18.855 17709 INFO rally.task.runner [-] Task 84a9cd41-96d3-495d-9fc3-fef1421ef7a3 | ITER: 5 END: OK
2018-08-15 19:03:18.857 17709 INFO rally.task.runner [-] Task 84a9cd41-96d3-495d-9fc3-fef1421ef7a3 | ITER: 19 START
2018-08-15 19:03:18.868 17720 INFO rally.task.runner [-] Task 84a9cd41-96d3-495d-9fc3-fef1421ef7a3 | ITER: 9 END: OK
2018-08-15 19:03:18.871 17720 INFO rally.task.runner [-] Task 84a9cd41-96d3-495d-9fc3-fef1421ef7a3 | ITER: 20 START
2018-08-15 19:03:19.970 17701 INFO rally.task.runner [-] Task 84a9cd41-96d3-495d-9fc3-fef1421ef7a3 | ITER: 16 END: OK
2018-08-15 19:03:19.973 17701 INFO rally.task.runner [-] Task 84a9cd41-96d3-495d-9fc3-fef1421ef7a3 | ITER: 21 START
2018-08-15 19:03:19.976 17700 INFO rally.task.runner [-] Task 84a9cd41-96d3-495d-9fc3-fef1421ef7a3 | ITER: 11 END: OK
2018-08-15 19:03:19.979 17700 INFO rally.task.runner [-] Task 84a9cd41-96d3-495d-9fc3-fef1421ef7a3 | ITER: 22 START
2018-08-15 19:03:19.996 17709 INFO rally.task.runner [-] Task 84a9cd41-96d3-495d-9fc3-fef1421ef7a3 | ITER: 19 END: OK
2018-08-15 19:03:19.999 17709 INFO rally.task.runner [-] Task 84a9cd41-96d3-495d-9fc3-fef1421ef7a3 | ITER: 23 START
2018-08-15 19:03:20.001 17717 INFO rally.task.runner [-] Task 84a9cd41-96d3-495d-9fc3-fef1421ef7a3 | ITER: 14 END: OK
2018-08-15 19:03:20.003 17717 INFO rally.task.runner [-] Task 84a9cd41-96d3-495d-9fc3-fef1421ef7a3 | ITER: 24 START
2018-08-15 19:03:20.008 17711 INFO rally.task.runner [-] Task 84a9cd41-96d3-495d-9fc3-fef1421ef7a3 | ITER: 13 END: OK
2018-08-15 19:03:20.009 17705 INFO rally.task.runner [-] Task 84a9cd41-96d3-495d-9fc3-fef1421ef7a3 | ITER: 18 END: OK
2018-08-15 19:03:20.010 17720 INFO rally.task.runner [-] Task 84a9cd41-96d3-495d-9fc3-fef1421ef7a3 | ITER: 20 END: OK
2018-08-15 19:03:20.010 17711 INFO rally.task.runner [-] Task 84a9cd41-96d3-495d-9fc3-fef1421ef7a3 | ITER: 25 START
2018-08-15 19:03:20.011 17705 INFO rally.task.runner [-] Task 84a9cd41-96d3-495d-9fc3-fef1421ef7a3 | ITER: 26 START
2018-08-15 19:03:20.013 17720 INFO rally.task.runner [-] Task 84a9cd41-96d3-495d-9fc3-fef1421ef7a3 | ITER: 27 START
2018-08-15 19:03:20.055 17702 INFO rally.task.runner [-] Task 84a9cd41-96d3-495d-9fc3-fef1421ef7a3 | ITER: 15 END: OK
2018-08-15 19:03:20.057 17702 INFO rally.task.runner [-] Task 84a9cd41-96d3-495d-9fc3-fef1421ef7a3 | ITER: 28 START
2018-08-15 19:03:20.075 17714 INFO rally.task.runner [-] Task 84a9cd41-96d3-495d-9fc3-fef1421ef7a3 | ITER: 12 END: OK
2018-08-15 19:03:20.077 17714 INFO rally.task.runner [-] Task 84a9cd41-96d3-495d-9fc3-fef1421ef7a3 | ITER: 29 START
2018-08-15 19:03:20.110 17723 INFO rally.task.runner [-] Task 84a9cd41-96d3-495d-9fc3-fef1421ef7a3 | ITER: 17 END: OK
2018-08-15 19:03:20.113 17723 INFO rally.task.runner [-] Task 84a9cd41-96d3-495d-9fc3-fef1421ef7a3 | ITER: 30 START
2018-08-15 19:03:21.185 17705 INFO rally.task.runner [-] Task 84a9cd41-96d3-495d-9fc3-fef1421ef7a3 | ITER: 26 END: OK
2018-08-15 19:03:21.188 17705 INFO rally.task.runner [-] Task 84a9cd41-96d3-495d-9fc3-fef1421ef7a3 | ITER: 31 START
2018-08-15 19:03:21.196 17709 INFO rally.task.runner [-] Task 84a9cd41-96d3-495d-9fc3-fef1421ef7a3 | ITER: 23 END: OK
2018-08-15 19:03:21.199 17709 INFO rally.task.runner [-] Task 84a9cd41-96d3-495d-9fc3-fef1421ef7a3 | ITER: 32 START
2018-08-15 19:03:21.215 17701 INFO rally.task.runner [-] Task 84a9cd41-96d3-495d-9fc3-fef1421ef7a3 | ITER: 21 END: OK
2018-08-15 19:03:21.216 17701 INFO rally.task.runner [-] Task 84a9cd41-96d3-495d-9fc3-fef1421ef7a3 | ITER: 33 START
2018-08-15 19:03:21.243 17717 INFO rally.task.runner [-] Task 84a9cd41-96d3-495d-9fc3-fef1421ef7a3 | ITER: 24 END: OK
2018-08-15 19:03:21.245 17717 INFO rally.task.runner [-] Task 84a9cd41-96d3-495d-9fc3-fef1421ef7a3 | ITER: 34 START
2018-08-15 19:03:21.256 17702 INFO rally.task.runner [-] Task 84a9cd41-96d3-495d-9fc3-fef1421ef7a3 | ITER: 28 END: OK
2018-08-15 19:03:21.258 17702 INFO rally.task.runner [-] Task 84a9cd41-96d3-495d-9fc3-fef1421ef7a3 | ITER: 35 START
2018-08-15 19:03:21.276 17723 INFO rally.task.runner [-] Task 84a9cd41-96d3-495d-9fc3-fef1421ef7a3 | ITER: 30 END: OK
2018-08-15 19:03:21.278 17723 INFO rally.task.runner [-] Task 84a9cd41-96d3-495d-9fc3-fef1421ef7a3 | ITER: 36 START
2018-08-15 19:03:21.286 17700 INFO rally.task.runner [-] Task 84a9cd41-96d3-495d-9fc3-fef1421ef7a3 | ITER: 22 END: OK
2018-08-15 19:03:21.288 17700 INFO rally.task.runner [-] Task 84a9cd41-96d3-495d-9fc3-fef1421ef7a3 | ITER: 37 START
2018-08-15 19:03:21.314 17711 INFO rally.task.runner [-] Task 84a9cd41-96d3-495d-9fc3-fef1421ef7a3 | ITER: 25 END: OK
2018-08-15 19:03:21.316 17711 INFO rally.task.runner [-] Task 84a9cd41-96d3-495d-9fc3-fef1421ef7a3 | ITER: 38 START
2018-08-15 19:03:21.349 17720 INFO rally.task.runner [-] Task 84a9cd41-96d3-495d-9fc3-fef1421ef7a3 | ITER: 27 END: OK
2018-08-15 19:03:21.352 17720 INFO rally.task.runner [-] Task 84a9cd41-96d3-495d-9fc3-fef1421ef7a3 | ITER: 39 START
2018-08-15 19:03:21.354 17714 INFO rally.task.runner [-] Task 84a9cd41-96d3-495d-9fc3-fef1421ef7a3 | ITER: 29 END: OK
2018-08-15 19:03:21.356 17714 INFO rally.task.runner [-] Task 84a9cd41-96d3-495d-9fc3-fef1421ef7a3 | ITER: 40 START
2018-08-15 19:03:22.436 17700 INFO rally.task.runner [-] Task 84a9cd41-96d3-495d-9fc3-fef1421ef7a3 | ITER: 37 END: OK
2018-08-15 19:03:22.438 17701 INFO rally.task.runner [-] Task 84a9cd41-96d3-495d-9fc3-fef1421ef7a3 | ITER: 33 END: OK
2018-08-15 19:03:22.439 17700 INFO rally.task.runner [-] Task 84a9cd41-96d3-495d-9fc3-fef1421ef7a3 | ITER: 41 START
2018-08-15 19:03:22.441 17701 INFO rally.task.runner [-] Task 84a9cd41-96d3-495d-9fc3-fef1421ef7a3 | ITER: 42 START
2018-08-15 19:03:22.447 17705 INFO rally.task.runner [-] Task 84a9cd41-96d3-495d-9fc3-fef1421ef7a3 | ITER: 31 END: OK
2018-08-15 19:03:22.449 17705 INFO rally.task.runner [-] Task 84a9cd41-96d3-495d-9fc3-fef1421ef7a3 | ITER: 43 START
2018-08-15 19:03:22.478 17723 INFO rally.task.runner [-] Task 84a9cd41-96d3-495d-9fc3-fef1421ef7a3 | ITER: 36 END: OK
2018-08-15 19:03:22.481 17723 INFO rally.task.runner [-] Task 84a9cd41-96d3-495d-9fc3-fef1421ef7a3 | ITER: 44 START
2018-08-15 19:03:22.501 17709 INFO rally.task.runner [-] Task 84a9cd41-96d3-495d-9fc3-fef1421ef7a3 | ITER: 32 END: OK
2018-08-15 19:03:22.503 17709 INFO rally.task.runner [-] Task 84a9cd41-96d3-495d-9fc3-fef1421ef7a3 | ITER: 45 START
2018-08-15 19:03:22.504 17711 INFO rally.task.runner [-] Task 84a9cd41-96d3-495d-9fc3-fef1421ef7a3 | ITER: 38 END: OK
2018-08-15 19:03:22.506 17711 INFO rally.task.runner [-] Task 84a9cd41-96d3-495d-9fc3-fef1421ef7a3 | ITER: 46 START
2018-08-15 19:03:22.549 17714 INFO rally.task.runner [-] Task 84a9cd41-96d3-495d-9fc3-fef1421ef7a3 | ITER: 40 END: OK
2018-08-15 19:03:22.552 17714 INFO rally.task.runner [-] Task 84a9cd41-96d3-495d-9fc3-fef1421ef7a3 | ITER: 47 START
2018-08-15 19:03:22.552 17720 INFO rally.task.runner [-] Task 84a9cd41-96d3-495d-9fc3-fef1421ef7a3 | ITER: 39 END: OK
2018-08-15 19:03:22.555 17720 INFO rally.task.runner [-] Task 84a9cd41-96d3-495d-9fc3-fef1421ef7a3 | ITER: 48 START
2018-08-15 19:03:22.568 17702 INFO rally.task.runner [-] Task 84a9cd41-96d3-495d-9fc3-fef1421ef7a3 | ITER: 35 END: OK
2018-08-15 19:03:22.571 17702 INFO rally.task.runner [-] Task 84a9cd41-96d3-495d-9fc3-fef1421ef7a3 | ITER: 49 START
2018-08-15 19:03:22.684 17717 INFO rally.task.runner [-] Task 84a9cd41-96d3-495d-9fc3-fef1421ef7a3 | ITER: 34 END: OK
2018-08-15 19:03:22.687 17717 INFO rally.task.runner [-] Task 84a9cd41-96d3-495d-9fc3-fef1421ef7a3 | ITER: 50 START
2018-08-15 19:03:23.697 17700 INFO rally.task.runner [-] Task 84a9cd41-96d3-495d-9fc3-fef1421ef7a3 | ITER: 41 END: OK
2018-08-15 19:03:23.700 17700 INFO rally.task.runner [-] Task 84a9cd41-96d3-495d-9fc3-fef1421ef7a3 | ITER: 51 START
2018-08-15 19:03:23.703 17709 INFO rally.task.runner [-] Task 84a9cd41-96d3-495d-9fc3-fef1421ef7a3 | ITER: 45 END: OK
2018-08-15 19:03:23.703 17701 INFO rally.task.runner [-] Task 84a9cd41-96d3-495d-9fc3-fef1421ef7a3 | ITER: 42 END: OK
2018-08-15 19:03:23.706 17709 INFO rally.task.runner [-] Task 84a9cd41-96d3-495d-9fc3-fef1421ef7a3 | ITER: 52 START
2018-08-15 19:03:23.706 17701 INFO rally.task.runner [-] Task 84a9cd41-96d3-495d-9fc3-fef1421ef7a3 | ITER: 53 START
2018-08-15 19:03:23.726 17723 INFO rally.task.runner [-] Task 84a9cd41-96d3-495d-9fc3-fef1421ef7a3 | ITER: 44 END: OK
2018-08-15 19:03:23.729 17723 INFO rally.task.runner [-] Task 84a9cd41-96d3-495d-9fc3-fef1421ef7a3 | ITER: 54 START
2018-08-15 19:03:23.739 17702 INFO rally.task.runner [-] Task 84a9cd41-96d3-495d-9fc3-fef1421ef7a3 | ITER: 49 END: OK
2018-08-15 19:03:23.741 17702 INFO rally.task.runner [-] Task 84a9cd41-96d3-495d-9fc3-fef1421ef7a3 | ITER: 55 START
2018-08-15 19:03:23.786 17711 INFO rally.task.runner [-] Task 84a9cd41-96d3-495d-9fc3-fef1421ef7a3 | ITER: 46 END: OK
2018-08-15 19:03:23.789 17711 INFO rally.task.runner [-] Task 84a9cd41-96d3-495d-9fc3-fef1421ef7a3 | ITER: 56 START
2018-08-15 19:03:23.792 17720 INFO rally.task.runner [-] Task 84a9cd41-96d3-495d-9fc3-fef1421ef7a3 | ITER: 48 END: OK
2018-08-15 19:03:23.794 17720 INFO rally.task.runner [-] Task 84a9cd41-96d3-495d-9fc3-fef1421ef7a3 | ITER: 57 START
2018-08-15 19:03:23.831 17705 INFO rally.task.runner [-] Task 84a9cd41-96d3-495d-9fc3-fef1421ef7a3 | ITER: 43 END: OK
2018-08-15 19:03:23.834 17705 INFO rally.task.runner [-] Task 84a9cd41-96d3-495d-9fc3-fef1421ef7a3 | ITER: 58 START
2018-08-15 19:03:23.865 17714 INFO rally.task.runner [-] Task 84a9cd41-96d3-495d-9fc3-fef1421ef7a3 | ITER: 47 END: OK
2018-08-15 19:03:23.868 17714 INFO rally.task.runner [-] Task 84a9cd41-96d3-495d-9fc3-fef1421ef7a3 | ITER: 59 START
2018-08-15 19:03:23.926 17717 INFO rally.task.runner [-] Task 84a9cd41-96d3-495d-9fc3-fef1421ef7a3 | ITER: 50 END: OK
2018-08-15 19:03:23.929 17717 INFO rally.task.runner [-] Task 84a9cd41-96d3-495d-9fc3-fef1421ef7a3 | ITER: 60 START
2018-08-15 19:03:24.960 17709 INFO rally.task.runner [-] Task 84a9cd41-96d3-495d-9fc3-fef1421ef7a3 | ITER: 52 END: OK
2018-08-15 19:03:24.963 17709 INFO rally.task.runner [-] Task 84a9cd41-96d3-495d-9fc3-fef1421ef7a3 | ITER: 61 START
2018-08-15 19:03:24.972 17720 INFO rally.task.runner [-] Task 84a9cd41-96d3-495d-9fc3-fef1421ef7a3 | ITER: 57 END: OK
2018-08-15 19:03:24.975 17711 INFO rally.task.runner [-] Task 84a9cd41-96d3-495d-9fc3-fef1421ef7a3 | ITER: 56 END: OK
2018-08-15 19:03:24.975 17720 INFO rally.task.runner [-] Task 84a9cd41-96d3-495d-9fc3-fef1421ef7a3 | ITER: 62 START
2018-08-15 19:03:24.978 17711 INFO rally.task.runner [-] Task 84a9cd41-96d3-495d-9fc3-fef1421ef7a3 | ITER: 63 START
2018-08-15 19:03:24.999 17702 INFO rally.task.runner [-] Task 84a9cd41-96d3-495d-9fc3-fef1421ef7a3 | ITER: 55 END: OK
2018-08-15 19:03:25.001 17702 INFO rally.task.runner [-] Task 84a9cd41-96d3-495d-9fc3-fef1421ef7a3 | ITER: 64 START
2018-08-15 19:03:25.002 17705 INFO rally.task.runner [-] Task 84a9cd41-96d3-495d-9fc3-fef1421ef7a3 | ITER: 58 END: OK
2018-08-15 19:03:25.005 17705 INFO rally.task.runner [-] Task 84a9cd41-96d3-495d-9fc3-fef1421ef7a3 | ITER: 65 START
2018-08-15 19:03:25.014 17700 INFO rally.task.runner [-] Task 84a9cd41-96d3-495d-9fc3-fef1421ef7a3 | ITER: 51 END: OK
2018-08-15 19:03:25.017 17700 INFO rally.task.runner [-] Task 84a9cd41-96d3-495d-9fc3-fef1421ef7a3 | ITER: 66 START
