2018-08-15 19:03:25.038 17723 INFO rally.task.runner [-] Task 84a9cd41-96d3-495d-9fc3-fef1421ef7a3 | ITER: 54 END: OK
2018-08-15 19:03:25.041 17701 INFO rally.task.runner [-] Task 84a9cd41-96d3-495d-9fc3-fef1421ef7a3 | ITER: 53 END: OK
2018-08-15 19:03:25.041 17723 INFO rally.task.runner [-] Task 84a9cd41-96d3-495d-9fc3-fef1421ef7a3 | ITER: 67 START
2018-08-15 19:03:25.043 17701 INFO rally.task.runner [-] Task 84a9cd41-96d3-495d-9fc3-fef1421ef7a3 | ITER: 68 START
2018-08-15 19:03:25.119 17714 INFO rally.task.runner [-] Task 84a9cd41-96d3-495d-9fc3-fef1421ef7a3 | ITER: 59 END: OK
2018-08-15 19:03:25.122 17714 INFO rally.task.runner [-] Task 84a9cd41-96d3-495d-9fc3-fef1421ef7a3 | ITER: 69 START
2018-08-15 19:03:25.174 17717 INFO rally.task.runner [-] Task 84a9cd41-96d3-495d-9fc3-fef1421ef7a3 | ITER: 60 END: OK
2018-08-15 19:03:25.177 17717 INFO rally.task.runner [-] Task 84a9cd41-96d3-495d-9fc3-fef1421ef7a3 | ITER: 70 START
2018-08-15 19:03:26.212 17700 INFO rally.task.runner [-] Task 84a9cd41-96d3-495d-9fc3-fef1421ef7a3 | ITER: 66 END: OK
2018-08-15 19:03:26.214 17700 INFO rally.task.runner [-] Task 84a9cd41-96d3-495d-9fc3-fef1421ef7a3 | ITER: 71 START
2018-08-15 19:03:26.218 17701 INFO rally.task.runner [-] Task 84a9cd41-96d3-495d-9fc3-fef1421ef7a3 | ITER: 68 END: OK
2018-08-15 19:03:26.220 17720 INFO rally.task.runner [-] Task 84a9cd41-96d3-495d-9fc3-fef1421ef7a3 | ITER: 62 END: OK
2018-08-15 19:03:26.220 17701 INFO rally.task.runner [-] Task 84a9cd41-96d3-495d-9fc3-fef1421ef7a3 | ITER: 72 START
2018-08-15 19:03:26.221 17723 INFO rally.task.runner [-] Task 84a9cd41-96d3-495d-9fc3-fef1421ef7a3 | ITER: 67 END: OK
2018-08-15 19:03:26.222 17720 INFO rally.task.runner [-] Task 84a9cd41-96d3-495d-9fc3-fef1421ef7a3 | ITER: 73 START
2018-08-15 19:03:26.223 17723 INFO rally.task.runner [-] Task 84a9cd41-96d3-495d-9fc3-fef1421ef7a3 | ITER: 74 START
2018-08-15 19:03:26.238 17711 INFO rally.task.runner [-] Task 84a9cd41-96d3-495d-9fc3-fef1421ef7a3 | ITER: 63 END: OK
2018-08-15 19:03:26.240 17711 INFO rally.task.runner [-] Task 84a9cd41-96d3-495d-9fc3-fef1421ef7a3 | ITER: 75 START
2018-08-15 19:03:26.250 17705 INFO rally.task.runner [-] Task 84a9cd41-96d3-495d-9fc3-fef1421ef7a3 | ITER: 65 END: OK
2018-08-15 19:03:26.253 17705 INFO rally.task.runner [-] Task 84a9cd41-96d3-495d-9fc3-fef1421ef7a3 | ITER: 76 START
2018-08-15 19:03:26.307 17709 INFO rally.task.runner [-] Task 84a9cd41-96d3-495d-9fc3-fef1421ef7a3 | ITER: 61 END: OK
2018-08-15 19:03:26.309 17709 INFO rally.task.runner [-] Task 84a9cd41-96d3-495d-9fc3-fef1421ef7a3 | ITER: 77 START
2018-08-15 19:03:26.309 17702 INFO rally.task.runner [-] Task 84a9cd41-96d3-495d-9fc3-fef1421ef7a3 | ITER: 64 END: OK
2018-08-15 19:03:26.312 17702 INFO rally.task.runner [-] Task 84a9cd41-96d3-495d-9fc3-fef1421ef7a3 | ITER: 78 START
2018-08-15 19:03:26.338 17714 INFO rally.task.runner [-] Task 84a9cd41-96d3-495d-9fc3-fef1421ef7a3 | ITER: 69 END: OK
2018-08-15 19:03:26.341 17714 INFO rally.task.runner [-] Task 84a9cd41-96d3-495d-9fc3-fef1421ef7a3 | ITER: 79 START
2018-08-15 19:03:26.403 17717 INFO rally.task.runner [-] Task 84a9cd41-96d3-495d-9fc3-fef1421ef7a3 | ITER: 70 END: OK
2018-08-15 19:03:26.405 17717 INFO rally.task.runner [-] Task 84a9cd41-96d3-495d-9fc3-fef1421ef7a3 | ITER: 80 START
2018-08-15 19:03:27.467 17700 INFO rally.task.runner [-] Task 84a9cd41-96d3-495d-9fc3-fef1421ef7a3 | ITER: 71 END: OK
2018-08-15 19:03:27.470 17700 INFO rally.task.runner [-] Task 84a9cd41-96d3-495d-9fc3-fef1421ef7a3 | ITER: 81 START
2018-08-15 19:03:27.479 17720 INFO rally.task.runner [-] Task 84a9cd41-96d3-495d-9fc3-fef1421ef7a3 | ITER: 73 END: OK
2018-08-15 19:03:27.482 17709 INFO rally.task.runner [-] Task 84a9cd41-96d3-495d-9fc3-fef1421ef7a3 | ITER: 77 END: OK
2018-08-15 19:03:27.482 17720 INFO rally.task.runner [-] Task 84a9cd41-96d3-495d-9fc3-fef1421ef7a3 | ITER: 82 START
2018-08-15 19:03:27.484 17709 INFO rally.task.runner [-] Task 84a9cd41-96d3-495d-9fc3-fef1421ef7a3 | ITER: 83 START
2018-08-15 19:03:27.484 17723 INFO rally.task.runner [-] Task 84a9cd41-96d3-495d-9fc3-fef1421ef7a3 | ITER: 74 END: OK
2018-08-15 19:03:27.487 17702 INFO rally.task.runner [-] Task 84a9cd41-96d3-495d-9fc3-fef1421ef7a3 | ITER: 78 END: OK
2018-08-15 19:03:27.487 17723 INFO rally.task.runner [-] Task 84a9cd41-96d3-495d-9fc3-fef1421ef7a3 | ITER: 84 START
2018-08-15 19:03:27.489 17702 INFO rally.task.runner [-] Task 84a9cd41-96d3-495d-9fc3-fef1421ef7a3 | ITER: 85 START
2018-08-15 19:03:27.517 17714 INFO rally.task.runner [-] Task 84a9cd41-96d3-495d-9fc3-fef1421ef7a3 | ITER: 79 END: OK
2018-08-15 19:03:27.520 17714 INFO rally.task.runner [-] Task 84a9cd41-96d3-495d-9fc3-fef1421ef7a3 | ITER: 86 START
2018-08-15 19:03:27.520 17705 INFO rally.task.runner [-] Task 84a9cd41-96d3-495d-9fc3-fef1421ef7a3 | ITER: 76 END: OK
2018-08-15 19:03:27.522 17705 INFO rally.task.runner [-] Task 84a9cd41-96d3-495d-9fc3-fef1421ef7a3 | ITER: 87 START
2018-08-15 19:03:27.563 17711 INFO rally.task.runner [-] Task 84a9cd41-96d3-495d-9fc3-fef1421ef7a3 | ITER: 75 END: OK
2018-08-15 19:03:27.566 17711 INFO rally.task.runner [-] Task 84a9cd41-96d3-495d-9fc3-fef1421ef7a3 | ITER: 88 START
2018-08-15 19:03:27.571 17701 INFO rally.task.runner [-] Task 84a9cd41-96d3-495d-9fc3-fef1421ef7a3 | ITER: 72 END: OK
2018-08-15 19:03:27.574 17701 INFO rally.task.runner [-] Task 84a9cd41-96d3-495d-9fc3-fef1421ef7a3 | ITER: 89 START
2018-08-15 19:03:27.615 17717 INFO rally.task.runner [-] Task 84a9cd41-96d3-495d-9fc3-fef1421ef7a3 | ITER: 80 END: OK
2018-08-15 19:03:27.618 17717 INFO rally.task.runner [-] Task 84a9cd41-96d3-495d-9fc3-fef1421ef7a3 | ITER: 90 START
2018-08-15 19:03:28.737 17705 INFO rally.task.runner [-] Task 84a9cd41-96d3-495d-9fc3-fef1421ef7a3 | ITER: 87 END: OK
2018-08-15 19:03:28.739 17700 INFO rally.task.runner [-] Task 84a9cd41-96d3-495d-9fc3-fef1421ef7a3 | ITER: 81 END: OK
2018-08-15 19:03:28.740 17709 INFO rally.task.runner [-] Task 84a9cd41-96d3-495d-9fc3-fef1421ef7a3 | ITER: 83 END: OK
2018-08-15 19:03:28.741 17705 INFO rally.task.runner [-] Task 84a9cd41-96d3-495d-9fc3-fef1421ef7a3 | ITER: 91 START
2018-08-15 19:03:28.741 17711 INFO rally.task.runner [-] Task 84a9cd41-96d3-495d-9fc3-fef1421ef7a3 | ITER: 88 END: OK
2018-08-15 19:03:28.742 17700 INFO rally.task.runner [-] Task 84a9cd41-96d3-495d-9fc3-fef1421ef7a3 | ITER: 92 START
2018-08-15 19:03:28.742 17709 INFO rally.task.runner [-] Task 84a9cd41-96d3-495d-9fc3-fef1421ef7a3 | ITER: 93 START
2018-08-15 19:03:28.743 17701 INFO rally.task.runner [-] Task 84a9cd41-96d3-495d-9fc3-fef1421ef7a3 | ITER: 89 END: OK
2018-08-15 19:03:28.743 17711 INFO rally.task.runner [-] Task 84a9cd41-96d3-495d-9fc3-fef1421ef7a3 | ITER: 94 START
2018-08-15 19:03:28.746 17701 INFO rally.task.runner [-] Task 84a9cd41-96d3-495d-9fc3-fef1421ef7a3 | ITER: 95 START
2018-08-15 19:03:28.771 17720 INFO rally.task.runner [-] Task 84a9cd41-96d3-495d-9fc3-fef1421ef7a3 | ITER: 82 END: OK
2018-08-15 19:03:28.773 17714 INFO rally.task.runner [-] Task 84a9cd41-96d3-495d-9fc3-fef1421ef7a3 | ITER: 86 END: OK
2018-08-15 19:03:28.774 17702 INFO rally.task.runner [-] Task 84a9cd41-96d3-495d-9fc3-fef1421ef7a3 | ITER: 85 END: OK
2018-08-15 19:03:28.775 17720 INFO rally.task.runner [-] Task 84a9cd41-96d3-495d-9fc3-fef1421ef7a3 | ITER: 96 START
2018-08-15 19:03:28.775 17714 INFO rally.task.runner [-] Task 84a9cd41-96d3-495d-9fc3-fef1421ef7a3 | ITER: 97 START
2018-08-15 19:03:28.776 17702 INFO rally.task.runner [-] Task 84a9cd41-96d3-495d-9fc3-fef1421ef7a3 | ITER: 98 START
2018-08-15 19:03:28.777 17723 INFO rally.task.runner [-] Task 84a9cd41-96d3-495d-9fc3-fef1421ef7a3 | ITER: 84 END: OK
2018-08-15 19:03:28.779 17723 INFO rally.task.runner [-] Task 84a9cd41-96d3-495d-9fc3-fef1421ef7a3 | ITER: 99 START
2018-08-15 19:03:28.820 17717 INFO rally.task.runner [-] Task 84a9cd41-96d3-495d-9fc3-fef1421ef7a3 | ITER: 90 END: OK
2018-08-15 19:03:28.823 17717 INFO rally.task.runner [-] Task 84a9cd41-96d3-495d-9fc3-fef1421ef7a3 | ITER: 100 START
2018-08-15 19:03:29.990 17720 INFO rally.task.runner [-] Task 84a9cd41-96d3-495d-9fc3-fef1421ef7a3 | ITER: 96 END: OK
2018-08-15 19:03:29.992 17711 INFO rally.task.runner [-] Task 84a9cd41-96d3-495d-9fc3-fef1421ef7a3 | ITER: 94 END: OK
2018-08-15 19:03:29.993 17702 INFO rally.task.runner [-] Task 84a9cd41-96d3-495d-9fc3-fef1421ef7a3 | ITER: 98 END: OK
2018-08-15 19:03:29.994 17723 INFO rally.task.runner [-] Task 84a9cd41-96d3-495d-9fc3-fef1421ef7a3 | ITER: 99 END: OK
2018-08-15 19:03:30.001 17709 INFO rally.task.runner [-] Task 84a9cd41-96d3-495d-9fc3-fef1421ef7a3 | ITER: 93 END: OK
2018-08-15 19:03:30.007 17714 INFO rally.task.runner [-] Task 84a9cd41-96d3-495d-9fc3-fef1421ef7a3 | ITER: 97 END: OK
2018-08-15 19:03:30.010 17701 INFO rally.task.runner [-] Task 84a9cd41-96d3-495d-9fc3-fef1421ef7a3 | ITER: 95 END: OK
2018-08-15 19:03:30.039 17717 INFO rally.task.runner [-] Task 84a9cd41-96d3-495d-9fc3-fef1421ef7a3 | ITER: 100 END: OK
2018-08-15 19:03:30.111 17700 INFO rally.task.runner [-] Task 84a9cd41-96d3-495d-9fc3-fef1421ef7a3 | ITER: 92 END: OK
2018-08-15 19:03:30.121 17705 INFO rally.task.runner [-] Task 84a9cd41-96d3-495d-9fc3-fef1421ef7a3 | ITER: 91 END: OK
2018-08-15 19:03:30.147 17572 INFO rally.task.context [-] Task 84a9cd41-96d3-495d-9fc3-fef1421ef7a3 | Context admin_cleanup@openstack cleanup() started
2018-08-15 19:03:46.260 17572 INFO rally.task.context [-] Task 84a9cd41-96d3-495d-9fc3-fef1421ef7a3 | Context admin_cleanup@openstack cleanup() finished in 16.11 sec
2018-08-15 19:03:46.260 17572 INFO rally.task.context [-] Task 84a9cd41-96d3-495d-9fc3-fef1421ef7a3 | Context users@openstack cleanup() started
2018-08-15 19:03:49.944 17572 INFO rally.task.context [-] Task 84a9cd41-96d3-495d-9fc3-fef1421ef7a3 | Context users@openstack cleanup() finished in 3.68 sec
2018-08-15 19:03:51.135 17572 INFO rally.task.engine [-] Load duration is: 11.831961
2018-08-15 19:03:51.136 17572 INFO rally.task.engine [-] Full runner duration is: 12.824646
2018-08-15 19:03:51.136 17572 INFO rally.task.engine [-] Full duration is: 35.501379
2018-08-15 19:03:51.252 17572 INFO rally.task.engine [-] Task 84a9cd41-96d3-495d-9fc3-fef1421ef7a3 | Completed: Running task.

--------------------------------------------------------------------------------
Task 84a9cd41-96d3-495d-9fc3-fef1421ef7a3: finished
--------------------------------------------------------------------------------

test scenario KeystoneBasic.create_and_list_services
args position 0
args values:
{
  "runner": {
    "times": 100, 
    "concurrency": 10
  }, 
  "contexts": {}, 
  "args": {
    "service_type": "Rally_test_type", 
    "description": "test_description"
  }, 
  "sla": {
    "failure_rate": {
      "max": 0
    }
  }, 
  "hooks": []
}

--------------------------------------------------------------------------------
Task 84a9cd41-96d3-495d-9fc3-fef1421ef7a3 has 0 error(s)
--------------------------------------------------------------------------------

+-------------------------------------------------------------------------------------------------------------------------------+
|                                                     Response Times (sec)                                                      |
+----------------------------+-----------+--------------+--------------+--------------+-----------+-----------+---------+-------+
| Action                     | Min (sec) | Median (sec) | 90%ile (sec) | 95%ile (sec) | Max (sec) | Avg (sec) | Success | Count |
+----------------------------+-----------+--------------+--------------+--------------+-----------+-----------+---------+-------+
| keystone_v3.create_service | 0.385     | 0.408        | 0.494        | 0.514        | 0.544     | 0.426     | 100.0%  | 100   |
| keystone_v3.list_services  | 0.021     | 0.031        | 0.041        | 0.051        | 0.123     | 0.034     | 100.0%  | 100   |
| total                      | 0.41      | 0.441        | 0.527        | 0.556        | 0.636     | 0.461     | 100.0%  | 100   |
|  -> duration               | 0.41      | 0.441        | 0.527        | 0.556        | 0.636     | 0.461     | 100.0%  | 100   |
|  -> idle_duration          | 0.0       | 0.0          | 0.0          | 0.0          | 0.0       | 0.0       | 100.0%  | 100   |
+----------------------------+-----------+--------------+--------------+--------------+-----------+-----------+---------+-------+

Load duration: 11.831961
Full duration: 35.501379

HINTS:
* To plot HTML graphics with this data, run:
	rally task report 84a9cd41-96d3-495d-9fc3-fef1421ef7a3 --out output.html

* To generate a JUnit report, run:
	rally task export 84a9cd41-96d3-495d-9fc3-fef1421ef7a3 --type junit --to output.xml

* To get raw JSON output of task results, run:
	rally task report 84a9cd41-96d3-495d-9fc3-fef1421ef7a3 --json --out output.json

--------------------------------------------------------------------------------
Preparing input task
--------------------------------------------------------------------------------

Task is:
{
    "KeystoneBasic.create_and_list_roles": [
        {
            "args": {
                "create_role_kwargs": {},
                "list_role_kwargs": {}
            },
            "runner": {
                "type": "constant",
                "times": 10,
                "concurrency": 2
            },
            "context": {
                "users": {
                    "tenants": 3,
                    "users_per_tenant": 2
                }
            },
            "sla": {
                "failure_rate": {
                    "max": 0
                }
            }
        }
    ]
}

Task syntax is correct :)
Running Rally version 0.10.1~dev119
--------------------------------------------------------------------------------
Task  58cf8741-a81d-4ee3-8a6b-70f484a73ade: started
--------------------------------------------------------------------------------

Running Task... This can take a while...

To track task status use:

	rally task status
	or
	rally task detailed

Using task: 58cf8741-a81d-4ee3-8a6b-70f484a73ade
2018-08-15 19:03:52.969 17951 INFO rally.task.engine [-] Task 58cf8741-a81d-4ee3-8a6b-70f484a73ade | Starting:  Task validation.
2018-08-15 19:03:52.975 17951 INFO rally.task.engine [-] Task 58cf8741-a81d-4ee3-8a6b-70f484a73ade | Starting:  Task validation of syntax.
2018-08-15 19:03:52.984 17951 INFO rally.task.engine [-] Task 58cf8741-a81d-4ee3-8a6b-70f484a73ade | Completed: Task validation of syntax.
2018-08-15 19:03:52.984 17951 INFO rally.task.engine [-] Task 58cf8741-a81d-4ee3-8a6b-70f484a73ade | Starting:  Task validation of required platforms.
2018-08-15 19:03:52.988 17951 INFO rally.task.engine [-] Task 58cf8741-a81d-4ee3-8a6b-70f484a73ade | Completed: Task validation of required platforms.
2018-08-15 19:03:52.989 17951 INFO rally.task.engine [-] Task 58cf8741-a81d-4ee3-8a6b-70f484a73ade | Starting:  Task validation of semantic.
2018-08-15 19:03:56.212 17951 INFO rally.task.context [-] Task 58cf8741-a81d-4ee3-8a6b-70f484a73ade | Context users@openstack setup()  finished in 2.44 sec
2018-08-15 19:03:56.223 17951 INFO rally.task.context [-] Task 58cf8741-a81d-4ee3-8a6b-70f484a73ade | Context users@openstack cleanup() started
2018-08-15 19:04:00.300 17951 INFO rally.task.context [-] Task 58cf8741-a81d-4ee3-8a6b-70f484a73ade | Context users@openstack cleanup() finished in 4.08 sec
2018-08-15 19:04:00.301 17951 INFO rally.task.engine [-] Task 58cf8741-a81d-4ee3-8a6b-70f484a73ade | Completed: Task validation of semantic.
2018-08-15 19:04:00.301 17951 INFO rally.task.engine [-] Task 58cf8741-a81d-4ee3-8a6b-70f484a73ade | Completed: Task validation.
2018-08-15 19:04:00.301 17951 INFO rally.api [-] Task 58cf8741-a81d-4ee3-8a6b-70f484a73ade input file is valid.
2018-08-15 19:04:00.302 17951 INFO rally.api [-] Run Task 58cf8741-a81d-4ee3-8a6b-70f484a73ade against Deployment b4bb4828-a5c6-40c5-a936-034590fa9108
2018-08-15 19:04:00.302 17951 INFO rally.task.engine [-] Task 58cf8741-a81d-4ee3-8a6b-70f484a73ade | Starting:  Running task.
2018-08-15 19:04:00.357 17951 INFO rally.task.engine [-] Running workload: 
  position = 0
  config = {
   "version": 2, 
   "title": "A cropped version of a bigger task.", 
   "description": "Auto-generated task from a single workload (uuid=5c038edb-8297-48ce-aad4-6ce68abf6d05)", 
   "subtasks": [
      {
         "title": "KeystoneBasic.create_and_list_roles", 
         "description": "Create a role, then list all roles.", 
         "scenario": {
            "KeystoneBasic.create_and_list_roles": {
               "create_role_kwargs": {}, 
               "list_role_kwargs": {}
            }
         }, 
         "contexts": {
            "users": {
               "tenants": 3, 
               "users_per_tenant": 2
            }
         }, 
         "runner": {
            "constant": {
               "times": 10, 
               "concurrency": 2
            }
         }, 
         "hooks": [], 
         "sla": {
            "failure_rate": {
               "max": 0
            }
         }
      }
   ]
}
2018-08-15 19:04:03.135 17951 INFO rally.task.context [-] Task 58cf8741-a81d-4ee3-8a6b-70f484a73ade | Context users@openstack setup()  finished in 2.75 sec
2018-08-15 19:04:03.136 17951 INFO rally.task.context [-] Task 58cf8741-a81d-4ee3-8a6b-70f484a73ade | Context admin_cleanup@openstack setup()  finished in 0.01 msec
2018-08-15 19:04:03.168 18079 INFO rally.task.runner [-] Task 58cf8741-a81d-4ee3-8a6b-70f484a73ade | ITER: 1 START
2018-08-15 19:04:03.173 18080 INFO rally.task.runner [-] Task 58cf8741-a81d-4ee3-8a6b-70f484a73ade | ITER: 2 START
2018-08-15 19:04:04.637 18080 INFO rally.task.runner [-] Task 58cf8741-a81d-4ee3-8a6b-70f484a73ade | ITER: 2 END: OK
2018-08-15 19:04:04.642 18080 INFO rally.task.runner [-] Task 58cf8741-a81d-4ee3-8a6b-70f484a73ade | ITER: 3 START
2018-08-15 19:04:04.742 18079 INFO rally.task.runner [-] Task 58cf8741-a81d-4ee3-8a6b-70f484a73ade | ITER: 1 END: OK
2018-08-15 19:04:04.746 18079 INFO rally.task.runner [-] Task 58cf8741-a81d-4ee3-8a6b-70f484a73ade | ITER: 4 START
2018-08-15 19:04:06.045 18080 INFO rally.task.runner [-] Task 58cf8741-a81d-4ee3-8a6b-70f484a73ade | ITER: 3 END: OK
2018-08-15 19:04:06.049 18080 INFO rally.task.runner [-] Task 58cf8741-a81d-4ee3-8a6b-70f484a73ade | ITER: 5 START
2018-08-15 19:04:06.107 18079 INFO rally.task.runner [-] Task 58cf8741-a81d-4ee3-8a6b-70f484a73ade | ITER: 4 END: OK
2018-08-15 19:04:06.111 18079 INFO rally.task.runner [-] Task 58cf8741-a81d-4ee3-8a6b-70f484a73ade | ITER: 6 START
2018-08-15 19:04:07.433 18080 INFO rally.task.runner [-] Task 58cf8741-a81d-4ee3-8a6b-70f484a73ade | ITER: 5 END: OK
2018-08-15 19:04:07.437 18080 INFO rally.task.runner [-] Task 58cf8741-a81d-4ee3-8a6b-70f484a73ade | ITER: 7 START
2018-08-15 19:04:07.489 18079 INFO rally.task.runner [-] Task 58cf8741-a81d-4ee3-8a6b-70f484a73ade | ITER: 6 END: OK
2018-08-15 19:04:07.493 18079 INFO rally.task.runner [-] Task 58cf8741-a81d-4ee3-8a6b-70f484a73ade | ITER: 8 START
2018-08-15 19:04:08.883 18080 INFO rally.task.runner [-] Task 58cf8741-a81d-4ee3-8a6b-70f484a73ade | ITER: 7 END: OK
2018-08-15 19:04:08.887 18080 INFO rally.task.runner [-] Task 58cf8741-a81d-4ee3-8a6b-70f484a73ade | ITER: 9 START
2018-08-15 19:04:08.980 18079 INFO rally.task.runner [-] Task 58cf8741-a81d-4ee3-8a6b-70f484a73ade | ITER: 8 END: OK
2018-08-15 19:04:08.985 18079 INFO rally.task.runner [-] Task 58cf8741-a81d-4ee3-8a6b-70f484a73ade | ITER: 10 START
2018-08-15 19:04:10.349 18080 INFO rally.task.runner [-] Task 58cf8741-a81d-4ee3-8a6b-70f484a73ade | ITER: 9 END: OK
2018-08-15 19:04:10.368 18079 INFO rally.task.runner [-] Task 58cf8741-a81d-4ee3-8a6b-70f484a73ade | ITER: 10 END: OK
2018-08-15 19:04:10.392 17951 INFO rally.task.context [-] Task 58cf8741-a81d-4ee3-8a6b-70f484a73ade | Context admin_cleanup@openstack cleanup() started
2018-08-15 19:04:16.514 17951 INFO rally.task.context [-] Task 58cf8741-a81d-4ee3-8a6b-70f484a73ade | Context admin_cleanup@openstack cleanup() finished in 6.12 sec
2018-08-15 19:04:16.515 17951 INFO rally.task.context [-] Task 58cf8741-a81d-4ee3-8a6b-70f484a73ade | Context users@openstack cleanup() started
2018-08-15 19:04:22.775 17951 INFO rally.task.context [-] Task 58cf8741-a81d-4ee3-8a6b-70f484a73ade | Context users@openstack cleanup() finished in 6.26 sec
2018-08-15 19:04:24.540 17951 INFO rally.task.engine [-] Load duration is: 6.25032
2018-08-15 19:04:24.540 17951 INFO rally.task.engine [-] Full runner duration is: 7.248995
2018-08-15 19:04:24.540 17951 INFO rally.task.engine [-] Full duration is: 22.411425
2018-08-15 19:04:24.613 17951 INFO rally.task.engine [-] Task 58cf8741-a81d-4ee3-8a6b-70f484a73ade | Completed: Running task.

--------------------------------------------------------------------------------
Task 58cf8741-a81d-4ee3-8a6b-70f484a73ade: finished
--------------------------------------------------------------------------------

test scenario KeystoneBasic.create_and_list_roles
args position 0
args values:
{
  "runner": {
    "times": 10, 
    "concurrency": 2
  }, 
  "contexts": {
    "users": {
      "tenants": 3, 
      "users_per_tenant": 2
    }
  }, 
  "args": {
    "create_role_kwargs": {}, 
    "list_role_kwargs": {}
  }, 
  "sla": {
    "failure_rate": {
      "max": 0
    }
  }, 
  "hooks": []
}

--------------------------------------------------------------------------------
Task 58cf8741-a81d-4ee3-8a6b-70f484a73ade has 0 error(s)
--------------------------------------------------------------------------------

+----------------------------------------------------------------------------------------------------------------------------+
|                                                    Response Times (sec)                                                    |
+-------------------------+-----------+--------------+--------------+--------------+-----------+-----------+---------+-------+
| Action                  | Min (sec) | Median (sec) | 90%ile (sec) | 95%ile (sec) | Max (sec) | Avg (sec) | Success | Count |
+-------------------------+-----------+--------------+--------------+--------------+-----------+-----------+---------+-------+
| keystone_v3.create_role | 0.406     | 0.48         | 0.522        | 0.525        | 0.527     | 0.482     | 100.0%  | 10    |
| keystone_v3.list_roles  | 0.026     | 0.035        | 0.041        | 0.043        | 0.044     | 0.034     | 100.0%  | 10    |
| total                   | 0.434     | 0.519        | 0.556        | 0.561        | 0.566     | 0.516     | 100.0%  | 10    |
|  -> duration            | 0.434     | 0.519        | 0.556        | 0.561        | 0.566     | 0.516     | 100.0%  | 10    |
|  -> idle_duration       | 0.0       | 0.0          | 0.0          | 0.0          | 0.0       | 0.0       | 100.0%  | 10    |
+-------------------------+-----------+--------------+--------------+--------------+-----------+-----------+---------+-------+

Load duration: 6.25032
Full duration: 22.411425

HINTS:
* To plot HTML graphics with this data, run:
	rally task report 58cf8741-a81d-4ee3-8a6b-70f484a73ade --out output.html

* To generate a JUnit report, run:
	rally task export 58cf8741-a81d-4ee3-8a6b-70f484a73ade --type junit --to output.xml

* To get raw JSON output of task results, run:
	rally task report 58cf8741-a81d-4ee3-8a6b-70f484a73ade --json --out output.json

--------------------------------------------------------------------------------
Preparing input task
--------------------------------------------------------------------------------

Task is:
{
    "KeystoneBasic.create_tenant": [
        {
            "args": {},
            "runner": {
                "type": "constant",
                "times": 100,
                "concurrency": 10
            },
            "sla": {
                "failure_rate": {
                    "max": 0
                }
            }
        }
    ]
}

Task syntax is correct :)
Running Rally version 0.10.1~dev119
--------------------------------------------------------------------------------
Task  f7790698-01da-4029-b768-a86f2c7664be: started
--------------------------------------------------------------------------------

Running Task... This can take a while...

To track task status use:

	rally task status
	or
	rally task detailed

Using task: f7790698-01da-4029-b768-a86f2c7664be
2018-08-15 19:04:26.401 18216 INFO rally.task.engine [-] Task f7790698-01da-4029-b768-a86f2c7664be | Starting:  Task validation.
2018-08-15 19:04:26.412 18216 INFO rally.task.engine [-] Task f7790698-01da-4029-b768-a86f2c7664be | Starting:  Task validation of syntax.
2018-08-15 19:04:26.424 18216 INFO rally.task.engine [-] Task f7790698-01da-4029-b768-a86f2c7664be | Completed: Task validation of syntax.
2018-08-15 19:04:26.424 18216 INFO rally.task.engine [-] Task f7790698-01da-4029-b768-a86f2c7664be | Starting:  Task validation of required platforms.
2018-08-15 19:04:26.431 18216 INFO rally.task.engine [-] Task f7790698-01da-4029-b768-a86f2c7664be | Completed: Task validation of required platforms.
2018-08-15 19:04:26.431 18216 INFO rally.task.engine [-] Task f7790698-01da-4029-b768-a86f2c7664be | Starting:  Task validation of semantic.
2018-08-15 19:04:29.886 18216 INFO rally.task.context [-] Task f7790698-01da-4029-b768-a86f2c7664be | Context users@openstack setup()  finished in 2.67 sec
2018-08-15 19:04:29.897 18216 INFO rally.task.context [-] Task f7790698-01da-4029-b768-a86f2c7664be | Context users@openstack cleanup() started
2018-08-15 19:04:33.604 18216 INFO rally.task.context [-] Task f7790698-01da-4029-b768-a86f2c7664be | Context users@openstack cleanup() finished in 3.71 sec
2018-08-15 19:04:33.604 18216 INFO rally.task.engine [-] Task f7790698-01da-4029-b768-a86f2c7664be | Completed: Task validation of semantic.
2018-08-15 19:04:33.605 18216 INFO rally.task.engine [-] Task f7790698-01da-4029-b768-a86f2c7664be | Completed: Task validation.
2018-08-15 19:04:33.605 18216 INFO rally.api [-] Task f7790698-01da-4029-b768-a86f2c7664be input file is valid.
2018-08-15 19:04:33.605 18216 INFO rally.api [-] Run Task f7790698-01da-4029-b768-a86f2c7664be against Deployment b4bb4828-a5c6-40c5-a936-034590fa9108
2018-08-15 19:04:33.606 18216 INFO rally.task.engine [-] Task f7790698-01da-4029-b768-a86f2c7664be | Starting:  Running task.
2018-08-15 19:04:33.689 18216 INFO rally.task.engine [-] Running workload: 
  position = 0
  config = {
   "version": 2, 
   "title": "A cropped version of a bigger task.", 
   "description": "Auto-generated task from a single workload (uuid=09c0fe05-4631-44bf-9203-5dcff2ccc433)", 
   "subtasks": [
      {
         "title": "KeystoneBasic.create_tenant", 
         "description": "Create a keystone tenant with random name.", 
         "scenario": {
            "KeystoneBasic.create_tenant": {}
         }, 
         "contexts": {}, 
         "runner": {
            "constant": {
               "times": 100, 
               "concurrency": 10
            }
         }, 
         "hooks": [], 
         "sla": {
            "failure_rate": {
               "max": 0
            }
         }
      }
   ]
}
2018-08-15 19:04:36.614 18216 INFO rally.task.context [-] Task f7790698-01da-4029-b768-a86f2c7664be | Context users@openstack setup()  finished in 2.88 sec
2018-08-15 19:04:36.614 18216 INFO rally.task.context [-] Task f7790698-01da-4029-b768-a86f2c7664be | Context admin_cleanup@openstack setup()  finished in 0.04 msec
2018-08-15 19:04:36.646 18344 INFO rally.task.runner [-] Task f7790698-01da-4029-b768-a86f2c7664be | ITER: 1 START
2018-08-15 19:04:36.652 18345 INFO rally.task.runner [-] Task f7790698-01da-4029-b768-a86f2c7664be | ITER: 2 START
2018-08-15 19:04:36.662 18346 INFO rally.task.runner [-] Task f7790698-01da-4029-b768-a86f2c7664be | ITER: 3 START
2018-08-15 19:04:36.662 18349 INFO rally.task.runner [-] Task f7790698-01da-4029-b768-a86f2c7664be | ITER: 4 START
2018-08-15 19:04:36.667 18352 INFO rally.task.runner [-] Task f7790698-01da-4029-b768-a86f2c7664be | ITER: 5 START
2018-08-15 19:04:36.671 18354 INFO rally.task.runner [-] Task f7790698-01da-4029-b768-a86f2c7664be | ITER: 6 START
2018-08-15 19:04:36.675 18358 INFO rally.task.runner [-] Task f7790698-01da-4029-b768-a86f2c7664be | ITER: 7 START
2018-08-15 19:04:36.680 18361 INFO rally.task.runner [-] Task f7790698-01da-4029-b768-a86f2c7664be | ITER: 8 START
2018-08-15 19:04:36.684 18364 INFO rally.task.runner [-] Task f7790698-01da-4029-b768-a86f2c7664be | ITER: 9 START
2018-08-15 19:04:36.688 18367 INFO rally.task.runner [-] Task f7790698-01da-4029-b768-a86f2c7664be | ITER: 10 START
2018-08-15 19:04:38.040 18349 INFO rally.task.runner [-] Task f7790698-01da-4029-b768-a86f2c7664be | ITER: 4 END: OK
2018-08-15 19:04:38.041 18364 INFO rally.task.runner [-] Task f7790698-01da-4029-b768-a86f2c7664be | ITER: 9 END: OK
2018-08-15 19:04:38.043 18349 INFO rally.task.runner [-] Task f7790698-01da-4029-b768-a86f2c7664be | ITER: 11 START
2018-08-15 19:04:38.044 18367 INFO rally.task.runner [-] Task f7790698-01da-4029-b768-a86f2c7664be | ITER: 10 END: OK
2018-08-15 19:04:38.044 18364 INFO rally.task.runner [-] Task f7790698-01da-4029-b768-a86f2c7664be | ITER: 12 START
2018-08-15 19:04:38.044 18352 INFO rally.task.runner [-] Task f7790698-01da-4029-b768-a86f2c7664be | ITER: 5 END: OK
2018-08-15 19:04:38.047 18367 INFO rally.task.runner [-] Task f7790698-01da-4029-b768-a86f2c7664be | ITER: 13 START
2018-08-15 19:04:38.047 18352 INFO rally.task.runner [-] Task f7790698-01da-4029-b768-a86f2c7664be | ITER: 14 START
2018-08-15 19:04:38.057 18361 INFO rally.task.runner [-] Task f7790698-01da-4029-b768-a86f2c7664be | ITER: 8 END: OK
2018-08-15 19:04:38.057 18345 INFO rally.task.runner [-] Task f7790698-01da-4029-b768-a86f2c7664be | ITER: 2 END: OK
2018-08-15 19:04:38.058 18354 INFO rally.task.runner [-] Task f7790698-01da-4029-b768-a86f2c7664be | ITER: 6 END: OK
2018-08-15 19:04:38.059 18361 INFO rally.task.runner [-] Task f7790698-01da-4029-b768-a86f2c7664be | ITER: 15 START
2018-08-15 19:04:38.060 18345 INFO rally.task.runner [-] Task f7790698-01da-4029-b768-a86f2c7664be | ITER: 16 START
2018-08-15 19:04:38.062 18354 INFO rally.task.runner [-] Task f7790698-01da-4029-b768-a86f2c7664be | ITER: 17 START
2018-08-15 19:04:38.080 18358 INFO rally.task.runner [-] Task f7790698-01da-4029-b768-a86f2c7664be | ITER: 7 END: OK
2018-08-15 19:04:38.083 18358 INFO rally.task.runner [-] Task f7790698-01da-4029-b768-a86f2c7664be | ITER: 18 START
2018-08-15 19:04:38.095 18346 INFO rally.task.runner [-] Task f7790698-01da-4029-b768-a86f2c7664be | ITER: 3 END: OK
2018-08-15 19:04:38.097 18346 INFO rally.task.runner [-] Task f7790698-01da-4029-b768-a86f2c7664be | ITER: 19 START
2018-08-15 19:04:38.121 18344 INFO rally.task.runner [-] Task f7790698-01da-4029-b768-a86f2c7664be | ITER: 1 END: OK
2018-08-15 19:04:38.124 18344 INFO rally.task.runner [-] Task f7790698-01da-4029-b768-a86f2c7664be | ITER: 20 START
2018-08-15 19:04:39.283 18354 INFO rally.task.runner [-] Task f7790698-01da-4029-b768-a86f2c7664be | ITER: 17 END: OK
2018-08-15 19:04:39.283 18346 INFO rally.task.runner [-] Task f7790698-01da-4029-b768-a86f2c7664be | ITER: 19 END: OK
2018-08-15 19:04:39.286 18354 INFO rally.task.runner [-] Task f7790698-01da-4029-b768-a86f2c7664be | ITER: 21 START
2018-08-15 19:04:39.286 18346 INFO rally.task.runner [-] Task f7790698-01da-4029-b768-a86f2c7664be | ITER: 22 START
2018-08-15 19:04:39.294 18352 INFO rally.task.runner [-] Task f7790698-01da-4029-b768-a86f2c7664be | ITER: 14 END: OK
2018-08-15 19:04:39.297 18352 INFO rally.task.runner [-] Task f7790698-01da-4029-b768-a86f2c7664be | ITER: 23 START
2018-08-15 19:04:39.307 18349 INFO rally.task.runner [-] Task f7790698-01da-4029-b768-a86f2c7664be | ITER: 11 END: OK
2018-08-15 19:04:39.309 18349 INFO rally.task.runner [-] Task f7790698-01da-4029-b768-a86f2c7664be | ITER: 24 START
2018-08-15 19:04:39.312 18367 INFO rally.task.runner [-] Task f7790698-01da-4029-b768-a86f2c7664be | ITER: 13 END: OK
2018-08-15 19:04:39.315 18367 INFO rally.task.runner [-] Task f7790698-01da-4029-b768-a86f2c7664be | ITER: 25 START
2018-08-15 19:04:39.333 18364 INFO rally.task.runner [-] Task f7790698-01da-4029-b768-a86f2c7664be | ITER: 12 END: OK
2018-08-15 19:04:39.335 18364 INFO rally.task.runner [-] Task f7790698-01da-4029-b768-a86f2c7664be | ITER: 26 START
2018-08-15 19:04:39.339 18345 INFO rally.task.runner [-] Task f7790698-01da-4029-b768-a86f2c7664be | ITER: 16 END: OK
2018-08-15 19:04:39.342 18345 INFO rally.task.runner [-] Task f7790698-01da-4029-b768-a86f2c7664be | ITER: 27 START
2018-08-15 19:04:39.344 18358 INFO rally.task.runner [-] Task f7790698-01da-4029-b768-a86f2c7664be | ITER: 18 END: OK
2018-08-15 19:04:39.347 18361 INFO rally.task.runner [-] Task f7790698-01da-4029-b768-a86f2c7664be | ITER: 15 END: OK
2018-08-15 19:04:39.347 18358 INFO rally.task.runner [-] Task f7790698-01da-4029-b768-a86f2c7664be | ITER: 28 START
2018-08-15 19:04:39.349 18361 INFO rally.task.runner [-] Task f7790698-01da-4029-b768-a86f2c7664be | ITER: 29 START
2018-08-15 19:04:39.368 18344 INFO rally.task.runner [-] Task f7790698-01da-4029-b768-a86f2c7664be | ITER: 20 END: OK
2018-08-15 19:04:39.371 18344 INFO rally.task.runner [-] Task f7790698-01da-4029-b768-a86f2c7664be | ITER: 30 START
2018-08-15 19:04:40.530 18364 INFO rally.task.runner [-] Task f7790698-01da-4029-b768-a86f2c7664be | ITER: 26 END: OK
2018-08-15 19:04:40.533 18364 INFO rally.task.runner [-] Task f7790698-01da-4029-b768-a86f2c7664be | ITER: 31 START
2018-08-15 19:04:40.535 18361 INFO rally.task.runner [-] Task f7790698-01da-4029-b768-a86f2c7664be | ITER: 29 END: OK
2018-08-15 19:04:40.537 18361 INFO rally.task.runner [-] Task f7790698-01da-4029-b768-a86f2c7664be | ITER: 32 START
2018-08-15 19:04:40.541 18352 INFO rally.task.runner [-] Task f7790698-01da-4029-b768-a86f2c7664be | ITER: 23 END: OK
2018-08-15 19:04:40.544 18352 INFO rally.task.runner [-] Task f7790698-01da-4029-b768-a86f2c7664be | ITER: 33 START
2018-08-15 19:04:40.548 18358 INFO rally.task.runner [-] Task f7790698-01da-4029-b768-a86f2c7664be | ITER: 28 END: OK
2018-08-15 19:04:40.550 18358 INFO rally.task.runner [-] Task f7790698-01da-4029-b768-a86f2c7664be | ITER: 34 START
2018-08-15 19:04:40.566 18345 INFO rally.task.runner [-] Task f7790698-01da-4029-b768-a86f2c7664be | ITER: 27 END: OK
2018-08-15 19:04:40.567 18344 INFO rally.task.runner [-] Task f7790698-01da-4029-b768-a86f2c7664be | ITER: 30 END: OK
2018-08-15 19:04:40.568 18345 INFO rally.task.runner [-] Task f7790698-01da-4029-b768-a86f2c7664be | ITER: 35 START
2018-08-15 19:04:40.569 18344 INFO rally.task.runner [-] Task f7790698-01da-4029-b768-a86f2c7664be | ITER: 36 START
2018-08-15 19:04:40.570 18349 INFO rally.task.runner [-] Task f7790698-01da-4029-b768-a86f2c7664be | ITER: 24 END: OK
2018-08-15 19:04:40.573 18367 INFO rally.task.runner [-] Task f7790698-01da-4029-b768-a86f2c7664be | ITER: 25 END: OK
2018-08-15 19:04:40.573 18349 INFO rally.task.runner [-] Task f7790698-01da-4029-b768-a86f2c7664be | ITER: 37 START
2018-08-15 19:04:40.575 18367 INFO rally.task.runner [-] Task f7790698-01da-4029-b768-a86f2c7664be | ITER: 38 START
2018-08-15 19:04:40.576 18354 INFO rally.task.runner [-] Task f7790698-01da-4029-b768-a86f2c7664be | ITER: 21 END: OK
2018-08-15 19:04:40.578 18354 INFO rally.task.runner [-] Task f7790698-01da-4029-b768-a86f2c7664be | ITER: 39 START
2018-08-15 19:04:40.633 18346 INFO rally.task.runner [-] Task f7790698-01da-4029-b768-a86f2c7664be | ITER: 22 END: OK
2018-08-15 19:04:40.636 18346 INFO rally.task.runner [-] Task f7790698-01da-4029-b768-a86f2c7664be | ITER: 40 START
2018-08-15 19:04:41.778 18354 INFO rally.task.runner [-] Task f7790698-01da-4029-b768-a86f2c7664be | ITER: 39 END: OK
2018-08-15 19:04:41.780 18345 INFO rally.task.runner [-] Task f7790698-01da-4029-b768-a86f2c7664be | ITER: 35 END: OK
2018-08-15 19:04:41.780 18354 INFO rally.task.runner [-] Task f7790698-01da-4029-b768-a86f2c7664be | ITER: 41 START
2018-08-15 19:04:41.783 18345 INFO rally.task.runner [-] Task f7790698-01da-4029-b768-a86f2c7664be | ITER: 42 START
2018-08-15 19:04:41.789 18349 INFO rally.task.runner [-] Task f7790698-01da-4029-b768-a86f2c7664be | ITER: 37 END: OK
2018-08-15 19:04:41.791 18349 INFO rally.task.runner [-] Task f7790698-01da-4029-b768-a86f2c7664be | ITER: 43 START
2018-08-15 19:04:41.794 18364 INFO rally.task.runner [-] Task f7790698-01da-4029-b768-a86f2c7664be | ITER: 31 END: OK
2018-08-15 19:04:41.796 18364 INFO rally.task.runner [-] Task f7790698-01da-4029-b768-a86f2c7664be | ITER: 44 START
2018-08-15 19:04:41.798 18367 INFO rally.task.runner [-] Task f7790698-01da-4029-b768-a86f2c7664be | ITER: 38 END: OK
2018-08-15 19:04:41.800 18367 INFO rally.task.runner [-] Task f7790698-01da-4029-b768-a86f2c7664be | ITER: 45 START
2018-08-15 19:04:41.805 18358 INFO rally.task.runner [-] Task f7790698-01da-4029-b768-a86f2c7664be | ITER: 34 END: OK
2018-08-15 19:04:41.807 18358 INFO rally.task.runner [-] Task f7790698-01da-4029-b768-a86f2c7664be | ITER: 46 START
2018-08-15 19:04:41.809 18361 INFO rally.task.runner [-] Task f7790698-01da-4029-b768-a86f2c7664be | ITER: 32 END: OK
2018-08-15 19:04:41.812 18361 INFO rally.task.runner [-] Task f7790698-01da-4029-b768-a86f2c7664be | ITER: 47 START
2018-08-15 19:04:41.831 18352 INFO rally.task.runner [-] Task f7790698-01da-4029-b768-a86f2c7664be | ITER: 33 END: OK
2018-08-15 19:04:41.833 18346 INFO rally.task.runner [-] Task f7790698-01da-4029-b768-a86f2c7664be | ITER: 40 END: OK
2018-08-15 19:04:41.833 18352 INFO rally.task.runner [-] Task f7790698-01da-4029-b768-a86f2c7664be | ITER: 48 START
2018-08-15 19:04:41.835 18346 INFO rally.task.runner [-] Task f7790698-01da-4029-b768-a86f2c7664be | ITER: 49 START
2018-08-15 19:04:41.852 18344 INFO rally.task.runner [-] Task f7790698-01da-4029-b768-a86f2c7664be | ITER: 36 END: OK
2018-08-15 19:04:41.855 18344 INFO rally.task.runner [-] Task f7790698-01da-4029-b768-a86f2c7664be | ITER: 50 START
2018-08-15 19:04:42.995 18345 INFO rally.task.runner [-] Task f7790698-01da-4029-b768-a86f2c7664be | ITER: 42 END: OK
2018-08-15 19:04:42.997 18345 INFO rally.task.runner [-] Task f7790698-01da-4029-b768-a86f2c7664be | ITER: 51 START
2018-08-15 19:04:42.997 18364 INFO rally.task.runner [-] Task f7790698-01da-4029-b768-a86f2c7664be | ITER: 44 END: OK
2018-08-15 19:04:42.998 18367 INFO rally.task.runner [-] Task f7790698-01da-4029-b768-a86f2c7664be | ITER: 45 END: OK
2018-08-15 19:04:43.000 18364 INFO rally.task.runner [-] Task f7790698-01da-4029-b768-a86f2c7664be | ITER: 52 START
2018-08-15 19:04:43.001 18367 INFO rally.task.runner [-] Task f7790698-01da-4029-b768-a86f2c7664be | ITER: 53 START
2018-08-15 19:04:43.029 18346 INFO rally.task.runner [-] Task f7790698-01da-4029-b768-a86f2c7664be | ITER: 49 END: OK
2018-08-15 19:04:43.032 18346 INFO rally.task.runner [-] Task f7790698-01da-4029-b768-a86f2c7664be | ITER: 54 START
2018-08-15 19:04:43.042 18344 INFO rally.task.runner [-] Task f7790698-01da-4029-b768-a86f2c7664be | ITER: 50 END: OK
2018-08-15 19:04:43.043 18344 INFO rally.task.runner [-] Task f7790698-01da-4029-b768-a86f2c7664be | ITER: 55 START
2018-08-15 19:04:43.052 18361 INFO rally.task.runner [-] Task f7790698-01da-4029-b768-a86f2c7664be | ITER: 47 END: OK
2018-08-15 19:04:43.055 18361 INFO rally.task.runner [-] Task f7790698-01da-4029-b768-a86f2c7664be | ITER: 56 START
2018-08-15 19:04:43.057 18358 INFO rally.task.runner [-] Task f7790698-01da-4029-b768-a86f2c7664be | ITER: 46 END: OK
2018-08-15 19:04:43.059 18358 INFO rally.task.runner [-] Task f7790698-01da-4029-b768-a86f2c7664be | ITER: 57 START
2018-08-15 19:04:43.060 18349 INFO rally.task.runner [-] Task f7790698-01da-4029-b768-a86f2c7664be | ITER: 43 END: OK
2018-08-15 19:04:43.063 18349 INFO rally.task.runner [-] Task f7790698-01da-4029-b768-a86f2c7664be | ITER: 58 START
2018-08-15 19:04:43.110 18354 INFO rally.task.runner [-] Task f7790698-01da-4029-b768-a86f2c7664be | ITER: 41 END: OK
2018-08-15 19:04:43.112 18354 INFO rally.task.runner [-] Task f7790698-01da-4029-b768-a86f2c7664be | ITER: 59 START
2018-08-15 19:04:43.119 18352 INFO rally.task.runner [-] Task f7790698-01da-4029-b768-a86f2c7664be | ITER: 48 END: OK
2018-08-15 19:04:43.122 18352 INFO rally.task.runner [-] Task f7790698-01da-4029-b768-a86f2c7664be | ITER: 60 START
2018-08-15 19:04:44.227 18367 INFO rally.task.runner [-] Task f7790698-01da-4029-b768-a86f2c7664be | ITER: 53 END: OK
2018-08-15 19:04:44.230 18367 INFO rally.task.runner [-] Task f7790698-01da-4029-b768-a86f2c7664be | ITER: 61 START
2018-08-15 19:04:44.249 18349 INFO rally.task.runner [-] Task f7790698-01da-4029-b768-a86f2c7664be | ITER: 58 END: OK
2018-08-15 19:04:44.251 18349 INFO rally.task.runner [-] Task f7790698-01da-4029-b768-a86f2c7664be | ITER: 62 START
2018-08-15 19:04:44.257 18358 INFO rally.task.runner [-] Task f7790698-01da-4029-b768-a86f2c7664be | ITER: 57 END: OK
2018-08-15 19:04:44.259 18358 INFO rally.task.runner [-] Task f7790698-01da-4029-b768-a86f2c7664be | ITER: 63 START
2018-08-15 19:04:44.260 18364 INFO rally.task.runner [-] Task f7790698-01da-4029-b768-a86f2c7664be | ITER: 52 END: OK
2018-08-15 19:04:44.263 18364 INFO rally.task.runner [-] Task f7790698-01da-4029-b768-a86f2c7664be | ITER: 64 START
2018-08-15 19:04:44.307 18354 INFO rally.task.runner [-] Task f7790698-01da-4029-b768-a86f2c7664be | ITER: 59 END: OK
2018-08-15 19:04:44.310 18354 INFO rally.task.runner [-] Task f7790698-01da-4029-b768-a86f2c7664be | ITER: 65 START
2018-08-15 19:04:44.316 18345 INFO rally.task.runner [-] Task f7790698-01da-4029-b768-a86f2c7664be | ITER: 51 END: OK
2018-08-15 19:04:44.316 18352 INFO rally.task.runner [-] Task f7790698-01da-4029-b768-a86f2c7664be | ITER: 60 END: OK
2018-08-15 19:04:44.318 18345 INFO rally.task.runner [-] Task f7790698-01da-4029-b768-a86f2c7664be | ITER: 66 START
2018-08-15 19:04:44.319 18352 INFO rally.task.runner [-] Task f7790698-01da-4029-b768-a86f2c7664be | ITER: 67 START
2018-08-15 19:04:44.326 18346 INFO rally.task.runner [-] Task f7790698-01da-4029-b768-a86f2c7664be | ITER: 54 END: OK
2018-08-15 19:04:44.326 18361 INFO rally.task.runner [-] Task f7790698-01da-4029-b768-a86f2c7664be | ITER: 56 END: OK
2018-08-15 19:04:44.328 18346 INFO rally.task.runner [-] Task f7790698-01da-4029-b768-a86f2c7664be | ITER: 68 START
2018-08-15 19:04:44.329 18361 INFO rally.task.runner [-] Task f7790698-01da-4029-b768-a86f2c7664be | ITER: 69 START
2018-08-15 19:04:44.383 18344 INFO rally.task.runner [-] Task f7790698-01da-4029-b768-a86f2c7664be | ITER: 55 END: OK
2018-08-15 19:04:44.386 18344 INFO rally.task.runner [-] Task f7790698-01da-4029-b768-a86f2c7664be | ITER: 70 START
2018-08-15 19:04:45.470 18367 INFO rally.task.runner [-] Task f7790698-01da-4029-b768-a86f2c7664be | ITER: 61 END: OK
2018-08-15 19:04:45.473 18367 INFO rally.task.runner [-] Task f7790698-01da-4029-b768-a86f2c7664be | ITER: 71 START
2018-08-15 19:04:45.500 18345 INFO rally.task.runner [-] Task f7790698-01da-4029-b768-a86f2c7664be | ITER: 66 END: OK
2018-08-15 19:04:45.502 18345 INFO rally.task.runner [-] Task f7790698-01da-4029-b768-a86f2c7664be | ITER: 72 START
2018-08-15 19:04:45.514 18354 INFO rally.task.runner [-] Task f7790698-01da-4029-b768-a86f2c7664be | ITER: 65 END: OK
2018-08-15 19:04:45.517 18354 INFO rally.task.runner [-] Task f7790698-01da-4029-b768-a86f2c7664be | ITER: 73 START
2018-08-15 19:04:45.529 18361 INFO rally.task.runner [-] Task f7790698-01da-4029-b768-a86f2c7664be | ITER: 69 END: OK
2018-08-15 19:04:45.531 18349 INFO rally.task.runner [-] Task f7790698-01da-4029-b768-a86f2c7664be | ITER: 62 END: OK
2018-08-15 19:04:45.532 18361 INFO rally.task.runner [-] Task f7790698-01da-4029-b768-a86f2c7664be | ITER: 74 START
2018-08-15 19:04:45.533 18349 INFO rally.task.runner [-] Task f7790698-01da-4029-b768-a86f2c7664be | ITER: 75 START
2018-08-15 19:04:45.534 18364 INFO rally.task.runner [-] Task f7790698-01da-4029-b768-a86f2c7664be | ITER: 64 END: OK
2018-08-15 19:04:45.536 18364 INFO rally.task.runner [-] Task f7790698-01da-4029-b768-a86f2c7664be | ITER: 76 START
2018-08-15 19:04:45.556 18344 INFO rally.task.runner [-] Task f7790698-01da-4029-b768-a86f2c7664be | ITER: 70 END: OK
2018-08-15 19:04:45.559 18344 INFO rally.task.runner [-] Task f7790698-01da-4029-b768-a86f2c7664be | ITER: 77 START
2018-08-15 19:04:45.561 18358 INFO rally.task.runner [-] Task f7790698-01da-4029-b768-a86f2c7664be | ITER: 63 END: OK
2018-08-15 19:04:45.563 18358 INFO rally.task.runner [-] Task f7790698-01da-4029-b768-a86f2c7664be | ITER: 78 START
2018-08-15 19:04:45.585 18346 INFO rally.task.runner [-] Task f7790698-01da-4029-b768-a86f2c7664be | ITER: 68 END: OK
2018-08-15 19:04:45.588 18352 INFO rally.task.runner [-] Task f7790698-01da-4029-b768-a86f2c7664be | ITER: 67 END: OK
2018-08-15 19:04:45.587 18346 INFO rally.task.runner [-] Task f7790698-01da-4029-b768-a86f2c7664be | ITER: 79 START
2018-08-15 19:04:45.590 18352 INFO rally.task.runner [-] Task f7790698-01da-4029-b768-a86f2c7664be | ITER: 80 START
2018-08-15 19:04:46.765 18344 INFO rally.task.runner [-] Task f7790698-01da-4029-b768-a86f2c7664be | ITER: 77 END: OK
2018-08-15 19:04:46.767 18344 INFO rally.task.runner [-] Task f7790698-01da-4029-b768-a86f2c7664be | ITER: 81 START
2018-08-15 19:04:46.770 18367 INFO rally.task.runner [-] Task f7790698-01da-4029-b768-a86f2c7664be | ITER: 71 END: OK
2018-08-15 19:04:46.770 18361 INFO rally.task.runner [-] Task f7790698-01da-4029-b768-a86f2c7664be | ITER: 74 END: OK
2018-08-15 19:04:46.772 18367 INFO rally.task.runner [-] Task f7790698-01da-4029-b768-a86f2c7664be | ITER: 82 START
2018-08-15 19:04:46.774 18361 INFO rally.task.runner [-] Task f7790698-01da-4029-b768-a86f2c7664be | ITER: 83 START
2018-08-15 19:04:46.788 18346 INFO rally.task.runner [-] Task f7790698-01da-4029-b768-a86f2c7664be | ITER: 79 END: OK
2018-08-15 19:04:46.790 18346 INFO rally.task.runner [-] Task f7790698-01da-4029-b768-a86f2c7664be | ITER: 84 START
2018-08-15 19:04:46.795 18354 INFO rally.task.runner [-] Task f7790698-01da-4029-b768-a86f2c7664be | ITER: 73 END: OK
2018-08-15 19:04:46.797 18354 INFO rally.task.runner [-] Task f7790698-01da-4029-b768-a86f2c7664be | ITER: 85 START
2018-08-15 19:04:46.800 18349 INFO rally.task.runner [-] Task f7790698-01da-4029-b768-a86f2c7664be | ITER: 75 END: OK
2018-08-15 19:04:46.802 18349 INFO rally.task.runner [-] Task f7790698-01da-4029-b768-a86f2c7664be | ITER: 86 START
2018-08-15 19:04:46.805 18352 INFO rally.task.runner [-] Task f7790698-01da-4029-b768-a86f2c7664be | ITER: 80 END: OK
2018-08-15 19:04:46.807 18352 INFO rally.task.runner [-] Task f7790698-01da-4029-b768-a86f2c7664be | ITER: 87 START
2018-08-15 19:04:46.816 18345 INFO rally.task.runner [-] Task f7790698-01da-4029-b768-a86f2c7664be | ITER: 72 END: OK
2018-08-15 19:04:46.818 18358 INFO rally.task.runner [-] Task f7790698-01da-4029-b768-a86f2c7664be | ITER: 78 END: OK
2018-08-15 19:04:46.819 18345 INFO rally.task.runner [-] Task f7790698-01da-4029-b768-a86f2c7664be | ITER: 88 START
2018-08-15 19:04:46.820 18364 INFO rally.task.runner [-] Task f7790698-01da-4029-b768-a86f2c7664be | ITER: 76 END: OK
2018-08-15 19:04:46.821 18358 INFO rally.task.runner [-] Task f7790698-01da-4029-b768-a86f2c7664be | ITER: 89 START
2018-08-15 19:04:46.822 18364 INFO rally.task.runner [-] Task f7790698-01da-4029-b768-a86f2c7664be | ITER: 90 START
2018-08-15 19:04:47.973 18367 INFO rally.task.runner [-] Task f7790698-01da-4029-b768-a86f2c7664be | ITER: 82 END: OK
2018-08-15 19:04:47.976 18367 INFO rally.task.runner [-] Task f7790698-01da-4029-b768-a86f2c7664be | ITER: 91 START
2018-08-15 19:04:47.988 18361 INFO rally.task.runner [-] Task f7790698-01da-4029-b768-a86f2c7664be | ITER: 83 END: OK
2018-08-15 19:04:47.990 18361 INFO rally.task.runner [-] Task f7790698-01da-4029-b768-a86f2c7664be | ITER: 92 START
2018-08-15 19:04:47.992 18352 INFO rally.task.runner [-] Task f7790698-01da-4029-b768-a86f2c7664be | ITER: 87 END: OK
2018-08-15 19:04:47.992 18345 INFO rally.task.runner [-] Task f7790698-01da-4029-b768-a86f2c7664be | ITER: 88 END: OK
2018-08-15 19:04:47.994 18352 INFO rally.task.runner [-] Task f7790698-01da-4029-b768-a86f2c7664be | ITER: 93 START
2018-08-15 19:04:47.995 18345 INFO rally.task.runner [-] Task f7790698-01da-4029-b768-a86f2c7664be | ITER: 94 START
2018-08-15 19:04:47.996 18358 INFO rally.task.runner [-] Task f7790698-01da-4029-b768-a86f2c7664be | ITER: 89 END: OK
2018-08-15 19:04:47.998 18358 INFO rally.task.runner [-] Task f7790698-01da-4029-b768-a86f2c7664be | ITER: 95 START
2018-08-15 19:04:48.007 18364 INFO rally.task.runner [-] Task f7790698-01da-4029-b768-a86f2c7664be | ITER: 90 END: OK
2018-08-15 19:04:48.009 18364 INFO rally.task.runner [-] Task f7790698-01da-4029-b768-a86f2c7664be | ITER: 96 START
2018-08-15 19:04:48.014 18349 INFO rally.task.runner [-] Task f7790698-01da-4029-b768-a86f2c7664be | ITER: 86 END: OK
2018-08-15 19:04:48.018 18349 INFO rally.task.runner [-] Task f7790698-01da-4029-b768-a86f2c7664be | ITER: 97 START
2018-08-15 19:04:48.036 18354 INFO rally.task.runner [-] Task f7790698-01da-4029-b768-a86f2c7664be | ITER: 85 END: OK
2018-08-15 19:04:48.039 18354 INFO rally.task.runner [-] Task f7790698-01da-4029-b768-a86f2c7664be | ITER: 98 START
2018-08-15 19:04:48.052 18346 INFO rally.task.runner [-] Task f7790698-01da-4029-b768-a86f2c7664be | ITER: 84 END: OK
2018-08-15 19:04:48.053 18346 INFO rally.task.runner [-] Task f7790698-01da-4029-b768-a86f2c7664be | ITER: 99 START
2018-08-15 19:04:48.114 18344 INFO rally.task.runner [-] Task f7790698-01da-4029-b768-a86f2c7664be | ITER: 81 END: OK
2018-08-15 19:04:48.116 18344 INFO rally.task.runner [-] Task f7790698-01da-4029-b768-a86f2c7664be | ITER: 100 START
2018-08-15 19:04:49.193 18367 INFO rally.task.runner [-] Task f7790698-01da-4029-b768-a86f2c7664be | ITER: 91 END: OK
2018-08-15 19:04:49.202 18358 INFO rally.task.runner [-] Task f7790698-01da-4029-b768-a86f2c7664be | ITER: 95 END: OK
2018-08-15 19:04:49.230 18361 INFO rally.task.runner [-] Task f7790698-01da-4029-b768-a86f2c7664be | ITER: 92 END: OK
