2018-02-16 02:01:09.048 10022 INFO rally.task.runner [-] Task 01cdadbe-0b5e-46c7-b32f-c7b0062e2a80 | ITER: 19 START
2018-02-16 02:01:18.496 10023 INFO rally.task.runner [-] Task 01cdadbe-0b5e-46c7-b32f-c7b0062e2a80 | ITER: 18 END: OK
2018-02-16 02:01:18.499 10023 INFO rally.task.runner [-] Task 01cdadbe-0b5e-46c7-b32f-c7b0062e2a80 | ITER: 20 START
2018-02-16 02:02:36.833 10022 INFO rally.task.runner [-] Task 01cdadbe-0b5e-46c7-b32f-c7b0062e2a80 | ITER: 19 END: OK
2018-02-16 02:02:36.836 10022 INFO rally.task.runner [-] Task 01cdadbe-0b5e-46c7-b32f-c7b0062e2a80 | ITER: 21 START
2018-02-16 02:02:48.357 10023 INFO rally.task.runner [-] Task 01cdadbe-0b5e-46c7-b32f-c7b0062e2a80 | ITER: 20 END: OK
2018-02-16 02:02:48.361 10023 INFO rally.task.runner [-] Task 01cdadbe-0b5e-46c7-b32f-c7b0062e2a80 | ITER: 22 START
2018-02-16 02:04:05.819 10022 INFO rally.task.runner [-] Task 01cdadbe-0b5e-46c7-b32f-c7b0062e2a80 | ITER: 21 END: OK
2018-02-16 02:04:05.823 10022 INFO rally.task.runner [-] Task 01cdadbe-0b5e-46c7-b32f-c7b0062e2a80 | ITER: 23 START
2018-02-16 02:04:15.526 10023 INFO rally.task.runner [-] Task 01cdadbe-0b5e-46c7-b32f-c7b0062e2a80 | ITER: 22 END: OK
2018-02-16 02:04:15.530 10023 INFO rally.task.runner [-] Task 01cdadbe-0b5e-46c7-b32f-c7b0062e2a80 | ITER: 24 START
2018-02-16 02:05:33.406 10022 INFO rally.task.runner [-] Task 01cdadbe-0b5e-46c7-b32f-c7b0062e2a80 | ITER: 23 END: OK
2018-02-16 02:05:33.409 10022 INFO rally.task.runner [-] Task 01cdadbe-0b5e-46c7-b32f-c7b0062e2a80 | ITER: 25 START
2018-02-16 02:05:46.262 10023 INFO rally.task.runner [-] Task 01cdadbe-0b5e-46c7-b32f-c7b0062e2a80 | ITER: 24 END: OK
2018-02-16 02:05:46.265 10023 INFO rally.task.runner [-] Task 01cdadbe-0b5e-46c7-b32f-c7b0062e2a80 | ITER: 26 START
2018-02-16 02:07:03.987 10022 INFO rally.task.runner [-] Task 01cdadbe-0b5e-46c7-b32f-c7b0062e2a80 | ITER: 25 END: OK
2018-02-16 02:07:03.991 10022 INFO rally.task.runner [-] Task 01cdadbe-0b5e-46c7-b32f-c7b0062e2a80 | ITER: 27 START
2018-02-16 02:07:13.196 10023 INFO rally.task.runner [-] Task 01cdadbe-0b5e-46c7-b32f-c7b0062e2a80 | ITER: 26 END: OK
2018-02-16 02:07:13.200 10023 INFO rally.task.runner [-] Task 01cdadbe-0b5e-46c7-b32f-c7b0062e2a80 | ITER: 28 START
2018-02-16 02:08:32.645 10022 INFO rally.task.runner [-] Task 01cdadbe-0b5e-46c7-b32f-c7b0062e2a80 | ITER: 27 END: OK
2018-02-16 02:08:32.649 10022 INFO rally.task.runner [-] Task 01cdadbe-0b5e-46c7-b32f-c7b0062e2a80 | ITER: 29 START
2018-02-16 02:08:40.155 10023 INFO rally.task.runner [-] Task 01cdadbe-0b5e-46c7-b32f-c7b0062e2a80 | ITER: 28 END: OK
2018-02-16 02:08:40.159 10023 INFO rally.task.runner [-] Task 01cdadbe-0b5e-46c7-b32f-c7b0062e2a80 | ITER: 30 START
2018-02-16 02:10:01.166 10022 INFO rally.task.runner [-] Task 01cdadbe-0b5e-46c7-b32f-c7b0062e2a80 | ITER: 29 END: OK
2018-02-16 02:10:01.169 10022 INFO rally.task.runner [-] Task 01cdadbe-0b5e-46c7-b32f-c7b0062e2a80 | ITER: 31 START
2018-02-16 02:10:07.856 10023 INFO rally.task.runner [-] Task 01cdadbe-0b5e-46c7-b32f-c7b0062e2a80 | ITER: 30 END: OK
2018-02-16 02:10:07.860 10023 INFO rally.task.runner [-] Task 01cdadbe-0b5e-46c7-b32f-c7b0062e2a80 | ITER: 32 START
2018-02-16 02:11:29.521 10022 INFO rally.task.runner [-] Task 01cdadbe-0b5e-46c7-b32f-c7b0062e2a80 | ITER: 31 END: OK
2018-02-16 02:11:29.525 10022 INFO rally.task.runner [-] Task 01cdadbe-0b5e-46c7-b32f-c7b0062e2a80 | ITER: 33 START
2018-02-16 02:11:36.083 10023 INFO rally.task.runner [-] Task 01cdadbe-0b5e-46c7-b32f-c7b0062e2a80 | ITER: 32 END: OK
2018-02-16 02:11:36.087 10023 INFO rally.task.runner [-] Task 01cdadbe-0b5e-46c7-b32f-c7b0062e2a80 | ITER: 34 START
2018-02-16 02:12:57.324 10022 INFO rally.task.runner [-] Task 01cdadbe-0b5e-46c7-b32f-c7b0062e2a80 | ITER: 33 END: OK
2018-02-16 02:12:57.328 10022 INFO rally.task.runner [-] Task 01cdadbe-0b5e-46c7-b32f-c7b0062e2a80 | ITER: 35 START
2018-02-16 02:13:04.814 10023 INFO rally.task.runner [-] Task 01cdadbe-0b5e-46c7-b32f-c7b0062e2a80 | ITER: 34 END: OK
2018-02-16 02:13:04.818 10023 INFO rally.task.runner [-] Task 01cdadbe-0b5e-46c7-b32f-c7b0062e2a80 | ITER: 36 START
2018-02-16 02:14:25.681 10022 INFO rally.task.runner [-] Task 01cdadbe-0b5e-46c7-b32f-c7b0062e2a80 | ITER: 35 END: OK
2018-02-16 02:14:25.684 10022 INFO rally.task.runner [-] Task 01cdadbe-0b5e-46c7-b32f-c7b0062e2a80 | ITER: 37 START
2018-02-16 02:14:32.522 10023 INFO rally.task.runner [-] Task 01cdadbe-0b5e-46c7-b32f-c7b0062e2a80 | ITER: 36 END: OK
2018-02-16 02:14:32.525 10023 INFO rally.task.runner [-] Task 01cdadbe-0b5e-46c7-b32f-c7b0062e2a80 | ITER: 38 START
2018-02-16 02:15:52.639 10022 INFO rally.task.runner [-] Task 01cdadbe-0b5e-46c7-b32f-c7b0062e2a80 | ITER: 37 END: OK
2018-02-16 02:15:52.642 10022 INFO rally.task.runner [-] Task 01cdadbe-0b5e-46c7-b32f-c7b0062e2a80 | ITER: 39 START
2018-02-16 02:15:59.705 10023 INFO rally.task.runner [-] Task 01cdadbe-0b5e-46c7-b32f-c7b0062e2a80 | ITER: 38 END: OK
2018-02-16 02:15:59.708 10023 INFO rally.task.runner [-] Task 01cdadbe-0b5e-46c7-b32f-c7b0062e2a80 | ITER: 40 START
2018-02-16 02:17:19.829 10022 INFO rally.task.runner [-] Task 01cdadbe-0b5e-46c7-b32f-c7b0062e2a80 | ITER: 39 END: OK
2018-02-16 02:17:19.833 10022 INFO rally.task.runner [-] Task 01cdadbe-0b5e-46c7-b32f-c7b0062e2a80 | ITER: 41 START
2018-02-16 02:17:32.001 10023 INFO rally.task.runner [-] Task 01cdadbe-0b5e-46c7-b32f-c7b0062e2a80 | ITER: 40 END: OK
2018-02-16 02:17:32.005 10023 INFO rally.task.runner [-] Task 01cdadbe-0b5e-46c7-b32f-c7b0062e2a80 | ITER: 42 START
2018-02-16 02:18:50.209 10022 INFO rally.task.runner [-] Task 01cdadbe-0b5e-46c7-b32f-c7b0062e2a80 | ITER: 41 END: OK
2018-02-16 02:18:50.213 10022 INFO rally.task.runner [-] Task 01cdadbe-0b5e-46c7-b32f-c7b0062e2a80 | ITER: 43 START
2018-02-16 02:18:57.183 10023 INFO rally.task.runner [-] Task 01cdadbe-0b5e-46c7-b32f-c7b0062e2a80 | ITER: 42 END: OK
2018-02-16 02:18:57.186 10023 INFO rally.task.runner [-] Task 01cdadbe-0b5e-46c7-b32f-c7b0062e2a80 | ITER: 44 START
2018-02-16 02:20:20.424 10022 INFO rally.task.runner [-] Task 01cdadbe-0b5e-46c7-b32f-c7b0062e2a80 | ITER: 43 END: OK
2018-02-16 02:20:20.428 10022 INFO rally.task.runner [-] Task 01cdadbe-0b5e-46c7-b32f-c7b0062e2a80 | ITER: 45 START
2018-02-16 02:20:26.310 10023 INFO rally.task.runner [-] Task 01cdadbe-0b5e-46c7-b32f-c7b0062e2a80 | ITER: 44 END: OK
2018-02-16 02:20:26.314 10023 INFO rally.task.runner [-] Task 01cdadbe-0b5e-46c7-b32f-c7b0062e2a80 | ITER: 46 START
2018-02-16 02:21:48.063 10022 INFO rally.task.runner [-] Task 01cdadbe-0b5e-46c7-b32f-c7b0062e2a80 | ITER: 45 END: OK
2018-02-16 02:21:48.065 10022 INFO rally.task.runner [-] Task 01cdadbe-0b5e-46c7-b32f-c7b0062e2a80 | ITER: 47 START
2018-02-16 02:21:57.466 10023 INFO rally.task.runner [-] Task 01cdadbe-0b5e-46c7-b32f-c7b0062e2a80 | ITER: 46 END: OK
2018-02-16 02:21:57.469 10023 INFO rally.task.runner [-] Task 01cdadbe-0b5e-46c7-b32f-c7b0062e2a80 | ITER: 48 START
2018-02-16 02:23:18.188 10022 INFO rally.task.runner [-] Task 01cdadbe-0b5e-46c7-b32f-c7b0062e2a80 | ITER: 47 END: OK
2018-02-16 02:23:18.192 10022 INFO rally.task.runner [-] Task 01cdadbe-0b5e-46c7-b32f-c7b0062e2a80 | ITER: 49 START
2018-02-16 02:23:25.405 10023 INFO rally.task.runner [-] Task 01cdadbe-0b5e-46c7-b32f-c7b0062e2a80 | ITER: 48 END: OK
2018-02-16 02:23:25.409 10023 INFO rally.task.runner [-] Task 01cdadbe-0b5e-46c7-b32f-c7b0062e2a80 | ITER: 50 START
2018-02-16 02:24:46.672 10022 INFO rally.task.runner [-] Task 01cdadbe-0b5e-46c7-b32f-c7b0062e2a80 | ITER: 49 END: OK
2018-02-16 02:24:52.938 10023 INFO rally.task.runner [-] Task 01cdadbe-0b5e-46c7-b32f-c7b0062e2a80 | ITER: 50 END: OK
2018-02-16 02:24:52.963 9894 INFO rally.task.context [-] Task 01cdadbe-0b5e-46c7-b32f-c7b0062e2a80 | Context cleanup@openstack cleanup() started
2018-02-16 02:24:55.259 9894 INFO rally.task.context [-] Task 01cdadbe-0b5e-46c7-b32f-c7b0062e2a80 | Context cleanup@openstack cleanup() finished in 2.30 sec
2018-02-16 02:24:55.259 9894 INFO rally.task.context [-] Task 01cdadbe-0b5e-46c7-b32f-c7b0062e2a80 | Context users@openstack cleanup() started
2018-02-16 02:24:59.755 9894 INFO rally.task.context [-] Task 01cdadbe-0b5e-46c7-b32f-c7b0062e2a80 | Context users@openstack cleanup() finished in 4.50 sec
2018-02-16 02:24:59.817 9894 INFO rally.task.engine [-] Load duration is: 2272.085505
2018-02-16 02:24:59.817 9894 INFO rally.task.engine [-] Full runner duration is: 2274.129274
2018-02-16 02:24:59.818 9894 INFO rally.task.engine [-] Full duration is: 2285.894359
2018-02-16 02:24:59.915 9894 INFO rally.task.engine [-] Task 01cdadbe-0b5e-46c7-b32f-c7b0062e2a80 | Completed: Running task.

--------------------------------------------------------------------------------
Task 01cdadbe-0b5e-46c7-b32f-c7b0062e2a80: finished
--------------------------------------------------------------------------------

test scenario NovaServers.boot_and_rebuild_server
args position 0
args values:
{
  "runner": {
    "times": 50, 
    "concurrency": 2
  }, 
  "contexts": {
    "users": {
      "tenants": 1, 
      "users_per_tenant": 1
    }
  }, 
  "args": {
    "flavor": {
      "name": "m1.xlarge"
    }, 
    "from_image": {
      "name": "Debian 9"
    }, 
    "to_image": {
      "name": "Ubuntu 14.04 LTS"
    }
  }, 
  "sla": {
    "failure_rate": {
      "max": 0
    }
  }, 
  "hooks": []
}

--------------------------------------------------------------------------------
Task 01cdadbe-0b5e-46c7-b32f-c7b0062e2a80 has 0 error(s)
--------------------------------------------------------------------------------

+------------------------------------------------------------------------------------------------------------------------+
|                                                  Response Times (sec)                                                  |
+---------------------+-----------+--------------+--------------+--------------+-----------+-----------+---------+-------+
| Action              | Min (sec) | Median (sec) | 90%ile (sec) | 95%ile (sec) | Max (sec) | Avg (sec) | Success | Count |
+---------------------+-----------+--------------+--------------+--------------+-----------+-----------+---------+-------+
| nova.boot_server    | 13.407    | 15.665       | 24.095       | 32.14        | 34.593    | 17.466    | 100.0%  | 50    |
| nova.rebuild_server | 69.235    | 70.218       | 72.248       | 75.206       | 80.436    | 70.879    | 100.0%  | 50    |
| nova.delete_server  | 2.327     | 2.419        | 2.572        | 2.643        | 4.552     | 2.489     | 100.0%  | 50    |
| total               | 85.177    | 88.497       | 96.977       | 109.241      | 116.194   | 90.833    | 100.0%  | 50    |
|  -> duration        | 83.177    | 86.497       | 94.977       | 107.241      | 114.194   | 88.833    | 100.0%  | 50    |
|  -> idle_duration   | 2.0       | 2.0          | 2.0          | 2.0          | 2.0       | 2.0       | 100.0%  | 50    |
+---------------------+-----------+--------------+--------------+--------------+-----------+-----------+---------+-------+

Load duration: 2272.085505
Full duration: 2285.894359

HINTS:
* To plot HTML graphics with this data, run:
	rally task report 01cdadbe-0b5e-46c7-b32f-c7b0062e2a80 --out output.html

* To generate a JUnit report, run:
	rally task export 01cdadbe-0b5e-46c7-b32f-c7b0062e2a80 --type junit --to output.xml

* To get raw JSON output of task results, run:
	rally task report 01cdadbe-0b5e-46c7-b32f-c7b0062e2a80 --json --out output.json

--------------------------------------------------------------------------------
Preparing input task
--------------------------------------------------------------------------------

Task is:
{
    "NovaServers.boot_server_from_volume_and_delete": [
        {
            "args": {
                "flavor": {
                    "name": "m1.medium"
                },
                "image": {
                    "name": "CentOS 7"
                },
                "volume_size": 50,
                "volume_type": "",
                "force_delete": false
            },
            "runner": {
                "type": "constant",
                "times": 100,
                "concurrency": 10
            },
            "context": {
            },
            "sla": {
                "failure_rate": {
                    "max": 0
                }
            }
        }
    ]
}

Task syntax is correct :)
Running Rally version 0.10.1~dev119
--------------------------------------------------------------------------------
Task  930f32c8-11f3-40f5-9c34-83433b92ac5d: started
--------------------------------------------------------------------------------

Running Task... This can take a while...

To track task status use:

	rally task status
	or
	rally task detailed

Using task: 930f32c8-11f3-40f5-9c34-83433b92ac5d
2018-02-16 02:25:01.704 10194 INFO rally.task.engine [-] Task 930f32c8-11f3-40f5-9c34-83433b92ac5d | Starting:  Task validation.
2018-02-16 02:25:01.716 10194 INFO rally.task.engine [-] Task 930f32c8-11f3-40f5-9c34-83433b92ac5d | Starting:  Task validation of syntax.
2018-02-16 02:25:01.729 10194 INFO rally.task.engine [-] Task 930f32c8-11f3-40f5-9c34-83433b92ac5d | Completed: Task validation of syntax.
2018-02-16 02:25:01.730 10194 INFO rally.task.engine [-] Task 930f32c8-11f3-40f5-9c34-83433b92ac5d | Starting:  Task validation of required platforms.
2018-02-16 02:25:01.737 10194 INFO rally.task.engine [-] Task 930f32c8-11f3-40f5-9c34-83433b92ac5d | Completed: Task validation of required platforms.
2018-02-16 02:25:01.737 10194 INFO rally.task.engine [-] Task 930f32c8-11f3-40f5-9c34-83433b92ac5d | Starting:  Task validation of semantic.
2018-02-16 02:25:06.564 10194 INFO rally.task.context [-] Task 930f32c8-11f3-40f5-9c34-83433b92ac5d | Context users@openstack setup()  finished in 3.88 sec
2018-02-16 02:25:08.479 10194 INFO rally.task.context [-] Task 930f32c8-11f3-40f5-9c34-83433b92ac5d | Context users@openstack cleanup() started
2018-02-16 02:25:13.086 10194 INFO rally.task.context [-] Task 930f32c8-11f3-40f5-9c34-83433b92ac5d | Context users@openstack cleanup() finished in 4.61 sec
2018-02-16 02:25:13.086 10194 INFO rally.task.engine [-] Task 930f32c8-11f3-40f5-9c34-83433b92ac5d | Completed: Task validation of semantic.
2018-02-16 02:25:13.087 10194 INFO rally.task.engine [-] Task 930f32c8-11f3-40f5-9c34-83433b92ac5d | Completed: Task validation.
2018-02-16 02:25:13.087 10194 INFO rally.api [-] Task 930f32c8-11f3-40f5-9c34-83433b92ac5d input file is valid.
2018-02-16 02:25:13.088 10194 INFO rally.api [-] Run Task 930f32c8-11f3-40f5-9c34-83433b92ac5d against Deployment b3d93970-2899-4826-8e45-0761b050b3a5
2018-02-16 02:25:13.088 10194 INFO rally.task.engine [-] Task 930f32c8-11f3-40f5-9c34-83433b92ac5d | Starting:  Running task.
2018-02-16 02:25:13.146 10194 INFO rally.task.engine [-] Running workload: 
  position = 0
  config = {
   "version": 2, 
   "title": "A cropped version of a bigger task.", 
   "description": "Auto-generated task from a single workload (uuid=696e7233-5f6c-4e20-964e-c730d03d24ac)", 
   "subtasks": [
      {
         "title": "NovaServers.boot_server_from_volume_and_delete", 
         "description": "Boot a server from volume and then delete it.", 
         "scenario": {
            "NovaServers.boot_server_from_volume_and_delete": {
               "flavor": {
                  "name": "m1.medium"
               }, 
               "image": {
                  "name": "CentOS 7"
               }, 
               "volume_size": 50, 
               "volume_type": "", 
               "force_delete": false
            }
         }, 
         "contexts": {}, 
         "runner": {
            "constant": {
               "times": 100, 
               "concurrency": 10
            }
         }, 
         "hooks": [], 
         "sla": {
            "failure_rate": {
               "max": 0
            }
         }
      }
   ]
}
2018-02-16 02:25:16.967 10194 INFO rally.task.context [-] Task 930f32c8-11f3-40f5-9c34-83433b92ac5d | Context users@openstack setup()  finished in 3.78 sec
2018-02-16 02:25:16.968 10194 INFO rally.task.context [-] Task 930f32c8-11f3-40f5-9c34-83433b92ac5d | Context cleanup@openstack setup()  finished in 0.15 msec
2018-02-16 02:25:17.858 10322 INFO rally.task.runner [-] Task 930f32c8-11f3-40f5-9c34-83433b92ac5d | ITER: 1 START
2018-02-16 02:25:17.860 10323 INFO rally.task.runner [-] Task 930f32c8-11f3-40f5-9c34-83433b92ac5d | ITER: 2 START
2018-02-16 02:25:17.863 10324 INFO rally.task.runner [-] Task 930f32c8-11f3-40f5-9c34-83433b92ac5d | ITER: 3 START
2018-02-16 02:25:17.867 10327 INFO rally.task.runner [-] Task 930f32c8-11f3-40f5-9c34-83433b92ac5d | ITER: 4 START
2018-02-16 02:25:17.870 10330 INFO rally.task.runner [-] Task 930f32c8-11f3-40f5-9c34-83433b92ac5d | ITER: 5 START
2018-02-16 02:25:17.876 10333 INFO rally.task.runner [-] Task 930f32c8-11f3-40f5-9c34-83433b92ac5d | ITER: 6 START
2018-02-16 02:25:17.878 10336 INFO rally.task.runner [-] Task 930f32c8-11f3-40f5-9c34-83433b92ac5d | ITER: 7 START
2018-02-16 02:25:17.881 10339 INFO rally.task.runner [-] Task 930f32c8-11f3-40f5-9c34-83433b92ac5d | ITER: 8 START
2018-02-16 02:25:17.881 10340 INFO rally.task.runner [-] Task 930f32c8-11f3-40f5-9c34-83433b92ac5d | ITER: 9 START
2018-02-16 02:25:17.884 10343 INFO rally.task.runner [-] Task 930f32c8-11f3-40f5-9c34-83433b92ac5d | ITER: 10 START
2018-02-16 02:25:59.548 10327 INFO rally.task.runner [-] Task 930f32c8-11f3-40f5-9c34-83433b92ac5d | ITER: 4 END: OK
2018-02-16 02:25:59.553 10327 INFO rally.task.runner [-] Task 930f32c8-11f3-40f5-9c34-83433b92ac5d | ITER: 11 START
2018-02-16 02:25:59.596 10340 INFO rally.task.runner [-] Task 930f32c8-11f3-40f5-9c34-83433b92ac5d | ITER: 9 END: OK
2018-02-16 02:25:59.601 10340 INFO rally.task.runner [-] Task 930f32c8-11f3-40f5-9c34-83433b92ac5d | ITER: 12 START
2018-02-16 02:26:00.464 10327 INFO rally.task.runner [-] Task 930f32c8-11f3-40f5-9c34-83433b92ac5d | ITER: 11 END: Error OverLimit: VolumeLimitExceeded: Maximum number of volumes allowed (10) exceeded for quota 'volumes'. (HTTP 413) (Request-ID: req-3bf40fea-d4c1-44ee-b0d9-c8f351266e1d)
2018-02-16 02:26:00.468 10327 INFO rally.task.runner [-] Task 930f32c8-11f3-40f5-9c34-83433b92ac5d | ITER: 13 START
2018-02-16 02:26:00.498 10340 INFO rally.task.runner [-] Task 930f32c8-11f3-40f5-9c34-83433b92ac5d | ITER: 12 END: Error OverLimit: VolumeLimitExceeded: Maximum number of volumes allowed (10) exceeded for quota 'volumes'. (HTTP 413) (Request-ID: req-d0e683c6-55d9-4043-9f5d-509854d8f9ff)
2018-02-16 02:26:00.501 10340 INFO rally.task.runner [-] Task 930f32c8-11f3-40f5-9c34-83433b92ac5d | ITER: 14 START
2018-02-16 02:26:01.896 10339 INFO rally.task.runner [-] Task 930f32c8-11f3-40f5-9c34-83433b92ac5d | ITER: 8 END: OK
2018-02-16 02:26:01.901 10339 INFO rally.task.runner [-] Task 930f32c8-11f3-40f5-9c34-83433b92ac5d | ITER: 15 START
2018-02-16 02:26:02.802 10339 INFO rally.task.runner [-] Task 930f32c8-11f3-40f5-9c34-83433b92ac5d | ITER: 15 END: Error OverLimit: VolumeLimitExceeded: Maximum number of volumes allowed (10) exceeded for quota 'volumes'. (HTTP 413) (Request-ID: req-4443c0e3-9e5a-410f-9c2e-ba3a3a47bcf7)
2018-02-16 02:26:02.806 10339 INFO rally.task.runner [-] Task 930f32c8-11f3-40f5-9c34-83433b92ac5d | ITER: 16 START
2018-02-16 02:26:22.701 10322 INFO rally.task.runner [-] Task 930f32c8-11f3-40f5-9c34-83433b92ac5d | ITER: 1 END: OK
2018-02-16 02:26:22.706 10322 INFO rally.task.runner [-] Task 930f32c8-11f3-40f5-9c34-83433b92ac5d | ITER: 17 START
2018-02-16 02:26:26.281 10333 INFO rally.task.runner [-] Task 930f32c8-11f3-40f5-9c34-83433b92ac5d | ITER: 6 END: OK
2018-02-16 02:26:26.286 10333 INFO rally.task.runner [-] Task 930f32c8-11f3-40f5-9c34-83433b92ac5d | ITER: 18 START
2018-02-16 02:26:28.725 10324 INFO rally.task.runner [-] Task 930f32c8-11f3-40f5-9c34-83433b92ac5d | ITER: 3 END: OK
2018-02-16 02:26:28.731 10324 INFO rally.task.runner [-] Task 930f32c8-11f3-40f5-9c34-83433b92ac5d | ITER: 19 START
2018-02-16 02:26:40.890 10330 INFO rally.task.runner [-] Task 930f32c8-11f3-40f5-9c34-83433b92ac5d | ITER: 5 END: OK
2018-02-16 02:26:40.896 10330 INFO rally.task.runner [-] Task 930f32c8-11f3-40f5-9c34-83433b92ac5d | ITER: 20 START
2018-02-16 02:26:47.524 10323 INFO rally.task.runner [-] Task 930f32c8-11f3-40f5-9c34-83433b92ac5d | ITER: 2 END: OK
2018-02-16 02:26:47.528 10323 INFO rally.task.runner [-] Task 930f32c8-11f3-40f5-9c34-83433b92ac5d | ITER: 21 START
2018-02-16 02:26:51.644 10343 INFO rally.task.runner [-] Task 930f32c8-11f3-40f5-9c34-83433b92ac5d | ITER: 10 END: OK
2018-02-16 02:26:51.649 10343 INFO rally.task.runner [-] Task 930f32c8-11f3-40f5-9c34-83433b92ac5d | ITER: 22 START
2018-02-16 02:26:58.523 10336 INFO rally.task.runner [-] Task 930f32c8-11f3-40f5-9c34-83433b92ac5d | ITER: 7 END: OK
2018-02-16 02:26:58.529 10336 INFO rally.task.runner [-] Task 930f32c8-11f3-40f5-9c34-83433b92ac5d | ITER: 23 START
2018-02-16 02:27:04.574 10339 INFO rally.task.runner [-] Task 930f32c8-11f3-40f5-9c34-83433b92ac5d | ITER: 16 END: OK
2018-02-16 02:27:04.579 10339 INFO rally.task.runner [-] Task 930f32c8-11f3-40f5-9c34-83433b92ac5d | ITER: 24 START
2018-02-16 02:27:16.977 10322 INFO rally.task.runner [-] Task 930f32c8-11f3-40f5-9c34-83433b92ac5d | ITER: 17 END: OK
2018-02-16 02:27:16.981 10322 INFO rally.task.runner [-] Task 930f32c8-11f3-40f5-9c34-83433b92ac5d | ITER: 25 START
2018-02-16 02:27:17.485 10327 INFO rally.task.runner [-] Task 930f32c8-11f3-40f5-9c34-83433b92ac5d | ITER: 13 END: OK
2018-02-16 02:27:17.490 10327 INFO rally.task.runner [-] Task 930f32c8-11f3-40f5-9c34-83433b92ac5d | ITER: 26 START
2018-02-16 02:27:18.465 10327 INFO rally.task.runner [-] Task 930f32c8-11f3-40f5-9c34-83433b92ac5d | ITER: 26 END: Error OverLimit: VolumeLimitExceeded: Maximum number of volumes allowed (10) exceeded for quota 'volumes'. (HTTP 413) (Request-ID: req-3461409a-7edf-4474-bb76-6626c24d21dc)
2018-02-16 02:27:18.468 10327 INFO rally.task.runner [-] Task 930f32c8-11f3-40f5-9c34-83433b92ac5d | ITER: 27 START
2018-02-16 02:27:39.053 10333 INFO rally.task.runner [-] Task 930f32c8-11f3-40f5-9c34-83433b92ac5d | ITER: 18 END: OK
2018-02-16 02:27:39.058 10333 INFO rally.task.runner [-] Task 930f32c8-11f3-40f5-9c34-83433b92ac5d | ITER: 28 START
2018-02-16 02:27:41.810 10339 INFO rally.task.runner [-] Task 930f32c8-11f3-40f5-9c34-83433b92ac5d | ITER: 24 END: OK
2018-02-16 02:27:41.814 10339 INFO rally.task.runner [-] Task 930f32c8-11f3-40f5-9c34-83433b92ac5d | ITER: 29 START
2018-02-16 02:27:42.541 10340 INFO rally.task.runner [-] Task 930f32c8-11f3-40f5-9c34-83433b92ac5d | ITER: 14 END: OK
2018-02-16 02:27:42.546 10340 INFO rally.task.runner [-] Task 930f32c8-11f3-40f5-9c34-83433b92ac5d | ITER: 30 START
2018-02-16 02:28:00.628 10324 INFO rally.task.runner [-] Task 930f32c8-11f3-40f5-9c34-83433b92ac5d | ITER: 19 END: OK
2018-02-16 02:28:00.633 10324 INFO rally.task.runner [-] Task 930f32c8-11f3-40f5-9c34-83433b92ac5d | ITER: 31 START
2018-02-16 02:28:03.886 10327 INFO rally.task.runner [-] Task 930f32c8-11f3-40f5-9c34-83433b92ac5d | ITER: 27 END: OK
2018-02-16 02:28:03.891 10327 INFO rally.task.runner [-] Task 930f32c8-11f3-40f5-9c34-83433b92ac5d | ITER: 32 START
2018-02-16 02:28:06.857 10322 INFO rally.task.runner [-] Task 930f32c8-11f3-40f5-9c34-83433b92ac5d | ITER: 25 END: OK
2018-02-16 02:28:06.861 10322 INFO rally.task.runner [-] Task 930f32c8-11f3-40f5-9c34-83433b92ac5d | ITER: 33 START
2018-02-16 02:28:08.016 10322 INFO rally.task.runner [-] Task 930f32c8-11f3-40f5-9c34-83433b92ac5d | ITER: 33 END: Error OverLimit: VolumeLimitExceeded: Maximum number of volumes allowed (10) exceeded for quota 'volumes'. (HTTP 413) (Request-ID: req-924938e2-1a6a-40a5-b0b2-7aceb64acf7b)
2018-02-16 02:28:08.020 10322 INFO rally.task.runner [-] Task 930f32c8-11f3-40f5-9c34-83433b92ac5d | ITER: 34 START
2018-02-16 02:28:08.878 10322 INFO rally.task.runner [-] Task 930f32c8-11f3-40f5-9c34-83433b92ac5d | ITER: 34 END: Error OverLimit: VolumeLimitExceeded: Maximum number of volumes allowed (10) exceeded for quota 'volumes'. (HTTP 413) (Request-ID: req-59e634ba-e20a-4ebf-89f8-4b97472c5cb5)
2018-02-16 02:28:08.881 10322 INFO rally.task.runner [-] Task 930f32c8-11f3-40f5-9c34-83433b92ac5d | ITER: 35 START
2018-02-16 02:28:10.025 10322 INFO rally.task.runner [-] Task 930f32c8-11f3-40f5-9c34-83433b92ac5d | ITER: 35 END: Error OverLimit: VolumeLimitExceeded: Maximum number of volumes allowed (10) exceeded for quota 'volumes'. (HTTP 413) (Request-ID: req-e839e58b-433d-4b88-8407-9a3a47a73ce2)
2018-02-16 02:28:10.029 10322 INFO rally.task.runner [-] Task 930f32c8-11f3-40f5-9c34-83433b92ac5d | ITER: 36 START
2018-02-16 02:28:14.185 10330 INFO rally.task.runner [-] Task 930f32c8-11f3-40f5-9c34-83433b92ac5d | ITER: 20 END: OK
2018-02-16 02:28:14.190 10330 INFO rally.task.runner [-] Task 930f32c8-11f3-40f5-9c34-83433b92ac5d | ITER: 37 START
2018-02-16 02:28:15.236 10330 INFO rally.task.runner [-] Task 930f32c8-11f3-40f5-9c34-83433b92ac5d | ITER: 37 END: Error OverLimit: VolumeLimitExceeded: Maximum number of volumes allowed (10) exceeded for quota 'volumes'. (HTTP 413) (Request-ID: req-4f7afd98-4ca6-475c-9b17-e3465d6823e7)
2018-02-16 02:28:15.240 10330 INFO rally.task.runner [-] Task 930f32c8-11f3-40f5-9c34-83433b92ac5d | ITER: 38 START
2018-02-16 02:28:16.321 10330 INFO rally.task.runner [-] Task 930f32c8-11f3-40f5-9c34-83433b92ac5d | ITER: 38 END: Error OverLimit: VolumeLimitExceeded: Maximum number of volumes allowed (10) exceeded for quota 'volumes'. (HTTP 413) (Request-ID: req-c30e6b44-6fcc-48d1-9fee-218c3d3c2600)
2018-02-16 02:28:16.324 10330 INFO rally.task.runner [-] Task 930f32c8-11f3-40f5-9c34-83433b92ac5d | ITER: 39 START
2018-02-16 02:28:20.591 10333 INFO rally.task.runner [-] Task 930f32c8-11f3-40f5-9c34-83433b92ac5d | ITER: 28 END: OK
2018-02-16 02:28:20.595 10333 INFO rally.task.runner [-] Task 930f32c8-11f3-40f5-9c34-83433b92ac5d | ITER: 40 START
2018-02-16 02:28:21.555 10333 INFO rally.task.runner [-] Task 930f32c8-11f3-40f5-9c34-83433b92ac5d | ITER: 40 END: Error OverLimit: VolumeLimitExceeded: Maximum number of volumes allowed (10) exceeded for quota 'volumes'. (HTTP 413) (Request-ID: req-8ea0cd0b-7c16-4963-9c9f-85a65e0b9074)
2018-02-16 02:28:21.558 10333 INFO rally.task.runner [-] Task 930f32c8-11f3-40f5-9c34-83433b92ac5d | ITER: 41 START
2018-02-16 02:28:39.694 10324 INFO rally.task.runner [-] Task 930f32c8-11f3-40f5-9c34-83433b92ac5d | ITER: 31 END: OK
2018-02-16 02:28:39.698 10324 INFO rally.task.runner [-] Task 930f32c8-11f3-40f5-9c34-83433b92ac5d | ITER: 42 START
2018-02-16 02:28:42.285 10323 INFO rally.task.runner [-] Task 930f32c8-11f3-40f5-9c34-83433b92ac5d | ITER: 21 END: OK
2018-02-16 02:28:42.289 10323 INFO rally.task.runner [-] Task 930f32c8-11f3-40f5-9c34-83433b92ac5d | ITER: 43 START
2018-02-16 02:28:43.283 10323 INFO rally.task.runner [-] Task 930f32c8-11f3-40f5-9c34-83433b92ac5d | ITER: 43 END: Error OverLimit: VolumeLimitExceeded: Maximum number of volumes allowed (10) exceeded for quota 'volumes'. (HTTP 413) (Request-ID: req-248e0018-8fb3-4598-a902-a77d04f94098)
2018-02-16 02:28:43.286 10323 INFO rally.task.runner [-] Task 930f32c8-11f3-40f5-9c34-83433b92ac5d | ITER: 44 START
2018-02-16 02:28:44.633 10339 INFO rally.task.runner [-] Task 930f32c8-11f3-40f5-9c34-83433b92ac5d | ITER: 29 END: OK
2018-02-16 02:28:44.637 10339 INFO rally.task.runner [-] Task 930f32c8-11f3-40f5-9c34-83433b92ac5d | ITER: 45 START
2018-02-16 02:29:03.567 10343 INFO rally.task.runner [-] Task 930f32c8-11f3-40f5-9c34-83433b92ac5d | ITER: 22 END: OK
2018-02-16 02:29:03.571 10343 INFO rally.task.runner [-] Task 930f32c8-11f3-40f5-9c34-83433b92ac5d | ITER: 46 START
2018-02-16 02:29:04.040 10340 INFO rally.task.runner [-] Task 930f32c8-11f3-40f5-9c34-83433b92ac5d | ITER: 30 END: OK
2018-02-16 02:29:04.044 10340 INFO rally.task.runner [-] Task 930f32c8-11f3-40f5-9c34-83433b92ac5d | ITER: 47 START
2018-02-16 02:29:04.576 10343 INFO rally.task.runner [-] Task 930f32c8-11f3-40f5-9c34-83433b92ac5d | ITER: 46 END: Error OverLimit: VolumeLimitExceeded: Maximum number of volumes allowed (10) exceeded for quota 'volumes'. (HTTP 413) (Request-ID: req-8f0e631f-cb30-4682-b2fe-a99e35251427)
2018-02-16 02:29:04.580 10343 INFO rally.task.runner [-] Task 930f32c8-11f3-40f5-9c34-83433b92ac5d | ITER: 48 START
2018-02-16 02:29:25.536 10327 INFO rally.task.runner [-] Task 930f32c8-11f3-40f5-9c34-83433b92ac5d | ITER: 32 END: OK
2018-02-16 02:29:25.540 10327 INFO rally.task.runner [-] Task 930f32c8-11f3-40f5-9c34-83433b92ac5d | ITER: 49 START
2018-02-16 02:29:26.074 10336 INFO rally.task.runner [-] Task 930f32c8-11f3-40f5-9c34-83433b92ac5d | ITER: 23 END: OK
2018-02-16 02:29:26.079 10336 INFO rally.task.runner [-] Task 930f32c8-11f3-40f5-9c34-83433b92ac5d | ITER: 50 START
2018-02-16 02:29:26.416 10327 INFO rally.task.runner [-] Task 930f32c8-11f3-40f5-9c34-83433b92ac5d | ITER: 49 END: Error OverLimit: VolumeLimitExceeded: Maximum number of volumes allowed (10) exceeded for quota 'volumes'. (HTTP 413) (Request-ID: req-ae4b640c-5d7b-4061-a31f-53ba23a3fd95)
2018-02-16 02:29:26.419 10327 INFO rally.task.runner [-] Task 930f32c8-11f3-40f5-9c34-83433b92ac5d | ITER: 51 START
2018-02-16 02:29:27.015 10336 INFO rally.task.runner [-] Task 930f32c8-11f3-40f5-9c34-83433b92ac5d | ITER: 50 END: Error OverLimit: VolumeLimitExceeded: Maximum number of volumes allowed (10) exceeded for quota 'volumes'. (HTTP 413) (Request-ID: req-b02b434d-0ba0-4c8a-9787-1f54a77382a8)
2018-02-16 02:29:27.019 10336 INFO rally.task.runner [-] Task 930f32c8-11f3-40f5-9c34-83433b92ac5d | ITER: 52 START
2018-02-16 02:29:47.413 10322 INFO rally.task.runner [-] Task 930f32c8-11f3-40f5-9c34-83433b92ac5d | ITER: 36 END: OK
2018-02-16 02:29:47.417 10322 INFO rally.task.runner [-] Task 930f32c8-11f3-40f5-9c34-83433b92ac5d | ITER: 53 START
2018-02-16 02:29:50.766 10330 INFO rally.task.runner [-] Task 930f32c8-11f3-40f5-9c34-83433b92ac5d | ITER: 39 END: OK
2018-02-16 02:29:50.771 10330 INFO rally.task.runner [-] Task 930f32c8-11f3-40f5-9c34-83433b92ac5d | ITER: 54 START
2018-02-16 02:30:09.146 10333 INFO rally.task.runner [-] Task 930f32c8-11f3-40f5-9c34-83433b92ac5d | ITER: 41 END: OK
2018-02-16 02:30:09.150 10333 INFO rally.task.runner [-] Task 930f32c8-11f3-40f5-9c34-83433b92ac5d | ITER: 55 START
2018-02-16 02:30:11.084 10324 INFO rally.task.runner [-] Task 930f32c8-11f3-40f5-9c34-83433b92ac5d | ITER: 42 END: OK
2018-02-16 02:30:11.088 10324 INFO rally.task.runner [-] Task 930f32c8-11f3-40f5-9c34-83433b92ac5d | ITER: 56 START
2018-02-16 02:30:29.300 10323 INFO rally.task.runner [-] Task 930f32c8-11f3-40f5-9c34-83433b92ac5d | ITER: 44 END: OK
2018-02-16 02:30:29.305 10323 INFO rally.task.runner [-] Task 930f32c8-11f3-40f5-9c34-83433b92ac5d | ITER: 57 START
2018-02-16 02:30:47.430 10339 INFO rally.task.runner [-] Task 930f32c8-11f3-40f5-9c34-83433b92ac5d | ITER: 45 END: OK
2018-02-16 02:30:47.434 10339 INFO rally.task.runner [-] Task 930f32c8-11f3-40f5-9c34-83433b92ac5d | ITER: 58 START
2018-02-16 02:31:07.130 10340 INFO rally.task.runner [-] Task 930f32c8-11f3-40f5-9c34-83433b92ac5d | ITER: 47 END: OK
2018-02-16 02:31:07.134 10340 INFO rally.task.runner [-] Task 930f32c8-11f3-40f5-9c34-83433b92ac5d | ITER: 59 START
2018-02-16 02:31:26.673 10343 INFO rally.task.runner [-] Task 930f32c8-11f3-40f5-9c34-83433b92ac5d | ITER: 48 END: OK
2018-02-16 02:31:26.677 10343 INFO rally.task.runner [-] Task 930f32c8-11f3-40f5-9c34-83433b92ac5d | ITER: 60 START
2018-02-16 02:31:43.764 10327 INFO rally.task.runner [-] Task 930f32c8-11f3-40f5-9c34-83433b92ac5d | ITER: 51 END: OK
2018-02-16 02:31:43.768 10327 INFO rally.task.runner [-] Task 930f32c8-11f3-40f5-9c34-83433b92ac5d | ITER: 61 START
2018-02-16 02:32:02.064 10343 INFO rally.task.runner [-] Task 930f32c8-11f3-40f5-9c34-83433b92ac5d | ITER: 60 END: OK
2018-02-16 02:32:02.068 10343 INFO rally.task.runner [-] Task 930f32c8-11f3-40f5-9c34-83433b92ac5d | ITER: 62 START
2018-02-16 02:32:07.640 10336 INFO rally.task.runner [-] Task 930f32c8-11f3-40f5-9c34-83433b92ac5d | ITER: 52 END: OK
2018-02-16 02:32:07.644 10336 INFO rally.task.runner [-] Task 930f32c8-11f3-40f5-9c34-83433b92ac5d | ITER: 63 START
2018-02-16 02:32:22.726 10322 INFO rally.task.runner [-] Task 930f32c8-11f3-40f5-9c34-83433b92ac5d | ITER: 53 END: OK
2018-02-16 02:32:22.731 10322 INFO rally.task.runner [-] Task 930f32c8-11f3-40f5-9c34-83433b92ac5d | ITER: 64 START
2018-02-16 02:32:43.823 10330 INFO rally.task.runner [-] Task 930f32c8-11f3-40f5-9c34-83433b92ac5d | ITER: 54 END: OK
2018-02-16 02:32:43.828 10330 INFO rally.task.runner [-] Task 930f32c8-11f3-40f5-9c34-83433b92ac5d | ITER: 65 START
2018-02-16 02:33:02.116 10333 INFO rally.task.runner [-] Task 930f32c8-11f3-40f5-9c34-83433b92ac5d | ITER: 55 END: OK
2018-02-16 02:33:02.121 10333 INFO rally.task.runner [-] Task 930f32c8-11f3-40f5-9c34-83433b92ac5d | ITER: 66 START
2018-02-16 02:33:20.873 10324 INFO rally.task.runner [-] Task 930f32c8-11f3-40f5-9c34-83433b92ac5d | ITER: 56 END: OK
2018-02-16 02:33:20.878 10324 INFO rally.task.runner [-] Task 930f32c8-11f3-40f5-9c34-83433b92ac5d | ITER: 67 START
2018-02-16 02:33:39.372 10323 INFO rally.task.runner [-] Task 930f32c8-11f3-40f5-9c34-83433b92ac5d | ITER: 57 END: OK
2018-02-16 02:33:39.377 10323 INFO rally.task.runner [-] Task 930f32c8-11f3-40f5-9c34-83433b92ac5d | ITER: 68 START
2018-02-16 02:33:57.912 10339 INFO rally.task.runner [-] Task 930f32c8-11f3-40f5-9c34-83433b92ac5d | ITER: 58 END: OK
2018-02-16 02:33:57.917 10339 INFO rally.task.runner [-] Task 930f32c8-11f3-40f5-9c34-83433b92ac5d | ITER: 69 START
2018-02-16 02:34:15.322 10340 INFO rally.task.runner [-] Task 930f32c8-11f3-40f5-9c34-83433b92ac5d | ITER: 59 END: OK
2018-02-16 02:34:15.326 10340 INFO rally.task.runner [-] Task 930f32c8-11f3-40f5-9c34-83433b92ac5d | ITER: 70 START
2018-02-16 02:34:35.395 10327 INFO rally.task.runner [-] Task 930f32c8-11f3-40f5-9c34-83433b92ac5d | ITER: 61 END: OK
2018-02-16 02:34:35.400 10327 INFO rally.task.runner [-] Task 930f32c8-11f3-40f5-9c34-83433b92ac5d | ITER: 71 START
2018-02-16 02:34:53.596 10343 INFO rally.task.runner [-] Task 930f32c8-11f3-40f5-9c34-83433b92ac5d | ITER: 62 END: OK
2018-02-16 02:34:53.600 10343 INFO rally.task.runner [-] Task 930f32c8-11f3-40f5-9c34-83433b92ac5d | ITER: 72 START
2018-02-16 02:35:10.932 10336 INFO rally.task.runner [-] Task 930f32c8-11f3-40f5-9c34-83433b92ac5d | ITER: 63 END: OK
2018-02-16 02:35:10.936 10336 INFO rally.task.runner [-] Task 930f32c8-11f3-40f5-9c34-83433b92ac5d | ITER: 73 START
2018-02-16 02:35:30.553 10322 INFO rally.task.runner [-] Task 930f32c8-11f3-40f5-9c34-83433b92ac5d | ITER: 64 END: OK
2018-02-16 02:35:30.559 10322 INFO rally.task.runner [-] Task 930f32c8-11f3-40f5-9c34-83433b92ac5d | ITER: 74 START
2018-02-16 02:35:49.580 10330 INFO rally.task.runner [-] Task 930f32c8-11f3-40f5-9c34-83433b92ac5d | ITER: 65 END: OK
2018-02-16 02:35:49.585 10330 INFO rally.task.runner [-] Task 930f32c8-11f3-40f5-9c34-83433b92ac5d | ITER: 75 START
2018-02-16 02:36:04.746 10333 INFO rally.task.runner [-] Task 930f32c8-11f3-40f5-9c34-83433b92ac5d | ITER: 66 END: OK
2018-02-16 02:36:04.750 10333 INFO rally.task.runner [-] Task 930f32c8-11f3-40f5-9c34-83433b92ac5d | ITER: 76 START
2018-02-16 02:36:23.101 10324 INFO rally.task.runner [-] Task 930f32c8-11f3-40f5-9c34-83433b92ac5d | ITER: 67 END: OK
2018-02-16 02:36:23.106 10324 INFO rally.task.runner [-] Task 930f32c8-11f3-40f5-9c34-83433b92ac5d | ITER: 77 START
2018-02-16 02:36:42.830 10323 INFO rally.task.runner [-] Task 930f32c8-11f3-40f5-9c34-83433b92ac5d | ITER: 68 END: OK
2018-02-16 02:36:42.834 10323 INFO rally.task.runner [-] Task 930f32c8-11f3-40f5-9c34-83433b92ac5d | ITER: 78 START
2018-02-16 02:37:02.779 10324 INFO rally.task.runner [-] Task 930f32c8-11f3-40f5-9c34-83433b92ac5d | ITER: 77 END: OK
2018-02-16 02:37:02.783 10324 INFO rally.task.runner [-] Task 930f32c8-11f3-40f5-9c34-83433b92ac5d | ITER: 79 START
2018-02-16 02:37:04.324 10339 INFO rally.task.runner [-] Task 930f32c8-11f3-40f5-9c34-83433b92ac5d | ITER: 69 END: OK
2018-02-16 02:37:04.328 10339 INFO rally.task.runner [-] Task 930f32c8-11f3-40f5-9c34-83433b92ac5d | ITER: 80 START
2018-02-16 02:37:11.237 10323 INFO rally.task.runner [-] Task 930f32c8-11f3-40f5-9c34-83433b92ac5d | ITER: 78 END: OK
2018-02-16 02:37:11.241 10323 INFO rally.task.runner [-] Task 930f32c8-11f3-40f5-9c34-83433b92ac5d | ITER: 81 START
2018-02-16 02:37:23.043 10340 INFO rally.task.runner [-] Task 930f32c8-11f3-40f5-9c34-83433b92ac5d | ITER: 70 END: OK
2018-02-16 02:37:23.046 10340 INFO rally.task.runner [-] Task 930f32c8-11f3-40f5-9c34-83433b92ac5d | ITER: 82 START
2018-02-16 02:37:43.430 10327 INFO rally.task.runner [-] Task 930f32c8-11f3-40f5-9c34-83433b92ac5d | ITER: 71 END: OK
2018-02-16 02:37:43.435 10327 INFO rally.task.runner [-] Task 930f32c8-11f3-40f5-9c34-83433b92ac5d | ITER: 83 START
2018-02-16 02:37:44.435 10327 INFO rally.task.runner [-] Task 930f32c8-11f3-40f5-9c34-83433b92ac5d | ITER: 83 END: Error OverLimit: VolumeLimitExceeded: Maximum number of volumes allowed (10) exceeded for quota 'volumes'. (HTTP 413) (Request-ID: req-36cc9dac-973d-424b-85bc-6f401ca3d435)
2018-02-16 02:37:44.439 10327 INFO rally.task.runner [-] Task 930f32c8-11f3-40f5-9c34-83433b92ac5d | ITER: 84 START
2018-02-16 02:37:46.271 10339 INFO rally.task.runner [-] Task 930f32c8-11f3-40f5-9c34-83433b92ac5d | ITER: 80 END: OK
2018-02-16 02:37:46.275 10339 INFO rally.task.runner [-] Task 930f32c8-11f3-40f5-9c34-83433b92ac5d | ITER: 85 START
2018-02-16 02:38:01.284 10323 INFO rally.task.runner [-] Task 930f32c8-11f3-40f5-9c34-83433b92ac5d | ITER: 81 END: OK
2018-02-16 02:38:01.287 10323 INFO rally.task.runner [-] Task 930f32c8-11f3-40f5-9c34-83433b92ac5d | ITER: 86 START
2018-02-16 02:38:03.914 10343 INFO rally.task.runner [-] Task 930f32c8-11f3-40f5-9c34-83433b92ac5d | ITER: 72 END: OK
2018-02-16 02:38:03.917 10343 INFO rally.task.runner [-] Task 930f32c8-11f3-40f5-9c34-83433b92ac5d | ITER: 87 START
2018-02-16 02:38:24.520 10336 INFO rally.task.runner [-] Task 930f32c8-11f3-40f5-9c34-83433b92ac5d | ITER: 73 END: OK
2018-02-16 02:38:24.524 10336 INFO rally.task.runner [-] Task 930f32c8-11f3-40f5-9c34-83433b92ac5d | ITER: 88 START
2018-02-16 02:38:26.274 10327 INFO rally.task.runner [-] Task 930f32c8-11f3-40f5-9c34-83433b92ac5d | ITER: 84 END: OK
2018-02-16 02:38:26.278 10327 INFO rally.task.runner [-] Task 930f32c8-11f3-40f5-9c34-83433b92ac5d | ITER: 89 START
2018-02-16 02:38:27.183 10327 INFO rally.task.runner [-] Task 930f32c8-11f3-40f5-9c34-83433b92ac5d | ITER: 89 END: Error OverLimit: VolumeLimitExceeded: Maximum number of volumes allowed (10) exceeded for quota 'volumes'. (HTTP 413) (Request-ID: req-f404dd27-bf86-4fa4-89b9-566ae4a361cb)
2018-02-16 02:38:27.186 10327 INFO rally.task.runner [-] Task 930f32c8-11f3-40f5-9c34-83433b92ac5d | ITER: 90 START
2018-02-16 02:38:46.449 10322 INFO rally.task.runner [-] Task 930f32c8-11f3-40f5-9c34-83433b92ac5d | ITER: 74 END: OK
2018-02-16 02:38:46.452 10322 INFO rally.task.runner [-] Task 930f32c8-11f3-40f5-9c34-83433b92ac5d | ITER: 91 START
2018-02-16 02:38:46.460 10339 INFO rally.task.runner [-] Task 930f32c8-11f3-40f5-9c34-83433b92ac5d | ITER: 85 END: OK
2018-02-16 02:38:46.463 10339 INFO rally.task.runner [-] Task 930f32c8-11f3-40f5-9c34-83433b92ac5d | ITER: 92 START
2018-02-16 02:39:08.169 10330 INFO rally.task.runner [-] Task 930f32c8-11f3-40f5-9c34-83433b92ac5d | ITER: 75 END: OK
2018-02-16 02:39:08.173 10330 INFO rally.task.runner [-] Task 930f32c8-11f3-40f5-9c34-83433b92ac5d | ITER: 93 START
2018-02-16 02:39:26.043 10339 INFO rally.task.runner [-] Task 930f32c8-11f3-40f5-9c34-83433b92ac5d | ITER: 92 END: OK
2018-02-16 02:39:26.047 10339 INFO rally.task.runner [-] Task 930f32c8-11f3-40f5-9c34-83433b92ac5d | ITER: 94 START
2018-02-16 02:39:26.680 10333 INFO rally.task.runner [-] Task 930f32c8-11f3-40f5-9c34-83433b92ac5d | ITER: 76 END: OK
2018-02-16 02:39:26.684 10333 INFO rally.task.runner [-] Task 930f32c8-11f3-40f5-9c34-83433b92ac5d | ITER: 95 START
2018-02-16 02:39:35.727 10322 INFO rally.task.runner [-] Task 930f32c8-11f3-40f5-9c34-83433b92ac5d | ITER: 91 END: OK
2018-02-16 02:39:35.731 10322 INFO rally.task.runner [-] Task 930f32c8-11f3-40f5-9c34-83433b92ac5d | ITER: 96 START
2018-02-16 02:39:45.725 10324 INFO rally.task.runner [-] Task 930f32c8-11f3-40f5-9c34-83433b92ac5d | ITER: 79 END: OK
2018-02-16 02:39:45.729 10324 INFO rally.task.runner [-] Task 930f32c8-11f3-40f5-9c34-83433b92ac5d | ITER: 97 START
2018-02-16 02:40:03.726 10340 INFO rally.task.runner [-] Task 930f32c8-11f3-40f5-9c34-83433b92ac5d | ITER: 82 END: OK
2018-02-16 02:40:03.730 10340 INFO rally.task.runner [-] Task 930f32c8-11f3-40f5-9c34-83433b92ac5d | ITER: 98 START
2018-02-16 02:40:22.499 10323 INFO rally.task.runner [-] Task 930f32c8-11f3-40f5-9c34-83433b92ac5d | ITER: 86 END: OK
2018-02-16 02:40:22.503 10323 INFO rally.task.runner [-] Task 930f32c8-11f3-40f5-9c34-83433b92ac5d | ITER: 99 START
2018-02-16 02:40:40.930 10343 INFO rally.task.runner [-] Task 930f32c8-11f3-40f5-9c34-83433b92ac5d | ITER: 87 END: OK
2018-02-16 02:40:40.934 10343 INFO rally.task.runner [-] Task 930f32c8-11f3-40f5-9c34-83433b92ac5d | ITER: 100 START
2018-02-16 02:40:58.801 10336 INFO rally.task.runner [-] Task 930f32c8-11f3-40f5-9c34-83433b92ac5d | ITER: 88 END: OK
2018-02-16 02:41:16.064 10327 INFO rally.task.runner [-] Task 930f32c8-11f3-40f5-9c34-83433b92ac5d | ITER: 90 END: OK
2018-02-16 02:41:36.999 10330 INFO rally.task.runner [-] Task 930f32c8-11f3-40f5-9c34-83433b92ac5d | ITER: 93 END: OK
2018-02-16 02:41:55.839 10339 INFO rally.task.runner [-] Task 930f32c8-11f3-40f5-9c34-83433b92ac5d | ITER: 94 END: OK
2018-02-16 02:42:15.559 10333 INFO rally.task.runner [-] Task 930f32c8-11f3-40f5-9c34-83433b92ac5d | ITER: 95 END: OK
2018-02-16 02:42:35.410 10322 INFO rally.task.runner [-] Task 930f32c8-11f3-40f5-9c34-83433b92ac5d | ITER: 96 END: OK
2018-02-16 02:42:53.688 10324 INFO rally.task.runner [-] Task 930f32c8-11f3-40f5-9c34-83433b92ac5d | ITER: 97 END: OK
2018-02-16 02:43:09.513 10340 INFO rally.task.runner [-] Task 930f32c8-11f3-40f5-9c34-83433b92ac5d | ITER: 98 END: OK
2018-02-16 02:43:30.858 10323 INFO rally.task.runner [-] Task 930f32c8-11f3-40f5-9c34-83433b92ac5d | ITER: 99 END: OK
2018-02-16 02:43:44.702 10343 INFO rally.task.runner [-] Task 930f32c8-11f3-40f5-9c34-83433b92ac5d | ITER: 100 END: OK
2018-02-16 02:43:44.729 10194 INFO rally.task.context [-] Task 930f32c8-11f3-40f5-9c34-83433b92ac5d | Context cleanup@openstack cleanup() started
2018-02-16 02:43:50.289 10194 INFO rally.task.context [-] Task 930f32c8-11f3-40f5-9c34-83433b92ac5d | Context cleanup@openstack cleanup() finished in 5.56 sec
2018-02-16 02:43:50.290 10194 INFO rally.task.context [-] Task 930f32c8-11f3-40f5-9c34-83433b92ac5d | Context users@openstack cleanup() started
2018-02-16 02:43:54.799 10194 INFO rally.task.context [-] Task 930f32c8-11f3-40f5-9c34-83433b92ac5d | Context users@openstack cleanup() finished in 4.51 sec
2018-02-16 02:43:55.049 10194 INFO rally.task.engine [-] Load duration is: 1105.84041
2018-02-16 02:43:55.049 10194 INFO rally.task.engine [-] Full runner duration is: 1106.888627
2018-02-16 02:43:55.050 10194 INFO rally.task.engine [-] Full duration is: 1121.641991
2018-02-16 02:43:55.169 10194 INFO rally.task.engine [-] Task 930f32c8-11f3-40f5-9c34-83433b92ac5d | Completed: Running task.

--------------------------------------------------------------------------------
Task 930f32c8-11f3-40f5-9c34-83433b92ac5d: finished
--------------------------------------------------------------------------------

test scenario NovaServers.boot_server_from_volume_and_delete
args position 0
args values:
{
  "runner": {
    "times": 100, 
    "concurrency": 10
  }, 
  "contexts": {}, 
  "args": {
    "flavor": {
      "name": "m1.medium"
    }, 
    "image": {
      "name": "CentOS 7"
    }, 
    "volume_size": 50, 
    "volume_type": "", 
    "force_delete": false
  }, 
  "sla": {
    "failure_rate": {
      "max": 0
    }
  }, 
  "hooks": []
}

--------------------------------------------------------------------------------
Task 930f32c8-11f3-40f5-9c34-83433b92ac5d has 16 error(s)
--------------------------------------------------------------------------------

OverLimit: VolumeLimitExceeded: Maximum number of volumes allowed (10) exceeded for quota 'volumes'. (HTTP 413) (Request-ID: req-3bf40fea-d4c1-44ee-b0d9-c8f351266e1d)

Traceback (most recent call last):
  File "/home/leon0944/rally/local/lib/python2.7/site-packages/rally/task/runner.py", line 71, in _run_scenario_once
    getattr(scenario_inst, method_name)(**scenario_kwargs)
  File "/home/leon0944/rally/local/lib/python2.7/site-packages/rally/plugins/openstack/scenarios/nova/servers.py", line 189, in run
    volume_type=volume_type)
  File "/home/leon0944/rally/local/lib/python2.7/site-packages/rally/task/service.py", line 116, in wrapper
    return func(instance, *args, **kwargs)
  File "/home/leon0944/rally/local/lib/python2.7/site-packages/rally/plugins/openstack/services/storage/block.py", line 77, in create_volume
    source_replica=source_replica, multiattach=multiattach)
  File "/home/leon0944/rally/local/lib/python2.7/site-packages/rally/task/service.py", line 116, in wrapper
    return func(instance, *args, **kwargs)
  File "/home/leon0944/rally/local/lib/python2.7/site-packages/rally/plugins/openstack/services/storage/cinder_v2.py", line 274, in create_volume
    source_replica=source_replica, multiattach=multiattach))
  File "/home/leon0944/rally/local/lib/python2.7/site-packages/rally/task/service.py", line 116, in wrapper
    return func(instance, *args, **kwargs)
  File "/home/leon0944/rally/local/lib/python2.7/site-packages/rally/task/atomic.py", line 91, in func_atomic_actions
    f = func(self, *args, **kwargs)
  File "/home/leon0944/rally/local/lib/python2.7/site-packages/rally/plugins/openstack/services/storage/cinder_v2.py", line 76, in create_volume
    .volumes.create(size, **kwargs))
  File "/home/leon0944/rally/local/lib/python2.7/site-packages/cinderclient/v2/volumes.py", line 290, in create
    return self._create('/volumes', body, 'volume')
  File "/home/leon0944/rally/local/lib/python2.7/site-packages/cinderclient/base.py", line 324, in _create
    resp, body = self.api.client.post(url, body=body)
  File "/home/leon0944/rally/local/lib/python2.7/site-packages/cinderclient/client.py", line 202, in post
    return self._cs_request(url, 'POST', **kwargs)
  File "/home/leon0944/rally/local/lib/python2.7/site-packages/cinderclient/client.py", line 190, in _cs_request
    return self.request(url, method, **kwargs)
  File "/home/leon0944/rally/local/lib/python2.7/site-packages/cinderclient/client.py", line 176, in request
    raise exceptions.from_response(resp, body)
OverLimit: VolumeLimitExceeded: Maximum number of volumes allowed (10) exceeded for quota 'volumes'. (HTTP 413) (Request-ID: req-3bf40fea-d4c1-44ee-b0d9-c8f351266e1d)

--------------------------------------------------------------------------------
OverLimit: VolumeLimitExceeded: Maximum number of volumes allowed (10) exceeded for quota 'volumes'. (HTTP 413) (Request-ID: req-d0e683c6-55d9-4043-9f5d-509854d8f9ff)

Traceback (most recent call last):
  File "/home/leon0944/rally/local/lib/python2.7/site-packages/rally/task/runner.py", line 71, in _run_scenario_once
    getattr(scenario_inst, method_name)(**scenario_kwargs)
  File "/home/leon0944/rally/local/lib/python2.7/site-packages/rally/plugins/openstack/scenarios/nova/servers.py", line 189, in run
    volume_type=volume_type)
  File "/home/leon0944/rally/local/lib/python2.7/site-packages/rally/task/service.py", line 116, in wrapper
    return func(instance, *args, **kwargs)
  File "/home/leon0944/rally/local/lib/python2.7/site-packages/rally/plugins/openstack/services/storage/block.py", line 77, in create_volume
    source_replica=source_replica, multiattach=multiattach)
  File "/home/leon0944/rally/local/lib/python2.7/site-packages/rally/task/service.py", line 116, in wrapper
    return func(instance, *args, **kwargs)
  File "/home/leon0944/rally/local/lib/python2.7/site-packages/rally/plugins/openstack/services/storage/cinder_v2.py", line 274, in create_volume
    source_replica=source_replica, multiattach=multiattach))
  File "/home/leon0944/rally/local/lib/python2.7/site-packages/rally/task/service.py", line 116, in wrapper
    return func(instance, *args, **kwargs)
  File "/home/leon0944/rally/local/lib/python2.7/site-packages/rally/task/atomic.py", line 91, in func_atomic_actions
    f = func(self, *args, **kwargs)
  File "/home/leon0944/rally/local/lib/python2.7/site-packages/rally/plugins/openstack/services/storage/cinder_v2.py", line 76, in create_volume
    .volumes.create(size, **kwargs))
  File "/home/leon0944/rally/local/lib/python2.7/site-packages/cinderclient/v2/volumes.py", line 290, in create
    return self._create('/volumes', body, 'volume')
  File "/home/leon0944/rally/local/lib/python2.7/site-packages/cinderclient/base.py", line 324, in _create
    resp, body = self.api.client.post(url, body=body)
  File "/home/leon0944/rally/local/lib/python2.7/site-packages/cinderclient/client.py", line 202, in post
    return self._cs_request(url, 'POST', **kwargs)
  File "/home/leon0944/rally/local/lib/python2.7/site-packages/cinderclient/client.py", line 190, in _cs_request
    return self.request(url, method, **kwargs)
  File "/home/leon0944/rally/local/lib/python2.7/site-packages/cinderclient/client.py", line 176, in request
    raise exceptions.from_response(resp, body)
OverLimit: VolumeLimitExceeded: Maximum number of volumes allowed (10) exceeded for quota 'volumes'. (HTTP 413) (Request-ID: req-d0e683c6-55d9-4043-9f5d-509854d8f9ff)

--------------------------------------------------------------------------------
OverLimit: VolumeLimitExceeded: Maximum number of volumes allowed (10) exceeded for quota 'volumes'. (HTTP 413) (Request-ID: req-4443c0e3-9e5a-410f-9c2e-ba3a3a47bcf7)

Traceback (most recent call last):
