2018-04-25 19:35:25.833 18196 INFO rally.task.context [-] Task 901e29c1-e6e9-42c5-b3e1-3a653f1f5505 | Context users@openstack cleanup() started
2018-04-25 19:35:28.980 18196 INFO rally.task.context [-] Task 901e29c1-e6e9-42c5-b3e1-3a653f1f5505 | Context users@openstack cleanup() finished in 3.15 sec
2018-04-25 19:35:28.980 18196 INFO rally.task.engine [-] Task 901e29c1-e6e9-42c5-b3e1-3a653f1f5505 | Completed: Task validation of semantic.
2018-04-25 19:35:28.981 18196 INFO rally.task.engine [-] Task 901e29c1-e6e9-42c5-b3e1-3a653f1f5505 | Completed: Task validation.
2018-04-25 19:35:28.981 18196 INFO rally.api [-] Task 901e29c1-e6e9-42c5-b3e1-3a653f1f5505 input file is valid.
2018-04-25 19:35:28.981 18196 INFO rally.api [-] Run Task 901e29c1-e6e9-42c5-b3e1-3a653f1f5505 against Deployment ab52c4ca-1635-4294-83f0-32b091812a67
2018-04-25 19:35:28.982 18196 INFO rally.task.engine [-] Task 901e29c1-e6e9-42c5-b3e1-3a653f1f5505 | Starting:  Running task.
2018-04-25 19:35:29.029 18196 INFO rally.task.engine [-] Running workload: 
  position = 0
  config = {
   "version": 2, 
   "title": "A cropped version of a bigger task.", 
   "description": "Auto-generated task from a single workload (uuid=a0583cae-63a2-4778-8046-5bea28cb2da8)", 
   "subtasks": [
      {
         "title": "NovaServers.boot_server_attach_created_volume_and_resize", 
         "description": "Create a VM from image, attach a volume to it and resize.", 
         "scenario": {
            "NovaServers.boot_server_attach_created_volume_and_resize": {
               "flavor": {
                  "name": "m1.medium"
               }, 
               "image": {
                  "name": "Ubuntu 14.04 LTS"
               }, 
               "to_flavor": {
                  "name": "m1.large"
               }, 
               "confirm": true, 
               "volume_size": 1, 
               "force_delete": false, 
               "do_delete": true, 
               "boot_server_kwargs": {}, 
               "create_volume_kwargs": {}
            }
         }, 
         "contexts": {
            "users": {
               "tenants": 3, 
               "users_per_tenant": 2
            }
         }, 
         "runner": {
            "constant": {
               "times": 4, 
               "concurrency": 2
            }
         }, 
         "hooks": [], 
         "sla": {
            "failure_rate": {
               "max": 0
            }
         }
      }
   ]
}
2018-04-25 19:35:31.710 18196 INFO rally.task.context [-] Task 901e29c1-e6e9-42c5-b3e1-3a653f1f5505 | Context users@openstack setup()  finished in 2.65 sec
2018-04-25 19:35:31.711 18196 INFO rally.task.context [-] Task 901e29c1-e6e9-42c5-b3e1-3a653f1f5505 | Context cleanup@openstack setup()  finished in 0.01 msec
2018-04-25 19:35:32.477 18326 INFO rally.task.runner [-] Task 901e29c1-e6e9-42c5-b3e1-3a653f1f5505 | ITER: 1 START
2018-04-25 19:35:32.480 18327 INFO rally.task.runner [-] Task 901e29c1-e6e9-42c5-b3e1-3a653f1f5505 | ITER: 2 START
2018-04-25 19:37:30.546 18327 INFO rally.task.runner [-] Task 901e29c1-e6e9-42c5-b3e1-3a653f1f5505 | ITER: 2 END: OK
2018-04-25 19:37:30.552 18327 INFO rally.task.runner [-] Task 901e29c1-e6e9-42c5-b3e1-3a653f1f5505 | ITER: 3 START
2018-04-25 19:37:32.149 18326 INFO rally.task.runner [-] Task 901e29c1-e6e9-42c5-b3e1-3a653f1f5505 | ITER: 1 END: OK
2018-04-25 19:37:32.156 18326 INFO rally.task.runner [-] Task 901e29c1-e6e9-42c5-b3e1-3a653f1f5505 | ITER: 4 START
2018-04-25 19:39:27.187 18327 INFO rally.task.runner [-] Task 901e29c1-e6e9-42c5-b3e1-3a653f1f5505 | ITER: 3 END: OK
2018-04-25 19:39:29.038 18326 INFO rally.task.runner [-] Task 901e29c1-e6e9-42c5-b3e1-3a653f1f5505 | ITER: 4 END: OK
2018-04-25 19:39:29.060 18196 INFO rally.task.context [-] Task 901e29c1-e6e9-42c5-b3e1-3a653f1f5505 | Context cleanup@openstack cleanup() started
2018-04-25 19:39:40.715 18196 INFO rally.task.context [-] Task 901e29c1-e6e9-42c5-b3e1-3a653f1f5505 | Context cleanup@openstack cleanup() finished in 11.66 sec
2018-04-25 19:39:40.716 18196 INFO rally.task.context [-] Task 901e29c1-e6e9-42c5-b3e1-3a653f1f5505 | Context users@openstack cleanup() started
2018-04-25 19:39:45.390 18196 INFO rally.task.context [-] Task 901e29c1-e6e9-42c5-b3e1-3a653f1f5505 | Context users@openstack cleanup() finished in 4.67 sec
2018-04-25 19:39:46.471 18196 INFO rally.task.engine [-] Load duration is: 235.55578
2018-04-25 19:39:46.471 18196 INFO rally.task.engine [-] Full runner duration is: 236.60025
2018-04-25 19:39:46.472 18196 INFO rally.task.engine [-] Full duration is: 256.354148
2018-04-25 19:39:46.540 18196 INFO rally.task.engine [-] Task 901e29c1-e6e9-42c5-b3e1-3a653f1f5505 | Completed: Running task.

--------------------------------------------------------------------------------
Task 901e29c1-e6e9-42c5-b3e1-3a653f1f5505: finished
--------------------------------------------------------------------------------

test scenario NovaServers.boot_server_attach_created_volume_and_resize
args position 0
args values:
{
  "runner": {
    "times": 4, 
    "concurrency": 2
  }, 
  "contexts": {
    "users": {
      "tenants": 3, 
      "users_per_tenant": 2
    }
  }, 
  "args": {
    "flavor": {
      "name": "m1.medium"
    }, 
    "image": {
      "name": "Ubuntu 14.04 LTS"
    }, 
    "to_flavor": {
      "name": "m1.large"
    }, 
    "confirm": true, 
    "volume_size": 1, 
    "force_delete": false, 
    "do_delete": true, 
    "boot_server_kwargs": {}, 
    "create_volume_kwargs": {}
  }, 
  "sla": {
    "failure_rate": {
      "max": 0
    }
  }, 
  "hooks": []
}

--------------------------------------------------------------------------------
Task 901e29c1-e6e9-42c5-b3e1-3a653f1f5505 has 0 error(s)
--------------------------------------------------------------------------------

+----------------------------------------------------------------------------------------------------------------------------+
|                                                    Response Times (sec)                                                    |
+-------------------------+-----------+--------------+--------------+--------------+-----------+-----------+---------+-------+
| Action                  | Min (sec) | Median (sec) | 90%ile (sec) | 95%ile (sec) | Max (sec) | Avg (sec) | Success | Count |
+-------------------------+-----------+--------------+--------------+--------------+-----------+-----------+---------+-------+
| nova.boot_server        | 25.33     | 25.561       | 27.145       | 27.475       | 27.804    | 26.064    | 100.0%  | 4     |
| cinder_v2.create_volume | 2.4       | 2.419        | 2.545        | 2.57         | 2.594     | 2.458     | 100.0%  | 4     |
| nova.attach_volume      | 3.36      | 3.407        | 3.711        | 3.769        | 3.826     | 3.5       | 100.0%  | 4     |
| nova.resize             | 74.717    | 75.016       | 75.217       | 75.248       | 75.278    | 75.007    | 100.0%  | 4     |
| nova.resize_confirm     | 2.613     | 2.67         | 2.733        | 2.738        | 2.743     | 2.674     | 100.0%  | 4     |
| nova.detach_volume      | 3.245     | 3.28         | 3.438        | 3.47         | 3.503     | 3.327     | 100.0%  | 4     |
| cinder_v2.delete_volume | 2.2       | 2.216        | 2.25         | 2.255        | 2.261     | 2.223     | 100.0%  | 4     |
| nova.delete_server      | 2.492     | 2.502        | 2.662        | 2.696        | 2.73      | 2.556     | 100.0%  | 4     |
| total                   | 116.633   | 117.471      | 119.185      | 119.426      | 119.667   | 117.81    | 100.0%  | 4     |
|  -> duration            | 115.633   | 116.471      | 118.185      | 118.426      | 118.667   | 116.81    | 100.0%  | 4     |
|  -> idle_duration       | 1.0       | 1.0          | 1.0          | 1.0          | 1.0       | 1.0       | 100.0%  | 4     |
+-------------------------+-----------+--------------+--------------+--------------+-----------+-----------+---------+-------+

Load duration: 235.55578
Full duration: 256.354148

HINTS:
* To plot HTML graphics with this data, run:
	rally task report 901e29c1-e6e9-42c5-b3e1-3a653f1f5505 --out output.html

* To generate a JUnit report, run:
	rally task export 901e29c1-e6e9-42c5-b3e1-3a653f1f5505 --type junit --to output.xml

* To get raw JSON output of task results, run:
	rally task report 901e29c1-e6e9-42c5-b3e1-3a653f1f5505 --json --out output.json

--------------------------------------------------------------------------------
Preparing input task
--------------------------------------------------------------------------------

Task is:
{
    "NovaServers.boot_server_from_volume_and_delete": [
        {
            "args": {
                "flavor": {
                    "name": "m1.medium"
                },
                "image": {
                    "name": "Ubuntu 16.04"
                },
                "volume_size": 50,
                "volume_type": "",
                "force_delete": false
            },
            "runner": {
                "type": "constant",
                "times": 50,
                "concurrency": 5
            },
            "context": {
            },
            "sla": {
                "failure_rate": {
                    "max": 0
                }
            }
        }
    ]
}

Task syntax is correct :)
Running Rally version 0.10.1~dev119
--------------------------------------------------------------------------------
Task  3e824e65-6cd0-4d06-9704-329da579047d: started
--------------------------------------------------------------------------------

Running Task... This can take a while...

To track task status use:

	rally task status
	or
	rally task detailed

Using task: 3e824e65-6cd0-4d06-9704-329da579047d
2018-04-25 19:39:48.383 18529 INFO rally.task.engine [-] Task 3e824e65-6cd0-4d06-9704-329da579047d | Starting:  Task validation.
2018-04-25 19:39:48.395 18529 INFO rally.task.engine [-] Task 3e824e65-6cd0-4d06-9704-329da579047d | Starting:  Task validation of syntax.
2018-04-25 19:39:48.409 18529 INFO rally.task.engine [-] Task 3e824e65-6cd0-4d06-9704-329da579047d | Completed: Task validation of syntax.
2018-04-25 19:39:48.410 18529 INFO rally.task.engine [-] Task 3e824e65-6cd0-4d06-9704-329da579047d | Starting:  Task validation of required platforms.
2018-04-25 19:39:48.417 18529 INFO rally.task.engine [-] Task 3e824e65-6cd0-4d06-9704-329da579047d | Completed: Task validation of required platforms.
2018-04-25 19:39:48.417 18529 INFO rally.task.engine [-] Task 3e824e65-6cd0-4d06-9704-329da579047d | Starting:  Task validation of semantic.
2018-04-25 19:39:51.294 18529 INFO rally.task.context [-] Task 3e824e65-6cd0-4d06-9704-329da579047d | Context users@openstack setup()  finished in 2.26 sec
2018-04-25 19:39:52.789 18529 INFO rally.task.context [-] Task 3e824e65-6cd0-4d06-9704-329da579047d | Context users@openstack cleanup() started
2018-04-25 19:39:56.231 18529 INFO rally.task.context [-] Task 3e824e65-6cd0-4d06-9704-329da579047d | Context users@openstack cleanup() finished in 3.44 sec
2018-04-25 19:39:56.231 18529 INFO rally.task.engine [-] Task 3e824e65-6cd0-4d06-9704-329da579047d | Completed: Task validation of semantic.
2018-04-25 19:39:56.232 18529 INFO rally.task.engine [-] Task 3e824e65-6cd0-4d06-9704-329da579047d | Completed: Task validation.
2018-04-25 19:39:56.232 18529 INFO rally.api [-] Task 3e824e65-6cd0-4d06-9704-329da579047d input file is valid.
2018-04-25 19:39:56.233 18529 INFO rally.api [-] Run Task 3e824e65-6cd0-4d06-9704-329da579047d against Deployment ab52c4ca-1635-4294-83f0-32b091812a67
2018-04-25 19:39:56.233 18529 INFO rally.task.engine [-] Task 3e824e65-6cd0-4d06-9704-329da579047d | Starting:  Running task.
2018-04-25 19:39:56.280 18529 INFO rally.task.engine [-] Running workload: 
  position = 0
  config = {
   "version": 2, 
   "title": "A cropped version of a bigger task.", 
   "description": "Auto-generated task from a single workload (uuid=744cd4df-1b82-4251-b92a-3a83e33cf068)", 
   "subtasks": [
      {
         "title": "NovaServers.boot_server_from_volume_and_delete", 
         "description": "Boot a server from volume and then delete it.", 
         "scenario": {
            "NovaServers.boot_server_from_volume_and_delete": {
               "flavor": {
                  "name": "m1.medium"
               }, 
               "image": {
                  "name": "Ubuntu 16.04"
               }, 
               "volume_size": 50, 
               "volume_type": "", 
               "force_delete": false
            }
         }, 
         "contexts": {}, 
         "runner": {
            "constant": {
               "times": 50, 
               "concurrency": 5
            }
         }, 
         "hooks": [], 
         "sla": {
            "failure_rate": {
               "max": 0
            }
         }
      }
   ]
}
2018-04-25 19:39:58.785 18529 INFO rally.task.context [-] Task 3e824e65-6cd0-4d06-9704-329da579047d | Context users@openstack setup()  finished in 2.48 sec
2018-04-25 19:39:58.785 18529 INFO rally.task.context [-] Task 3e824e65-6cd0-4d06-9704-329da579047d | Context cleanup@openstack setup()  finished in 0.02 msec
2018-04-25 19:39:59.824 18657 INFO rally.task.runner [-] Task 3e824e65-6cd0-4d06-9704-329da579047d | ITER: 1 START
2018-04-25 19:39:59.829 18659 INFO rally.task.runner [-] Task 3e824e65-6cd0-4d06-9704-329da579047d | ITER: 2 START
2018-04-25 19:39:59.832 18660 INFO rally.task.runner [-] Task 3e824e65-6cd0-4d06-9704-329da579047d | ITER: 3 START
2018-04-25 19:39:59.834 18658 INFO rally.task.runner [-] Task 3e824e65-6cd0-4d06-9704-329da579047d | ITER: 4 START
2018-04-25 19:39:59.836 18663 INFO rally.task.runner [-] Task 3e824e65-6cd0-4d06-9704-329da579047d | ITER: 5 START
2018-04-25 19:40:42.181 18658 INFO rally.task.runner [-] Task 3e824e65-6cd0-4d06-9704-329da579047d | ITER: 4 END: OK
2018-04-25 19:40:42.186 18658 INFO rally.task.runner [-] Task 3e824e65-6cd0-4d06-9704-329da579047d | ITER: 6 START
2018-04-25 19:40:44.149 18663 INFO rally.task.runner [-] Task 3e824e65-6cd0-4d06-9704-329da579047d | ITER: 5 END: OK
2018-04-25 19:40:44.155 18663 INFO rally.task.runner [-] Task 3e824e65-6cd0-4d06-9704-329da579047d | ITER: 7 START
2018-04-25 19:40:53.069 18657 INFO rally.task.runner [-] Task 3e824e65-6cd0-4d06-9704-329da579047d | ITER: 1 END: OK
2018-04-25 19:40:53.076 18657 INFO rally.task.runner [-] Task 3e824e65-6cd0-4d06-9704-329da579047d | ITER: 8 START
2018-04-25 19:41:03.267 18660 INFO rally.task.runner [-] Task 3e824e65-6cd0-4d06-9704-329da579047d | ITER: 3 END: OK
2018-04-25 19:41:03.273 18660 INFO rally.task.runner [-] Task 3e824e65-6cd0-4d06-9704-329da579047d | ITER: 9 START
2018-04-25 19:41:17.845 18659 INFO rally.task.runner [-] Task 3e824e65-6cd0-4d06-9704-329da579047d | ITER: 2 END: OK
2018-04-25 19:41:17.851 18659 INFO rally.task.runner [-] Task 3e824e65-6cd0-4d06-9704-329da579047d | ITER: 10 START
2018-04-25 19:41:24.363 18663 INFO rally.task.runner [-] Task 3e824e65-6cd0-4d06-9704-329da579047d | ITER: 7 END: OK
2018-04-25 19:41:24.367 18663 INFO rally.task.runner [-] Task 3e824e65-6cd0-4d06-9704-329da579047d | ITER: 11 START
2018-04-25 19:41:28.664 18658 INFO rally.task.runner [-] Task 3e824e65-6cd0-4d06-9704-329da579047d | ITER: 6 END: OK
2018-04-25 19:41:28.668 18658 INFO rally.task.runner [-] Task 3e824e65-6cd0-4d06-9704-329da579047d | ITER: 12 START
2018-04-25 19:41:37.636 18657 INFO rally.task.runner [-] Task 3e824e65-6cd0-4d06-9704-329da579047d | ITER: 8 END: OK
2018-04-25 19:41:37.640 18657 INFO rally.task.runner [-] Task 3e824e65-6cd0-4d06-9704-329da579047d | ITER: 13 START
2018-04-25 19:41:43.419 18660 INFO rally.task.runner [-] Task 3e824e65-6cd0-4d06-9704-329da579047d | ITER: 9 END: OK
2018-04-25 19:41:43.423 18660 INFO rally.task.runner [-] Task 3e824e65-6cd0-4d06-9704-329da579047d | ITER: 14 START
2018-04-25 19:41:55.933 18659 INFO rally.task.runner [-] Task 3e824e65-6cd0-4d06-9704-329da579047d | ITER: 10 END: OK
2018-04-25 19:41:55.937 18659 INFO rally.task.runner [-] Task 3e824e65-6cd0-4d06-9704-329da579047d | ITER: 15 START
2018-04-25 19:42:02.395 18663 INFO rally.task.runner [-] Task 3e824e65-6cd0-4d06-9704-329da579047d | ITER: 11 END: OK
2018-04-25 19:42:02.399 18663 INFO rally.task.runner [-] Task 3e824e65-6cd0-4d06-9704-329da579047d | ITER: 16 START
2018-04-25 19:42:13.464 18657 INFO rally.task.runner [-] Task 3e824e65-6cd0-4d06-9704-329da579047d | ITER: 13 END: OK
2018-04-25 19:42:13.469 18657 INFO rally.task.runner [-] Task 3e824e65-6cd0-4d06-9704-329da579047d | ITER: 17 START
2018-04-25 19:42:23.706 18658 INFO rally.task.runner [-] Task 3e824e65-6cd0-4d06-9704-329da579047d | ITER: 12 END: OK
2018-04-25 19:42:23.711 18658 INFO rally.task.runner [-] Task 3e824e65-6cd0-4d06-9704-329da579047d | ITER: 18 START
2018-04-25 19:42:36.450 18660 INFO rally.task.runner [-] Task 3e824e65-6cd0-4d06-9704-329da579047d | ITER: 14 END: OK
2018-04-25 19:42:36.455 18660 INFO rally.task.runner [-] Task 3e824e65-6cd0-4d06-9704-329da579047d | ITER: 19 START
2018-04-25 19:42:42.314 18663 INFO rally.task.runner [-] Task 3e824e65-6cd0-4d06-9704-329da579047d | ITER: 16 END: OK
2018-04-25 19:42:42.319 18663 INFO rally.task.runner [-] Task 3e824e65-6cd0-4d06-9704-329da579047d | ITER: 20 START
2018-04-25 19:42:52.604 18659 INFO rally.task.runner [-] Task 3e824e65-6cd0-4d06-9704-329da579047d | ITER: 15 END: OK
2018-04-25 19:42:52.607 18659 INFO rally.task.runner [-] Task 3e824e65-6cd0-4d06-9704-329da579047d | ITER: 21 START
2018-04-25 19:42:59.945 18657 INFO rally.task.runner [-] Task 3e824e65-6cd0-4d06-9704-329da579047d | ITER: 17 END: OK
2018-04-25 19:42:59.948 18657 INFO rally.task.runner [-] Task 3e824e65-6cd0-4d06-9704-329da579047d | ITER: 22 START
2018-04-25 19:43:01.546 18658 INFO rally.task.runner [-] Task 3e824e65-6cd0-4d06-9704-329da579047d | ITER: 18 END: OK
2018-04-25 19:43:01.549 18658 INFO rally.task.runner [-] Task 3e824e65-6cd0-4d06-9704-329da579047d | ITER: 23 START
2018-04-25 19:43:19.133 18660 INFO rally.task.runner [-] Task 3e824e65-6cd0-4d06-9704-329da579047d | ITER: 19 END: OK
2018-04-25 19:43:19.137 18660 INFO rally.task.runner [-] Task 3e824e65-6cd0-4d06-9704-329da579047d | ITER: 24 START
2018-04-25 19:43:31.168 18663 INFO rally.task.runner [-] Task 3e824e65-6cd0-4d06-9704-329da579047d | ITER: 20 END: OK
2018-04-25 19:43:31.172 18663 INFO rally.task.runner [-] Task 3e824e65-6cd0-4d06-9704-329da579047d | ITER: 25 START
2018-04-25 19:43:37.735 18657 INFO rally.task.runner [-] Task 3e824e65-6cd0-4d06-9704-329da579047d | ITER: 22 END: OK
2018-04-25 19:43:37.739 18657 INFO rally.task.runner [-] Task 3e824e65-6cd0-4d06-9704-329da579047d | ITER: 26 START
2018-04-25 19:43:45.467 18659 INFO rally.task.runner [-] Task 3e824e65-6cd0-4d06-9704-329da579047d | ITER: 21 END: OK
2018-04-25 19:43:45.471 18659 INFO rally.task.runner [-] Task 3e824e65-6cd0-4d06-9704-329da579047d | ITER: 27 START
2018-04-25 19:43:54.668 18658 INFO rally.task.runner [-] Task 3e824e65-6cd0-4d06-9704-329da579047d | ITER: 23 END: OK
2018-04-25 19:43:54.672 18658 INFO rally.task.runner [-] Task 3e824e65-6cd0-4d06-9704-329da579047d | ITER: 28 START
2018-04-25 19:44:07.906 18660 INFO rally.task.runner [-] Task 3e824e65-6cd0-4d06-9704-329da579047d | ITER: 24 END: OK
2018-04-25 19:44:07.910 18660 INFO rally.task.runner [-] Task 3e824e65-6cd0-4d06-9704-329da579047d | ITER: 29 START
2018-04-25 19:44:18.446 18657 INFO rally.task.runner [-] Task 3e824e65-6cd0-4d06-9704-329da579047d | ITER: 26 END: OK
2018-04-25 19:44:18.451 18657 INFO rally.task.runner [-] Task 3e824e65-6cd0-4d06-9704-329da579047d | ITER: 30 START
2018-04-25 19:44:18.472 18663 INFO rally.task.runner [-] Task 3e824e65-6cd0-4d06-9704-329da579047d | ITER: 25 END: OK
2018-04-25 19:44:18.477 18663 INFO rally.task.runner [-] Task 3e824e65-6cd0-4d06-9704-329da579047d | ITER: 31 START
2018-04-25 19:44:29.632 18659 INFO rally.task.runner [-] Task 3e824e65-6cd0-4d06-9704-329da579047d | ITER: 27 END: OK
2018-04-25 19:44:29.635 18659 INFO rally.task.runner [-] Task 3e824e65-6cd0-4d06-9704-329da579047d | ITER: 32 START
2018-04-25 19:44:35.562 18658 INFO rally.task.runner [-] Task 3e824e65-6cd0-4d06-9704-329da579047d | ITER: 28 END: OK
2018-04-25 19:44:35.566 18658 INFO rally.task.runner [-] Task 3e824e65-6cd0-4d06-9704-329da579047d | ITER: 33 START
2018-04-25 19:44:50.114 18660 INFO rally.task.runner [-] Task 3e824e65-6cd0-4d06-9704-329da579047d | ITER: 29 END: OK
2018-04-25 19:44:50.118 18660 INFO rally.task.runner [-] Task 3e824e65-6cd0-4d06-9704-329da579047d | ITER: 34 START
2018-04-25 19:44:56.105 18663 INFO rally.task.runner [-] Task 3e824e65-6cd0-4d06-9704-329da579047d | ITER: 31 END: OK
2018-04-25 19:44:56.109 18663 INFO rally.task.runner [-] Task 3e824e65-6cd0-4d06-9704-329da579047d | ITER: 35 START
2018-04-25 19:45:02.736 18657 INFO rally.task.runner [-] Task 3e824e65-6cd0-4d06-9704-329da579047d | ITER: 30 END: OK
2018-04-25 19:45:02.740 18657 INFO rally.task.runner [-] Task 3e824e65-6cd0-4d06-9704-329da579047d | ITER: 36 START
2018-04-25 19:45:17.961 18658 INFO rally.task.runner [-] Task 3e824e65-6cd0-4d06-9704-329da579047d | ITER: 33 END: OK
2018-04-25 19:45:17.964 18658 INFO rally.task.runner [-] Task 3e824e65-6cd0-4d06-9704-329da579047d | ITER: 37 START
2018-04-25 19:45:19.784 18659 INFO rally.task.runner [-] Task 3e824e65-6cd0-4d06-9704-329da579047d | ITER: 32 END: OK
2018-04-25 19:45:19.787 18659 INFO rally.task.runner [-] Task 3e824e65-6cd0-4d06-9704-329da579047d | ITER: 38 START
2018-04-25 19:45:34.755 18660 INFO rally.task.runner [-] Task 3e824e65-6cd0-4d06-9704-329da579047d | ITER: 34 END: OK
2018-04-25 19:45:34.759 18660 INFO rally.task.runner [-] Task 3e824e65-6cd0-4d06-9704-329da579047d | ITER: 39 START
2018-04-25 19:45:36.344 18663 INFO rally.task.runner [-] Task 3e824e65-6cd0-4d06-9704-329da579047d | ITER: 35 END: OK
2018-04-25 19:45:36.348 18663 INFO rally.task.runner [-] Task 3e824e65-6cd0-4d06-9704-329da579047d | ITER: 40 START
2018-04-25 19:45:44.551 18657 INFO rally.task.runner [-] Task 3e824e65-6cd0-4d06-9704-329da579047d | ITER: 36 END: OK
2018-04-25 19:45:44.555 18657 INFO rally.task.runner [-] Task 3e824e65-6cd0-4d06-9704-329da579047d | ITER: 41 START
2018-04-25 19:45:56.698 18658 INFO rally.task.runner [-] Task 3e824e65-6cd0-4d06-9704-329da579047d | ITER: 37 END: OK
2018-04-25 19:45:56.703 18658 INFO rally.task.runner [-] Task 3e824e65-6cd0-4d06-9704-329da579047d | ITER: 42 START
2018-04-25 19:46:00.202 18659 INFO rally.task.runner [-] Task 3e824e65-6cd0-4d06-9704-329da579047d | ITER: 38 END: OK
2018-04-25 19:46:00.205 18659 INFO rally.task.runner [-] Task 3e824e65-6cd0-4d06-9704-329da579047d | ITER: 43 START
2018-04-25 19:46:12.681 18660 INFO rally.task.runner [-] Task 3e824e65-6cd0-4d06-9704-329da579047d | ITER: 39 END: OK
2018-04-25 19:46:12.686 18660 INFO rally.task.runner [-] Task 3e824e65-6cd0-4d06-9704-329da579047d | ITER: 44 START
2018-04-25 19:46:22.360 18657 INFO rally.task.runner [-] Task 3e824e65-6cd0-4d06-9704-329da579047d | ITER: 41 END: OK
2018-04-25 19:46:22.364 18657 INFO rally.task.runner [-] Task 3e824e65-6cd0-4d06-9704-329da579047d | ITER: 45 START
2018-04-25 19:46:27.630 18663 INFO rally.task.runner [-] Task 3e824e65-6cd0-4d06-9704-329da579047d | ITER: 40 END: OK
2018-04-25 19:46:27.634 18663 INFO rally.task.runner [-] Task 3e824e65-6cd0-4d06-9704-329da579047d | ITER: 46 START
2018-04-25 19:46:36.806 18658 INFO rally.task.runner [-] Task 3e824e65-6cd0-4d06-9704-329da579047d | ITER: 42 END: OK
2018-04-25 19:46:36.810 18658 INFO rally.task.runner [-] Task 3e824e65-6cd0-4d06-9704-329da579047d | ITER: 47 START
2018-04-25 19:46:55.188 18659 INFO rally.task.runner [-] Task 3e824e65-6cd0-4d06-9704-329da579047d | ITER: 43 END: OK
2018-04-25 19:46:55.192 18659 INFO rally.task.runner [-] Task 3e824e65-6cd0-4d06-9704-329da579047d | ITER: 48 START
2018-04-25 19:46:56.809 18660 INFO rally.task.runner [-] Task 3e824e65-6cd0-4d06-9704-329da579047d | ITER: 44 END: OK
2018-04-25 19:46:56.813 18660 INFO rally.task.runner [-] Task 3e824e65-6cd0-4d06-9704-329da579047d | ITER: 49 START
2018-04-25 19:47:07.281 18657 INFO rally.task.runner [-] Task 3e824e65-6cd0-4d06-9704-329da579047d | ITER: 45 END: OK
2018-04-25 19:47:07.284 18657 INFO rally.task.runner [-] Task 3e824e65-6cd0-4d06-9704-329da579047d | ITER: 50 START
2018-04-25 19:47:26.738 18663 INFO rally.task.runner [-] Task 3e824e65-6cd0-4d06-9704-329da579047d | ITER: 46 END: OK
2018-04-25 19:47:40.553 18658 INFO rally.task.runner [-] Task 3e824e65-6cd0-4d06-9704-329da579047d | ITER: 47 END: OK
2018-04-25 19:47:51.981 18659 INFO rally.task.runner [-] Task 3e824e65-6cd0-4d06-9704-329da579047d | ITER: 48 END: OK
2018-04-25 19:48:03.808 18660 INFO rally.task.runner [-] Task 3e824e65-6cd0-4d06-9704-329da579047d | ITER: 49 END: OK
2018-04-25 19:48:18.757 18657 INFO rally.task.runner [-] Task 3e824e65-6cd0-4d06-9704-329da579047d | ITER: 50 END: OK
2018-04-25 19:48:18.784 18529 INFO rally.task.context [-] Task 3e824e65-6cd0-4d06-9704-329da579047d | Context cleanup@openstack cleanup() started
2018-04-25 19:48:22.176 18529 INFO rally.task.context [-] Task 3e824e65-6cd0-4d06-9704-329da579047d | Context cleanup@openstack cleanup() finished in 3.39 sec
2018-04-25 19:48:22.177 18529 INFO rally.task.context [-] Task 3e824e65-6cd0-4d06-9704-329da579047d | Context users@openstack cleanup() started
2018-04-25 19:48:25.389 18529 INFO rally.task.context [-] Task 3e824e65-6cd0-4d06-9704-329da579047d | Context users@openstack cleanup() finished in 3.21 sec
2018-04-25 19:48:26.970 18529 INFO rally.task.engine [-] Load duration is: 497.927304
2018-04-25 19:48:26.971 18529 INFO rally.task.engine [-] Full runner duration is: 498.97555
2018-04-25 19:48:26.971 18529 INFO rally.task.engine [-] Full duration is: 509.101616
2018-04-25 19:48:27.069 18529 INFO rally.task.engine [-] Task 3e824e65-6cd0-4d06-9704-329da579047d | Completed: Running task.

--------------------------------------------------------------------------------
Task 3e824e65-6cd0-4d06-9704-329da579047d: finished
--------------------------------------------------------------------------------

test scenario NovaServers.boot_server_from_volume_and_delete
args position 0
args values:
{
  "runner": {
    "times": 50, 
    "concurrency": 5
  }, 
  "contexts": {}, 
  "args": {
    "flavor": {
      "name": "m1.medium"
    }, 
    "image": {
      "name": "Ubuntu 16.04"
    }, 
    "volume_size": 50, 
    "volume_type": "", 
    "force_delete": false
  }, 
  "sla": {
    "failure_rate": {
      "max": 0
    }
  }, 
  "hooks": []
}

--------------------------------------------------------------------------------
Task 3e824e65-6cd0-4d06-9704-329da579047d has 0 error(s)
--------------------------------------------------------------------------------

+----------------------------------------------------------------------------------------------------------------------------+
|                                                    Response Times (sec)                                                    |
+-------------------------+-----------+--------------+--------------+--------------+-----------+-----------+---------+-------+
| Action                  | Min (sec) | Median (sec) | 90%ile (sec) | 95%ile (sec) | Max (sec) | Avg (sec) | Success | Count |
+-------------------------+-----------+--------------+--------------+--------------+-----------+-----------+---------+-------+
| cinder_v2.create_volume | 17.354    | 25.811       | 39.061       | 46.017       | 57.353    | 27.211    | 100.0%  | 50    |
| nova.boot_server        | 13.502    | 15.77        | 16.19        | 16.495       | 18.594    | 15.769    | 100.0%  | 50    |
| nova.delete_server      | 2.45      | 4.652        | 4.888        | 4.953        | 6.939     | 4.266     | 100.0%  | 50    |
| total                   | 35.821    | 44.296       | 59.534       | 65.53        | 78.012    | 47.247    | 100.0%  | 50    |
|  -> duration            | 34.821    | 43.296       | 58.534       | 64.53        | 77.012    | 46.247    | 100.0%  | 50    |
|  -> idle_duration       | 1.0       | 1.0          | 1.0          | 1.0          | 1.0       | 1.0       | 100.0%  | 50    |
+-------------------------+-----------+--------------+--------------+--------------+-----------+-----------+---------+-------+

Load duration: 497.927304
Full duration: 509.101616

HINTS:
* To plot HTML graphics with this data, run:
	rally task report 3e824e65-6cd0-4d06-9704-329da579047d --out output.html

* To generate a JUnit report, run:
	rally task export 3e824e65-6cd0-4d06-9704-329da579047d --type junit --to output.xml

* To get raw JSON output of task results, run:
	rally task report 3e824e65-6cd0-4d06-9704-329da579047d --json --out output.json

--------------------------------------------------------------------------------
Preparing input task
--------------------------------------------------------------------------------

Task is:
{
    "NeutronNetworks.create_and_delete_networks": [
        {
            "args": {
                "network_create_args": {}
            },
            "runner": {
                "type": "constant",
                "times": 10,
                "concurrency": 10
            },
            "context": {
                "users": {
                    "tenants": 3,
                    "users_per_tenant": 3
                },
                "quotas": {
                    "neutron": {
                        "network": -1
                    }
                }
            },
            "sla": {
                "failure_rate": {
                    "max": 0
                }
            }
        }
    ]
}

Task syntax is correct :)
Running Rally version 0.10.1~dev119
--------------------------------------------------------------------------------
Task  bc6db9e6-9899-4ac4-ad01-e346164e6fcc: started
--------------------------------------------------------------------------------

Running Task... This can take a while...

To track task status use:

	rally task status
	or
	rally task detailed

Using task: bc6db9e6-9899-4ac4-ad01-e346164e6fcc
2018-04-25 19:48:28.799 18927 INFO rally.task.engine [-] Task bc6db9e6-9899-4ac4-ad01-e346164e6fcc | Starting:  Task validation.
2018-04-25 19:48:28.806 18927 INFO rally.task.engine [-] Task bc6db9e6-9899-4ac4-ad01-e346164e6fcc | Starting:  Task validation of syntax.
2018-04-25 19:48:28.819 18927 INFO rally.task.engine [-] Task bc6db9e6-9899-4ac4-ad01-e346164e6fcc | Completed: Task validation of syntax.
2018-04-25 19:48:28.819 18927 INFO rally.task.engine [-] Task bc6db9e6-9899-4ac4-ad01-e346164e6fcc | Starting:  Task validation of required platforms.
2018-04-25 19:48:28.823 18927 INFO rally.task.engine [-] Task bc6db9e6-9899-4ac4-ad01-e346164e6fcc | Completed: Task validation of required platforms.
2018-04-25 19:48:28.824 18927 INFO rally.task.engine [-] Task bc6db9e6-9899-4ac4-ad01-e346164e6fcc | Starting:  Task validation of semantic.
2018-04-25 19:48:31.794 18927 INFO rally.task.context [-] Task bc6db9e6-9899-4ac4-ad01-e346164e6fcc | Context users@openstack setup()  finished in 2.29 sec
2018-04-25 19:48:32.167 18927 INFO rally.task.context [-] Task bc6db9e6-9899-4ac4-ad01-e346164e6fcc | Context users@openstack cleanup() started
2018-04-25 19:48:35.356 18927 INFO rally.task.context [-] Task bc6db9e6-9899-4ac4-ad01-e346164e6fcc | Context users@openstack cleanup() finished in 3.19 sec
2018-04-25 19:48:35.357 18927 INFO rally.task.engine [-] Task bc6db9e6-9899-4ac4-ad01-e346164e6fcc | Completed: Task validation of semantic.
2018-04-25 19:48:35.357 18927 INFO rally.task.engine [-] Task bc6db9e6-9899-4ac4-ad01-e346164e6fcc | Completed: Task validation.
2018-04-25 19:48:35.357 18927 INFO rally.api [-] Task bc6db9e6-9899-4ac4-ad01-e346164e6fcc input file is valid.
2018-04-25 19:48:35.358 18927 INFO rally.api [-] Run Task bc6db9e6-9899-4ac4-ad01-e346164e6fcc against Deployment ab52c4ca-1635-4294-83f0-32b091812a67
2018-04-25 19:48:35.358 18927 INFO rally.task.engine [-] Task bc6db9e6-9899-4ac4-ad01-e346164e6fcc | Starting:  Running task.
2018-04-25 19:48:35.403 18927 INFO rally.task.engine [-] Running workload: 
  position = 0
  config = {
   "version": 2, 
   "title": "A cropped version of a bigger task.", 
   "description": "Auto-generated task from a single workload (uuid=1facdc4e-e36b-4cb2-ab92-0d654317587e)", 
   "subtasks": [
      {
         "title": "NeutronNetworks.create_and_delete_networks", 
         "description": "Create and delete a network.", 
         "scenario": {
            "NeutronNetworks.create_and_delete_networks": {
               "network_create_args": {}
            }
         }, 
         "contexts": {
            "users": {
               "tenants": 3, 
               "users_per_tenant": 3
            }, 
            "quotas": {
               "neutron": {
                  "network": -1
               }
            }
         }, 
         "runner": {
            "constant": {
               "times": 10, 
               "concurrency": 10
            }
         }, 
         "hooks": [], 
         "sla": {
            "failure_rate": {
               "max": 0
            }
         }
      }
   ]
}
2018-04-25 19:48:38.225 18927 INFO rally.task.context [-] Task bc6db9e6-9899-4ac4-ad01-e346164e6fcc | Context users@openstack setup()  finished in 2.79 sec
2018-04-25 19:48:38.756 18927 INFO rally.task.context [-] Task bc6db9e6-9899-4ac4-ad01-e346164e6fcc | Context quotas@openstack setup()  finished in 0.53 sec
2018-04-25 19:48:38.757 18927 INFO rally.task.context [-] Task bc6db9e6-9899-4ac4-ad01-e346164e6fcc | Context cleanup@openstack setup()  finished in 0.01 msec
2018-04-25 19:48:38.779 19055 INFO rally.task.runner [-] Task bc6db9e6-9899-4ac4-ad01-e346164e6fcc | ITER: 1 START
2018-04-25 19:48:38.785 19056 INFO rally.task.runner [-] Task bc6db9e6-9899-4ac4-ad01-e346164e6fcc | ITER: 2 START
2018-04-25 19:48:38.788 19057 INFO rally.task.runner [-] Task bc6db9e6-9899-4ac4-ad01-e346164e6fcc | ITER: 3 START
2018-04-25 19:48:38.787 19058 INFO rally.task.runner [-] Task bc6db9e6-9899-4ac4-ad01-e346164e6fcc | ITER: 4 START
2018-04-25 19:48:38.792 19060 INFO rally.task.runner [-] Task bc6db9e6-9899-4ac4-ad01-e346164e6fcc | ITER: 5 START
2018-04-25 19:48:38.799 19063 INFO rally.task.runner [-] Task bc6db9e6-9899-4ac4-ad01-e346164e6fcc | ITER: 6 START
2018-04-25 19:48:38.799 19065 INFO rally.task.runner [-] Task bc6db9e6-9899-4ac4-ad01-e346164e6fcc | ITER: 7 START
2018-04-25 19:48:38.803 19068 INFO rally.task.runner [-] Task bc6db9e6-9899-4ac4-ad01-e346164e6fcc | ITER: 8 START
2018-04-25 19:48:38.804 19074 INFO rally.task.runner [-] Task bc6db9e6-9899-4ac4-ad01-e346164e6fcc | ITER: 10 START
2018-04-25 19:48:38.805 19073 INFO rally.task.runner [-] Task bc6db9e6-9899-4ac4-ad01-e346164e6fcc | ITER: 9 START
2018-04-25 19:48:40.449 19068 INFO rally.task.runner [-] Task bc6db9e6-9899-4ac4-ad01-e346164e6fcc | ITER: 8 END: OK
2018-04-25 19:48:40.466 19063 INFO rally.task.runner [-] Task bc6db9e6-9899-4ac4-ad01-e346164e6fcc | ITER: 6 END: OK
2018-04-25 19:48:40.474 19055 INFO rally.task.runner [-] Task bc6db9e6-9899-4ac4-ad01-e346164e6fcc | ITER: 1 END: OK
2018-04-25 19:48:40.503 19060 INFO rally.task.runner [-] Task bc6db9e6-9899-4ac4-ad01-e346164e6fcc | ITER: 5 END: OK
2018-04-25 19:48:40.570 19058 INFO rally.task.runner [-] Task bc6db9e6-9899-4ac4-ad01-e346164e6fcc | ITER: 4 END: OK
2018-04-25 19:48:40.575 19057 INFO rally.task.runner [-] Task bc6db9e6-9899-4ac4-ad01-e346164e6fcc | ITER: 3 END: OK
2018-04-25 19:48:40.584 19073 INFO rally.task.runner [-] Task bc6db9e6-9899-4ac4-ad01-e346164e6fcc | ITER: 9 END: OK
2018-04-25 19:48:40.751 19074 INFO rally.task.runner [-] Task bc6db9e6-9899-4ac4-ad01-e346164e6fcc | ITER: 10 END: OK
2018-04-25 19:48:40.777 19065 INFO rally.task.runner [-] Task bc6db9e6-9899-4ac4-ad01-e346164e6fcc | ITER: 7 END: OK
2018-04-25 19:48:40.821 19056 INFO rally.task.runner [-] Task bc6db9e6-9899-4ac4-ad01-e346164e6fcc | ITER: 2 END: OK
2018-04-25 19:48:40.846 18927 INFO rally.task.context [-] Task bc6db9e6-9899-4ac4-ad01-e346164e6fcc | Context cleanup@openstack cleanup() started
2018-04-25 19:48:56.308 18927 INFO rally.task.context [-] Task bc6db9e6-9899-4ac4-ad01-e346164e6fcc | Context cleanup@openstack cleanup() finished in 15.46 sec
2018-04-25 19:48:56.308 18927 INFO rally.task.context [-] Task bc6db9e6-9899-4ac4-ad01-e346164e6fcc | Context quotas@openstack cleanup() started
2018-04-25 19:48:56.368 18927 INFO rally.task.context [-] Task bc6db9e6-9899-4ac4-ad01-e346164e6fcc | Context quotas@openstack cleanup() finished in 60.08 msec
2018-04-25 19:48:56.369 18927 INFO rally.task.context [-] Task bc6db9e6-9899-4ac4-ad01-e346164e6fcc | Context users@openstack cleanup() started
2018-04-25 19:49:01.456 18927 INFO rally.task.context [-] Task bc6db9e6-9899-4ac4-ad01-e346164e6fcc | Context users@openstack cleanup() finished in 5.09 sec
2018-04-25 19:49:01.693 18927 INFO rally.task.engine [-] Load duration is: 2.036214
2018-04-25 19:49:01.693 18927 INFO rally.task.engine [-] Full runner duration is: 2.083576
2018-04-25 19:49:01.693 18927 INFO rally.task.engine [-] Full duration is: 26.045505
2018-04-25 19:49:01.783 18927 INFO rally.task.engine [-] Task bc6db9e6-9899-4ac4-ad01-e346164e6fcc | Completed: Running task.

--------------------------------------------------------------------------------
Task bc6db9e6-9899-4ac4-ad01-e346164e6fcc: finished
--------------------------------------------------------------------------------

test scenario NeutronNetworks.create_and_delete_networks
args position 0
args values:
{
  "runner": {
    "times": 10, 
    "concurrency": 10
  }, 
  "contexts": {
    "users": {
      "tenants": 3, 
      "users_per_tenant": 3
    }, 
    "quotas": {
      "neutron": {
        "network": -1
      }
    }
  }, 
  "args": {
    "network_create_args": {}
  }, 
  "sla": {
    "failure_rate": {
      "max": 0
    }
  }, 
  "hooks": []
}

--------------------------------------------------------------------------------
Task bc6db9e6-9899-4ac4-ad01-e346164e6fcc has 0 error(s)
--------------------------------------------------------------------------------

+---------------------------------------------------------------------------------------------------------------------------+
|                                                   Response Times (sec)                                                    |
+------------------------+-----------+--------------+--------------+--------------+-----------+-----------+---------+-------+
| Action                 | Min (sec) | Median (sec) | 90%ile (sec) | 95%ile (sec) | Max (sec) | Avg (sec) | Success | Count |
+------------------------+-----------+--------------+--------------+--------------+-----------+-----------+---------+-------+
| neutron.create_network | 0.86      | 0.995        | 1.298        | 1.31         | 1.322     | 1.032     | 100.0%  | 10    |
| neutron.delete_network | 0.645     | 0.796        | 0.818        | 0.827        | 0.836     | 0.767     | 100.0%  | 10    |
| total                  | 1.645     | 1.778        | 1.981        | 2.005        | 2.03      | 1.8       | 100.0%  | 10    |
|  -> duration           | 1.645     | 1.778        | 1.981        | 2.005        | 2.03      | 1.8       | 100.0%  | 10    |
|  -> idle_duration      | 0.0       | 0.0          | 0.0          | 0.0          | 0.0       | 0.0       | 100.0%  | 10    |
+------------------------+-----------+--------------+--------------+--------------+-----------+-----------+---------+-------+

Load duration: 2.036214
Full duration: 26.045505

HINTS:
* To plot HTML graphics with this data, run:
	rally task report bc6db9e6-9899-4ac4-ad01-e346164e6fcc --out output.html

* To generate a JUnit report, run:
	rally task export bc6db9e6-9899-4ac4-ad01-e346164e6fcc --type junit --to output.xml

* To get raw JSON output of task results, run:
	rally task report bc6db9e6-9899-4ac4-ad01-e346164e6fcc --json --out output.json

--------------------------------------------------------------------------------
Preparing input task
--------------------------------------------------------------------------------

Task is:
{
    "CinderVolumes.create_and_attach_volume": [
        {
            "args": {
                "size": 50,
                "image": {
                    "name": "Ubuntu 16.04"
                },
                "flavor": {
                    "name": "m1.xlarge"
                },
                "create_volume_params": {
                    "availability_zone": "nova"
                }
            },
            "runner": {
                "type": "constant",
                "times": 20,
                "concurrency": 2
            },
            "context": {
                "users": {
                    "tenants": 2,
                    "users_per_tenant": 2
                }
            },
            "sla": {
                "failure_rate": {
                    "max": 0
                }
            }
        },
        {
            "args": {
                "size": {
                    "min": 20,
                    "max": 50
                },
                "flavor": {
                    "name": "m1.large"
                },
                "image": {
                    "name": "Ubuntu 16.04"
                },
                "create_volume_params": {
                    "availability_zone": "nova"
                }
            },
            "runner": {
                "type": "constant",
                "times": 20,
                "concurrency": 2
            },
            "context": {
                "users": {
                    "tenants": 2,
                    "users_per_tenant": 2
                }
            },
            "sla": {
                "failure_rate": {
                    "max": 0
                }
            }
        }
    ]
}

Task syntax is correct :)
Running Rally version 0.10.1~dev119
--------------------------------------------------------------------------------
Task  97948d27-a978-47d9-98cc-a031c0c5f7e5: started
--------------------------------------------------------------------------------

Running Task... This can take a while...

To track task status use:

	rally task status
	or
	rally task detailed

Using task: 97948d27-a978-47d9-98cc-a031c0c5f7e5
2018-04-25 19:49:03.551 19336 INFO rally.task.engine [-] Task 97948d27-a978-47d9-98cc-a031c0c5f7e5 | Starting:  Task validation.
2018-04-25 19:49:03.558 19336 INFO rally.task.engine [-] Task 97948d27-a978-47d9-98cc-a031c0c5f7e5 | Starting:  Task validation of syntax.
2018-04-25 19:49:03.576 19336 INFO rally.task.engine [-] Task 97948d27-a978-47d9-98cc-a031c0c5f7e5 | Completed: Task validation of syntax.
2018-04-25 19:49:03.577 19336 INFO rally.task.engine [-] Task 97948d27-a978-47d9-98cc-a031c0c5f7e5 | Starting:  Task validation of required platforms.
2018-04-25 19:49:03.586 19336 INFO rally.task.engine [-] Task 97948d27-a978-47d9-98cc-a031c0c5f7e5 | Completed: Task validation of required platforms.
2018-04-25 19:49:03.586 19336 INFO rally.task.engine [-] Task 97948d27-a978-47d9-98cc-a031c0c5f7e5 | Starting:  Task validation of semantic.
2018-04-25 19:49:06.578 19336 INFO rally.task.context [-] Task 97948d27-a978-47d9-98cc-a031c0c5f7e5 | Context users@openstack setup()  finished in 2.37 sec
2018-04-25 19:49:09.042 19336 INFO rally.task.context [-] Task 97948d27-a978-47d9-98cc-a031c0c5f7e5 | Context users@openstack cleanup() started
2018-04-25 19:49:12.612 19336 INFO rally.task.context [-] Task 97948d27-a978-47d9-98cc-a031c0c5f7e5 | Context users@openstack cleanup() finished in 3.57 sec
2018-04-25 19:49:12.613 19336 INFO rally.task.engine [-] Task 97948d27-a978-47d9-98cc-a031c0c5f7e5 | Completed: Task validation of semantic.
2018-04-25 19:49:12.614 19336 INFO rally.task.engine [-] Task 97948d27-a978-47d9-98cc-a031c0c5f7e5 | Completed: Task validation.
2018-04-25 19:49:12.614 19336 INFO rally.api [-] Task 97948d27-a978-47d9-98cc-a031c0c5f7e5 input file is valid.
2018-04-25 19:49:12.615 19336 INFO rally.api [-] Run Task 97948d27-a978-47d9-98cc-a031c0c5f7e5 against Deployment ab52c4ca-1635-4294-83f0-32b091812a67
2018-04-25 19:49:12.615 19336 INFO rally.task.engine [-] Task 97948d27-a978-47d9-98cc-a031c0c5f7e5 | Starting:  Running task.
2018-04-25 19:49:12.672 19336 INFO rally.task.engine [-] Running workload: 
  position = 0
  config = {
   "version": 2, 
   "title": "A cropped version of a bigger task.", 
   "description": "Auto-generated task from a single workload (uuid=ab296b9f-31da-4b02-b31d-2d4779b7744e)", 
   "subtasks": [
      {
         "title": "CinderVolumes.create_and_attach_volume", 
         "description": "Create a VM and attach a volume to it.", 
         "scenario": {
            "CinderVolumes.create_and_attach_volume": {
               "size": 50, 
               "image": {
                  "name": "Ubuntu 16.04"
               }, 
               "flavor": {
                  "name": "m1.xlarge"
               }, 
               "create_volume_params": {
                  "availability_zone": "nova"
               }
            }
         }, 
         "contexts": {
            "users": {
               "tenants": 2, 
               "users_per_tenant": 2
            }
         }, 
         "runner": {
            "constant": {
               "times": 20, 
               "concurrency": 2
            }
         }, 
         "hooks": [], 
         "sla": {
            "failure_rate": {
               "max": 0
            }
         }
      }
   ]
}
2018-04-25 19:49:15.140 19336 INFO rally.task.context [-] Task 97948d27-a978-47d9-98cc-a031c0c5f7e5 | Context users@openstack setup()  finished in 2.43 sec
2018-04-25 19:49:15.141 19336 INFO rally.task.context [-] Task 97948d27-a978-47d9-98cc-a031c0c5f7e5 | Context cleanup@openstack setup()  finished in 0.05 msec
2018-04-25 19:49:16.397 19464 INFO rally.task.runner [-] Task 97948d27-a978-47d9-98cc-a031c0c5f7e5 | ITER: 1 START
2018-04-25 19:49:16.400 19465 INFO rally.task.runner [-] Task 97948d27-a978-47d9-98cc-a031c0c5f7e5 | ITER: 2 START
2018-04-25 19:52:25.850 19464 INFO rally.task.runner [-] Task 97948d27-a978-47d9-98cc-a031c0c5f7e5 | ITER: 1 END: OK
2018-04-25 19:52:25.856 19464 INFO rally.task.runner [-] Task 97948d27-a978-47d9-98cc-a031c0c5f7e5 | ITER: 3 START
2018-04-25 19:53:10.874 19465 INFO rally.task.runner [-] Task 97948d27-a978-47d9-98cc-a031c0c5f7e5 | ITER: 2 END: OK
2018-04-25 19:53:10.883 19465 INFO rally.task.runner [-] Task 97948d27-a978-47d9-98cc-a031c0c5f7e5 | ITER: 4 START
2018-04-25 19:55:45.862 19464 INFO rally.task.runner [-] Task 97948d27-a978-47d9-98cc-a031c0c5f7e5 | ITER: 3 END: OK
2018-04-25 19:55:45.867 19464 INFO rally.task.runner [-] Task 97948d27-a978-47d9-98cc-a031c0c5f7e5 | ITER: 5 START
2018-04-25 19:56:17.974 19465 INFO rally.task.runner [-] Task 97948d27-a978-47d9-98cc-a031c0c5f7e5 | ITER: 4 END: OK
2018-04-25 19:56:17.979 19465 INFO rally.task.runner [-] Task 97948d27-a978-47d9-98cc-a031c0c5f7e5 | ITER: 6 START
2018-04-25 19:58:33.662 19464 INFO rally.task.runner [-] Task 97948d27-a978-47d9-98cc-a031c0c5f7e5 | ITER: 5 END: OK
2018-04-25 19:58:33.667 19464 INFO rally.task.runner [-] Task 97948d27-a978-47d9-98cc-a031c0c5f7e5 | ITER: 7 START
2018-04-25 19:58:44.035 19465 INFO rally.task.runner [-] Task 97948d27-a978-47d9-98cc-a031c0c5f7e5 | ITER: 6 END: OK
2018-04-25 19:58:44.040 19465 INFO rally.task.runner [-] Task 97948d27-a978-47d9-98cc-a031c0c5f7e5 | ITER: 8 START
2018-04-25 20:00:46.788 19464 INFO rally.task.runner [-] Task 97948d27-a978-47d9-98cc-a031c0c5f7e5 | ITER: 7 END: OK
2018-04-25 20:00:46.793 19464 INFO rally.task.runner [-] Task 97948d27-a978-47d9-98cc-a031c0c5f7e5 | ITER: 9 START
2018-04-25 20:01:40.365 19465 INFO rally.task.runner [-] Task 97948d27-a978-47d9-98cc-a031c0c5f7e5 | ITER: 8 END: OK
2018-04-25 20:01:40.370 19465 INFO rally.task.runner [-] Task 97948d27-a978-47d9-98cc-a031c0c5f7e5 | ITER: 10 START
2018-04-25 20:03:16.532 19464 INFO rally.task.runner [-] Task 97948d27-a978-47d9-98cc-a031c0c5f7e5 | ITER: 9 END: OK
2018-04-25 20:03:16.537 19464 INFO rally.task.runner [-] Task 97948d27-a978-47d9-98cc-a031c0c5f7e5 | ITER: 11 START
2018-04-25 20:05:17.830 19465 INFO rally.task.runner [-] Task 97948d27-a978-47d9-98cc-a031c0c5f7e5 | ITER: 10 END: OK
2018-04-25 20:05:17.835 19465 INFO rally.task.runner [-] Task 97948d27-a978-47d9-98cc-a031c0c5f7e5 | ITER: 12 START
2018-04-25 20:05:45.251 19464 INFO rally.task.runner [-] Task 97948d27-a978-47d9-98cc-a031c0c5f7e5 | ITER: 11 END: OK
2018-04-25 20:05:45.256 19464 INFO rally.task.runner [-] Task 97948d27-a978-47d9-98cc-a031c0c5f7e5 | ITER: 13 START
2018-04-25 20:07:51.417 19465 INFO rally.task.runner [-] Task 97948d27-a978-47d9-98cc-a031c0c5f7e5 | ITER: 12 END: OK
2018-04-25 20:07:51.421 19465 INFO rally.task.runner [-] Task 97948d27-a978-47d9-98cc-a031c0c5f7e5 | ITER: 14 START
2018-04-25 20:08:41.964 19464 INFO rally.task.runner [-] Task 97948d27-a978-47d9-98cc-a031c0c5f7e5 | ITER: 13 END: OK
2018-04-25 20:08:41.967 19464 INFO rally.task.runner [-] Task 97948d27-a978-47d9-98cc-a031c0c5f7e5 | ITER: 15 START
2018-04-25 20:10:28.097 19465 INFO rally.task.runner [-] Task 97948d27-a978-47d9-98cc-a031c0c5f7e5 | ITER: 14 END: OK
2018-04-25 20:10:28.102 19465 INFO rally.task.runner [-] Task 97948d27-a978-47d9-98cc-a031c0c5f7e5 | ITER: 16 START
2018-04-25 20:12:38.076 19464 INFO rally.task.runner [-] Task 97948d27-a978-47d9-98cc-a031c0c5f7e5 | ITER: 15 END: OK
2018-04-25 20:12:38.081 19464 INFO rally.task.runner [-] Task 97948d27-a978-47d9-98cc-a031c0c5f7e5 | ITER: 17 START
2018-04-25 20:13:22.436 19465 INFO rally.task.runner [-] Task 97948d27-a978-47d9-98cc-a031c0c5f7e5 | ITER: 16 END: OK
2018-04-25 20:13:22.441 19465 INFO rally.task.runner [-] Task 97948d27-a978-47d9-98cc-a031c0c5f7e5 | ITER: 18 START
2018-04-25 20:14:51.252 19464 INFO rally.task.runner [-] Task 97948d27-a978-47d9-98cc-a031c0c5f7e5 | ITER: 17 END: OK
2018-04-25 20:14:51.257 19464 INFO rally.task.runner [-] Task 97948d27-a978-47d9-98cc-a031c0c5f7e5 | ITER: 19 START
