2018-02-16 01:34:09.699 9276 INFO rally.task.runner [-] Task f0fc9a79-cbd0-4b90-b105-b83950f5af41 | ITER: 112 START
2018-02-16 01:34:20.745 9285 INFO rally.task.runner [-] Task f0fc9a79-cbd0-4b90-b105-b83950f5af41 | ITER: 103 END: OK
2018-02-16 01:34:20.752 9285 INFO rally.task.runner [-] Task f0fc9a79-cbd0-4b90-b105-b83950f5af41 | ITER: 113 START
2018-02-16 01:34:23.079 9281 INFO rally.task.runner [-] Task f0fc9a79-cbd0-4b90-b105-b83950f5af41 | ITER: 104 END: OK
2018-02-16 01:34:23.086 9281 INFO rally.task.runner [-] Task f0fc9a79-cbd0-4b90-b105-b83950f5af41 | ITER: 114 START
2018-02-16 01:34:24.209 9288 INFO rally.task.runner [-] Task f0fc9a79-cbd0-4b90-b105-b83950f5af41 | ITER: 105 END: OK
2018-02-16 01:34:24.215 9288 INFO rally.task.runner [-] Task f0fc9a79-cbd0-4b90-b105-b83950f5af41 | ITER: 115 START
2018-02-16 01:34:39.009 9277 INFO rally.task.runner [-] Task f0fc9a79-cbd0-4b90-b105-b83950f5af41 | ITER: 106 END: OK
2018-02-16 01:34:39.016 9277 INFO rally.task.runner [-] Task f0fc9a79-cbd0-4b90-b105-b83950f5af41 | ITER: 116 START
2018-02-16 01:34:53.159 9278 INFO rally.task.runner [-] Task f0fc9a79-cbd0-4b90-b105-b83950f5af41 | ITER: 107 END: OK
2018-02-16 01:34:53.165 9278 INFO rally.task.runner [-] Task f0fc9a79-cbd0-4b90-b105-b83950f5af41 | ITER: 117 START
2018-02-16 01:34:54.613 9291 INFO rally.task.runner [-] Task f0fc9a79-cbd0-4b90-b105-b83950f5af41 | ITER: 108 END: OK
2018-02-16 01:34:54.619 9291 INFO rally.task.runner [-] Task f0fc9a79-cbd0-4b90-b105-b83950f5af41 | ITER: 118 START
2018-02-16 01:35:04.520 9297 INFO rally.task.runner [-] Task f0fc9a79-cbd0-4b90-b105-b83950f5af41 | ITER: 109 END: OK
2018-02-16 01:35:04.526 9297 INFO rally.task.runner [-] Task f0fc9a79-cbd0-4b90-b105-b83950f5af41 | ITER: 119 START
2018-02-16 01:35:06.044 9294 INFO rally.task.runner [-] Task f0fc9a79-cbd0-4b90-b105-b83950f5af41 | ITER: 110 END: OK
2018-02-16 01:35:06.050 9294 INFO rally.task.runner [-] Task f0fc9a79-cbd0-4b90-b105-b83950f5af41 | ITER: 120 START
2018-02-16 01:35:12.884 9279 INFO rally.task.runner [-] Task f0fc9a79-cbd0-4b90-b105-b83950f5af41 | ITER: 111 END: OK
2018-02-16 01:35:12.891 9279 INFO rally.task.runner [-] Task f0fc9a79-cbd0-4b90-b105-b83950f5af41 | ITER: 121 START
2018-02-16 01:35:15.172 9276 INFO rally.task.runner [-] Task f0fc9a79-cbd0-4b90-b105-b83950f5af41 | ITER: 112 END: OK
2018-02-16 01:35:15.178 9276 INFO rally.task.runner [-] Task f0fc9a79-cbd0-4b90-b105-b83950f5af41 | ITER: 122 START
2018-02-16 01:35:19.887 9285 INFO rally.task.runner [-] Task f0fc9a79-cbd0-4b90-b105-b83950f5af41 | ITER: 113 END: OK
2018-02-16 01:35:19.893 9285 INFO rally.task.runner [-] Task f0fc9a79-cbd0-4b90-b105-b83950f5af41 | ITER: 123 START
2018-02-16 01:35:26.553 9281 INFO rally.task.runner [-] Task f0fc9a79-cbd0-4b90-b105-b83950f5af41 | ITER: 114 END: OK
2018-02-16 01:35:26.560 9281 INFO rally.task.runner [-] Task f0fc9a79-cbd0-4b90-b105-b83950f5af41 | ITER: 124 START
2018-02-16 01:35:28.519 9288 INFO rally.task.runner [-] Task f0fc9a79-cbd0-4b90-b105-b83950f5af41 | ITER: 115 END: OK
2018-02-16 01:35:28.524 9288 INFO rally.task.runner [-] Task f0fc9a79-cbd0-4b90-b105-b83950f5af41 | ITER: 125 START
2018-02-16 01:35:36.192 9277 INFO rally.task.runner [-] Task f0fc9a79-cbd0-4b90-b105-b83950f5af41 | ITER: 116 END: OK
2018-02-16 01:35:36.199 9277 INFO rally.task.runner [-] Task f0fc9a79-cbd0-4b90-b105-b83950f5af41 | ITER: 126 START
2018-02-16 01:35:47.544 9278 INFO rally.task.runner [-] Task f0fc9a79-cbd0-4b90-b105-b83950f5af41 | ITER: 117 END: OK
2018-02-16 01:35:47.551 9278 INFO rally.task.runner [-] Task f0fc9a79-cbd0-4b90-b105-b83950f5af41 | ITER: 127 START
2018-02-16 01:35:51.225 9291 INFO rally.task.runner [-] Task f0fc9a79-cbd0-4b90-b105-b83950f5af41 | ITER: 118 END: OK
2018-02-16 01:35:51.230 9291 INFO rally.task.runner [-] Task f0fc9a79-cbd0-4b90-b105-b83950f5af41 | ITER: 128 START
2018-02-16 01:36:03.867 9297 INFO rally.task.runner [-] Task f0fc9a79-cbd0-4b90-b105-b83950f5af41 | ITER: 119 END: OK
2018-02-16 01:36:03.873 9297 INFO rally.task.runner [-] Task f0fc9a79-cbd0-4b90-b105-b83950f5af41 | ITER: 129 START
2018-02-16 01:36:07.554 9294 INFO rally.task.runner [-] Task f0fc9a79-cbd0-4b90-b105-b83950f5af41 | ITER: 120 END: OK
2018-02-16 01:36:07.561 9294 INFO rally.task.runner [-] Task f0fc9a79-cbd0-4b90-b105-b83950f5af41 | ITER: 130 START
2018-02-16 01:36:14.322 9279 INFO rally.task.runner [-] Task f0fc9a79-cbd0-4b90-b105-b83950f5af41 | ITER: 121 END: OK
2018-02-16 01:36:14.328 9279 INFO rally.task.runner [-] Task f0fc9a79-cbd0-4b90-b105-b83950f5af41 | ITER: 131 START
2018-02-16 01:36:18.651 9276 INFO rally.task.runner [-] Task f0fc9a79-cbd0-4b90-b105-b83950f5af41 | ITER: 122 END: OK
2018-02-16 01:36:18.656 9276 INFO rally.task.runner [-] Task f0fc9a79-cbd0-4b90-b105-b83950f5af41 | ITER: 132 START
2018-02-16 01:36:28.167 9285 INFO rally.task.runner [-] Task f0fc9a79-cbd0-4b90-b105-b83950f5af41 | ITER: 123 END: OK
2018-02-16 01:36:28.174 9285 INFO rally.task.runner [-] Task f0fc9a79-cbd0-4b90-b105-b83950f5af41 | ITER: 133 START
2018-02-16 01:36:29.936 9281 INFO rally.task.runner [-] Task f0fc9a79-cbd0-4b90-b105-b83950f5af41 | ITER: 124 END: OK
2018-02-16 01:36:29.941 9281 INFO rally.task.runner [-] Task f0fc9a79-cbd0-4b90-b105-b83950f5af41 | ITER: 134 START
2018-02-16 01:36:29.950 9288 INFO rally.task.runner [-] Task f0fc9a79-cbd0-4b90-b105-b83950f5af41 | ITER: 125 END: OK
2018-02-16 01:36:29.955 9288 INFO rally.task.runner [-] Task f0fc9a79-cbd0-4b90-b105-b83950f5af41 | ITER: 135 START
2018-02-16 01:36:32.870 9277 INFO rally.task.runner [-] Task f0fc9a79-cbd0-4b90-b105-b83950f5af41 | ITER: 126 END: OK
2018-02-16 01:36:32.877 9277 INFO rally.task.runner [-] Task f0fc9a79-cbd0-4b90-b105-b83950f5af41 | ITER: 136 START
2018-02-16 01:36:49.128 9278 INFO rally.task.runner [-] Task f0fc9a79-cbd0-4b90-b105-b83950f5af41 | ITER: 127 END: OK
2018-02-16 01:36:49.134 9278 INFO rally.task.runner [-] Task f0fc9a79-cbd0-4b90-b105-b83950f5af41 | ITER: 137 START
2018-02-16 01:36:52.825 9291 INFO rally.task.runner [-] Task f0fc9a79-cbd0-4b90-b105-b83950f5af41 | ITER: 128 END: OK
2018-02-16 01:36:52.831 9291 INFO rally.task.runner [-] Task f0fc9a79-cbd0-4b90-b105-b83950f5af41 | ITER: 138 START
2018-02-16 01:37:02.969 9297 INFO rally.task.runner [-] Task f0fc9a79-cbd0-4b90-b105-b83950f5af41 | ITER: 129 END: OK
2018-02-16 01:37:02.975 9297 INFO rally.task.runner [-] Task f0fc9a79-cbd0-4b90-b105-b83950f5af41 | ITER: 139 START
2018-02-16 01:37:06.673 9294 INFO rally.task.runner [-] Task f0fc9a79-cbd0-4b90-b105-b83950f5af41 | ITER: 130 END: OK
2018-02-16 01:37:06.679 9294 INFO rally.task.runner [-] Task f0fc9a79-cbd0-4b90-b105-b83950f5af41 | ITER: 140 START
2018-02-16 01:37:15.511 9279 INFO rally.task.runner [-] Task f0fc9a79-cbd0-4b90-b105-b83950f5af41 | ITER: 131 END: OK
2018-02-16 01:37:15.517 9279 INFO rally.task.runner [-] Task f0fc9a79-cbd0-4b90-b105-b83950f5af41 | ITER: 141 START
2018-02-16 01:37:17.865 9276 INFO rally.task.runner [-] Task f0fc9a79-cbd0-4b90-b105-b83950f5af41 | ITER: 132 END: OK
2018-02-16 01:37:17.871 9276 INFO rally.task.runner [-] Task f0fc9a79-cbd0-4b90-b105-b83950f5af41 | ITER: 142 START
2018-02-16 01:37:29.199 9285 INFO rally.task.runner [-] Task f0fc9a79-cbd0-4b90-b105-b83950f5af41 | ITER: 133 END: OK
2018-02-16 01:37:29.206 9285 INFO rally.task.runner [-] Task f0fc9a79-cbd0-4b90-b105-b83950f5af41 | ITER: 143 START
2018-02-16 01:37:31.593 9288 INFO rally.task.runner [-] Task f0fc9a79-cbd0-4b90-b105-b83950f5af41 | ITER: 135 END: OK
2018-02-16 01:37:31.600 9288 INFO rally.task.runner [-] Task f0fc9a79-cbd0-4b90-b105-b83950f5af41 | ITER: 144 START
2018-02-16 01:37:34.012 9277 INFO rally.task.runner [-] Task f0fc9a79-cbd0-4b90-b105-b83950f5af41 | ITER: 136 END: OK
2018-02-16 01:37:34.018 9277 INFO rally.task.runner [-] Task f0fc9a79-cbd0-4b90-b105-b83950f5af41 | ITER: 145 START
2018-02-16 01:37:35.861 9281 INFO rally.task.runner [-] Task f0fc9a79-cbd0-4b90-b105-b83950f5af41 | ITER: 134 END: OK
2018-02-16 01:37:35.867 9281 INFO rally.task.runner [-] Task f0fc9a79-cbd0-4b90-b105-b83950f5af41 | ITER: 146 START
2018-02-16 01:37:48.373 9278 INFO rally.task.runner [-] Task f0fc9a79-cbd0-4b90-b105-b83950f5af41 | ITER: 137 END: OK
2018-02-16 01:37:48.380 9278 INFO rally.task.runner [-] Task f0fc9a79-cbd0-4b90-b105-b83950f5af41 | ITER: 147 START
2018-02-16 01:37:56.498 9291 INFO rally.task.runner [-] Task f0fc9a79-cbd0-4b90-b105-b83950f5af41 | ITER: 138 END: OK
2018-02-16 01:37:56.504 9291 INFO rally.task.runner [-] Task f0fc9a79-cbd0-4b90-b105-b83950f5af41 | ITER: 148 START
2018-02-16 01:38:03.845 9294 INFO rally.task.runner [-] Task f0fc9a79-cbd0-4b90-b105-b83950f5af41 | ITER: 140 END: OK
2018-02-16 01:38:03.851 9294 INFO rally.task.runner [-] Task f0fc9a79-cbd0-4b90-b105-b83950f5af41 | ITER: 149 START
2018-02-16 01:38:06.536 9297 INFO rally.task.runner [-] Task f0fc9a79-cbd0-4b90-b105-b83950f5af41 | ITER: 139 END: OK
2018-02-16 01:38:06.543 9297 INFO rally.task.runner [-] Task f0fc9a79-cbd0-4b90-b105-b83950f5af41 | ITER: 150 START
2018-02-16 01:38:14.692 9279 INFO rally.task.runner [-] Task f0fc9a79-cbd0-4b90-b105-b83950f5af41 | ITER: 141 END: OK
2018-02-16 01:38:14.698 9279 INFO rally.task.runner [-] Task f0fc9a79-cbd0-4b90-b105-b83950f5af41 | ITER: 151 START
2018-02-16 01:38:17.266 9276 INFO rally.task.runner [-] Task f0fc9a79-cbd0-4b90-b105-b83950f5af41 | ITER: 142 END: OK
2018-02-16 01:38:17.272 9276 INFO rally.task.runner [-] Task f0fc9a79-cbd0-4b90-b105-b83950f5af41 | ITER: 152 START
2018-02-16 01:38:30.765 9285 INFO rally.task.runner [-] Task f0fc9a79-cbd0-4b90-b105-b83950f5af41 | ITER: 143 END: OK
2018-02-16 01:38:30.771 9285 INFO rally.task.runner [-] Task f0fc9a79-cbd0-4b90-b105-b83950f5af41 | ITER: 153 START
2018-02-16 01:38:35.436 9288 INFO rally.task.runner [-] Task f0fc9a79-cbd0-4b90-b105-b83950f5af41 | ITER: 144 END: OK
2018-02-16 01:38:35.441 9288 INFO rally.task.runner [-] Task f0fc9a79-cbd0-4b90-b105-b83950f5af41 | ITER: 154 START
2018-02-16 01:38:37.555 9277 INFO rally.task.runner [-] Task f0fc9a79-cbd0-4b90-b105-b83950f5af41 | ITER: 145 END: OK
2018-02-16 01:38:37.562 9277 INFO rally.task.runner [-] Task f0fc9a79-cbd0-4b90-b105-b83950f5af41 | ITER: 155 START
2018-02-16 01:38:39.695 9281 INFO rally.task.runner [-] Task f0fc9a79-cbd0-4b90-b105-b83950f5af41 | ITER: 146 END: OK
2018-02-16 01:38:39.701 9281 INFO rally.task.runner [-] Task f0fc9a79-cbd0-4b90-b105-b83950f5af41 | ITER: 156 START
2018-02-16 01:38:53.878 9278 INFO rally.task.runner [-] Task f0fc9a79-cbd0-4b90-b105-b83950f5af41 | ITER: 147 END: OK
2018-02-16 01:38:53.883 9278 INFO rally.task.runner [-] Task f0fc9a79-cbd0-4b90-b105-b83950f5af41 | ITER: 157 START
2018-02-16 01:38:58.331 9291 INFO rally.task.runner [-] Task f0fc9a79-cbd0-4b90-b105-b83950f5af41 | ITER: 148 END: OK
2018-02-16 01:38:58.337 9291 INFO rally.task.runner [-] Task f0fc9a79-cbd0-4b90-b105-b83950f5af41 | ITER: 158 START
2018-02-16 01:39:01.325 9297 INFO rally.task.runner [-] Task f0fc9a79-cbd0-4b90-b105-b83950f5af41 | ITER: 150 END: OK
2018-02-16 01:39:01.331 9297 INFO rally.task.runner [-] Task f0fc9a79-cbd0-4b90-b105-b83950f5af41 | ITER: 159 START
2018-02-16 01:39:07.505 9294 INFO rally.task.runner [-] Task f0fc9a79-cbd0-4b90-b105-b83950f5af41 | ITER: 149 END: OK
2018-02-16 01:39:07.512 9294 INFO rally.task.runner [-] Task f0fc9a79-cbd0-4b90-b105-b83950f5af41 | ITER: 160 START
2018-02-16 01:39:13.979 9276 INFO rally.task.runner [-] Task f0fc9a79-cbd0-4b90-b105-b83950f5af41 | ITER: 152 END: OK
2018-02-16 01:39:13.986 9276 INFO rally.task.runner [-] Task f0fc9a79-cbd0-4b90-b105-b83950f5af41 | ITER: 161 START
2018-02-16 01:39:17.197 9279 INFO rally.task.runner [-] Task f0fc9a79-cbd0-4b90-b105-b83950f5af41 | ITER: 151 END: OK
2018-02-16 01:39:17.203 9279 INFO rally.task.runner [-] Task f0fc9a79-cbd0-4b90-b105-b83950f5af41 | ITER: 162 START
2018-02-16 01:39:32.197 9285 INFO rally.task.runner [-] Task f0fc9a79-cbd0-4b90-b105-b83950f5af41 | ITER: 153 END: OK
2018-02-16 01:39:32.203 9285 INFO rally.task.runner [-] Task f0fc9a79-cbd0-4b90-b105-b83950f5af41 | ITER: 163 START
2018-02-16 01:39:34.457 9288 INFO rally.task.runner [-] Task f0fc9a79-cbd0-4b90-b105-b83950f5af41 | ITER: 154 END: OK
2018-02-16 01:39:34.463 9288 INFO rally.task.runner [-] Task f0fc9a79-cbd0-4b90-b105-b83950f5af41 | ITER: 164 START
2018-02-16 01:39:36.784 9277 INFO rally.task.runner [-] Task f0fc9a79-cbd0-4b90-b105-b83950f5af41 | ITER: 155 END: OK
2018-02-16 01:39:36.790 9277 INFO rally.task.runner [-] Task f0fc9a79-cbd0-4b90-b105-b83950f5af41 | ITER: 165 START
2018-02-16 01:39:37.489 9281 INFO rally.task.runner [-] Task f0fc9a79-cbd0-4b90-b105-b83950f5af41 | ITER: 156 END: OK
2018-02-16 01:39:37.495 9281 INFO rally.task.runner [-] Task f0fc9a79-cbd0-4b90-b105-b83950f5af41 | ITER: 166 START
2018-02-16 01:39:56.263 9278 INFO rally.task.runner [-] Task f0fc9a79-cbd0-4b90-b105-b83950f5af41 | ITER: 157 END: OK
2018-02-16 01:39:56.269 9278 INFO rally.task.runner [-] Task f0fc9a79-cbd0-4b90-b105-b83950f5af41 | ITER: 167 START
2018-02-16 01:39:57.787 9291 INFO rally.task.runner [-] Task f0fc9a79-cbd0-4b90-b105-b83950f5af41 | ITER: 158 END: OK
2018-02-16 01:39:57.793 9291 INFO rally.task.runner [-] Task f0fc9a79-cbd0-4b90-b105-b83950f5af41 | ITER: 168 START
2018-02-16 01:40:00.283 9297 INFO rally.task.runner [-] Task f0fc9a79-cbd0-4b90-b105-b83950f5af41 | ITER: 159 END: OK
2018-02-16 01:40:00.289 9297 INFO rally.task.runner [-] Task f0fc9a79-cbd0-4b90-b105-b83950f5af41 | ITER: 169 START
2018-02-16 01:40:13.705 9294 INFO rally.task.runner [-] Task f0fc9a79-cbd0-4b90-b105-b83950f5af41 | ITER: 160 END: OK
2018-02-16 01:40:13.711 9294 INFO rally.task.runner [-] Task f0fc9a79-cbd0-4b90-b105-b83950f5af41 | ITER: 170 START
2018-02-16 01:40:15.771 9276 INFO rally.task.runner [-] Task f0fc9a79-cbd0-4b90-b105-b83950f5af41 | ITER: 161 END: OK
2018-02-16 01:40:15.777 9276 INFO rally.task.runner [-] Task f0fc9a79-cbd0-4b90-b105-b83950f5af41 | ITER: 171 START
2018-02-16 01:40:21.178 9279 INFO rally.task.runner [-] Task f0fc9a79-cbd0-4b90-b105-b83950f5af41 | ITER: 162 END: OK
2018-02-16 01:40:21.184 9279 INFO rally.task.runner [-] Task f0fc9a79-cbd0-4b90-b105-b83950f5af41 | ITER: 172 START
2018-02-16 01:40:33.887 9285 INFO rally.task.runner [-] Task f0fc9a79-cbd0-4b90-b105-b83950f5af41 | ITER: 163 END: OK
2018-02-16 01:40:33.893 9285 INFO rally.task.runner [-] Task f0fc9a79-cbd0-4b90-b105-b83950f5af41 | ITER: 173 START
2018-02-16 01:40:35.864 9288 INFO rally.task.runner [-] Task f0fc9a79-cbd0-4b90-b105-b83950f5af41 | ITER: 164 END: OK
2018-02-16 01:40:35.869 9288 INFO rally.task.runner [-] Task f0fc9a79-cbd0-4b90-b105-b83950f5af41 | ITER: 174 START
2018-02-16 01:40:38.532 9277 INFO rally.task.runner [-] Task f0fc9a79-cbd0-4b90-b105-b83950f5af41 | ITER: 165 END: OK
2018-02-16 01:40:38.538 9277 INFO rally.task.runner [-] Task f0fc9a79-cbd0-4b90-b105-b83950f5af41 | ITER: 175 START
2018-02-16 01:40:40.890 9281 INFO rally.task.runner [-] Task f0fc9a79-cbd0-4b90-b105-b83950f5af41 | ITER: 166 END: OK
2018-02-16 01:40:40.896 9281 INFO rally.task.runner [-] Task f0fc9a79-cbd0-4b90-b105-b83950f5af41 | ITER: 176 START
2018-02-16 01:40:57.722 9278 INFO rally.task.runner [-] Task f0fc9a79-cbd0-4b90-b105-b83950f5af41 | ITER: 167 END: OK
2018-02-16 01:40:57.729 9278 INFO rally.task.runner [-] Task f0fc9a79-cbd0-4b90-b105-b83950f5af41 | ITER: 177 START
2018-02-16 01:41:01.493 9291 INFO rally.task.runner [-] Task f0fc9a79-cbd0-4b90-b105-b83950f5af41 | ITER: 168 END: OK
2018-02-16 01:41:01.500 9291 INFO rally.task.runner [-] Task f0fc9a79-cbd0-4b90-b105-b83950f5af41 | ITER: 178 START
2018-02-16 01:41:03.456 9297 INFO rally.task.runner [-] Task f0fc9a79-cbd0-4b90-b105-b83950f5af41 | ITER: 169 END: OK
2018-02-16 01:41:03.462 9297 INFO rally.task.runner [-] Task f0fc9a79-cbd0-4b90-b105-b83950f5af41 | ITER: 179 START
2018-02-16 01:41:12.557 9294 INFO rally.task.runner [-] Task f0fc9a79-cbd0-4b90-b105-b83950f5af41 | ITER: 170 END: OK
2018-02-16 01:41:12.563 9294 INFO rally.task.runner [-] Task f0fc9a79-cbd0-4b90-b105-b83950f5af41 | ITER: 180 START
2018-02-16 01:41:14.886 9276 INFO rally.task.runner [-] Task f0fc9a79-cbd0-4b90-b105-b83950f5af41 | ITER: 171 END: OK
2018-02-16 01:41:14.892 9276 INFO rally.task.runner [-] Task f0fc9a79-cbd0-4b90-b105-b83950f5af41 | ITER: 181 START
2018-02-16 01:41:23.167 9279 INFO rally.task.runner [-] Task f0fc9a79-cbd0-4b90-b105-b83950f5af41 | ITER: 172 END: OK
2018-02-16 01:41:23.174 9279 INFO rally.task.runner [-] Task f0fc9a79-cbd0-4b90-b105-b83950f5af41 | ITER: 182 START
2018-02-16 01:41:37.822 9285 INFO rally.task.runner [-] Task f0fc9a79-cbd0-4b90-b105-b83950f5af41 | ITER: 173 END: OK
2018-02-16 01:41:37.829 9285 INFO rally.task.runner [-] Task f0fc9a79-cbd0-4b90-b105-b83950f5af41 | ITER: 183 START
2018-02-16 01:41:39.564 9288 INFO rally.task.runner [-] Task f0fc9a79-cbd0-4b90-b105-b83950f5af41 | ITER: 174 END: OK
2018-02-16 01:41:39.570 9288 INFO rally.task.runner [-] Task f0fc9a79-cbd0-4b90-b105-b83950f5af41 | ITER: 184 START
2018-02-16 01:41:42.000 9277 INFO rally.task.runner [-] Task f0fc9a79-cbd0-4b90-b105-b83950f5af41 | ITER: 175 END: OK
2018-02-16 01:41:42.006 9277 INFO rally.task.runner [-] Task f0fc9a79-cbd0-4b90-b105-b83950f5af41 | ITER: 185 START
2018-02-16 01:41:42.258 9281 INFO rally.task.runner [-] Task f0fc9a79-cbd0-4b90-b105-b83950f5af41 | ITER: 176 END: OK
2018-02-16 01:41:42.265 9281 INFO rally.task.runner [-] Task f0fc9a79-cbd0-4b90-b105-b83950f5af41 | ITER: 186 START
2018-02-16 01:41:56.679 9278 INFO rally.task.runner [-] Task f0fc9a79-cbd0-4b90-b105-b83950f5af41 | ITER: 177 END: OK
2018-02-16 01:41:56.684 9278 INFO rally.task.runner [-] Task f0fc9a79-cbd0-4b90-b105-b83950f5af41 | ITER: 187 START
2018-02-16 01:42:01.302 9291 INFO rally.task.runner [-] Task f0fc9a79-cbd0-4b90-b105-b83950f5af41 | ITER: 178 END: OK
2018-02-16 01:42:01.308 9291 INFO rally.task.runner [-] Task f0fc9a79-cbd0-4b90-b105-b83950f5af41 | ITER: 188 START
2018-02-16 01:42:02.303 9297 INFO rally.task.runner [-] Task f0fc9a79-cbd0-4b90-b105-b83950f5af41 | ITER: 179 END: OK
2018-02-16 01:42:02.308 9297 INFO rally.task.runner [-] Task f0fc9a79-cbd0-4b90-b105-b83950f5af41 | ITER: 189 START
2018-02-16 01:42:13.768 9294 INFO rally.task.runner [-] Task f0fc9a79-cbd0-4b90-b105-b83950f5af41 | ITER: 180 END: OK
2018-02-16 01:42:13.774 9294 INFO rally.task.runner [-] Task f0fc9a79-cbd0-4b90-b105-b83950f5af41 | ITER: 190 START
2018-02-16 01:42:16.375 9276 INFO rally.task.runner [-] Task f0fc9a79-cbd0-4b90-b105-b83950f5af41 | ITER: 181 END: OK
2018-02-16 01:42:16.381 9276 INFO rally.task.runner [-] Task f0fc9a79-cbd0-4b90-b105-b83950f5af41 | ITER: 191 START
2018-02-16 01:42:22.573 9279 INFO rally.task.runner [-] Task f0fc9a79-cbd0-4b90-b105-b83950f5af41 | ITER: 182 END: OK
2018-02-16 01:42:22.578 9279 INFO rally.task.runner [-] Task f0fc9a79-cbd0-4b90-b105-b83950f5af41 | ITER: 192 START
2018-02-16 01:42:39.041 9285 INFO rally.task.runner [-] Task f0fc9a79-cbd0-4b90-b105-b83950f5af41 | ITER: 183 END: OK
2018-02-16 01:42:39.047 9285 INFO rally.task.runner [-] Task f0fc9a79-cbd0-4b90-b105-b83950f5af41 | ITER: 193 START
2018-02-16 01:42:43.727 9281 INFO rally.task.runner [-] Task f0fc9a79-cbd0-4b90-b105-b83950f5af41 | ITER: 186 END: OK
2018-02-16 01:42:43.734 9281 INFO rally.task.runner [-] Task f0fc9a79-cbd0-4b90-b105-b83950f5af41 | ITER: 194 START
2018-02-16 01:42:45.277 9288 INFO rally.task.runner [-] Task f0fc9a79-cbd0-4b90-b105-b83950f5af41 | ITER: 184 END: OK
2018-02-16 01:42:45.283 9288 INFO rally.task.runner [-] Task f0fc9a79-cbd0-4b90-b105-b83950f5af41 | ITER: 195 START
2018-02-16 01:42:45.370 9277 INFO rally.task.runner [-] Task f0fc9a79-cbd0-4b90-b105-b83950f5af41 | ITER: 185 END: OK
2018-02-16 01:42:45.377 9277 INFO rally.task.runner [-] Task f0fc9a79-cbd0-4b90-b105-b83950f5af41 | ITER: 196 START
2018-02-16 01:42:57.895 9278 INFO rally.task.runner [-] Task f0fc9a79-cbd0-4b90-b105-b83950f5af41 | ITER: 187 END: OK
2018-02-16 01:42:57.901 9278 INFO rally.task.runner [-] Task f0fc9a79-cbd0-4b90-b105-b83950f5af41 | ITER: 197 START
2018-02-16 01:43:03.649 9297 INFO rally.task.runner [-] Task f0fc9a79-cbd0-4b90-b105-b83950f5af41 | ITER: 189 END: OK
2018-02-16 01:43:03.655 9297 INFO rally.task.runner [-] Task f0fc9a79-cbd0-4b90-b105-b83950f5af41 | ITER: 198 START
2018-02-16 01:43:05.133 9291 INFO rally.task.runner [-] Task f0fc9a79-cbd0-4b90-b105-b83950f5af41 | ITER: 188 END: OK
2018-02-16 01:43:05.139 9291 INFO rally.task.runner [-] Task f0fc9a79-cbd0-4b90-b105-b83950f5af41 | ITER: 199 START
2018-02-16 01:43:15.367 9294 INFO rally.task.runner [-] Task f0fc9a79-cbd0-4b90-b105-b83950f5af41 | ITER: 190 END: OK
2018-02-16 01:43:15.374 9294 INFO rally.task.runner [-] Task f0fc9a79-cbd0-4b90-b105-b83950f5af41 | ITER: 200 START
2018-02-16 01:43:18.074 9276 INFO rally.task.runner [-] Task f0fc9a79-cbd0-4b90-b105-b83950f5af41 | ITER: 191 END: OK
2018-02-16 01:43:19.279 9279 INFO rally.task.runner [-] Task f0fc9a79-cbd0-4b90-b105-b83950f5af41 | ITER: 192 END: OK
2018-02-16 01:43:33.541 9285 INFO rally.task.runner [-] Task f0fc9a79-cbd0-4b90-b105-b83950f5af41 | ITER: 193 END: OK
2018-02-16 01:43:37.876 9277 INFO rally.task.runner [-] Task f0fc9a79-cbd0-4b90-b105-b83950f5af41 | ITER: 196 END: OK
2018-02-16 01:43:38.535 9281 INFO rally.task.runner [-] Task f0fc9a79-cbd0-4b90-b105-b83950f5af41 | ITER: 194 END: OK
2018-02-16 01:43:40.076 9288 INFO rally.task.runner [-] Task f0fc9a79-cbd0-4b90-b105-b83950f5af41 | ITER: 195 END: OK
2018-02-16 01:43:48.440 9278 INFO rally.task.runner [-] Task f0fc9a79-cbd0-4b90-b105-b83950f5af41 | ITER: 197 END: OK
2018-02-16 01:43:49.970 9294 INFO rally.task.runner [-] Task f0fc9a79-cbd0-4b90-b105-b83950f5af41 | ITER: 200 END: OK
2018-02-16 01:43:51.828 9297 INFO rally.task.runner [-] Task f0fc9a79-cbd0-4b90-b105-b83950f5af41 | ITER: 198 END: OK
2018-02-16 01:43:53.321 9291 INFO rally.task.runner [-] Task f0fc9a79-cbd0-4b90-b105-b83950f5af41 | ITER: 199 END: OK
2018-02-16 01:43:53.346 8761 INFO rally.task.context [-] Task f0fc9a79-cbd0-4b90-b105-b83950f5af41 | Context cleanup@openstack cleanup() started
2018-02-16 01:44:09.577 8761 INFO rally.task.context [-] Task f0fc9a79-cbd0-4b90-b105-b83950f5af41 | Context cleanup@openstack cleanup() finished in 16.23 sec
2018-02-16 01:44:09.578 8761 INFO rally.task.context [-] Task f0fc9a79-cbd0-4b90-b105-b83950f5af41 | Context network@openstack cleanup() started
2018-02-16 01:44:52.230 8761 INFO rally.task.context [-] Task f0fc9a79-cbd0-4b90-b105-b83950f5af41 | Context network@openstack cleanup() finished in 42.65 sec
2018-02-16 01:44:52.231 8761 INFO rally.task.context [-] Task f0fc9a79-cbd0-4b90-b105-b83950f5af41 | Context users@openstack cleanup() started
2018-02-16 01:44:59.089 8761 INFO rally.task.context [-] Task f0fc9a79-cbd0-4b90-b105-b83950f5af41 | Context users@openstack cleanup() finished in 6.86 sec
2018-02-16 01:44:59.332 8761 INFO rally.task.engine [-] Load duration is: 1245.701046
2018-02-16 01:44:59.333 8761 INFO rally.task.engine [-] Full runner duration is: 1246.750432
2018-02-16 01:44:59.333 8761 INFO rally.task.engine [-] Full duration is: 1340.551731
2018-02-16 01:44:59.486 8761 INFO rally.task.engine [-] Task f0fc9a79-cbd0-4b90-b105-b83950f5af41 | Completed: Running task.

--------------------------------------------------------------------------------
Task f0fc9a79-cbd0-4b90-b105-b83950f5af41: finished
--------------------------------------------------------------------------------

test scenario NovaServers.boot_and_delete_server
args position 0
args values:
{
  "runner": {
    "times": 200, 
    "concurrency": 10
  }, 
  "contexts": {
    "users": {
      "tenants": 3, 
      "users_per_tenant": 5
    }
  }, 
  "args": {
    "flavor": {
      "name": "m1.medium"
    }, 
    "image": {
      "name": "Ubuntu 16.04"
    }, 
    "force_delete": false
  }, 
  "sla": {
    "failure_rate": {
      "max": 0
    }
  }, 
  "hooks": []
}

--------------------------------------------------------------------------------
Task f0fc9a79-cbd0-4b90-b105-b83950f5af41 has 0 error(s)
--------------------------------------------------------------------------------

+-----------------------------------------------------------------------------------------------------------------------+
|                                                 Response Times (sec)                                                  |
+--------------------+-----------+--------------+--------------+--------------+-----------+-----------+---------+-------+
| Action             | Min (sec) | Median (sec) | 90%ile (sec) | 95%ile (sec) | Max (sec) | Avg (sec) | Success | Count |
+--------------------+-----------+--------------+--------------+--------------+-----------+-----------+---------+-------+
| nova.boot_server   | 17.844    | 58.669       | 61.41        | 62.557       | 65.336    | 54.867    | 100.0%  | 200   |
| nova.delete_server | 2.323     | 4.676        | 11.026       | 11.454       | 15.525    | 5.985     | 100.0%  | 200   |
| total              | 31.154    | 63.423       | 66.016       | 67.427       | 69.776    | 60.852    | 100.0%  | 200   |
|  -> duration       | 30.154    | 62.423       | 65.016       | 66.427       | 68.776    | 59.852    | 100.0%  | 200   |
|  -> idle_duration  | 1.0       | 1.0          | 1.0          | 1.0          | 1.0       | 1.0       | 100.0%  | 200   |
+--------------------+-----------+--------------+--------------+--------------+-----------+-----------+---------+-------+

Load duration: 1225.330584
Full duration: 1255.861535
--------------------------------------------------------------------------------

test scenario NovaServers.boot_and_delete_server
args position 0
args values:
{
  "runner": {
    "times": 200, 
    "concurrency": 10
  }, 
  "contexts": {
    "users": {
      "tenants": 3, 
      "users_per_tenant": 5
    }, 
    "network": {
      "start_cidr": "192.168.74.0/24", 
      "networks_per_tenant": 2
    }
  }, 
  "args": {
    "flavor": {
      "name": "m1.medium"
    }, 
    "image": {
      "name": "Ubuntu 16.04"
    }, 
    "auto_assign_nic": true
  }, 
  "sla": {
    "failure_rate": {
      "max": 0
    }
  }, 
  "hooks": []
}

--------------------------------------------------------------------------------
Task f0fc9a79-cbd0-4b90-b105-b83950f5af41 has 0 error(s)
--------------------------------------------------------------------------------

+-----------------------------------------------------------------------------------------------------------------------+
|                                                 Response Times (sec)                                                  |
+--------------------+-----------+--------------+--------------+--------------+-----------+-----------+---------+-------+
| Action             | Min (sec) | Median (sec) | 90%ile (sec) | 95%ile (sec) | Max (sec) | Avg (sec) | Success | Count |
+--------------------+-----------+--------------+--------------+--------------+-----------+-----------+---------+-------+
| nova.boot_server   | 22.558    | 52.452       | 61.727       | 66.555       | 78.742    | 53.189    | 100.0%  | 200   |
| nova.delete_server | 2.442     | 9.18         | 11.449       | 11.548       | 13.787    | 8.426     | 100.0%  | 200   |
| total              | 34.594    | 61.66        | 68.208       | 71.002       | 85.082    | 61.616    | 100.0%  | 200   |
|  -> duration       | 33.594    | 60.66        | 67.208       | 70.002       | 84.082    | 60.616    | 100.0%  | 200   |
|  -> idle_duration  | 1.0       | 1.0          | 1.0          | 1.0          | 1.0       | 1.0       | 100.0%  | 200   |
+--------------------+-----------+--------------+--------------+--------------+-----------+-----------+---------+-------+

Load duration: 1245.701046
Full duration: 1340.551731

HINTS:
* To plot HTML graphics with this data, run:
	rally task report f0fc9a79-cbd0-4b90-b105-b83950f5af41 --out output.html

* To generate a JUnit report, run:
	rally task export f0fc9a79-cbd0-4b90-b105-b83950f5af41 --type junit --to output.xml

* To get raw JSON output of task results, run:
	rally task report f0fc9a79-cbd0-4b90-b105-b83950f5af41 --json --out output.json

--------------------------------------------------------------------------------
Preparing input task
--------------------------------------------------------------------------------

Task is:
{
    "CinderVolumes.create_and_extend_volume": [
        {
            "args": {
                "size": 20,
                "new_size": 50
            },
            "runner": {
                "type": "constant",
                "times": 20,
                "concurrency": 2
            },
            "context": {
                "users": {
                    "tenants": 1,
                    "users_per_tenant": 1
                }
            },
            "sla": {
                "failure_rate": {
                    "max": 0
                }
            }
        }
    ]
}

Task syntax is correct :)
Running Rally version 0.10.1~dev119
--------------------------------------------------------------------------------
Task  f42af67c-c9b3-47d0-9f98-51703347aa55: started
--------------------------------------------------------------------------------

Running Task... This can take a while...

To track task status use:

	rally task status
	or
	rally task detailed

Using task: f42af67c-c9b3-47d0-9f98-51703347aa55
2018-02-16 01:45:01.434 9619 INFO rally.task.engine [-] Task f42af67c-c9b3-47d0-9f98-51703347aa55 | Starting:  Task validation.
2018-02-16 01:45:01.445 9619 INFO rally.task.engine [-] Task f42af67c-c9b3-47d0-9f98-51703347aa55 | Starting:  Task validation of syntax.
2018-02-16 01:45:01.461 9619 INFO rally.task.engine [-] Task f42af67c-c9b3-47d0-9f98-51703347aa55 | Completed: Task validation of syntax.
2018-02-16 01:45:01.461 9619 INFO rally.task.engine [-] Task f42af67c-c9b3-47d0-9f98-51703347aa55 | Starting:  Task validation of required platforms.
2018-02-16 01:45:01.468 9619 INFO rally.task.engine [-] Task f42af67c-c9b3-47d0-9f98-51703347aa55 | Completed: Task validation of required platforms.
2018-02-16 01:45:01.469 9619 INFO rally.task.engine [-] Task f42af67c-c9b3-47d0-9f98-51703347aa55 | Starting:  Task validation of semantic.
2018-02-16 01:45:06.144 9619 INFO rally.task.context [-] Task f42af67c-c9b3-47d0-9f98-51703347aa55 | Context users@openstack setup()  finished in 3.86 sec
2018-02-16 01:45:06.752 9619 INFO rally.task.context [-] Task f42af67c-c9b3-47d0-9f98-51703347aa55 | Context users@openstack cleanup() started
2018-02-16 01:45:11.217 9619 INFO rally.task.context [-] Task f42af67c-c9b3-47d0-9f98-51703347aa55 | Context users@openstack cleanup() finished in 4.46 sec
2018-02-16 01:45:11.218 9619 INFO rally.task.engine [-] Task f42af67c-c9b3-47d0-9f98-51703347aa55 | Completed: Task validation of semantic.
2018-02-16 01:45:11.218 9619 INFO rally.task.engine [-] Task f42af67c-c9b3-47d0-9f98-51703347aa55 | Completed: Task validation.
2018-02-16 01:45:11.219 9619 INFO rally.api [-] Task f42af67c-c9b3-47d0-9f98-51703347aa55 input file is valid.
2018-02-16 01:45:11.219 9619 INFO rally.api [-] Run Task f42af67c-c9b3-47d0-9f98-51703347aa55 against Deployment b3d93970-2899-4826-8e45-0761b050b3a5
2018-02-16 01:45:11.219 9619 INFO rally.task.engine [-] Task f42af67c-c9b3-47d0-9f98-51703347aa55 | Starting:  Running task.
2018-02-16 01:45:11.264 9619 INFO rally.task.engine [-] Running workload: 
  position = 0
  config = {
   "version": 2, 
   "title": "A cropped version of a bigger task.", 
   "description": "Auto-generated task from a single workload (uuid=2e9f5044-8aa8-42fd-964f-9173065e52b5)", 
   "subtasks": [
      {
         "title": "CinderVolumes.create_and_extend_volume", 
         "description": "Create and extend a volume and then delete it.", 
         "scenario": {
            "CinderVolumes.create_and_extend_volume": {
               "size": 20, 
               "new_size": 50
            }
         }, 
         "contexts": {
            "users": {
               "tenants": 1, 
               "users_per_tenant": 1
            }
         }, 
         "runner": {
            "constant": {
               "times": 20, 
               "concurrency": 2
            }
         }, 
         "hooks": [], 
         "sla": {
            "failure_rate": {
               "max": 0
            }
         }
      }
   ]
}
2018-02-16 01:45:15.149 9619 INFO rally.task.context [-] Task f42af67c-c9b3-47d0-9f98-51703347aa55 | Context users@openstack setup()  finished in 3.85 sec
2018-02-16 01:45:15.149 9619 INFO rally.task.context [-] Task f42af67c-c9b3-47d0-9f98-51703347aa55 | Context cleanup@openstack setup()  finished in 0.01 msec
2018-02-16 01:45:15.176 9747 INFO rally.task.runner [-] Task f42af67c-c9b3-47d0-9f98-51703347aa55 | ITER: 1 START
2018-02-16 01:45:15.178 9748 INFO rally.task.runner [-] Task f42af67c-c9b3-47d0-9f98-51703347aa55 | ITER: 2 START
2018-02-16 01:45:22.898 9748 INFO rally.task.runner [-] Task f42af67c-c9b3-47d0-9f98-51703347aa55 | ITER: 2 END: OK
2018-02-16 01:45:22.901 9748 INFO rally.task.runner [-] Task f42af67c-c9b3-47d0-9f98-51703347aa55 | ITER: 3 START
2018-02-16 01:45:22.915 9747 INFO rally.task.runner [-] Task f42af67c-c9b3-47d0-9f98-51703347aa55 | ITER: 1 END: OK
2018-02-16 01:45:22.918 9747 INFO rally.task.runner [-] Task f42af67c-c9b3-47d0-9f98-51703347aa55 | ITER: 4 START
2018-02-16 01:45:30.603 9747 INFO rally.task.runner [-] Task f42af67c-c9b3-47d0-9f98-51703347aa55 | ITER: 4 END: OK
2018-02-16 01:45:30.606 9747 INFO rally.task.runner [-] Task f42af67c-c9b3-47d0-9f98-51703347aa55 | ITER: 5 START
2018-02-16 01:45:30.719 9748 INFO rally.task.runner [-] Task f42af67c-c9b3-47d0-9f98-51703347aa55 | ITER: 3 END: OK
2018-02-16 01:45:30.722 9748 INFO rally.task.runner [-] Task f42af67c-c9b3-47d0-9f98-51703347aa55 | ITER: 6 START
2018-02-16 01:45:38.319 9747 INFO rally.task.runner [-] Task f42af67c-c9b3-47d0-9f98-51703347aa55 | ITER: 5 END: OK
2018-02-16 01:45:38.323 9747 INFO rally.task.runner [-] Task f42af67c-c9b3-47d0-9f98-51703347aa55 | ITER: 7 START
2018-02-16 01:45:38.325 9748 INFO rally.task.runner [-] Task f42af67c-c9b3-47d0-9f98-51703347aa55 | ITER: 6 END: OK
2018-02-16 01:45:38.328 9748 INFO rally.task.runner [-] Task f42af67c-c9b3-47d0-9f98-51703347aa55 | ITER: 8 START
2018-02-16 01:45:45.877 9747 INFO rally.task.runner [-] Task f42af67c-c9b3-47d0-9f98-51703347aa55 | ITER: 7 END: OK
2018-02-16 01:45:45.881 9747 INFO rally.task.runner [-] Task f42af67c-c9b3-47d0-9f98-51703347aa55 | ITER: 9 START
2018-02-16 01:45:46.065 9748 INFO rally.task.runner [-] Task f42af67c-c9b3-47d0-9f98-51703347aa55 | ITER: 8 END: OK
2018-02-16 01:45:46.069 9748 INFO rally.task.runner [-] Task f42af67c-c9b3-47d0-9f98-51703347aa55 | ITER: 10 START
2018-02-16 01:45:53.699 9747 INFO rally.task.runner [-] Task f42af67c-c9b3-47d0-9f98-51703347aa55 | ITER: 9 END: OK
2018-02-16 01:45:53.702 9747 INFO rally.task.runner [-] Task f42af67c-c9b3-47d0-9f98-51703347aa55 | ITER: 11 START
2018-02-16 01:45:53.728 9748 INFO rally.task.runner [-] Task f42af67c-c9b3-47d0-9f98-51703347aa55 | ITER: 10 END: OK
2018-02-16 01:45:53.731 9748 INFO rally.task.runner [-] Task f42af67c-c9b3-47d0-9f98-51703347aa55 | ITER: 12 START
2018-02-16 01:46:01.320 9748 INFO rally.task.runner [-] Task f42af67c-c9b3-47d0-9f98-51703347aa55 | ITER: 12 END: OK
2018-02-16 01:46:01.323 9748 INFO rally.task.runner [-] Task f42af67c-c9b3-47d0-9f98-51703347aa55 | ITER: 13 START
2018-02-16 01:46:01.395 9747 INFO rally.task.runner [-] Task f42af67c-c9b3-47d0-9f98-51703347aa55 | ITER: 11 END: OK
2018-02-16 01:46:01.398 9747 INFO rally.task.runner [-] Task f42af67c-c9b3-47d0-9f98-51703347aa55 | ITER: 14 START
2018-02-16 01:46:08.870 9748 INFO rally.task.runner [-] Task f42af67c-c9b3-47d0-9f98-51703347aa55 | ITER: 13 END: OK
2018-02-16 01:46:08.874 9748 INFO rally.task.runner [-] Task f42af67c-c9b3-47d0-9f98-51703347aa55 | ITER: 15 START
2018-02-16 01:46:09.105 9747 INFO rally.task.runner [-] Task f42af67c-c9b3-47d0-9f98-51703347aa55 | ITER: 14 END: OK
2018-02-16 01:46:09.109 9747 INFO rally.task.runner [-] Task f42af67c-c9b3-47d0-9f98-51703347aa55 | ITER: 16 START
2018-02-16 01:46:16.417 9748 INFO rally.task.runner [-] Task f42af67c-c9b3-47d0-9f98-51703347aa55 | ITER: 15 END: OK
2018-02-16 01:46:16.421 9748 INFO rally.task.runner [-] Task f42af67c-c9b3-47d0-9f98-51703347aa55 | ITER: 17 START
2018-02-16 01:46:16.517 9747 INFO rally.task.runner [-] Task f42af67c-c9b3-47d0-9f98-51703347aa55 | ITER: 16 END: OK
2018-02-16 01:46:16.519 9747 INFO rally.task.runner [-] Task f42af67c-c9b3-47d0-9f98-51703347aa55 | ITER: 18 START
2018-02-16 01:46:23.897 9748 INFO rally.task.runner [-] Task f42af67c-c9b3-47d0-9f98-51703347aa55 | ITER: 17 END: OK
2018-02-16 01:46:23.900 9748 INFO rally.task.runner [-] Task f42af67c-c9b3-47d0-9f98-51703347aa55 | ITER: 19 START
2018-02-16 01:46:24.040 9747 INFO rally.task.runner [-] Task f42af67c-c9b3-47d0-9f98-51703347aa55 | ITER: 18 END: OK
2018-02-16 01:46:24.044 9747 INFO rally.task.runner [-] Task f42af67c-c9b3-47d0-9f98-51703347aa55 | ITER: 20 START
2018-02-16 01:46:31.418 9748 INFO rally.task.runner [-] Task f42af67c-c9b3-47d0-9f98-51703347aa55 | ITER: 19 END: OK
2018-02-16 01:46:31.568 9747 INFO rally.task.runner [-] Task f42af67c-c9b3-47d0-9f98-51703347aa55 | ITER: 20 END: OK
2018-02-16 01:46:31.594 9619 INFO rally.task.context [-] Task f42af67c-c9b3-47d0-9f98-51703347aa55 | Context cleanup@openstack cleanup() started
2018-02-16 01:46:34.872 9619 INFO rally.task.context [-] Task f42af67c-c9b3-47d0-9f98-51703347aa55 | Context cleanup@openstack cleanup() finished in 3.28 sec
2018-02-16 01:46:34.873 9619 INFO rally.task.context [-] Task f42af67c-c9b3-47d0-9f98-51703347aa55 | Context users@openstack cleanup() started
2018-02-16 01:46:39.537 9619 INFO rally.task.context [-] Task f42af67c-c9b3-47d0-9f98-51703347aa55 | Context users@openstack cleanup() finished in 4.66 sec
2018-02-16 01:46:39.759 9619 INFO rally.task.engine [-] Load duration is: 76.388131
2018-02-16 01:46:39.759 9619 INFO rally.task.engine [-] Full runner duration is: 76.437849
2018-02-16 01:46:39.760 9619 INFO rally.task.engine [-] Full duration is: 88.266571
2018-02-16 01:46:39.835 9619 INFO rally.task.engine [-] Task f42af67c-c9b3-47d0-9f98-51703347aa55 | Completed: Running task.

--------------------------------------------------------------------------------
Task f42af67c-c9b3-47d0-9f98-51703347aa55: finished
--------------------------------------------------------------------------------

test scenario CinderVolumes.create_and_extend_volume
args position 0
args values:
{
  "runner": {
    "times": 20, 
    "concurrency": 2
  }, 
  "contexts": {
    "users": {
      "tenants": 1, 
      "users_per_tenant": 1
    }
  }, 
  "args": {
    "size": 20, 
    "new_size": 50
  }, 
  "sla": {
    "failure_rate": {
      "max": 0
    }
  }, 
  "hooks": []
}

--------------------------------------------------------------------------------
Task f42af67c-c9b3-47d0-9f98-51703347aa55 has 0 error(s)
--------------------------------------------------------------------------------

+----------------------------------------------------------------------------------------------------------------------------+
|                                                    Response Times (sec)                                                    |
+-------------------------+-----------+--------------+--------------+--------------+-----------+-----------+---------+-------+
| Action                  | Min (sec) | Median (sec) | 90%ile (sec) | 95%ile (sec) | Max (sec) | Avg (sec) | Success | Count |
+-------------------------+-----------+--------------+--------------+--------------+-----------+-----------+---------+-------+
| cinder_v2.create_volume | 2.951     | 3.058        | 3.165        | 3.191        | 3.239     | 3.08      | 100.0%  | 20    |
| cinder_v2.extend_volume | 2.254     | 2.295        | 2.375        | 2.427        | 2.478     | 2.307     | 100.0%  | 20    |
| cinder_v2.delete_volume | 2.198     | 2.234        | 2.275        | 2.311        | 2.324     | 2.24      | 100.0%  | 20    |
| total                   | 7.406     | 7.628        | 7.743        | 7.815        | 7.816     | 7.627     | 100.0%  | 20    |
|  -> duration            | 7.406     | 7.628        | 7.743        | 7.815        | 7.816     | 7.627     | 100.0%  | 20    |
|  -> idle_duration       | 0.0       | 0.0          | 0.0          | 0.0          | 0.0       | 0.0       | 100.0%  | 20    |
+-------------------------+-----------+--------------+--------------+--------------+-----------+-----------+---------+-------+

Load duration: 76.388131
Full duration: 88.266571

HINTS:
* To plot HTML graphics with this data, run:
	rally task report f42af67c-c9b3-47d0-9f98-51703347aa55 --out output.html

* To generate a JUnit report, run:
	rally task export f42af67c-c9b3-47d0-9f98-51703347aa55 --type junit --to output.xml

* To get raw JSON output of task results, run:
	rally task report f42af67c-c9b3-47d0-9f98-51703347aa55 --json --out output.json

--------------------------------------------------------------------------------
Preparing input task
--------------------------------------------------------------------------------

Task is:
{
   "NovaServers.boot_and_rebuild_server": [
        {
            "args": {
                "flavor": {
                    "name": "m1.xlarge"
                },
                "from_image": {
                    "name": "Debian 9"
                },
                "to_image": {
                    "name": "Ubuntu 14.04 LTS"
                }
            },
            "runner": {
                "type": "constant",
                "times": 50,
                "concurrency": 2
            },
            "context": {
                "users": {
                    "tenants": 1,
                    "users_per_tenant": 1
                }
            },
            "sla": {
                "failure_rate": {
                    "max": 0
                }
            }
        }
    ]
}

Task syntax is correct :)
Running Rally version 0.10.1~dev119
--------------------------------------------------------------------------------
Task  01cdadbe-0b5e-46c7-b32f-c7b0062e2a80: started
--------------------------------------------------------------------------------

Running Task... This can take a while...

To track task status use:

	rally task status
	or
	rally task detailed

Using task: 01cdadbe-0b5e-46c7-b32f-c7b0062e2a80
2018-02-16 01:46:41.714 9894 INFO rally.task.engine [-] Task 01cdadbe-0b5e-46c7-b32f-c7b0062e2a80 | Starting:  Task validation.
2018-02-16 01:46:41.725 9894 INFO rally.task.engine [-] Task 01cdadbe-0b5e-46c7-b32f-c7b0062e2a80 | Starting:  Task validation of syntax.
2018-02-16 01:46:41.742 9894 INFO rally.task.engine [-] Task 01cdadbe-0b5e-46c7-b32f-c7b0062e2a80 | Completed: Task validation of syntax.
2018-02-16 01:46:41.742 9894 INFO rally.task.engine [-] Task 01cdadbe-0b5e-46c7-b32f-c7b0062e2a80 | Starting:  Task validation of required platforms.
2018-02-16 01:46:41.750 9894 INFO rally.task.engine [-] Task 01cdadbe-0b5e-46c7-b32f-c7b0062e2a80 | Completed: Task validation of required platforms.
2018-02-16 01:46:41.750 9894 INFO rally.task.engine [-] Task 01cdadbe-0b5e-46c7-b32f-c7b0062e2a80 | Starting:  Task validation of semantic.
2018-02-16 01:46:46.599 9894 INFO rally.task.context [-] Task 01cdadbe-0b5e-46c7-b32f-c7b0062e2a80 | Context users@openstack setup()  finished in 4.01 sec
2018-02-16 01:46:49.254 9894 INFO rally.task.context [-] Task 01cdadbe-0b5e-46c7-b32f-c7b0062e2a80 | Context users@openstack cleanup() started
2018-02-16 01:46:53.810 9894 INFO rally.task.context [-] Task 01cdadbe-0b5e-46c7-b32f-c7b0062e2a80 | Context users@openstack cleanup() finished in 4.56 sec
2018-02-16 01:46:53.811 9894 INFO rally.task.engine [-] Task 01cdadbe-0b5e-46c7-b32f-c7b0062e2a80 | Completed: Task validation of semantic.
2018-02-16 01:46:53.811 9894 INFO rally.task.engine [-] Task 01cdadbe-0b5e-46c7-b32f-c7b0062e2a80 | Completed: Task validation.
2018-02-16 01:46:53.811 9894 INFO rally.api [-] Task 01cdadbe-0b5e-46c7-b32f-c7b0062e2a80 input file is valid.
2018-02-16 01:46:53.812 9894 INFO rally.api [-] Run Task 01cdadbe-0b5e-46c7-b32f-c7b0062e2a80 against Deployment b3d93970-2899-4826-8e45-0761b050b3a5
2018-02-16 01:46:53.812 9894 INFO rally.task.engine [-] Task 01cdadbe-0b5e-46c7-b32f-c7b0062e2a80 | Starting:  Running task.
2018-02-16 01:46:53.854 9894 INFO rally.task.engine [-] Running workload: 
  position = 0
  config = {
   "version": 2, 
   "title": "A cropped version of a bigger task.", 
   "description": "Auto-generated task from a single workload (uuid=aea7b098-199a-430b-b523-457f52ca742d)", 
   "subtasks": [
      {
         "title": "NovaServers.boot_and_rebuild_server", 
         "description": "Rebuild a server.", 
         "scenario": {
            "NovaServers.boot_and_rebuild_server": {
               "flavor": {
                  "name": "m1.xlarge"
               }, 
               "from_image": {
                  "name": "Debian 9"
               }, 
               "to_image": {
                  "name": "Ubuntu 14.04 LTS"
               }
            }
         }, 
         "contexts": {
            "users": {
               "tenants": 1, 
               "users_per_tenant": 1
            }
         }, 
         "runner": {
            "constant": {
               "times": 50, 
               "concurrency": 2
            }
         }, 
         "hooks": [], 
         "sla": {
            "failure_rate": {
               "max": 0
            }
         }
      }
   ]
}
2018-02-16 01:46:57.891 9894 INFO rally.task.context [-] Task 01cdadbe-0b5e-46c7-b32f-c7b0062e2a80 | Context users@openstack setup()  finished in 4.01 sec
2018-02-16 01:46:57.892 9894 INFO rally.task.context [-] Task 01cdadbe-0b5e-46c7-b32f-c7b0062e2a80 | Context cleanup@openstack setup()  finished in 0.00 msec
2018-02-16 01:46:58.850 10022 INFO rally.task.runner [-] Task 01cdadbe-0b5e-46c7-b32f-c7b0062e2a80 | ITER: 1 START
2018-02-16 01:46:58.853 10023 INFO rally.task.runner [-] Task 01cdadbe-0b5e-46c7-b32f-c7b0062e2a80 | ITER: 2 START
2018-02-16 01:48:50.748 10023 INFO rally.task.runner [-] Task 01cdadbe-0b5e-46c7-b32f-c7b0062e2a80 | ITER: 2 END: OK
2018-02-16 01:48:50.753 10023 INFO rally.task.runner [-] Task 01cdadbe-0b5e-46c7-b32f-c7b0062e2a80 | ITER: 3 START
2018-02-16 01:48:51.202 10022 INFO rally.task.runner [-] Task 01cdadbe-0b5e-46c7-b32f-c7b0062e2a80 | ITER: 1 END: OK
2018-02-16 01:48:51.206 10022 INFO rally.task.runner [-] Task 01cdadbe-0b5e-46c7-b32f-c7b0062e2a80 | ITER: 4 START
2018-02-16 01:50:17.106 10023 INFO rally.task.runner [-] Task 01cdadbe-0b5e-46c7-b32f-c7b0062e2a80 | ITER: 3 END: OK
2018-02-16 01:50:17.110 10023 INFO rally.task.runner [-] Task 01cdadbe-0b5e-46c7-b32f-c7b0062e2a80 | ITER: 5 START
2018-02-16 01:50:27.499 10022 INFO rally.task.runner [-] Task 01cdadbe-0b5e-46c7-b32f-c7b0062e2a80 | ITER: 4 END: OK
2018-02-16 01:50:27.503 10022 INFO rally.task.runner [-] Task 01cdadbe-0b5e-46c7-b32f-c7b0062e2a80 | ITER: 6 START
2018-02-16 01:51:59.310 10022 INFO rally.task.runner [-] Task 01cdadbe-0b5e-46c7-b32f-c7b0062e2a80 | ITER: 6 END: OK
2018-02-16 01:51:59.315 10022 INFO rally.task.runner [-] Task 01cdadbe-0b5e-46c7-b32f-c7b0062e2a80 | ITER: 7 START
2018-02-16 01:52:13.306 10023 INFO rally.task.runner [-] Task 01cdadbe-0b5e-46c7-b32f-c7b0062e2a80 | ITER: 5 END: OK
2018-02-16 01:52:13.310 10023 INFO rally.task.runner [-] Task 01cdadbe-0b5e-46c7-b32f-c7b0062e2a80 | ITER: 8 START
2018-02-16 01:53:29.341 10022 INFO rally.task.runner [-] Task 01cdadbe-0b5e-46c7-b32f-c7b0062e2a80 | ITER: 7 END: OK
2018-02-16 01:53:29.345 10022 INFO rally.task.runner [-] Task 01cdadbe-0b5e-46c7-b32f-c7b0062e2a80 | ITER: 9 START
2018-02-16 01:53:40.962 10023 INFO rally.task.runner [-] Task 01cdadbe-0b5e-46c7-b32f-c7b0062e2a80 | ITER: 8 END: OK
2018-02-16 01:53:40.967 10023 INFO rally.task.runner [-] Task 01cdadbe-0b5e-46c7-b32f-c7b0062e2a80 | ITER: 10 START
2018-02-16 01:54:59.845 10022 INFO rally.task.runner [-] Task 01cdadbe-0b5e-46c7-b32f-c7b0062e2a80 | ITER: 9 END: OK
2018-02-16 01:54:59.850 10022 INFO rally.task.runner [-] Task 01cdadbe-0b5e-46c7-b32f-c7b0062e2a80 | ITER: 11 START
2018-02-16 01:55:26.968 10023 INFO rally.task.runner [-] Task 01cdadbe-0b5e-46c7-b32f-c7b0062e2a80 | ITER: 10 END: OK
2018-02-16 01:55:26.971 10023 INFO rally.task.runner [-] Task 01cdadbe-0b5e-46c7-b32f-c7b0062e2a80 | ITER: 12 START
2018-02-16 01:56:42.997 10022 INFO rally.task.runner [-] Task 01cdadbe-0b5e-46c7-b32f-c7b0062e2a80 | ITER: 11 END: OK
2018-02-16 01:56:43.001 10022 INFO rally.task.runner [-] Task 01cdadbe-0b5e-46c7-b32f-c7b0062e2a80 | ITER: 13 START
2018-02-16 01:56:54.393 10023 INFO rally.task.runner [-] Task 01cdadbe-0b5e-46c7-b32f-c7b0062e2a80 | ITER: 12 END: OK
2018-02-16 01:56:54.397 10023 INFO rally.task.runner [-] Task 01cdadbe-0b5e-46c7-b32f-c7b0062e2a80 | ITER: 14 START
2018-02-16 01:58:13.214 10022 INFO rally.task.runner [-] Task 01cdadbe-0b5e-46c7-b32f-c7b0062e2a80 | ITER: 13 END: OK
2018-02-16 01:58:13.217 10022 INFO rally.task.runner [-] Task 01cdadbe-0b5e-46c7-b32f-c7b0062e2a80 | ITER: 15 START
2018-02-16 01:58:20.451 10023 INFO rally.task.runner [-] Task 01cdadbe-0b5e-46c7-b32f-c7b0062e2a80 | ITER: 14 END: OK
2018-02-16 01:58:20.456 10023 INFO rally.task.runner [-] Task 01cdadbe-0b5e-46c7-b32f-c7b0062e2a80 | ITER: 16 START
2018-02-16 01:59:41.399 10022 INFO rally.task.runner [-] Task 01cdadbe-0b5e-46c7-b32f-c7b0062e2a80 | ITER: 15 END: OK
2018-02-16 01:59:41.403 10022 INFO rally.task.runner [-] Task 01cdadbe-0b5e-46c7-b32f-c7b0062e2a80 | ITER: 17 START
2018-02-16 01:59:49.080 10023 INFO rally.task.runner [-] Task 01cdadbe-0b5e-46c7-b32f-c7b0062e2a80 | ITER: 16 END: OK
2018-02-16 01:59:49.083 10023 INFO rally.task.runner [-] Task 01cdadbe-0b5e-46c7-b32f-c7b0062e2a80 | ITER: 18 START
2018-02-16 02:01:09.044 10022 INFO rally.task.runner [-] Task 01cdadbe-0b5e-46c7-b32f-c7b0062e2a80 | ITER: 17 END: OK
