2018-04-25 20:43:10.968 21524 INFO rally.task.runner [-] Task 0848b758-85d1-4c3f-b55d-affc4cc7b221 | ITER: 82 END: OK
2018-04-25 20:43:10.972 21524 INFO rally.task.runner [-] Task 0848b758-85d1-4c3f-b55d-affc4cc7b221 | ITER: 92 START
2018-04-25 20:43:11.037 21513 INFO rally.task.runner [-] Task 0848b758-85d1-4c3f-b55d-affc4cc7b221 | ITER: 83 END: OK
2018-04-25 20:43:11.042 21513 INFO rally.task.runner [-] Task 0848b758-85d1-4c3f-b55d-affc4cc7b221 | ITER: 93 START
2018-04-25 20:43:11.168 21512 INFO rally.task.runner [-] Task 0848b758-85d1-4c3f-b55d-affc4cc7b221 | ITER: 85 END: OK
2018-04-25 20:43:11.174 21512 INFO rally.task.runner [-] Task 0848b758-85d1-4c3f-b55d-affc4cc7b221 | ITER: 94 START
2018-04-25 20:43:11.197 21514 INFO rally.task.runner [-] Task 0848b758-85d1-4c3f-b55d-affc4cc7b221 | ITER: 86 END: OK
2018-04-25 20:43:11.202 21514 INFO rally.task.runner [-] Task 0848b758-85d1-4c3f-b55d-affc4cc7b221 | ITER: 95 START
2018-04-25 20:43:11.293 21517 INFO rally.task.runner [-] Task 0848b758-85d1-4c3f-b55d-affc4cc7b221 | ITER: 84 END: OK
2018-04-25 20:43:11.298 21517 INFO rally.task.runner [-] Task 0848b758-85d1-4c3f-b55d-affc4cc7b221 | ITER: 96 START
2018-04-25 20:43:11.619 21510 INFO rally.task.runner [-] Task 0848b758-85d1-4c3f-b55d-affc4cc7b221 | ITER: 87 END: OK
2018-04-25 20:43:11.624 21510 INFO rally.task.runner [-] Task 0848b758-85d1-4c3f-b55d-affc4cc7b221 | ITER: 97 START
2018-04-25 20:43:11.624 21528 INFO rally.task.runner [-] Task 0848b758-85d1-4c3f-b55d-affc4cc7b221 | ITER: 88 END: OK
2018-04-25 20:43:11.629 21528 INFO rally.task.runner [-] Task 0848b758-85d1-4c3f-b55d-affc4cc7b221 | ITER: 98 START
2018-04-25 20:43:11.914 21524 INFO rally.task.runner [-] Task 0848b758-85d1-4c3f-b55d-affc4cc7b221 | ITER: 92 END: OK
2018-04-25 20:43:11.917 21529 INFO rally.task.runner [-] Task 0848b758-85d1-4c3f-b55d-affc4cc7b221 | ITER: 89 END: OK
2018-04-25 20:43:11.919 21524 INFO rally.task.runner [-] Task 0848b758-85d1-4c3f-b55d-affc4cc7b221 | ITER: 99 START
2018-04-25 20:43:11.922 21529 INFO rally.task.runner [-] Task 0848b758-85d1-4c3f-b55d-affc4cc7b221 | ITER: 100 START
2018-04-25 20:43:11.960 21520 INFO rally.task.runner [-] Task 0848b758-85d1-4c3f-b55d-affc4cc7b221 | ITER: 91 END: OK
2018-04-25 20:43:12.013 21513 INFO rally.task.runner [-] Task 0848b758-85d1-4c3f-b55d-affc4cc7b221 | ITER: 93 END: OK
2018-04-25 20:43:12.092 21511 INFO rally.task.runner [-] Task 0848b758-85d1-4c3f-b55d-affc4cc7b221 | ITER: 90 END: OK
2018-04-25 20:43:12.176 21514 INFO rally.task.runner [-] Task 0848b758-85d1-4c3f-b55d-affc4cc7b221 | ITER: 95 END: OK
2018-04-25 20:43:12.255 21517 INFO rally.task.runner [-] Task 0848b758-85d1-4c3f-b55d-affc4cc7b221 | ITER: 96 END: OK
2018-04-25 20:43:12.356 21512 INFO rally.task.runner [-] Task 0848b758-85d1-4c3f-b55d-affc4cc7b221 | ITER: 94 END: OK
2018-04-25 20:43:12.668 21528 INFO rally.task.runner [-] Task 0848b758-85d1-4c3f-b55d-affc4cc7b221 | ITER: 98 END: OK
2018-04-25 20:43:12.755 21510 INFO rally.task.runner [-] Task 0848b758-85d1-4c3f-b55d-affc4cc7b221 | ITER: 97 END: OK
2018-04-25 20:43:12.757 21524 INFO rally.task.runner [-] Task 0848b758-85d1-4c3f-b55d-affc4cc7b221 | ITER: 99 END: OK
2018-04-25 20:43:12.987 21529 INFO rally.task.runner [-] Task 0848b758-85d1-4c3f-b55d-affc4cc7b221 | ITER: 100 END: OK
2018-04-25 20:43:13.007 20940 INFO rally.task.context [-] Task 0848b758-85d1-4c3f-b55d-affc4cc7b221 | Context cleanup@openstack cleanup() started
2018-04-25 20:43:39.506 20940 INFO rally.task.context [-] Task 0848b758-85d1-4c3f-b55d-affc4cc7b221 | Context cleanup@openstack cleanup() finished in 26.50 sec
2018-04-25 20:43:39.507 20940 INFO rally.task.context [-] Task 0848b758-85d1-4c3f-b55d-affc4cc7b221 | Context roles@openstack cleanup() started
2018-04-25 20:43:40.631 20940 INFO rally.task.context [-] Task 0848b758-85d1-4c3f-b55d-affc4cc7b221 | Context roles@openstack cleanup() finished in 1.12 sec
2018-04-25 20:43:40.631 20940 INFO rally.task.context [-] Task 0848b758-85d1-4c3f-b55d-affc4cc7b221 | Context quotas@openstack cleanup() started
2018-04-25 20:43:40.697 20940 INFO rally.task.context [-] Task 0848b758-85d1-4c3f-b55d-affc4cc7b221 | Context quotas@openstack cleanup() finished in 65.72 msec
2018-04-25 20:43:40.698 20940 INFO rally.task.context [-] Task 0848b758-85d1-4c3f-b55d-affc4cc7b221 | Context users@openstack cleanup() started
2018-04-25 20:43:45.705 20940 INFO rally.task.context [-] Task 0848b758-85d1-4c3f-b55d-affc4cc7b221 | Context users@openstack cleanup() finished in 5.01 sec
2018-04-25 20:43:46.280 20940 INFO rally.task.engine [-] Load duration is: 10.134873
2018-04-25 20:43:46.280 20940 INFO rally.task.engine [-] Full runner duration is: 10.174264
2018-04-25 20:43:46.281 20940 INFO rally.task.engine [-] Full duration is: 55.814508
2018-04-25 20:43:46.397 20940 INFO rally.task.engine [-] Task 0848b758-85d1-4c3f-b55d-affc4cc7b221 | Completed: Running task.

--------------------------------------------------------------------------------
Task 0848b758-85d1-4c3f-b55d-affc4cc7b221: finished
--------------------------------------------------------------------------------

test scenario NeutronNetworks.create_and_list_networks
args position 0
args values:
{
  "runner": {
    "times": 100, 
    "concurrency": 10
  }, 
  "contexts": {
    "users": {
      "tenants": 3, 
      "users_per_tenant": 3
    }, 
    "quotas": {
      "neutron": {
        "network": -1
      }
    }
  }, 
  "args": {
    "network_create_args": {}
  }, 
  "sla": {
    "failure_rate": {
      "max": 0
    }
  }, 
  "hooks": []
}

--------------------------------------------------------------------------------
Task 0848b758-85d1-4c3f-b55d-affc4cc7b221 has 0 error(s)
--------------------------------------------------------------------------------

+---------------------------------------------------------------------------------------------------------------------------+
|                                                   Response Times (sec)                                                    |
+------------------------+-----------+--------------+--------------+--------------+-----------+-----------+---------+-------+
| Action                 | Min (sec) | Median (sec) | 90%ile (sec) | 95%ile (sec) | Max (sec) | Avg (sec) | Success | Count |
+------------------------+-----------+--------------+--------------+--------------+-----------+-----------+---------+-------+
| neutron.create_network | 0.609     | 0.688        | 1.06         | 1.115        | 1.228     | 0.75      | 100.0%  | 100   |
| neutron.list_networks  | 0.138     | 0.405        | 0.607        | 0.657        | 0.801     | 0.407     | 100.0%  | 100   |
| total                  | 0.819     | 1.174        | 1.367        | 1.39         | 1.757     | 1.158     | 100.0%  | 100   |
|  -> duration           | 0.819     | 1.174        | 1.367        | 1.39         | 1.757     | 1.158     | 100.0%  | 100   |
|  -> idle_duration      | 0.0       | 0.0          | 0.0          | 0.0          | 0.0       | 0.0       | 100.0%  | 100   |
+------------------------+-----------+--------------+--------------+--------------+-----------+-----------+---------+-------+

Load duration: 12.28064
Full duration: 48.398186
--------------------------------------------------------------------------------

test scenario NeutronNetworks.create_and_list_networks
args position 0
args values:
{
  "runner": {
    "times": 100, 
    "concurrency": 10
  }, 
  "contexts": {
    "users": {
      "tenants": 3, 
      "users_per_tenant": 3
    }, 
    "quotas": {
      "neutron": {
        "network": -1
      }
    }, 
    "roles": [
      "admin"
    ]
  }, 
  "args": {
    "network_create_args": {
      "provider:network_type": "vxlan"
    }
  }, 
  "sla": {
    "failure_rate": {
      "max": 0
    }
  }, 
  "hooks": []
}

--------------------------------------------------------------------------------
Task 0848b758-85d1-4c3f-b55d-affc4cc7b221 has 0 error(s)
--------------------------------------------------------------------------------

+---------------------------------------------------------------------------------------------------------------------------+
|                                                   Response Times (sec)                                                    |
+------------------------+-----------+--------------+--------------+--------------+-----------+-----------+---------+-------+
| Action                 | Min (sec) | Median (sec) | 90%ile (sec) | 95%ile (sec) | Max (sec) | Avg (sec) | Success | Count |
+------------------------+-----------+--------------+--------------+--------------+-----------+-----------+---------+-------+
| neutron.create_network | 0.587     | 0.678        | 0.926        | 1.084        | 1.318     | 0.737     | 100.0%  | 100   |
| neutron.list_networks  | 0.113     | 0.194        | 0.33         | 0.359        | 0.453     | 0.211     | 100.0%  | 100   |
| total                  | 0.75      | 0.904        | 1.163        | 1.287        | 1.45      | 0.949     | 100.0%  | 100   |
|  -> duration           | 0.75      | 0.904        | 1.163        | 1.287        | 1.45      | 0.949     | 100.0%  | 100   |
|  -> idle_duration      | 0.0       | 0.0          | 0.0          | 0.0          | 0.0       | 0.0       | 100.0%  | 100   |
+------------------------+-----------+--------------+--------------+--------------+-----------+-----------+---------+-------+

Load duration: 10.134873
Full duration: 55.814508

HINTS:
* To plot HTML graphics with this data, run:
	rally task report 0848b758-85d1-4c3f-b55d-affc4cc7b221 --out output.html

* To generate a JUnit report, run:
	rally task export 0848b758-85d1-4c3f-b55d-affc4cc7b221 --type junit --to output.xml

* To get raw JSON output of task results, run:
	rally task report 0848b758-85d1-4c3f-b55d-affc4cc7b221 --json --out output.json

--------------------------------------------------------------------------------
Preparing input task
--------------------------------------------------------------------------------

Task is:
{
   "NovaServers.boot_and_migrate_server": [
        {
            "args": {
                "flavor": {
                    "name": "m1.large"
                },
                "image": {
                    "name": "CentOS 7"
                }
            },
            "runner": {
                "type": "constant",
                "times": 100,
                "concurrency": 5
            },
            "context": {
                "users": {
                    "tenants": 1,
                    "users_per_tenant": 1
                }
            },
            "sla": {
                "failure_rate": {
                    "max": 0
                }
            }
        }
    ]
}

Task syntax is correct :)
Running Rally version 0.10.1~dev119
--------------------------------------------------------------------------------
Task  dddc9e29-2d69-483a-8f78-926f01b6187a: started
--------------------------------------------------------------------------------

Running Task... This can take a while...

To track task status use:

	rally task status
	or
	rally task detailed

Using task: dddc9e29-2d69-483a-8f78-926f01b6187a
2018-04-25 20:43:48.405 21911 INFO rally.task.engine [-] Task dddc9e29-2d69-483a-8f78-926f01b6187a | Starting:  Task validation.
2018-04-25 20:43:48.416 21911 INFO rally.task.engine [-] Task dddc9e29-2d69-483a-8f78-926f01b6187a | Starting:  Task validation of syntax.
2018-04-25 20:43:48.433 21911 INFO rally.task.engine [-] Task dddc9e29-2d69-483a-8f78-926f01b6187a | Completed: Task validation of syntax.
2018-04-25 20:43:48.433 21911 INFO rally.task.engine [-] Task dddc9e29-2d69-483a-8f78-926f01b6187a | Starting:  Task validation of required platforms.
2018-04-25 20:43:48.440 21911 INFO rally.task.engine [-] Task dddc9e29-2d69-483a-8f78-926f01b6187a | Completed: Task validation of required platforms.
2018-04-25 20:43:48.440 21911 INFO rally.task.engine [-] Task dddc9e29-2d69-483a-8f78-926f01b6187a | Starting:  Task validation of semantic.
2018-04-25 20:43:51.345 21911 INFO rally.task.context [-] Task dddc9e29-2d69-483a-8f78-926f01b6187a | Context users@openstack setup()  finished in 2.29 sec
2018-04-25 20:43:52.672 21911 INFO rally.task.context [-] Task dddc9e29-2d69-483a-8f78-926f01b6187a | Context users@openstack cleanup() started
2018-04-25 20:43:55.844 21911 INFO rally.task.context [-] Task dddc9e29-2d69-483a-8f78-926f01b6187a | Context users@openstack cleanup() finished in 3.17 sec
2018-04-25 20:43:55.845 21911 INFO rally.task.engine [-] Task dddc9e29-2d69-483a-8f78-926f01b6187a | Completed: Task validation of semantic.
2018-04-25 20:43:55.845 21911 INFO rally.task.engine [-] Task dddc9e29-2d69-483a-8f78-926f01b6187a | Completed: Task validation.
2018-04-25 20:43:55.845 21911 INFO rally.api [-] Task dddc9e29-2d69-483a-8f78-926f01b6187a input file is valid.
2018-04-25 20:43:55.846 21911 INFO rally.api [-] Run Task dddc9e29-2d69-483a-8f78-926f01b6187a against Deployment ab52c4ca-1635-4294-83f0-32b091812a67
2018-04-25 20:43:55.846 21911 INFO rally.task.engine [-] Task dddc9e29-2d69-483a-8f78-926f01b6187a | Starting:  Running task.
2018-04-25 20:43:55.892 21911 INFO rally.task.engine [-] Running workload: 
  position = 0
  config = {
   "version": 2, 
   "title": "A cropped version of a bigger task.", 
   "description": "Auto-generated task from a single workload (uuid=2e2686d9-5bc8-4449-9e06-676cfc0ef570)", 
   "subtasks": [
      {
         "title": "NovaServers.boot_and_migrate_server", 
         "description": "Migrate a server.", 
         "scenario": {
            "NovaServers.boot_and_migrate_server": {
               "flavor": {
                  "name": "m1.large"
               }, 
               "image": {
                  "name": "CentOS 7"
               }
            }
         }, 
         "contexts": {
            "users": {
               "tenants": 1, 
               "users_per_tenant": 1
            }
         }, 
         "runner": {
            "constant": {
               "times": 100, 
               "concurrency": 5
            }
         }, 
         "hooks": [], 
         "sla": {
            "failure_rate": {
               "max": 0
            }
         }
      }
   ]
}
2018-04-25 20:43:58.263 21911 INFO rally.task.context [-] Task dddc9e29-2d69-483a-8f78-926f01b6187a | Context users@openstack setup()  finished in 2.34 sec
2018-04-25 20:43:58.263 21911 INFO rally.task.context [-] Task dddc9e29-2d69-483a-8f78-926f01b6187a | Context cleanup@openstack setup()  finished in 0.02 msec
2018-04-25 20:43:59.044 22039 INFO rally.task.runner [-] Task dddc9e29-2d69-483a-8f78-926f01b6187a | ITER: 1 START
2018-04-25 20:43:59.047 22040 INFO rally.task.runner [-] Task dddc9e29-2d69-483a-8f78-926f01b6187a | ITER: 2 START
2018-04-25 20:43:59.048 22041 INFO rally.task.runner [-] Task dddc9e29-2d69-483a-8f78-926f01b6187a | ITER: 3 START
2018-04-25 20:43:59.051 22043 INFO rally.task.runner [-] Task dddc9e29-2d69-483a-8f78-926f01b6187a | ITER: 4 START
2018-04-25 20:43:59.054 22046 INFO rally.task.runner [-] Task dddc9e29-2d69-483a-8f78-926f01b6187a | ITER: 5 START
2018-04-25 20:45:53.795 22043 INFO rally.task.runner [-] Task dddc9e29-2d69-483a-8f78-926f01b6187a | ITER: 4 END: OK
2018-04-25 20:45:53.800 22043 INFO rally.task.runner [-] Task dddc9e29-2d69-483a-8f78-926f01b6187a | ITER: 6 START
2018-04-25 20:45:53.814 22039 INFO rally.task.runner [-] Task dddc9e29-2d69-483a-8f78-926f01b6187a | ITER: 1 END: OK
2018-04-25 20:45:53.819 22039 INFO rally.task.runner [-] Task dddc9e29-2d69-483a-8f78-926f01b6187a | ITER: 7 START
2018-04-25 20:45:55.770 22041 INFO rally.task.runner [-] Task dddc9e29-2d69-483a-8f78-926f01b6187a | ITER: 3 END: OK
2018-04-25 20:45:55.776 22041 INFO rally.task.runner [-] Task dddc9e29-2d69-483a-8f78-926f01b6187a | ITER: 8 START
2018-04-25 20:45:56.000 22046 INFO rally.task.runner [-] Task dddc9e29-2d69-483a-8f78-926f01b6187a | ITER: 5 END: OK
2018-04-25 20:45:56.005 22046 INFO rally.task.runner [-] Task dddc9e29-2d69-483a-8f78-926f01b6187a | ITER: 9 START
2018-04-25 20:46:04.593 22040 INFO rally.task.runner [-] Task dddc9e29-2d69-483a-8f78-926f01b6187a | ITER: 2 END: OK
2018-04-25 20:46:04.598 22040 INFO rally.task.runner [-] Task dddc9e29-2d69-483a-8f78-926f01b6187a | ITER: 10 START
2018-04-25 20:47:40.395 22043 INFO rally.task.runner [-] Task dddc9e29-2d69-483a-8f78-926f01b6187a | ITER: 6 END: OK
2018-04-25 20:47:40.400 22043 INFO rally.task.runner [-] Task dddc9e29-2d69-483a-8f78-926f01b6187a | ITER: 11 START
2018-04-25 20:47:47.005 22041 INFO rally.task.runner [-] Task dddc9e29-2d69-483a-8f78-926f01b6187a | ITER: 8 END: OK
2018-04-25 20:47:47.009 22041 INFO rally.task.runner [-] Task dddc9e29-2d69-483a-8f78-926f01b6187a | ITER: 12 START
2018-04-25 20:47:47.314 22040 INFO rally.task.runner [-] Task dddc9e29-2d69-483a-8f78-926f01b6187a | ITER: 10 END: OK
2018-04-25 20:47:47.319 22040 INFO rally.task.runner [-] Task dddc9e29-2d69-483a-8f78-926f01b6187a | ITER: 13 START
2018-04-25 20:47:47.596 22039 INFO rally.task.runner [-] Task dddc9e29-2d69-483a-8f78-926f01b6187a | ITER: 7 END: OK
2018-04-25 20:47:47.600 22039 INFO rally.task.runner [-] Task dddc9e29-2d69-483a-8f78-926f01b6187a | ITER: 14 START
2018-04-25 20:47:51.392 22046 INFO rally.task.runner [-] Task dddc9e29-2d69-483a-8f78-926f01b6187a | ITER: 9 END: OK
2018-04-25 20:47:51.396 22046 INFO rally.task.runner [-] Task dddc9e29-2d69-483a-8f78-926f01b6187a | ITER: 15 START
2018-04-25 20:49:16.279 22043 INFO rally.task.runner [-] Task dddc9e29-2d69-483a-8f78-926f01b6187a | ITER: 11 END: OK
2018-04-25 20:49:16.283 22043 INFO rally.task.runner [-] Task dddc9e29-2d69-483a-8f78-926f01b6187a | ITER: 16 START
2018-04-25 20:49:31.799 22040 INFO rally.task.runner [-] Task dddc9e29-2d69-483a-8f78-926f01b6187a | ITER: 13 END: OK
2018-04-25 20:49:31.803 22040 INFO rally.task.runner [-] Task dddc9e29-2d69-483a-8f78-926f01b6187a | ITER: 17 START
2018-04-25 20:49:41.149 22041 INFO rally.task.runner [-] Task dddc9e29-2d69-483a-8f78-926f01b6187a | ITER: 12 END: OK
2018-04-25 20:49:41.153 22041 INFO rally.task.runner [-] Task dddc9e29-2d69-483a-8f78-926f01b6187a | ITER: 18 START
2018-04-25 20:49:44.157 22039 INFO rally.task.runner [-] Task dddc9e29-2d69-483a-8f78-926f01b6187a | ITER: 14 END: OK
2018-04-25 20:49:44.160 22039 INFO rally.task.runner [-] Task dddc9e29-2d69-483a-8f78-926f01b6187a | ITER: 19 START
2018-04-25 20:49:46.103 22046 INFO rally.task.runner [-] Task dddc9e29-2d69-483a-8f78-926f01b6187a | ITER: 15 END: OK
2018-04-25 20:49:46.107 22046 INFO rally.task.runner [-] Task dddc9e29-2d69-483a-8f78-926f01b6187a | ITER: 20 START
2018-04-25 20:50:50.309 22043 INFO rally.task.runner [-] Task dddc9e29-2d69-483a-8f78-926f01b6187a | ITER: 16 END: OK
2018-04-25 20:50:50.313 22043 INFO rally.task.runner [-] Task dddc9e29-2d69-483a-8f78-926f01b6187a | ITER: 21 START
2018-04-25 20:51:05.314 22040 INFO rally.task.runner [-] Task dddc9e29-2d69-483a-8f78-926f01b6187a | ITER: 17 END: OK
2018-04-25 20:51:05.318 22040 INFO rally.task.runner [-] Task dddc9e29-2d69-483a-8f78-926f01b6187a | ITER: 22 START
2018-04-25 20:51:17.239 22041 INFO rally.task.runner [-] Task dddc9e29-2d69-483a-8f78-926f01b6187a | ITER: 18 END: OK
2018-04-25 20:51:17.243 22041 INFO rally.task.runner [-] Task dddc9e29-2d69-483a-8f78-926f01b6187a | ITER: 23 START
2018-04-25 20:51:26.353 22039 INFO rally.task.runner [-] Task dddc9e29-2d69-483a-8f78-926f01b6187a | ITER: 19 END: OK
2018-04-25 20:51:26.358 22039 INFO rally.task.runner [-] Task dddc9e29-2d69-483a-8f78-926f01b6187a | ITER: 24 START
2018-04-25 20:51:28.508 22046 INFO rally.task.runner [-] Task dddc9e29-2d69-483a-8f78-926f01b6187a | ITER: 20 END: OK
2018-04-25 20:51:28.512 22046 INFO rally.task.runner [-] Task dddc9e29-2d69-483a-8f78-926f01b6187a | ITER: 25 START
2018-04-25 20:52:26.267 22043 INFO rally.task.runner [-] Task dddc9e29-2d69-483a-8f78-926f01b6187a | ITER: 21 END: OK
2018-04-25 20:52:26.271 22043 INFO rally.task.runner [-] Task dddc9e29-2d69-483a-8f78-926f01b6187a | ITER: 26 START
2018-04-25 20:52:38.727 22040 INFO rally.task.runner [-] Task dddc9e29-2d69-483a-8f78-926f01b6187a | ITER: 22 END: OK
2018-04-25 20:52:38.731 22040 INFO rally.task.runner [-] Task dddc9e29-2d69-483a-8f78-926f01b6187a | ITER: 27 START
2018-04-25 20:52:50.630 22041 INFO rally.task.runner [-] Task dddc9e29-2d69-483a-8f78-926f01b6187a | ITER: 23 END: OK
2018-04-25 20:52:50.635 22041 INFO rally.task.runner [-] Task dddc9e29-2d69-483a-8f78-926f01b6187a | ITER: 28 START
2018-04-25 20:53:12.645 22046 INFO rally.task.runner [-] Task dddc9e29-2d69-483a-8f78-926f01b6187a | ITER: 25 END: OK
2018-04-25 20:53:12.649 22046 INFO rally.task.runner [-] Task dddc9e29-2d69-483a-8f78-926f01b6187a | ITER: 29 START
2018-04-25 20:53:12.917 22039 INFO rally.task.runner [-] Task dddc9e29-2d69-483a-8f78-926f01b6187a | ITER: 24 END: OK
2018-04-25 20:53:12.920 22039 INFO rally.task.runner [-] Task dddc9e29-2d69-483a-8f78-926f01b6187a | ITER: 30 START
2018-04-25 20:54:02.404 22043 INFO rally.task.runner [-] Task dddc9e29-2d69-483a-8f78-926f01b6187a | ITER: 26 END: OK
2018-04-25 20:54:02.408 22043 INFO rally.task.runner [-] Task dddc9e29-2d69-483a-8f78-926f01b6187a | ITER: 31 START
2018-04-25 20:54:16.824 22040 INFO rally.task.runner [-] Task dddc9e29-2d69-483a-8f78-926f01b6187a | ITER: 27 END: OK
2018-04-25 20:54:16.827 22040 INFO rally.task.runner [-] Task dddc9e29-2d69-483a-8f78-926f01b6187a | ITER: 32 START
2018-04-25 20:54:26.395 22041 INFO rally.task.runner [-] Task dddc9e29-2d69-483a-8f78-926f01b6187a | ITER: 28 END: OK
2018-04-25 20:54:26.399 22041 INFO rally.task.runner [-] Task dddc9e29-2d69-483a-8f78-926f01b6187a | ITER: 33 START
2018-04-25 20:54:50.323 22046 INFO rally.task.runner [-] Task dddc9e29-2d69-483a-8f78-926f01b6187a | ITER: 29 END: OK
2018-04-25 20:54:50.326 22046 INFO rally.task.runner [-] Task dddc9e29-2d69-483a-8f78-926f01b6187a | ITER: 34 START
2018-04-25 20:54:52.980 22039 INFO rally.task.runner [-] Task dddc9e29-2d69-483a-8f78-926f01b6187a | ITER: 30 END: OK
2018-04-25 20:54:52.983 22039 INFO rally.task.runner [-] Task dddc9e29-2d69-483a-8f78-926f01b6187a | ITER: 35 START
2018-04-25 20:55:34.053 22043 INFO rally.task.runner [-] Task dddc9e29-2d69-483a-8f78-926f01b6187a | ITER: 31 END: OK
2018-04-25 20:55:34.056 22043 INFO rally.task.runner [-] Task dddc9e29-2d69-483a-8f78-926f01b6187a | ITER: 36 START
2018-04-25 20:55:46.474 22040 INFO rally.task.runner [-] Task dddc9e29-2d69-483a-8f78-926f01b6187a | ITER: 32 END: OK
2018-04-25 20:55:46.478 22040 INFO rally.task.runner [-] Task dddc9e29-2d69-483a-8f78-926f01b6187a | ITER: 37 START
2018-04-25 20:55:57.832 22041 INFO rally.task.runner [-] Task dddc9e29-2d69-483a-8f78-926f01b6187a | ITER: 33 END: OK
2018-04-25 20:55:57.836 22041 INFO rally.task.runner [-] Task dddc9e29-2d69-483a-8f78-926f01b6187a | ITER: 38 START
2018-04-25 20:56:23.643 22046 INFO rally.task.runner [-] Task dddc9e29-2d69-483a-8f78-926f01b6187a | ITER: 34 END: OK
2018-04-25 20:56:23.647 22046 INFO rally.task.runner [-] Task dddc9e29-2d69-483a-8f78-926f01b6187a | ITER: 39 START
2018-04-25 20:56:33.260 22039 INFO rally.task.runner [-] Task dddc9e29-2d69-483a-8f78-926f01b6187a | ITER: 35 END: OK
2018-04-25 20:56:33.264 22039 INFO rally.task.runner [-] Task dddc9e29-2d69-483a-8f78-926f01b6187a | ITER: 40 START
2018-04-25 20:57:07.283 22043 INFO rally.task.runner [-] Task dddc9e29-2d69-483a-8f78-926f01b6187a | ITER: 36 END: OK
2018-04-25 20:57:07.287 22043 INFO rally.task.runner [-] Task dddc9e29-2d69-483a-8f78-926f01b6187a | ITER: 41 START
2018-04-25 20:57:20.102 22040 INFO rally.task.runner [-] Task dddc9e29-2d69-483a-8f78-926f01b6187a | ITER: 37 END: OK
2018-04-25 20:57:20.106 22040 INFO rally.task.runner [-] Task dddc9e29-2d69-483a-8f78-926f01b6187a | ITER: 42 START
2018-04-25 20:57:38.210 22041 INFO rally.task.runner [-] Task dddc9e29-2d69-483a-8f78-926f01b6187a | ITER: 38 END: OK
2018-04-25 20:57:38.214 22041 INFO rally.task.runner [-] Task dddc9e29-2d69-483a-8f78-926f01b6187a | ITER: 43 START
2018-04-25 20:57:58.988 22046 INFO rally.task.runner [-] Task dddc9e29-2d69-483a-8f78-926f01b6187a | ITER: 39 END: OK
2018-04-25 20:57:58.992 22046 INFO rally.task.runner [-] Task dddc9e29-2d69-483a-8f78-926f01b6187a | ITER: 44 START
2018-04-25 20:58:02.022 22039 INFO rally.task.runner [-] Task dddc9e29-2d69-483a-8f78-926f01b6187a | ITER: 40 END: OK
2018-04-25 20:58:02.026 22039 INFO rally.task.runner [-] Task dddc9e29-2d69-483a-8f78-926f01b6187a | ITER: 45 START
2018-04-25 20:58:51.477 22043 INFO rally.task.runner [-] Task dddc9e29-2d69-483a-8f78-926f01b6187a | ITER: 41 END: OK
2018-04-25 20:58:51.481 22043 INFO rally.task.runner [-] Task dddc9e29-2d69-483a-8f78-926f01b6187a | ITER: 46 START
2018-04-25 20:58:53.135 22040 INFO rally.task.runner [-] Task dddc9e29-2d69-483a-8f78-926f01b6187a | ITER: 42 END: OK
2018-04-25 20:58:53.138 22040 INFO rally.task.runner [-] Task dddc9e29-2d69-483a-8f78-926f01b6187a | ITER: 47 START
2018-04-25 20:59:18.301 22041 INFO rally.task.runner [-] Task dddc9e29-2d69-483a-8f78-926f01b6187a | ITER: 43 END: OK
2018-04-25 20:59:18.305 22041 INFO rally.task.runner [-] Task dddc9e29-2d69-483a-8f78-926f01b6187a | ITER: 48 START
2018-04-25 20:59:37.455 22039 INFO rally.task.runner [-] Task dddc9e29-2d69-483a-8f78-926f01b6187a | ITER: 45 END: OK
2018-04-25 20:59:37.458 22039 INFO rally.task.runner [-] Task dddc9e29-2d69-483a-8f78-926f01b6187a | ITER: 49 START
2018-04-25 20:59:39.078 22046 INFO rally.task.runner [-] Task dddc9e29-2d69-483a-8f78-926f01b6187a | ITER: 44 END: OK
2018-04-25 20:59:39.082 22046 INFO rally.task.runner [-] Task dddc9e29-2d69-483a-8f78-926f01b6187a | ITER: 50 START
2018-04-25 21:00:28.547 22040 INFO rally.task.runner [-] Task dddc9e29-2d69-483a-8f78-926f01b6187a | ITER: 47 END: OK
2018-04-25 21:00:28.550 22040 INFO rally.task.runner [-] Task dddc9e29-2d69-483a-8f78-926f01b6187a | ITER: 51 START
2018-04-25 21:00:31.052 22043 INFO rally.task.runner [-] Task dddc9e29-2d69-483a-8f78-926f01b6187a | ITER: 46 END: OK
2018-04-25 21:00:31.056 22043 INFO rally.task.runner [-] Task dddc9e29-2d69-483a-8f78-926f01b6187a | ITER: 52 START
2018-04-25 21:00:54.280 22041 INFO rally.task.runner [-] Task dddc9e29-2d69-483a-8f78-926f01b6187a | ITER: 48 END: OK
2018-04-25 21:00:54.283 22041 INFO rally.task.runner [-] Task dddc9e29-2d69-483a-8f78-926f01b6187a | ITER: 53 START
2018-04-25 21:01:16.834 22046 INFO rally.task.runner [-] Task dddc9e29-2d69-483a-8f78-926f01b6187a | ITER: 50 END: OK
2018-04-25 21:01:16.838 22046 INFO rally.task.runner [-] Task dddc9e29-2d69-483a-8f78-926f01b6187a | ITER: 54 START
2018-04-25 21:01:18.022 22039 INFO rally.task.runner [-] Task dddc9e29-2d69-483a-8f78-926f01b6187a | ITER: 49 END: OK
2018-04-25 21:01:18.026 22039 INFO rally.task.runner [-] Task dddc9e29-2d69-483a-8f78-926f01b6187a | ITER: 55 START
2018-04-25 21:02:03.952 22040 INFO rally.task.runner [-] Task dddc9e29-2d69-483a-8f78-926f01b6187a | ITER: 51 END: OK
2018-04-25 21:02:03.956 22040 INFO rally.task.runner [-] Task dddc9e29-2d69-483a-8f78-926f01b6187a | ITER: 56 START
2018-04-25 21:02:06.925 22043 INFO rally.task.runner [-] Task dddc9e29-2d69-483a-8f78-926f01b6187a | ITER: 52 END: OK
2018-04-25 21:02:06.929 22043 INFO rally.task.runner [-] Task dddc9e29-2d69-483a-8f78-926f01b6187a | ITER: 57 START
2018-04-25 21:02:29.723 22041 INFO rally.task.runner [-] Task dddc9e29-2d69-483a-8f78-926f01b6187a | ITER: 53 END: OK
2018-04-25 21:02:29.727 22041 INFO rally.task.runner [-] Task dddc9e29-2d69-483a-8f78-926f01b6187a | ITER: 58 START
2018-04-25 21:02:53.568 22039 INFO rally.task.runner [-] Task dddc9e29-2d69-483a-8f78-926f01b6187a | ITER: 55 END: OK
2018-04-25 21:02:53.572 22039 INFO rally.task.runner [-] Task dddc9e29-2d69-483a-8f78-926f01b6187a | ITER: 59 START
2018-04-25 21:02:56.693 22046 INFO rally.task.runner [-] Task dddc9e29-2d69-483a-8f78-926f01b6187a | ITER: 54 END: OK
2018-04-25 21:02:56.697 22046 INFO rally.task.runner [-] Task dddc9e29-2d69-483a-8f78-926f01b6187a | ITER: 60 START
2018-04-25 21:03:37.156 22040 INFO rally.task.runner [-] Task dddc9e29-2d69-483a-8f78-926f01b6187a | ITER: 56 END: OK
2018-04-25 21:03:37.160 22040 INFO rally.task.runner [-] Task dddc9e29-2d69-483a-8f78-926f01b6187a | ITER: 61 START
2018-04-25 21:03:46.853 22043 INFO rally.task.runner [-] Task dddc9e29-2d69-483a-8f78-926f01b6187a | ITER: 57 END: OK
2018-04-25 21:03:46.856 22043 INFO rally.task.runner [-] Task dddc9e29-2d69-483a-8f78-926f01b6187a | ITER: 62 START
2018-04-25 21:04:03.025 22041 INFO rally.task.runner [-] Task dddc9e29-2d69-483a-8f78-926f01b6187a | ITER: 58 END: OK
2018-04-25 21:04:03.029 22041 INFO rally.task.runner [-] Task dddc9e29-2d69-483a-8f78-926f01b6187a | ITER: 63 START
2018-04-25 21:04:29.110 22039 INFO rally.task.runner [-] Task dddc9e29-2d69-483a-8f78-926f01b6187a | ITER: 59 END: OK
2018-04-25 21:04:29.113 22039 INFO rally.task.runner [-] Task dddc9e29-2d69-483a-8f78-926f01b6187a | ITER: 64 START
2018-04-25 21:04:32.676 22046 INFO rally.task.runner [-] Task dddc9e29-2d69-483a-8f78-926f01b6187a | ITER: 60 END: OK
2018-04-25 21:04:32.679 22046 INFO rally.task.runner [-] Task dddc9e29-2d69-483a-8f78-926f01b6187a | ITER: 65 START
2018-04-25 21:05:13.479 22040 INFO rally.task.runner [-] Task dddc9e29-2d69-483a-8f78-926f01b6187a | ITER: 61 END: OK
2018-04-25 21:05:13.482 22040 INFO rally.task.runner [-] Task dddc9e29-2d69-483a-8f78-926f01b6187a | ITER: 66 START
2018-04-25 21:05:22.361 22043 INFO rally.task.runner [-] Task dddc9e29-2d69-483a-8f78-926f01b6187a | ITER: 62 END: OK
2018-04-25 21:05:22.365 22043 INFO rally.task.runner [-] Task dddc9e29-2d69-483a-8f78-926f01b6187a | ITER: 67 START
2018-04-25 21:05:41.736 22041 INFO rally.task.runner [-] Task dddc9e29-2d69-483a-8f78-926f01b6187a | ITER: 63 END: OK
2018-04-25 21:05:41.740 22041 INFO rally.task.runner [-] Task dddc9e29-2d69-483a-8f78-926f01b6187a | ITER: 68 START
2018-04-25 21:06:10.096 22039 INFO rally.task.runner [-] Task dddc9e29-2d69-483a-8f78-926f01b6187a | ITER: 64 END: OK
2018-04-25 21:06:10.100 22039 INFO rally.task.runner [-] Task dddc9e29-2d69-483a-8f78-926f01b6187a | ITER: 69 START
2018-04-25 21:06:17.254 22046 INFO rally.task.runner [-] Task dddc9e29-2d69-483a-8f78-926f01b6187a | ITER: 65 END: OK
2018-04-25 21:06:17.258 22046 INFO rally.task.runner [-] Task dddc9e29-2d69-483a-8f78-926f01b6187a | ITER: 70 START
2018-04-25 21:06:48.716 22040 INFO rally.task.runner [-] Task dddc9e29-2d69-483a-8f78-926f01b6187a | ITER: 66 END: OK
2018-04-25 21:06:48.719 22040 INFO rally.task.runner [-] Task dddc9e29-2d69-483a-8f78-926f01b6187a | ITER: 71 START
2018-04-25 21:07:00.205 22043 INFO rally.task.runner [-] Task dddc9e29-2d69-483a-8f78-926f01b6187a | ITER: 67 END: OK
2018-04-25 21:07:00.209 22043 INFO rally.task.runner [-] Task dddc9e29-2d69-483a-8f78-926f01b6187a | ITER: 72 START
2018-04-25 21:07:17.383 22041 INFO rally.task.runner [-] Task dddc9e29-2d69-483a-8f78-926f01b6187a | ITER: 68 END: OK
2018-04-25 21:07:17.387 22041 INFO rally.task.runner [-] Task dddc9e29-2d69-483a-8f78-926f01b6187a | ITER: 73 START
2018-04-25 21:07:46.587 22039 INFO rally.task.runner [-] Task dddc9e29-2d69-483a-8f78-926f01b6187a | ITER: 69 END: OK
2018-04-25 21:07:46.591 22039 INFO rally.task.runner [-] Task dddc9e29-2d69-483a-8f78-926f01b6187a | ITER: 74 START
2018-04-25 21:07:50.373 22046 INFO rally.task.runner [-] Task dddc9e29-2d69-483a-8f78-926f01b6187a | ITER: 70 END: OK
2018-04-25 21:07:50.376 22046 INFO rally.task.runner [-] Task dddc9e29-2d69-483a-8f78-926f01b6187a | ITER: 75 START
2018-04-25 21:08:29.264 22040 INFO rally.task.runner [-] Task dddc9e29-2d69-483a-8f78-926f01b6187a | ITER: 71 END: OK
2018-04-25 21:08:29.268 22040 INFO rally.task.runner [-] Task dddc9e29-2d69-483a-8f78-926f01b6187a | ITER: 76 START
2018-04-25 21:08:38.442 22043 INFO rally.task.runner [-] Task dddc9e29-2d69-483a-8f78-926f01b6187a | ITER: 72 END: OK
2018-04-25 21:08:38.446 22043 INFO rally.task.runner [-] Task dddc9e29-2d69-483a-8f78-926f01b6187a | ITER: 77 START
2018-04-25 21:08:50.628 22041 INFO rally.task.runner [-] Task dddc9e29-2d69-483a-8f78-926f01b6187a | ITER: 73 END: OK
2018-04-25 21:08:50.632 22041 INFO rally.task.runner [-] Task dddc9e29-2d69-483a-8f78-926f01b6187a | ITER: 78 START
2018-04-25 21:09:24.190 22039 INFO rally.task.runner [-] Task dddc9e29-2d69-483a-8f78-926f01b6187a | ITER: 74 END: OK
2018-04-25 21:09:24.194 22039 INFO rally.task.runner [-] Task dddc9e29-2d69-483a-8f78-926f01b6187a | ITER: 79 START
2018-04-25 21:09:32.680 22046 INFO rally.task.runner [-] Task dddc9e29-2d69-483a-8f78-926f01b6187a | ITER: 75 END: OK
2018-04-25 21:09:32.683 22046 INFO rally.task.runner [-] Task dddc9e29-2d69-483a-8f78-926f01b6187a | ITER: 80 START
2018-04-25 21:10:02.294 22040 INFO rally.task.runner [-] Task dddc9e29-2d69-483a-8f78-926f01b6187a | ITER: 76 END: OK
2018-04-25 21:10:02.297 22040 INFO rally.task.runner [-] Task dddc9e29-2d69-483a-8f78-926f01b6187a | ITER: 81 START
2018-04-25 21:10:13.551 22043 INFO rally.task.runner [-] Task dddc9e29-2d69-483a-8f78-926f01b6187a | ITER: 77 END: OK
2018-04-25 21:10:13.554 22043 INFO rally.task.runner [-] Task dddc9e29-2d69-483a-8f78-926f01b6187a | ITER: 82 START
2018-04-25 21:10:24.166 22041 INFO rally.task.runner [-] Task dddc9e29-2d69-483a-8f78-926f01b6187a | ITER: 78 END: OK
2018-04-25 21:10:24.170 22041 INFO rally.task.runner [-] Task dddc9e29-2d69-483a-8f78-926f01b6187a | ITER: 83 START
2018-04-25 21:10:57.694 22039 INFO rally.task.runner [-] Task dddc9e29-2d69-483a-8f78-926f01b6187a | ITER: 79 END: OK
2018-04-25 21:10:57.698 22039 INFO rally.task.runner [-] Task dddc9e29-2d69-483a-8f78-926f01b6187a | ITER: 84 START
2018-04-25 21:11:08.132 22046 INFO rally.task.runner [-] Task dddc9e29-2d69-483a-8f78-926f01b6187a | ITER: 80 END: OK
2018-04-25 21:11:08.136 22046 INFO rally.task.runner [-] Task dddc9e29-2d69-483a-8f78-926f01b6187a | ITER: 85 START
2018-04-25 21:11:37.986 22040 INFO rally.task.runner [-] Task dddc9e29-2d69-483a-8f78-926f01b6187a | ITER: 81 END: OK
2018-04-25 21:11:37.990 22040 INFO rally.task.runner [-] Task dddc9e29-2d69-483a-8f78-926f01b6187a | ITER: 86 START
2018-04-25 21:11:48.980 22043 INFO rally.task.runner [-] Task dddc9e29-2d69-483a-8f78-926f01b6187a | ITER: 82 END: OK
2018-04-25 21:11:48.984 22043 INFO rally.task.runner [-] Task dddc9e29-2d69-483a-8f78-926f01b6187a | ITER: 87 START
2018-04-25 21:12:01.856 22041 INFO rally.task.runner [-] Task dddc9e29-2d69-483a-8f78-926f01b6187a | ITER: 83 END: OK
2018-04-25 21:12:01.859 22041 INFO rally.task.runner [-] Task dddc9e29-2d69-483a-8f78-926f01b6187a | ITER: 88 START
2018-04-25 21:12:28.792 22039 INFO rally.task.runner [-] Task dddc9e29-2d69-483a-8f78-926f01b6187a | ITER: 84 END: OK
2018-04-25 21:12:28.796 22039 INFO rally.task.runner [-] Task dddc9e29-2d69-483a-8f78-926f01b6187a | ITER: 89 START
2018-04-25 21:12:41.688 22046 INFO rally.task.runner [-] Task dddc9e29-2d69-483a-8f78-926f01b6187a | ITER: 85 END: OK
2018-04-25 21:12:41.691 22046 INFO rally.task.runner [-] Task dddc9e29-2d69-483a-8f78-926f01b6187a | ITER: 90 START
2018-04-25 21:13:16.336 22040 INFO rally.task.runner [-] Task dddc9e29-2d69-483a-8f78-926f01b6187a | ITER: 86 END: OK
2018-04-25 21:13:16.340 22040 INFO rally.task.runner [-] Task dddc9e29-2d69-483a-8f78-926f01b6187a | ITER: 91 START
2018-04-25 21:13:23.055 22043 INFO rally.task.runner [-] Task dddc9e29-2d69-483a-8f78-926f01b6187a | ITER: 87 END: OK
2018-04-25 21:13:23.058 22043 INFO rally.task.runner [-] Task dddc9e29-2d69-483a-8f78-926f01b6187a | ITER: 92 START
2018-04-25 21:13:37.158 22041 INFO rally.task.runner [-] Task dddc9e29-2d69-483a-8f78-926f01b6187a | ITER: 88 END: OK
2018-04-25 21:13:37.161 22041 INFO rally.task.runner [-] Task dddc9e29-2d69-483a-8f78-926f01b6187a | ITER: 93 START
2018-04-25 21:14:02.344 22039 INFO rally.task.runner [-] Task dddc9e29-2d69-483a-8f78-926f01b6187a | ITER: 89 END: OK
2018-04-25 21:14:02.348 22039 INFO rally.task.runner [-] Task dddc9e29-2d69-483a-8f78-926f01b6187a | ITER: 94 START
2018-04-25 21:14:12.840 22046 INFO rally.task.runner [-] Task dddc9e29-2d69-483a-8f78-926f01b6187a | ITER: 90 END: OK
2018-04-25 21:14:12.844 22046 INFO rally.task.runner [-] Task dddc9e29-2d69-483a-8f78-926f01b6187a | ITER: 95 START
2018-04-25 21:14:47.203 22040 INFO rally.task.runner [-] Task dddc9e29-2d69-483a-8f78-926f01b6187a | ITER: 91 END: OK
2018-04-25 21:14:47.207 22040 INFO rally.task.runner [-] Task dddc9e29-2d69-483a-8f78-926f01b6187a | ITER: 96 START
2018-04-25 21:14:56.157 22043 INFO rally.task.runner [-] Task dddc9e29-2d69-483a-8f78-926f01b6187a | ITER: 92 END: OK
2018-04-25 21:14:56.160 22043 INFO rally.task.runner [-] Task dddc9e29-2d69-483a-8f78-926f01b6187a | ITER: 97 START
2018-04-25 21:15:10.313 22041 INFO rally.task.runner [-] Task dddc9e29-2d69-483a-8f78-926f01b6187a | ITER: 93 END: OK
2018-04-25 21:15:10.317 22041 INFO rally.task.runner [-] Task dddc9e29-2d69-483a-8f78-926f01b6187a | ITER: 98 START
2018-04-25 21:15:38.416 22039 INFO rally.task.runner [-] Task dddc9e29-2d69-483a-8f78-926f01b6187a | ITER: 94 END: OK
2018-04-25 21:15:38.419 22039 INFO rally.task.runner [-] Task dddc9e29-2d69-483a-8f78-926f01b6187a | ITER: 99 START
2018-04-25 21:15:46.540 22046 INFO rally.task.runner [-] Task dddc9e29-2d69-483a-8f78-926f01b6187a | ITER: 95 END: OK
2018-04-25 21:15:46.543 22046 INFO rally.task.runner [-] Task dddc9e29-2d69-483a-8f78-926f01b6187a | ITER: 100 START
2018-04-25 21:16:22.885 22040 INFO rally.task.runner [-] Task dddc9e29-2d69-483a-8f78-926f01b6187a | ITER: 96 END: OK
2018-04-25 21:16:29.517 22043 INFO rally.task.runner [-] Task dddc9e29-2d69-483a-8f78-926f01b6187a | ITER: 97 END: OK
2018-04-25 21:16:44.088 22041 INFO rally.task.runner [-] Task dddc9e29-2d69-483a-8f78-926f01b6187a | ITER: 98 END: OK
2018-04-25 21:17:12.314 22039 INFO rally.task.runner [-] Task dddc9e29-2d69-483a-8f78-926f01b6187a | ITER: 99 END: OK
2018-04-25 21:17:27.454 22046 INFO rally.task.runner [-] Task dddc9e29-2d69-483a-8f78-926f01b6187a | ITER: 100 END: OK
2018-04-25 21:17:27.482 21911 INFO rally.task.context [-] Task dddc9e29-2d69-483a-8f78-926f01b6187a | Context cleanup@openstack cleanup() started
2018-04-25 21:17:28.910 21911 INFO rally.task.context [-] Task dddc9e29-2d69-483a-8f78-926f01b6187a | Context cleanup@openstack cleanup() finished in 1.43 sec
2018-04-25 21:17:28.910 21911 INFO rally.task.context [-] Task dddc9e29-2d69-483a-8f78-926f01b6187a | Context users@openstack cleanup() started
2018-04-25 21:17:31.789 21911 INFO rally.task.context [-] Task dddc9e29-2d69-483a-8f78-926f01b6187a | Context users@openstack cleanup() finished in 2.88 sec
2018-04-25 21:17:32.351 21911 INFO rally.task.engine [-] Load duration is: 2007.406728
2018-04-25 21:17:32.352 21911 INFO rally.task.engine [-] Full runner duration is: 2008.455398
2018-04-25 21:17:32.352 21911 INFO rally.task.engine [-] Full duration is: 2015.889361
2018-04-25 21:17:32.507 21911 INFO rally.task.engine [-] Task dddc9e29-2d69-483a-8f78-926f01b6187a | Completed: Running task.

--------------------------------------------------------------------------------
Task dddc9e29-2d69-483a-8f78-926f01b6187a: finished
--------------------------------------------------------------------------------

test scenario NovaServers.boot_and_migrate_server
args position 0
args values:
{
  "runner": {
    "times": 100, 
    "concurrency": 5
  }, 
  "contexts": {
    "users": {
      "tenants": 1, 
      "users_per_tenant": 1
    }
  }, 
  "args": {
    "flavor": {
      "name": "m1.large"
    }, 
    "image": {
      "name": "CentOS 7"
    }
  }, 
  "sla": {
    "failure_rate": {
      "max": 0
    }
  }, 
  "hooks": []
}

--------------------------------------------------------------------------------
Task dddc9e29-2d69-483a-8f78-926f01b6187a has 0 error(s)
--------------------------------------------------------------------------------

+------------------------------------------------------------------------------------------------------------------------+
|                                                  Response Times (sec)                                                  |
+---------------------+-----------+--------------+--------------+--------------+-----------+-----------+---------+-------+
| Action              | Min (sec) | Median (sec) | 90%ile (sec) | 95%ile (sec) | Max (sec) | Avg (sec) | Success | Count |
+---------------------+-----------+--------------+--------------+--------------+-----------+-----------+---------+-------+
| nova.boot_server    | 61.973    | 68.053       | 81.687       | 86.866       | 91.641    | 69.549    | 100.0%  | 100   |
| nova.migrate        | 20.007    | 22.537       | 24.746       | 26.519       | 26.895    | 23.3      | 100.0%  | 100   |
| nova.resize_confirm | 2.555     | 2.639        | 2.795        | 3.175        | 4.942     | 2.775     | 100.0%  | 100   |
| nova.delete_server  | 2.44      | 2.506        | 4.717        | 4.781        | 9.242     | 2.982     | 100.0%  | 100   |
| total               | 88.757    | 95.916       | 111.482      | 114.798      | 125.544   | 98.605    | 100.0%  | 100   |
|  -> duration        | 87.757    | 94.916       | 110.482      | 113.798      | 124.544   | 97.605    | 100.0%  | 100   |
|  -> idle_duration   | 1.0       | 1.0          | 1.0          | 1.0          | 1.0       | 1.0       | 100.0%  | 100   |
+---------------------+-----------+--------------+--------------+--------------+-----------+-----------+---------+-------+

Load duration: 2007.406728
Full duration: 2015.889361

HINTS:
* To plot HTML graphics with this data, run:
	rally task report dddc9e29-2d69-483a-8f78-926f01b6187a --out output.html

* To generate a JUnit report, run:
	rally task export dddc9e29-2d69-483a-8f78-926f01b6187a --type junit --to output.xml

* To get raw JSON output of task results, run:
	rally task report dddc9e29-2d69-483a-8f78-926f01b6187a --json --out output.json

--------------------------------------------------------------------------------
Preparing input task
--------------------------------------------------------------------------------

Task is:
{
    "NovaServers.boot_and_delete_server": [
        {
            "args": {
                "flavor": {
                    "name": "m1.medium"
                },
                "image": {
                    "name": "Ubuntu 16.04"
                },
                "force_delete": false
            },
            "runner": {
                "type": "constant",
                "times": 200,
                "concurrency": 10
            },
            "context": {
                "users": {
                    "tenants": 3,
                    "users_per_tenant": 5
                }
            },
            "sla": {
                "failure_rate": {
                    "max": 0
                }
            }
        },
        {
            "args": {
                "flavor": {
                    "name": "m1.medium"
                },
                "image": {
                    "name": "Ubuntu 16.04"
                },
                "auto_assign_nic": true
            },
            "runner": {
                "type": "constant",
                "times": 200,
                "concurrency": 10
            },
            "context": {
                "users": {
                    "tenants": 3,
                    "users_per_tenant": 5
                },
                "network": {
                    "start_cidr": "192.168.74.0/24",
                    "networks_per_tenant": 2
                }
            },
            "sla": {
                "failure_rate": {
                    "max": 0
                }
            }
        }
    ]
}

Task syntax is correct :)
Running Rally version 0.10.1~dev119
--------------------------------------------------------------------------------
Task  fc835bf5-1426-4566-b738-aa491bb0a9ca: started
--------------------------------------------------------------------------------

Running Task... This can take a while...

To track task status use:

	rally task status
	or
	rally task detailed

Using task: fc835bf5-1426-4566-b738-aa491bb0a9ca
2018-04-25 21:17:34.605 22276 INFO rally.task.engine [-] Task fc835bf5-1426-4566-b738-aa491bb0a9ca | Starting:  Task validation.
2018-04-25 21:17:34.616 22276 INFO rally.task.engine [-] Task fc835bf5-1426-4566-b738-aa491bb0a9ca | Starting:  Task validation of syntax.
2018-04-25 21:17:34.661 22276 INFO rally.task.engine [-] Task fc835bf5-1426-4566-b738-aa491bb0a9ca | Completed: Task validation of syntax.
2018-04-25 21:17:34.661 22276 INFO rally.task.engine [-] Task fc835bf5-1426-4566-b738-aa491bb0a9ca | Starting:  Task validation of required platforms.
2018-04-25 21:17:34.679 22276 INFO rally.task.engine [-] Task fc835bf5-1426-4566-b738-aa491bb0a9ca | Completed: Task validation of required platforms.
2018-04-25 21:17:34.679 22276 INFO rally.task.engine [-] Task fc835bf5-1426-4566-b738-aa491bb0a9ca | Starting:  Task validation of semantic.
2018-04-25 21:17:37.604 22276 INFO rally.task.context [-] Task fc835bf5-1426-4566-b738-aa491bb0a9ca | Context users@openstack setup()  finished in 2.27 sec
2018-04-25 21:17:39.932 22276 INFO rally.task.context [-] Task fc835bf5-1426-4566-b738-aa491bb0a9ca | Context users@openstack cleanup() started
2018-04-25 21:17:42.996 22276 INFO rally.task.context [-] Task fc835bf5-1426-4566-b738-aa491bb0a9ca | Context users@openstack cleanup() finished in 3.06 sec
2018-04-25 21:17:42.997 22276 INFO rally.task.engine [-] Task fc835bf5-1426-4566-b738-aa491bb0a9ca | Completed: Task validation of semantic.
2018-04-25 21:17:42.998 22276 INFO rally.task.engine [-] Task fc835bf5-1426-4566-b738-aa491bb0a9ca | Completed: Task validation.
2018-04-25 21:17:42.998 22276 INFO rally.api [-] Task fc835bf5-1426-4566-b738-aa491bb0a9ca input file is valid.
2018-04-25 21:17:42.998 22276 INFO rally.api [-] Run Task fc835bf5-1426-4566-b738-aa491bb0a9ca against Deployment ab52c4ca-1635-4294-83f0-32b091812a67
2018-04-25 21:17:42.999 22276 INFO rally.task.engine [-] Task fc835bf5-1426-4566-b738-aa491bb0a9ca | Starting:  Running task.
2018-04-25 21:17:43.047 22276 INFO rally.task.engine [-] Running workload: 
  position = 0
  config = {
   "version": 2, 
   "title": "A cropped version of a bigger task.", 
   "description": "Auto-generated task from a single workload (uuid=143022b4-eaa0-4797-a064-6b847258253e)", 
   "subtasks": [
      {
         "title": "NovaServers.boot_and_delete_server", 
         "description": "Boot and delete a server.", 
         "scenario": {
            "NovaServers.boot_and_delete_server": {
               "flavor": {
                  "name": "m1.medium"
               }, 
               "image": {
                  "name": "Ubuntu 16.04"
               }, 
               "force_delete": false
            }
         }, 
         "contexts": {
            "users": {
               "tenants": 3, 
               "users_per_tenant": 5
            }
         }, 
         "runner": {
            "constant": {
               "times": 200, 
               "concurrency": 10
            }
         }, 
         "hooks": [], 
         "sla": {
            "failure_rate": {
               "max": 0
            }
         }
      }
   ]
}
2018-04-25 21:17:46.145 22276 INFO rally.task.context [-] Task fc835bf5-1426-4566-b738-aa491bb0a9ca | Context users@openstack setup()  finished in 3.06 sec
2018-04-25 21:17:46.146 22276 INFO rally.task.context [-] Task fc835bf5-1426-4566-b738-aa491bb0a9ca | Context cleanup@openstack setup()  finished in 0.02 msec
2018-04-25 21:17:47.312 22404 INFO rally.task.runner [-] Task fc835bf5-1426-4566-b738-aa491bb0a9ca | ITER: 1 START
2018-04-25 21:17:47.312 22405 INFO rally.task.runner [-] Task fc835bf5-1426-4566-b738-aa491bb0a9ca | ITER: 2 START
2018-04-25 21:17:47.316 22406 INFO rally.task.runner [-] Task fc835bf5-1426-4566-b738-aa491bb0a9ca | ITER: 3 START
2018-04-25 21:17:47.329 22407 INFO rally.task.runner [-] Task fc835bf5-1426-4566-b738-aa491bb0a9ca | ITER: 4 START
2018-04-25 21:17:47.329 22413 INFO rally.task.runner [-] Task fc835bf5-1426-4566-b738-aa491bb0a9ca | ITER: 6 START
2018-04-25 21:17:47.330 22409 INFO rally.task.runner [-] Task fc835bf5-1426-4566-b738-aa491bb0a9ca | ITER: 5 START
2018-04-25 21:17:47.331 22416 INFO rally.task.runner [-] Task fc835bf5-1426-4566-b738-aa491bb0a9ca | ITER: 7 START
2018-04-25 21:17:47.331 22418 INFO rally.task.runner [-] Task fc835bf5-1426-4566-b738-aa491bb0a9ca | ITER: 8 START
2018-04-25 21:17:47.334 22420 INFO rally.task.runner [-] Task fc835bf5-1426-4566-b738-aa491bb0a9ca | ITER: 9 START
2018-04-25 21:17:47.337 22421 INFO rally.task.runner [-] Task fc835bf5-1426-4566-b738-aa491bb0a9ca | ITER: 10 START
2018-04-25 21:19:02.445 22406 INFO rally.task.runner [-] Task fc835bf5-1426-4566-b738-aa491bb0a9ca | ITER: 3 END: OK
2018-04-25 21:19:02.452 22406 INFO rally.task.runner [-] Task fc835bf5-1426-4566-b738-aa491bb0a9ca | ITER: 11 START
2018-04-25 21:19:04.776 22421 INFO rally.task.runner [-] Task fc835bf5-1426-4566-b738-aa491bb0a9ca | ITER: 10 END: OK
2018-04-25 21:19:04.786 22421 INFO rally.task.runner [-] Task fc835bf5-1426-4566-b738-aa491bb0a9ca | ITER: 12 START
2018-04-25 21:19:16.283 22404 INFO rally.task.runner [-] Task fc835bf5-1426-4566-b738-aa491bb0a9ca | ITER: 1 END: OK
2018-04-25 21:19:16.290 22404 INFO rally.task.runner [-] Task fc835bf5-1426-4566-b738-aa491bb0a9ca | ITER: 13 START
2018-04-25 21:19:16.450 22405 INFO rally.task.runner [-] Task fc835bf5-1426-4566-b738-aa491bb0a9ca | ITER: 2 END: OK
2018-04-25 21:19:16.457 22405 INFO rally.task.runner [-] Task fc835bf5-1426-4566-b738-aa491bb0a9ca | ITER: 14 START
2018-04-25 21:19:16.600 22416 INFO rally.task.runner [-] Task fc835bf5-1426-4566-b738-aa491bb0a9ca | ITER: 7 END: OK
2018-04-25 21:19:16.608 22416 INFO rally.task.runner [-] Task fc835bf5-1426-4566-b738-aa491bb0a9ca | ITER: 15 START
2018-04-25 21:19:18.788 22413 INFO rally.task.runner [-] Task fc835bf5-1426-4566-b738-aa491bb0a9ca | ITER: 6 END: OK
2018-04-25 21:19:18.797 22413 INFO rally.task.runner [-] Task fc835bf5-1426-4566-b738-aa491bb0a9ca | ITER: 16 START
