|                                                  Response Times (sec)                                                  |
+---------------------+-----------+--------------+--------------+--------------+-----------+-----------+---------+-------+
| Action              | Min (sec) | Median (sec) | 90%ile (sec) | 95%ile (sec) | Max (sec) | Avg (sec) | Success | Count |
+---------------------+-----------+--------------+--------------+--------------+-----------+-----------+---------+-------+
| nova.boot_server    | 20.8      | 27.67        | 28.865       | 28.871       | 28.877    | 26.641    | 100.0%  | 10    |
| nova.migrate        | 4.221     | 4.736        | 57.394       | 57.778       | 58.162    | 22.675    | 40.0%   | 10    |
| nova.resize_confirm | 2.632     | 2.784        | 2.825        | 2.833        | 2.841     | 2.76      | 100.0%  | 4     |
| nova.delete_server  | 2.455     | 2.555        | 2.605        | 2.608        | 2.611     | 2.544     | 100.0%  | 4     |
| total               | 25.338    | 33.538       | 91.27        | 91.316       | 91.363    | 51.438    | 40.0%   | 10    |
|  -> duration        | 24.338    | 32.538       | 90.27        | 90.316       | 90.363    | 50.438    | 40.0%   | 10    |
|  -> idle_duration   | 1.0       | 1.0          | 1.0          | 1.0          | 1.0       | 1.0       | 40.0%   | 10    |
+---------------------+-----------+--------------+--------------+--------------+-----------+-----------+---------+-------+

Load duration: 262.270038
Full duration: 277.369582

HINTS:
* To plot HTML graphics with this data, run:
	rally task report f452839f-7c2f-40b9-b120-cf522ae0261d --out output.html

* To generate a JUnit report, run:
	rally task export f452839f-7c2f-40b9-b120-cf522ae0261d --type junit --to output.xml

* To get raw JSON output of task results, run:
	rally task report f452839f-7c2f-40b9-b120-cf522ae0261d --json --out output.json

At least one workload did not pass SLA criteria.

--------------------------------------------------------------------------------
Preparing input task
--------------------------------------------------------------------------------

Task is:
{
    "NovaServers.boot_and_delete_server": [
        {
            "args": {
                "flavor": {
                    "name": "m1.medium"
                },
                "image": {
                    "name": "Ubuntu 16.04"
                },
                "force_delete": false
            },
            "runner": {
                "type": "constant",
                "times": 200,
                "concurrency": 10
            },
            "context": {
                "users": {
                    "tenants": 3,
                    "users_per_tenant": 5
                }
            },
            "sla": {
                "failure_rate": {
                    "max": 0
                }
            }
        },
        {
            "args": {
                "flavor": {
                    "name": "m1.medium"
                },
                "image": {
                    "name": "Ubuntu 16.04"
                },
                "auto_assign_nic": true
            },
            "runner": {
                "type": "constant",
                "times": 200,
                "concurrency": 10
            },
            "context": {
                "users": {
                    "tenants": 3,
                    "users_per_tenant": 5
                },
                "network": {
                    "start_cidr": "192.168.74.0/24",
                    "networks_per_tenant": 2
                }
            },
            "sla": {
                "failure_rate": {
                    "max": 0
                }
            }
        }
    ]
}

Task syntax is correct :)
Running Rally version 0.10.1~dev119
--------------------------------------------------------------------------------
Task  510f3127-60e1-484c-917d-7af7487d2305: started
--------------------------------------------------------------------------------

Running Task... This can take a while...

To track task status use:

	rally task status
	or
	rally task detailed

Using task: 510f3127-60e1-484c-917d-7af7487d2305
2018-06-28 21:40:16.747 20358 INFO rally.task.engine [-] Task 510f3127-60e1-484c-917d-7af7487d2305 | Starting:  Task validation.
2018-06-28 21:40:16.758 20358 INFO rally.task.engine [-] Task 510f3127-60e1-484c-917d-7af7487d2305 | Starting:  Task validation of syntax.
2018-06-28 21:40:16.790 20358 INFO rally.task.engine [-] Task 510f3127-60e1-484c-917d-7af7487d2305 | Completed: Task validation of syntax.
2018-06-28 21:40:16.790 20358 INFO rally.task.engine [-] Task 510f3127-60e1-484c-917d-7af7487d2305 | Starting:  Task validation of required platforms.
2018-06-28 21:40:16.803 20358 INFO rally.task.engine [-] Task 510f3127-60e1-484c-917d-7af7487d2305 | Completed: Task validation of required platforms.
2018-06-28 21:40:16.804 20358 INFO rally.task.engine [-] Task 510f3127-60e1-484c-917d-7af7487d2305 | Starting:  Task validation of semantic.
2018-06-28 21:40:20.046 20358 INFO rally.task.context [-] Task 510f3127-60e1-484c-917d-7af7487d2305 | Context users@openstack setup()  finished in 2.56 sec
2018-06-28 21:40:22.667 20358 INFO rally.task.context [-] Task 510f3127-60e1-484c-917d-7af7487d2305 | Context users@openstack cleanup() started
2018-06-28 21:40:25.999 20358 INFO rally.task.context [-] Task 510f3127-60e1-484c-917d-7af7487d2305 | Context users@openstack cleanup() finished in 3.33 sec
2018-06-28 21:40:25.999 20358 INFO rally.task.engine [-] Task 510f3127-60e1-484c-917d-7af7487d2305 | Completed: Task validation of semantic.
2018-06-28 21:40:25.999 20358 INFO rally.task.engine [-] Task 510f3127-60e1-484c-917d-7af7487d2305 | Completed: Task validation.
2018-06-28 21:40:26.000 20358 INFO rally.api [-] Task 510f3127-60e1-484c-917d-7af7487d2305 input file is valid.
2018-06-28 21:40:26.000 20358 INFO rally.api [-] Run Task 510f3127-60e1-484c-917d-7af7487d2305 against Deployment 7a37a5af-20ae-460e-97c7-4fdb337cc0b6
2018-06-28 21:40:26.000 20358 INFO rally.task.engine [-] Task 510f3127-60e1-484c-917d-7af7487d2305 | Starting:  Running task.
2018-06-28 21:40:26.048 20358 INFO rally.task.engine [-] Running workload: 
  position = 0
  config = {
   "version": 2, 
   "title": "A cropped version of a bigger task.", 
   "description": "Auto-generated task from a single workload (uuid=79169271-552a-4bdf-a82a-52a839d39448)", 
   "subtasks": [
      {
         "title": "NovaServers.boot_and_delete_server", 
         "description": "Boot and delete a server.", 
         "scenario": {
            "NovaServers.boot_and_delete_server": {
               "flavor": {
                  "name": "m1.medium"
               }, 
               "image": {
                  "name": "Ubuntu 16.04"
               }, 
               "force_delete": false
            }
         }, 
         "contexts": {
            "users": {
               "tenants": 3, 
               "users_per_tenant": 5
            }
         }, 
         "runner": {
            "constant": {
               "times": 200, 
               "concurrency": 10
            }
         }, 
         "hooks": [], 
         "sla": {
            "failure_rate": {
               "max": 0
            }
         }
      }
   ]
}
2018-06-28 21:40:29.199 20358 INFO rally.task.context [-] Task 510f3127-60e1-484c-917d-7af7487d2305 | Context users@openstack setup()  finished in 3.12 sec
2018-06-28 21:40:29.199 20358 INFO rally.task.context [-] Task 510f3127-60e1-484c-917d-7af7487d2305 | Context cleanup@openstack setup()  finished in 0.04 msec
2018-06-28 21:40:29.919 20486 INFO rally.task.runner [-] Task 510f3127-60e1-484c-917d-7af7487d2305 | ITER: 1 START
2018-06-28 21:40:29.922 20487 INFO rally.task.runner [-] Task 510f3127-60e1-484c-917d-7af7487d2305 | ITER: 2 START
2018-06-28 21:40:29.927 20489 INFO rally.task.runner [-] Task 510f3127-60e1-484c-917d-7af7487d2305 | ITER: 4 START
2018-06-28 21:40:29.927 20488 INFO rally.task.runner [-] Task 510f3127-60e1-484c-917d-7af7487d2305 | ITER: 3 START
2018-06-28 21:40:29.931 20491 INFO rally.task.runner [-] Task 510f3127-60e1-484c-917d-7af7487d2305 | ITER: 5 START
2018-06-28 21:40:29.933 20495 INFO rally.task.runner [-] Task 510f3127-60e1-484c-917d-7af7487d2305 | ITER: 6 START
2018-06-28 21:40:29.939 20497 INFO rally.task.runner [-] Task 510f3127-60e1-484c-917d-7af7487d2305 | ITER: 7 START
2018-06-28 21:40:29.942 20501 INFO rally.task.runner [-] Task 510f3127-60e1-484c-917d-7af7487d2305 | ITER: 8 START
2018-06-28 21:40:29.943 20503 INFO rally.task.runner [-] Task 510f3127-60e1-484c-917d-7af7487d2305 | ITER: 9 START
2018-06-28 21:40:29.943 20507 INFO rally.task.runner [-] Task 510f3127-60e1-484c-917d-7af7487d2305 | ITER: 10 START
2018-06-28 21:41:40.965 20503 INFO rally.task.runner [-] Task 510f3127-60e1-484c-917d-7af7487d2305 | ITER: 9 END: OK
2018-06-28 21:41:40.974 20503 INFO rally.task.runner [-] Task 510f3127-60e1-484c-917d-7af7487d2305 | ITER: 11 START
2018-06-28 21:41:48.809 20487 INFO rally.task.runner [-] Task 510f3127-60e1-484c-917d-7af7487d2305 | ITER: 2 END: OK
2018-06-28 21:41:48.816 20487 INFO rally.task.runner [-] Task 510f3127-60e1-484c-917d-7af7487d2305 | ITER: 12 START
2018-06-28 21:41:57.075 20501 INFO rally.task.runner [-] Task 510f3127-60e1-484c-917d-7af7487d2305 | ITER: 8 END: OK
2018-06-28 21:41:57.084 20501 INFO rally.task.runner [-] Task 510f3127-60e1-484c-917d-7af7487d2305 | ITER: 13 START
2018-06-28 21:41:57.313 20491 INFO rally.task.runner [-] Task 510f3127-60e1-484c-917d-7af7487d2305 | ITER: 5 END: OK
2018-06-28 21:41:57.320 20491 INFO rally.task.runner [-] Task 510f3127-60e1-484c-917d-7af7487d2305 | ITER: 14 START
2018-06-28 21:41:57.430 20507 INFO rally.task.runner [-] Task 510f3127-60e1-484c-917d-7af7487d2305 | ITER: 10 END: OK
2018-06-28 21:41:57.439 20507 INFO rally.task.runner [-] Task 510f3127-60e1-484c-917d-7af7487d2305 | ITER: 15 START
2018-06-28 21:42:09.302 20489 INFO rally.task.runner [-] Task 510f3127-60e1-484c-917d-7af7487d2305 | ITER: 4 END: OK
2018-06-28 21:42:09.311 20489 INFO rally.task.runner [-] Task 510f3127-60e1-484c-917d-7af7487d2305 | ITER: 16 START
2018-06-28 21:42:12.528 20495 INFO rally.task.runner [-] Task 510f3127-60e1-484c-917d-7af7487d2305 | ITER: 6 END: OK
2018-06-28 21:42:12.536 20495 INFO rally.task.runner [-] Task 510f3127-60e1-484c-917d-7af7487d2305 | ITER: 17 START
2018-06-28 21:42:12.878 20486 INFO rally.task.runner [-] Task 510f3127-60e1-484c-917d-7af7487d2305 | ITER: 1 END: OK
2018-06-28 21:42:12.886 20488 INFO rally.task.runner [-] Task 510f3127-60e1-484c-917d-7af7487d2305 | ITER: 3 END: OK
2018-06-28 21:42:12.887 20486 INFO rally.task.runner [-] Task 510f3127-60e1-484c-917d-7af7487d2305 | ITER: 18 START
2018-06-28 21:42:12.892 20488 INFO rally.task.runner [-] Task 510f3127-60e1-484c-917d-7af7487d2305 | ITER: 19 START
2018-06-28 21:42:12.930 20503 INFO rally.task.runner [-] Task 510f3127-60e1-484c-917d-7af7487d2305 | ITER: 11 END: OK
2018-06-28 21:42:12.935 20503 INFO rally.task.runner [-] Task 510f3127-60e1-484c-917d-7af7487d2305 | ITER: 20 START
2018-06-28 21:42:13.051 20497 INFO rally.task.runner [-] Task 510f3127-60e1-484c-917d-7af7487d2305 | ITER: 7 END: OK
2018-06-28 21:42:13.058 20497 INFO rally.task.runner [-] Task 510f3127-60e1-484c-917d-7af7487d2305 | ITER: 21 START
2018-06-28 21:42:25.836 20487 INFO rally.task.runner [-] Task 510f3127-60e1-484c-917d-7af7487d2305 | ITER: 12 END: OK
2018-06-28 21:42:25.842 20487 INFO rally.task.runner [-] Task 510f3127-60e1-484c-917d-7af7487d2305 | ITER: 22 START
2018-06-28 21:42:54.644 20507 INFO rally.task.runner [-] Task 510f3127-60e1-484c-917d-7af7487d2305 | ITER: 15 END: OK
2018-06-28 21:42:54.651 20507 INFO rally.task.runner [-] Task 510f3127-60e1-484c-917d-7af7487d2305 | ITER: 23 START
2018-06-28 21:43:03.395 20501 INFO rally.task.runner [-] Task 510f3127-60e1-484c-917d-7af7487d2305 | ITER: 13 END: OK
2018-06-28 21:43:03.402 20501 INFO rally.task.runner [-] Task 510f3127-60e1-484c-917d-7af7487d2305 | ITER: 24 START
2018-06-28 21:43:03.624 20491 INFO rally.task.runner [-] Task 510f3127-60e1-484c-917d-7af7487d2305 | ITER: 14 END: OK
2018-06-28 21:43:03.631 20491 INFO rally.task.runner [-] Task 510f3127-60e1-484c-917d-7af7487d2305 | ITER: 25 START
2018-06-28 21:43:17.623 20489 INFO rally.task.runner [-] Task 510f3127-60e1-484c-917d-7af7487d2305 | ITER: 16 END: OK
2018-06-28 21:43:17.631 20489 INFO rally.task.runner [-] Task 510f3127-60e1-484c-917d-7af7487d2305 | ITER: 26 START
2018-06-28 21:43:23.043 20495 INFO rally.task.runner [-] Task 510f3127-60e1-484c-917d-7af7487d2305 | ITER: 17 END: OK
2018-06-28 21:43:23.050 20495 INFO rally.task.runner [-] Task 510f3127-60e1-484c-917d-7af7487d2305 | ITER: 27 START
2018-06-28 21:43:23.557 20497 INFO rally.task.runner [-] Task 510f3127-60e1-484c-917d-7af7487d2305 | ITER: 21 END: OK
2018-06-28 21:43:23.563 20497 INFO rally.task.runner [-] Task 510f3127-60e1-484c-917d-7af7487d2305 | ITER: 28 START
2018-06-28 21:43:25.326 20487 INFO rally.task.runner [-] Task 510f3127-60e1-484c-917d-7af7487d2305 | ITER: 22 END: OK
2018-06-28 21:43:25.335 20487 INFO rally.task.runner [-] Task 510f3127-60e1-484c-917d-7af7487d2305 | ITER: 29 START
2018-06-28 21:43:28.183 20486 INFO rally.task.runner [-] Task 510f3127-60e1-484c-917d-7af7487d2305 | ITER: 18 END: OK
2018-06-28 21:43:28.189 20486 INFO rally.task.runner [-] Task 510f3127-60e1-484c-917d-7af7487d2305 | ITER: 30 START
2018-06-28 21:43:28.380 20488 INFO rally.task.runner [-] Task 510f3127-60e1-484c-917d-7af7487d2305 | ITER: 19 END: OK
2018-06-28 21:43:28.388 20488 INFO rally.task.runner [-] Task 510f3127-60e1-484c-917d-7af7487d2305 | ITER: 31 START
2018-06-28 21:43:28.543 20503 INFO rally.task.runner [-] Task 510f3127-60e1-484c-917d-7af7487d2305 | ITER: 20 END: OK
2018-06-28 21:43:28.550 20503 INFO rally.task.runner [-] Task 510f3127-60e1-484c-917d-7af7487d2305 | ITER: 32 START
2018-06-28 21:43:42.453 20507 INFO rally.task.runner [-] Task 510f3127-60e1-484c-917d-7af7487d2305 | ITER: 23 END: OK
2018-06-28 21:43:42.461 20507 INFO rally.task.runner [-] Task 510f3127-60e1-484c-917d-7af7487d2305 | ITER: 33 START
2018-06-28 21:43:53.625 20501 INFO rally.task.runner [-] Task 510f3127-60e1-484c-917d-7af7487d2305 | ITER: 24 END: OK
2018-06-28 21:43:53.632 20501 INFO rally.task.runner [-] Task 510f3127-60e1-484c-917d-7af7487d2305 | ITER: 34 START
2018-06-28 21:43:56.165 20491 INFO rally.task.runner [-] Task 510f3127-60e1-484c-917d-7af7487d2305 | ITER: 25 END: OK
2018-06-28 21:43:56.173 20491 INFO rally.task.runner [-] Task 510f3127-60e1-484c-917d-7af7487d2305 | ITER: 35 START
2018-06-28 21:44:10.512 20489 INFO rally.task.runner [-] Task 510f3127-60e1-484c-917d-7af7487d2305 | ITER: 26 END: OK
2018-06-28 21:44:10.520 20489 INFO rally.task.runner [-] Task 510f3127-60e1-484c-917d-7af7487d2305 | ITER: 36 START
2018-06-28 21:44:29.442 20495 INFO rally.task.runner [-] Task 510f3127-60e1-484c-917d-7af7487d2305 | ITER: 27 END: OK
2018-06-28 21:44:29.449 20495 INFO rally.task.runner [-] Task 510f3127-60e1-484c-917d-7af7487d2305 | ITER: 37 START
2018-06-28 21:44:29.500 20497 INFO rally.task.runner [-] Task 510f3127-60e1-484c-917d-7af7487d2305 | ITER: 28 END: OK
2018-06-28 21:44:29.508 20497 INFO rally.task.runner [-] Task 510f3127-60e1-484c-917d-7af7487d2305 | ITER: 38 START
2018-06-28 21:44:31.524 20487 INFO rally.task.runner [-] Task 510f3127-60e1-484c-917d-7af7487d2305 | ITER: 29 END: OK
2018-06-28 21:44:31.531 20487 INFO rally.task.runner [-] Task 510f3127-60e1-484c-917d-7af7487d2305 | ITER: 39 START
2018-06-28 21:44:40.556 20486 INFO rally.task.runner [-] Task 510f3127-60e1-484c-917d-7af7487d2305 | ITER: 30 END: OK
2018-06-28 21:44:40.563 20486 INFO rally.task.runner [-] Task 510f3127-60e1-484c-917d-7af7487d2305 | ITER: 40 START
2018-06-28 21:44:41.421 20488 INFO rally.task.runner [-] Task 510f3127-60e1-484c-917d-7af7487d2305 | ITER: 31 END: OK
2018-06-28 21:44:41.427 20488 INFO rally.task.runner [-] Task 510f3127-60e1-484c-917d-7af7487d2305 | ITER: 41 START
2018-06-28 21:44:43.675 20503 INFO rally.task.runner [-] Task 510f3127-60e1-484c-917d-7af7487d2305 | ITER: 32 END: OK
2018-06-28 21:44:43.682 20503 INFO rally.task.runner [-] Task 510f3127-60e1-484c-917d-7af7487d2305 | ITER: 42 START
2018-06-28 21:44:48.307 20507 INFO rally.task.runner [-] Task 510f3127-60e1-484c-917d-7af7487d2305 | ITER: 33 END: OK
2018-06-28 21:44:48.314 20507 INFO rally.task.runner [-] Task 510f3127-60e1-484c-917d-7af7487d2305 | ITER: 43 START
2018-06-28 21:44:57.168 20491 INFO rally.task.runner [-] Task 510f3127-60e1-484c-917d-7af7487d2305 | ITER: 35 END: OK
2018-06-28 21:44:57.176 20491 INFO rally.task.runner [-] Task 510f3127-60e1-484c-917d-7af7487d2305 | ITER: 44 START
2018-06-28 21:44:59.528 20501 INFO rally.task.runner [-] Task 510f3127-60e1-484c-917d-7af7487d2305 | ITER: 34 END: OK
2018-06-28 21:44:59.536 20501 INFO rally.task.runner [-] Task 510f3127-60e1-484c-917d-7af7487d2305 | ITER: 45 START
2018-06-28 21:45:00.797 20489 INFO rally.task.runner [-] Task 510f3127-60e1-484c-917d-7af7487d2305 | ITER: 36 END: OK
2018-06-28 21:45:00.804 20489 INFO rally.task.runner [-] Task 510f3127-60e1-484c-917d-7af7487d2305 | ITER: 46 START
2018-06-28 21:45:26.562 20495 INFO rally.task.runner [-] Task 510f3127-60e1-484c-917d-7af7487d2305 | ITER: 37 END: OK
2018-06-28 21:45:26.569 20495 INFO rally.task.runner [-] Task 510f3127-60e1-484c-917d-7af7487d2305 | ITER: 47 START
2018-06-28 21:45:28.572 20497 INFO rally.task.runner [-] Task 510f3127-60e1-484c-917d-7af7487d2305 | ITER: 38 END: OK
2018-06-28 21:45:28.579 20497 INFO rally.task.runner [-] Task 510f3127-60e1-484c-917d-7af7487d2305 | ITER: 48 START
2018-06-28 21:45:31.361 20487 INFO rally.task.runner [-] Task 510f3127-60e1-484c-917d-7af7487d2305 | ITER: 39 END: OK
2018-06-28 21:45:31.366 20487 INFO rally.task.runner [-] Task 510f3127-60e1-484c-917d-7af7487d2305 | ITER: 49 START
2018-06-28 21:45:48.958 20486 INFO rally.task.runner [-] Task 510f3127-60e1-484c-917d-7af7487d2305 | ITER: 40 END: OK
2018-06-28 21:45:48.966 20486 INFO rally.task.runner [-] Task 510f3127-60e1-484c-917d-7af7487d2305 | ITER: 50 START
2018-06-28 21:45:50.343 20488 INFO rally.task.runner [-] Task 510f3127-60e1-484c-917d-7af7487d2305 | ITER: 41 END: OK
2018-06-28 21:45:50.350 20488 INFO rally.task.runner [-] Task 510f3127-60e1-484c-917d-7af7487d2305 | ITER: 51 START
2018-06-28 21:45:51.908 20503 INFO rally.task.runner [-] Task 510f3127-60e1-484c-917d-7af7487d2305 | ITER: 42 END: OK
2018-06-28 21:45:51.914 20503 INFO rally.task.runner [-] Task 510f3127-60e1-484c-917d-7af7487d2305 | ITER: 52 START
2018-06-28 21:45:54.616 20507 INFO rally.task.runner [-] Task 510f3127-60e1-484c-917d-7af7487d2305 | ITER: 43 END: OK
2018-06-28 21:45:54.622 20507 INFO rally.task.runner [-] Task 510f3127-60e1-484c-917d-7af7487d2305 | ITER: 53 START
2018-06-28 21:45:58.448 20491 INFO rally.task.runner [-] Task 510f3127-60e1-484c-917d-7af7487d2305 | ITER: 44 END: OK
2018-06-28 21:45:58.455 20491 INFO rally.task.runner [-] Task 510f3127-60e1-484c-917d-7af7487d2305 | ITER: 54 START
2018-06-28 21:46:03.361 20501 INFO rally.task.runner [-] Task 510f3127-60e1-484c-917d-7af7487d2305 | ITER: 45 END: OK
2018-06-28 21:46:03.368 20501 INFO rally.task.runner [-] Task 510f3127-60e1-484c-917d-7af7487d2305 | ITER: 55 START
2018-06-28 21:46:05.884 20489 INFO rally.task.runner [-] Task 510f3127-60e1-484c-917d-7af7487d2305 | ITER: 46 END: OK
2018-06-28 21:46:05.890 20489 INFO rally.task.runner [-] Task 510f3127-60e1-484c-917d-7af7487d2305 | ITER: 56 START
2018-06-28 21:46:27.961 20497 INFO rally.task.runner [-] Task 510f3127-60e1-484c-917d-7af7487d2305 | ITER: 48 END: OK
2018-06-28 21:46:27.967 20497 INFO rally.task.runner [-] Task 510f3127-60e1-484c-917d-7af7487d2305 | ITER: 57 START
2018-06-28 21:46:28.061 20495 INFO rally.task.runner [-] Task 510f3127-60e1-484c-917d-7af7487d2305 | ITER: 47 END: OK
2018-06-28 21:46:28.068 20495 INFO rally.task.runner [-] Task 510f3127-60e1-484c-917d-7af7487d2305 | ITER: 58 START
2018-06-28 21:46:30.209 20487 INFO rally.task.runner [-] Task 510f3127-60e1-484c-917d-7af7487d2305 | ITER: 49 END: OK
2018-06-28 21:46:30.215 20487 INFO rally.task.runner [-] Task 510f3127-60e1-484c-917d-7af7487d2305 | ITER: 59 START
2018-06-28 21:46:52.839 20486 INFO rally.task.runner [-] Task 510f3127-60e1-484c-917d-7af7487d2305 | ITER: 50 END: OK
2018-06-28 21:46:52.846 20486 INFO rally.task.runner [-] Task 510f3127-60e1-484c-917d-7af7487d2305 | ITER: 60 START
2018-06-28 21:46:54.037 20488 INFO rally.task.runner [-] Task 510f3127-60e1-484c-917d-7af7487d2305 | ITER: 51 END: OK
2018-06-28 21:46:54.045 20488 INFO rally.task.runner [-] Task 510f3127-60e1-484c-917d-7af7487d2305 | ITER: 61 START
2018-06-28 21:46:57.903 20503 INFO rally.task.runner [-] Task 510f3127-60e1-484c-917d-7af7487d2305 | ITER: 52 END: OK
2018-06-28 21:46:57.909 20503 INFO rally.task.runner [-] Task 510f3127-60e1-484c-917d-7af7487d2305 | ITER: 62 START
2018-06-28 21:46:57.941 20507 INFO rally.task.runner [-] Task 510f3127-60e1-484c-917d-7af7487d2305 | ITER: 53 END: OK
2018-06-28 21:46:57.946 20507 INFO rally.task.runner [-] Task 510f3127-60e1-484c-917d-7af7487d2305 | ITER: 63 START
2018-06-28 21:47:00.208 20491 INFO rally.task.runner [-] Task 510f3127-60e1-484c-917d-7af7487d2305 | ITER: 54 END: OK
2018-06-28 21:47:00.215 20491 INFO rally.task.runner [-] Task 510f3127-60e1-484c-917d-7af7487d2305 | ITER: 64 START
2018-06-28 21:47:13.669 20501 INFO rally.task.runner [-] Task 510f3127-60e1-484c-917d-7af7487d2305 | ITER: 55 END: OK
2018-06-28 21:47:13.676 20501 INFO rally.task.runner [-] Task 510f3127-60e1-484c-917d-7af7487d2305 | ITER: 65 START
2018-06-28 21:47:16.081 20489 INFO rally.task.runner [-] Task 510f3127-60e1-484c-917d-7af7487d2305 | ITER: 56 END: OK
2018-06-28 21:47:16.088 20489 INFO rally.task.runner [-] Task 510f3127-60e1-484c-917d-7af7487d2305 | ITER: 66 START
2018-06-28 21:47:27.016 20497 INFO rally.task.runner [-] Task 510f3127-60e1-484c-917d-7af7487d2305 | ITER: 57 END: OK
2018-06-28 21:47:27.022 20497 INFO rally.task.runner [-] Task 510f3127-60e1-484c-917d-7af7487d2305 | ITER: 67 START
2018-06-28 21:47:31.688 20487 INFO rally.task.runner [-] Task 510f3127-60e1-484c-917d-7af7487d2305 | ITER: 59 END: OK
2018-06-28 21:47:31.695 20487 INFO rally.task.runner [-] Task 510f3127-60e1-484c-917d-7af7487d2305 | ITER: 68 START
2018-06-28 21:47:31.813 20495 INFO rally.task.runner [-] Task 510f3127-60e1-484c-917d-7af7487d2305 | ITER: 58 END: OK
2018-06-28 21:47:31.819 20495 INFO rally.task.runner [-] Task 510f3127-60e1-484c-917d-7af7487d2305 | ITER: 69 START
2018-06-28 21:47:50.353 20486 INFO rally.task.runner [-] Task 510f3127-60e1-484c-917d-7af7487d2305 | ITER: 60 END: OK
2018-06-28 21:47:50.360 20486 INFO rally.task.runner [-] Task 510f3127-60e1-484c-917d-7af7487d2305 | ITER: 70 START
2018-06-28 21:47:53.497 20488 INFO rally.task.runner [-] Task 510f3127-60e1-484c-917d-7af7487d2305 | ITER: 61 END: OK
2018-06-28 21:47:53.505 20488 INFO rally.task.runner [-] Task 510f3127-60e1-484c-917d-7af7487d2305 | ITER: 71 START
2018-06-28 21:48:00.081 20507 INFO rally.task.runner [-] Task 510f3127-60e1-484c-917d-7af7487d2305 | ITER: 63 END: OK
2018-06-28 21:48:00.086 20507 INFO rally.task.runner [-] Task 510f3127-60e1-484c-917d-7af7487d2305 | ITER: 72 START
2018-06-28 21:48:01.586 20503 INFO rally.task.runner [-] Task 510f3127-60e1-484c-917d-7af7487d2305 | ITER: 62 END: OK
2018-06-28 21:48:01.592 20503 INFO rally.task.runner [-] Task 510f3127-60e1-484c-917d-7af7487d2305 | ITER: 73 START
2018-06-28 21:48:03.994 20491 INFO rally.task.runner [-] Task 510f3127-60e1-484c-917d-7af7487d2305 | ITER: 64 END: OK
2018-06-28 21:48:04.003 20491 INFO rally.task.runner [-] Task 510f3127-60e1-484c-917d-7af7487d2305 | ITER: 74 START
2018-06-28 21:48:21.840 20501 INFO rally.task.runner [-] Task 510f3127-60e1-484c-917d-7af7487d2305 | ITER: 65 END: OK
2018-06-28 21:48:21.846 20501 INFO rally.task.runner [-] Task 510f3127-60e1-484c-917d-7af7487d2305 | ITER: 75 START
2018-06-28 21:48:23.959 20489 INFO rally.task.runner [-] Task 510f3127-60e1-484c-917d-7af7487d2305 | ITER: 66 END: OK
2018-06-28 21:48:23.966 20489 INFO rally.task.runner [-] Task 510f3127-60e1-484c-917d-7af7487d2305 | ITER: 76 START
2018-06-28 21:48:28.714 20497 INFO rally.task.runner [-] Task 510f3127-60e1-484c-917d-7af7487d2305 | ITER: 67 END: OK
2018-06-28 21:48:28.720 20497 INFO rally.task.runner [-] Task 510f3127-60e1-484c-917d-7af7487d2305 | ITER: 77 START
2018-06-28 21:48:30.881 20487 INFO rally.task.runner [-] Task 510f3127-60e1-484c-917d-7af7487d2305 | ITER: 68 END: OK
2018-06-28 21:48:30.888 20487 INFO rally.task.runner [-] Task 510f3127-60e1-484c-917d-7af7487d2305 | ITER: 78 START
2018-06-28 21:48:31.565 20495 INFO rally.task.runner [-] Task 510f3127-60e1-484c-917d-7af7487d2305 | ITER: 69 END: OK
2018-06-28 21:48:31.572 20495 INFO rally.task.runner [-] Task 510f3127-60e1-484c-917d-7af7487d2305 | ITER: 79 START
2018-06-28 21:48:52.216 20486 INFO rally.task.runner [-] Task 510f3127-60e1-484c-917d-7af7487d2305 | ITER: 70 END: OK
2018-06-28 21:48:52.223 20486 INFO rally.task.runner [-] Task 510f3127-60e1-484c-917d-7af7487d2305 | ITER: 80 START
2018-06-28 21:48:54.839 20488 INFO rally.task.runner [-] Task 510f3127-60e1-484c-917d-7af7487d2305 | ITER: 71 END: OK
2018-06-28 21:48:54.846 20488 INFO rally.task.runner [-] Task 510f3127-60e1-484c-917d-7af7487d2305 | ITER: 81 START
2018-06-28 21:49:01.529 20507 INFO rally.task.runner [-] Task 510f3127-60e1-484c-917d-7af7487d2305 | ITER: 72 END: OK
2018-06-28 21:49:01.534 20507 INFO rally.task.runner [-] Task 510f3127-60e1-484c-917d-7af7487d2305 | ITER: 82 START
2018-06-28 21:49:05.739 20503 INFO rally.task.runner [-] Task 510f3127-60e1-484c-917d-7af7487d2305 | ITER: 73 END: OK
2018-06-28 21:49:05.746 20503 INFO rally.task.runner [-] Task 510f3127-60e1-484c-917d-7af7487d2305 | ITER: 83 START
2018-06-28 21:49:07.970 20491 INFO rally.task.runner [-] Task 510f3127-60e1-484c-917d-7af7487d2305 | ITER: 74 END: OK
2018-06-28 21:49:07.976 20491 INFO rally.task.runner [-] Task 510f3127-60e1-484c-917d-7af7487d2305 | ITER: 84 START
2018-06-28 21:49:25.774 20501 INFO rally.task.runner [-] Task 510f3127-60e1-484c-917d-7af7487d2305 | ITER: 75 END: OK
2018-06-28 21:49:25.782 20501 INFO rally.task.runner [-] Task 510f3127-60e1-484c-917d-7af7487d2305 | ITER: 85 START
2018-06-28 21:49:27.747 20489 INFO rally.task.runner [-] Task 510f3127-60e1-484c-917d-7af7487d2305 | ITER: 76 END: OK
2018-06-28 21:49:27.754 20489 INFO rally.task.runner [-] Task 510f3127-60e1-484c-917d-7af7487d2305 | ITER: 86 START
2018-06-28 21:49:33.386 20497 INFO rally.task.runner [-] Task 510f3127-60e1-484c-917d-7af7487d2305 | ITER: 77 END: OK
2018-06-28 21:49:33.392 20497 INFO rally.task.runner [-] Task 510f3127-60e1-484c-917d-7af7487d2305 | ITER: 87 START
2018-06-28 21:49:36.671 20487 INFO rally.task.runner [-] Task 510f3127-60e1-484c-917d-7af7487d2305 | ITER: 78 END: OK
2018-06-28 21:49:36.678 20487 INFO rally.task.runner [-] Task 510f3127-60e1-484c-917d-7af7487d2305 | ITER: 88 START
2018-06-28 21:49:37.659 20495 INFO rally.task.runner [-] Task 510f3127-60e1-484c-917d-7af7487d2305 | ITER: 79 END: OK
2018-06-28 21:49:37.665 20495 INFO rally.task.runner [-] Task 510f3127-60e1-484c-917d-7af7487d2305 | ITER: 89 START
2018-06-28 21:49:53.758 20486 INFO rally.task.runner [-] Task 510f3127-60e1-484c-917d-7af7487d2305 | ITER: 80 END: OK
2018-06-28 21:49:53.765 20486 INFO rally.task.runner [-] Task 510f3127-60e1-484c-917d-7af7487d2305 | ITER: 90 START
2018-06-28 21:49:56.054 20488 INFO rally.task.runner [-] Task 510f3127-60e1-484c-917d-7af7487d2305 | ITER: 81 END: OK
2018-06-28 21:49:56.060 20488 INFO rally.task.runner [-] Task 510f3127-60e1-484c-917d-7af7487d2305 | ITER: 91 START
2018-06-28 21:50:01.240 20507 INFO rally.task.runner [-] Task 510f3127-60e1-484c-917d-7af7487d2305 | ITER: 82 END: OK
2018-06-28 21:50:01.247 20507 INFO rally.task.runner [-] Task 510f3127-60e1-484c-917d-7af7487d2305 | ITER: 92 START
2018-06-28 21:50:05.157 20503 INFO rally.task.runner [-] Task 510f3127-60e1-484c-917d-7af7487d2305 | ITER: 83 END: OK
2018-06-28 21:50:05.164 20503 INFO rally.task.runner [-] Task 510f3127-60e1-484c-917d-7af7487d2305 | ITER: 93 START
2018-06-28 21:50:07.345 20491 INFO rally.task.runner [-] Task 510f3127-60e1-484c-917d-7af7487d2305 | ITER: 84 END: OK
2018-06-28 21:50:07.352 20491 INFO rally.task.runner [-] Task 510f3127-60e1-484c-917d-7af7487d2305 | ITER: 94 START
2018-06-28 21:50:27.122 20501 INFO rally.task.runner [-] Task 510f3127-60e1-484c-917d-7af7487d2305 | ITER: 85 END: OK
2018-06-28 21:50:27.128 20501 INFO rally.task.runner [-] Task 510f3127-60e1-484c-917d-7af7487d2305 | ITER: 95 START
2018-06-28 21:50:31.702 20489 INFO rally.task.runner [-] Task 510f3127-60e1-484c-917d-7af7487d2305 | ITER: 86 END: OK
2018-06-28 21:50:31.707 20489 INFO rally.task.runner [-] Task 510f3127-60e1-484c-917d-7af7487d2305 | ITER: 96 START
2018-06-28 21:50:35.022 20497 INFO rally.task.runner [-] Task 510f3127-60e1-484c-917d-7af7487d2305 | ITER: 87 END: OK
2018-06-28 21:50:35.029 20497 INFO rally.task.runner [-] Task 510f3127-60e1-484c-917d-7af7487d2305 | ITER: 97 START
2018-06-28 21:50:38.419 20487 INFO rally.task.runner [-] Task 510f3127-60e1-484c-917d-7af7487d2305 | ITER: 88 END: OK
2018-06-28 21:50:38.425 20487 INFO rally.task.runner [-] Task 510f3127-60e1-484c-917d-7af7487d2305 | ITER: 98 START
2018-06-28 21:50:41.333 20495 INFO rally.task.runner [-] Task 510f3127-60e1-484c-917d-7af7487d2305 | ITER: 89 END: OK
2018-06-28 21:50:41.340 20495 INFO rally.task.runner [-] Task 510f3127-60e1-484c-917d-7af7487d2305 | ITER: 99 START
2018-06-28 21:50:59.710 20486 INFO rally.task.runner [-] Task 510f3127-60e1-484c-917d-7af7487d2305 | ITER: 90 END: OK
2018-06-28 21:50:59.717 20486 INFO rally.task.runner [-] Task 510f3127-60e1-484c-917d-7af7487d2305 | ITER: 100 START
2018-06-28 21:51:02.117 20488 INFO rally.task.runner [-] Task 510f3127-60e1-484c-917d-7af7487d2305 | ITER: 91 END: OK
2018-06-28 21:51:02.124 20488 INFO rally.task.runner [-] Task 510f3127-60e1-484c-917d-7af7487d2305 | ITER: 101 START
2018-06-28 21:51:05.116 20507 INFO rally.task.runner [-] Task 510f3127-60e1-484c-917d-7af7487d2305 | ITER: 92 END: OK
2018-06-28 21:51:05.122 20507 INFO rally.task.runner [-] Task 510f3127-60e1-484c-917d-7af7487d2305 | ITER: 102 START
2018-06-28 21:51:06.969 20503 INFO rally.task.runner [-] Task 510f3127-60e1-484c-917d-7af7487d2305 | ITER: 93 END: OK
2018-06-28 21:51:06.975 20503 INFO rally.task.runner [-] Task 510f3127-60e1-484c-917d-7af7487d2305 | ITER: 103 START
2018-06-28 21:51:09.031 20491 INFO rally.task.runner [-] Task 510f3127-60e1-484c-917d-7af7487d2305 | ITER: 94 END: OK
2018-06-28 21:51:09.037 20491 INFO rally.task.runner [-] Task 510f3127-60e1-484c-917d-7af7487d2305 | ITER: 104 START
2018-06-28 21:51:28.623 20501 INFO rally.task.runner [-] Task 510f3127-60e1-484c-917d-7af7487d2305 | ITER: 95 END: OK
2018-06-28 21:51:28.628 20501 INFO rally.task.runner [-] Task 510f3127-60e1-484c-917d-7af7487d2305 | ITER: 105 START
2018-06-28 21:51:31.242 20489 INFO rally.task.runner [-] Task 510f3127-60e1-484c-917d-7af7487d2305 | ITER: 96 END: OK
2018-06-28 21:51:31.249 20489 INFO rally.task.runner [-] Task 510f3127-60e1-484c-917d-7af7487d2305 | ITER: 106 START
2018-06-28 21:51:38.799 20497 INFO rally.task.runner [-] Task 510f3127-60e1-484c-917d-7af7487d2305 | ITER: 97 END: OK
2018-06-28 21:51:38.805 20497 INFO rally.task.runner [-] Task 510f3127-60e1-484c-917d-7af7487d2305 | ITER: 107 START
2018-06-28 21:51:39.835 20487 INFO rally.task.runner [-] Task 510f3127-60e1-484c-917d-7af7487d2305 | ITER: 98 END: OK
2018-06-28 21:51:39.841 20487 INFO rally.task.runner [-] Task 510f3127-60e1-484c-917d-7af7487d2305 | ITER: 108 START
2018-06-28 21:51:40.572 20495 INFO rally.task.runner [-] Task 510f3127-60e1-484c-917d-7af7487d2305 | ITER: 99 END: OK
2018-06-28 21:51:40.578 20495 INFO rally.task.runner [-] Task 510f3127-60e1-484c-917d-7af7487d2305 | ITER: 109 START
2018-06-28 21:52:03.659 20486 INFO rally.task.runner [-] Task 510f3127-60e1-484c-917d-7af7487d2305 | ITER: 100 END: OK
2018-06-28 21:52:03.666 20486 INFO rally.task.runner [-] Task 510f3127-60e1-484c-917d-7af7487d2305 | ITER: 110 START
2018-06-28 21:52:08.083 20488 INFO rally.task.runner [-] Task 510f3127-60e1-484c-917d-7af7487d2305 | ITER: 101 END: OK
2018-06-28 21:52:08.091 20488 INFO rally.task.runner [-] Task 510f3127-60e1-484c-917d-7af7487d2305 | ITER: 111 START
2018-06-28 21:52:08.764 20507 INFO rally.task.runner [-] Task 510f3127-60e1-484c-917d-7af7487d2305 | ITER: 102 END: OK
2018-06-28 21:52:08.768 20507 INFO rally.task.runner [-] Task 510f3127-60e1-484c-917d-7af7487d2305 | ITER: 112 START
2018-06-28 21:52:10.884 20503 INFO rally.task.runner [-] Task 510f3127-60e1-484c-917d-7af7487d2305 | ITER: 103 END: OK
2018-06-28 21:52:10.890 20503 INFO rally.task.runner [-] Task 510f3127-60e1-484c-917d-7af7487d2305 | ITER: 113 START
2018-06-28 21:52:13.233 20491 INFO rally.task.runner [-] Task 510f3127-60e1-484c-917d-7af7487d2305 | ITER: 104 END: OK
2018-06-28 21:52:13.240 20491 INFO rally.task.runner [-] Task 510f3127-60e1-484c-917d-7af7487d2305 | ITER: 114 START
2018-06-28 21:52:33.002 20501 INFO rally.task.runner [-] Task 510f3127-60e1-484c-917d-7af7487d2305 | ITER: 105 END: OK
2018-06-28 21:52:33.009 20501 INFO rally.task.runner [-] Task 510f3127-60e1-484c-917d-7af7487d2305 | ITER: 115 START
2018-06-28 21:52:33.063 20489 INFO rally.task.runner [-] Task 510f3127-60e1-484c-917d-7af7487d2305 | ITER: 106 END: OK
2018-06-28 21:52:33.069 20489 INFO rally.task.runner [-] Task 510f3127-60e1-484c-917d-7af7487d2305 | ITER: 116 START
2018-06-28 21:52:46.196 20487 INFO rally.task.runner [-] Task 510f3127-60e1-484c-917d-7af7487d2305 | ITER: 108 END: OK
2018-06-28 21:52:46.202 20487 INFO rally.task.runner [-] Task 510f3127-60e1-484c-917d-7af7487d2305 | ITER: 117 START
2018-06-28 21:52:46.438 20495 INFO rally.task.runner [-] Task 510f3127-60e1-484c-917d-7af7487d2305 | ITER: 109 END: OK
2018-06-28 21:52:46.444 20495 INFO rally.task.runner [-] Task 510f3127-60e1-484c-917d-7af7487d2305 | ITER: 118 START
2018-06-28 21:52:46.931 20497 INFO rally.task.runner [-] Task 510f3127-60e1-484c-917d-7af7487d2305 | ITER: 107 END: OK
2018-06-28 21:52:46.938 20497 INFO rally.task.runner [-] Task 510f3127-60e1-484c-917d-7af7487d2305 | ITER: 119 START
2018-06-28 21:53:02.728 20486 INFO rally.task.runner [-] Task 510f3127-60e1-484c-917d-7af7487d2305 | ITER: 110 END: OK
2018-06-28 21:53:02.735 20486 INFO rally.task.runner [-] Task 510f3127-60e1-484c-917d-7af7487d2305 | ITER: 120 START
2018-06-28 21:53:05.684 20488 INFO rally.task.runner [-] Task 510f3127-60e1-484c-917d-7af7487d2305 | ITER: 111 END: OK
2018-06-28 21:53:05.691 20488 INFO rally.task.runner [-] Task 510f3127-60e1-484c-917d-7af7487d2305 | ITER: 121 START
2018-06-28 21:53:07.652 20503 INFO rally.task.runner [-] Task 510f3127-60e1-484c-917d-7af7487d2305 | ITER: 113 END: OK
2018-06-28 21:53:07.658 20503 INFO rally.task.runner [-] Task 510f3127-60e1-484c-917d-7af7487d2305 | ITER: 122 START
2018-06-28 21:53:10.181 20507 INFO rally.task.runner [-] Task 510f3127-60e1-484c-917d-7af7487d2305 | ITER: 112 END: OK
2018-06-28 21:53:10.187 20507 INFO rally.task.runner [-] Task 510f3127-60e1-484c-917d-7af7487d2305 | ITER: 123 START
2018-06-28 21:53:12.067 20491 INFO rally.task.runner [-] Task 510f3127-60e1-484c-917d-7af7487d2305 | ITER: 114 END: OK
2018-06-28 21:53:12.074 20491 INFO rally.task.runner [-] Task 510f3127-60e1-484c-917d-7af7487d2305 | ITER: 124 START
2018-06-28 21:53:30.137 20501 INFO rally.task.runner [-] Task 510f3127-60e1-484c-917d-7af7487d2305 | ITER: 115 END: OK
2018-06-28 21:53:30.144 20501 INFO rally.task.runner [-] Task 510f3127-60e1-484c-917d-7af7487d2305 | ITER: 125 START
2018-06-28 21:53:32.325 20489 INFO rally.task.runner [-] Task 510f3127-60e1-484c-917d-7af7487d2305 | ITER: 116 END: OK
2018-06-28 21:53:32.331 20489 INFO rally.task.runner [-] Task 510f3127-60e1-484c-917d-7af7487d2305 | ITER: 126 START
2018-06-28 21:53:50.245 20495 INFO rally.task.runner [-] Task 510f3127-60e1-484c-917d-7af7487d2305 | ITER: 118 END: OK
2018-06-28 21:53:50.250 20495 INFO rally.task.runner [-] Task 510f3127-60e1-484c-917d-7af7487d2305 | ITER: 127 START
2018-06-28 21:53:50.291 20487 INFO rally.task.runner [-] Task 510f3127-60e1-484c-917d-7af7487d2305 | ITER: 117 END: OK
2018-06-28 21:53:50.298 20487 INFO rally.task.runner [-] Task 510f3127-60e1-484c-917d-7af7487d2305 | ITER: 128 START
2018-06-28 21:53:50.659 20497 INFO rally.task.runner [-] Task 510f3127-60e1-484c-917d-7af7487d2305 | ITER: 119 END: OK
2018-06-28 21:53:50.665 20497 INFO rally.task.runner [-] Task 510f3127-60e1-484c-917d-7af7487d2305 | ITER: 129 START
2018-06-28 21:54:09.075 20486 INFO rally.task.runner [-] Task 510f3127-60e1-484c-917d-7af7487d2305 | ITER: 120 END: OK
2018-06-28 21:54:09.083 20486 INFO rally.task.runner [-] Task 510f3127-60e1-484c-917d-7af7487d2305 | ITER: 130 START
2018-06-28 21:54:13.368 20503 INFO rally.task.runner [-] Task 510f3127-60e1-484c-917d-7af7487d2305 | ITER: 122 END: OK
2018-06-28 21:54:13.375 20503 INFO rally.task.runner [-] Task 510f3127-60e1-484c-917d-7af7487d2305 | ITER: 131 START
2018-06-28 21:54:13.696 20488 INFO rally.task.runner [-] Task 510f3127-60e1-484c-917d-7af7487d2305 | ITER: 121 END: OK
2018-06-28 21:54:13.703 20488 INFO rally.task.runner [-] Task 510f3127-60e1-484c-917d-7af7487d2305 | ITER: 132 START
2018-06-28 21:54:15.606 20507 INFO rally.task.runner [-] Task 510f3127-60e1-484c-917d-7af7487d2305 | ITER: 123 END: OK
2018-06-28 21:54:15.612 20507 INFO rally.task.runner [-] Task 510f3127-60e1-484c-917d-7af7487d2305 | ITER: 133 START
2018-06-28 21:54:15.908 20491 INFO rally.task.runner [-] Task 510f3127-60e1-484c-917d-7af7487d2305 | ITER: 124 END: OK
2018-06-28 21:54:15.914 20491 INFO rally.task.runner [-] Task 510f3127-60e1-484c-917d-7af7487d2305 | ITER: 134 START
2018-06-28 21:54:23.076 20501 INFO rally.task.runner [-] Task 510f3127-60e1-484c-917d-7af7487d2305 | ITER: 125 END: OK
2018-06-28 21:54:23.081 20501 INFO rally.task.runner [-] Task 510f3127-60e1-484c-917d-7af7487d2305 | ITER: 135 START
2018-06-28 21:54:31.720 20489 INFO rally.task.runner [-] Task 510f3127-60e1-484c-917d-7af7487d2305 | ITER: 126 END: OK
2018-06-28 21:54:31.727 20489 INFO rally.task.runner [-] Task 510f3127-60e1-484c-917d-7af7487d2305 | ITER: 136 START
2018-06-28 21:54:51.769 20497 INFO rally.task.runner [-] Task 510f3127-60e1-484c-917d-7af7487d2305 | ITER: 129 END: OK
2018-06-28 21:54:51.776 20497 INFO rally.task.runner [-] Task 510f3127-60e1-484c-917d-7af7487d2305 | ITER: 137 START
2018-06-28 21:54:51.833 20495 INFO rally.task.runner [-] Task 510f3127-60e1-484c-917d-7af7487d2305 | ITER: 127 END: OK
2018-06-28 21:54:51.838 20495 INFO rally.task.runner [-] Task 510f3127-60e1-484c-917d-7af7487d2305 | ITER: 138 START
2018-06-28 21:54:52.296 20487 INFO rally.task.runner [-] Task 510f3127-60e1-484c-917d-7af7487d2305 | ITER: 128 END: OK
2018-06-28 21:54:52.302 20487 INFO rally.task.runner [-] Task 510f3127-60e1-484c-917d-7af7487d2305 | ITER: 139 START
2018-06-28 21:55:10.977 20486 INFO rally.task.runner [-] Task 510f3127-60e1-484c-917d-7af7487d2305 | ITER: 130 END: OK
2018-06-28 21:55:10.984 20486 INFO rally.task.runner [-] Task 510f3127-60e1-484c-917d-7af7487d2305 | ITER: 140 START
2018-06-28 21:55:22.116 20507 INFO rally.task.runner [-] Task 510f3127-60e1-484c-917d-7af7487d2305 | ITER: 133 END: OK
2018-06-28 21:55:22.122 20507 INFO rally.task.runner [-] Task 510f3127-60e1-484c-917d-7af7487d2305 | ITER: 141 START
2018-06-28 21:55:22.140 20503 INFO rally.task.runner [-] Task 510f3127-60e1-484c-917d-7af7487d2305 | ITER: 131 END: OK
2018-06-28 21:55:22.146 20503 INFO rally.task.runner [-] Task 510f3127-60e1-484c-917d-7af7487d2305 | ITER: 142 START
2018-06-28 21:55:22.440 20488 INFO rally.task.runner [-] Task 510f3127-60e1-484c-917d-7af7487d2305 | ITER: 132 END: OK
2018-06-28 21:55:22.448 20488 INFO rally.task.runner [-] Task 510f3127-60e1-484c-917d-7af7487d2305 | ITER: 143 START
2018-06-28 21:55:24.105 20491 INFO rally.task.runner [-] Task 510f3127-60e1-484c-917d-7af7487d2305 | ITER: 134 END: OK
2018-06-28 21:55:24.112 20491 INFO rally.task.runner [-] Task 510f3127-60e1-484c-917d-7af7487d2305 | ITER: 144 START
2018-06-28 21:55:24.610 20501 INFO rally.task.runner [-] Task 510f3127-60e1-484c-917d-7af7487d2305 | ITER: 135 END: OK
2018-06-28 21:55:24.617 20501 INFO rally.task.runner [-] Task 510f3127-60e1-484c-917d-7af7487d2305 | ITER: 145 START
2018-06-28 21:55:26.461 20489 INFO rally.task.runner [-] Task 510f3127-60e1-484c-917d-7af7487d2305 | ITER: 136 END: OK
2018-06-28 21:55:26.468 20489 INFO rally.task.runner [-] Task 510f3127-60e1-484c-917d-7af7487d2305 | ITER: 146 START
2018-06-28 21:55:51.607 20487 INFO rally.task.runner [-] Task 510f3127-60e1-484c-917d-7af7487d2305 | ITER: 139 END: OK
2018-06-28 21:55:51.614 20487 INFO rally.task.runner [-] Task 510f3127-60e1-484c-917d-7af7487d2305 | ITER: 147 START
2018-06-28 21:55:53.355 20497 INFO rally.task.runner [-] Task 510f3127-60e1-484c-917d-7af7487d2305 | ITER: 137 END: OK
2018-06-28 21:55:53.361 20497 INFO rally.task.runner [-] Task 510f3127-60e1-484c-917d-7af7487d2305 | ITER: 148 START
2018-06-28 21:55:55.687 20495 INFO rally.task.runner [-] Task 510f3127-60e1-484c-917d-7af7487d2305 | ITER: 138 END: OK
2018-06-28 21:55:55.693 20495 INFO rally.task.runner [-] Task 510f3127-60e1-484c-917d-7af7487d2305 | ITER: 149 START
2018-06-28 21:56:01.023 20486 INFO rally.task.runner [-] Task 510f3127-60e1-484c-917d-7af7487d2305 | ITER: 140 END: OK
2018-06-28 21:56:01.030 20486 INFO rally.task.runner [-] Task 510f3127-60e1-484c-917d-7af7487d2305 | ITER: 150 START
2018-06-28 21:56:25.833 20507 INFO rally.task.runner [-] Task 510f3127-60e1-484c-917d-7af7487d2305 | ITER: 141 END: OK
2018-06-28 21:56:25.839 20507 INFO rally.task.runner [-] Task 510f3127-60e1-484c-917d-7af7487d2305 | ITER: 151 START
2018-06-28 21:56:28.772 20503 INFO rally.task.runner [-] Task 510f3127-60e1-484c-917d-7af7487d2305 | ITER: 142 END: OK
2018-06-28 21:56:28.779 20503 INFO rally.task.runner [-] Task 510f3127-60e1-484c-917d-7af7487d2305 | ITER: 152 START
2018-06-28 21:56:29.684 20488 INFO rally.task.runner [-] Task 510f3127-60e1-484c-917d-7af7487d2305 | ITER: 143 END: OK
2018-06-28 21:56:29.691 20488 INFO rally.task.runner [-] Task 510f3127-60e1-484c-917d-7af7487d2305 | ITER: 153 START
2018-06-28 21:56:30.604 20491 INFO rally.task.runner [-] Task 510f3127-60e1-484c-917d-7af7487d2305 | ITER: 144 END: OK
2018-06-28 21:56:30.611 20491 INFO rally.task.runner [-] Task 510f3127-60e1-484c-917d-7af7487d2305 | ITER: 154 START
2018-06-28 21:56:31.190 20501 INFO rally.task.runner [-] Task 510f3127-60e1-484c-917d-7af7487d2305 | ITER: 145 END: OK
2018-06-28 21:56:31.197 20501 INFO rally.task.runner [-] Task 510f3127-60e1-484c-917d-7af7487d2305 | ITER: 155 START
2018-06-28 21:56:33.146 20489 INFO rally.task.runner [-] Task 510f3127-60e1-484c-917d-7af7487d2305 | ITER: 146 END: OK
2018-06-28 21:56:33.152 20489 INFO rally.task.runner [-] Task 510f3127-60e1-484c-917d-7af7487d2305 | ITER: 156 START
2018-06-28 21:56:59.458 20497 INFO rally.task.runner [-] Task 510f3127-60e1-484c-917d-7af7487d2305 | ITER: 148 END: OK
2018-06-28 21:56:59.464 20497 INFO rally.task.runner [-] Task 510f3127-60e1-484c-917d-7af7487d2305 | ITER: 157 START
2018-06-28 21:57:00.477 20487 INFO rally.task.runner [-] Task 510f3127-60e1-484c-917d-7af7487d2305 | ITER: 147 END: OK
2018-06-28 21:57:00.483 20487 INFO rally.task.runner [-] Task 510f3127-60e1-484c-917d-7af7487d2305 | ITER: 158 START
2018-06-28 21:57:04.536 20495 INFO rally.task.runner [-] Task 510f3127-60e1-484c-917d-7af7487d2305 | ITER: 149 END: OK
2018-06-28 21:57:04.541 20495 INFO rally.task.runner [-] Task 510f3127-60e1-484c-917d-7af7487d2305 | ITER: 159 START
2018-06-28 21:57:04.907 20486 INFO rally.task.runner [-] Task 510f3127-60e1-484c-917d-7af7487d2305 | ITER: 150 END: OK
2018-06-28 21:57:04.914 20486 INFO rally.task.runner [-] Task 510f3127-60e1-484c-917d-7af7487d2305 | ITER: 160 START
2018-06-28 21:57:16.158 20507 INFO rally.task.runner [-] Task 510f3127-60e1-484c-917d-7af7487d2305 | ITER: 151 END: OK
2018-06-28 21:57:16.163 20507 INFO rally.task.runner [-] Task 510f3127-60e1-484c-917d-7af7487d2305 | ITER: 161 START
2018-06-28 21:57:34.582 20503 INFO rally.task.runner [-] Task 510f3127-60e1-484c-917d-7af7487d2305 | ITER: 152 END: OK
2018-06-28 21:57:34.588 20503 INFO rally.task.runner [-] Task 510f3127-60e1-484c-917d-7af7487d2305 | ITER: 162 START
2018-06-28 21:57:36.008 20488 INFO rally.task.runner [-] Task 510f3127-60e1-484c-917d-7af7487d2305 | ITER: 153 END: OK
2018-06-28 21:57:36.014 20488 INFO rally.task.runner [-] Task 510f3127-60e1-484c-917d-7af7487d2305 | ITER: 163 START
2018-06-28 21:57:36.683 20489 INFO rally.task.runner [-] Task 510f3127-60e1-484c-917d-7af7487d2305 | ITER: 156 END: OK
2018-06-28 21:57:36.690 20489 INFO rally.task.runner [-] Task 510f3127-60e1-484c-917d-7af7487d2305 | ITER: 164 START
2018-06-28 21:57:36.912 20491 INFO rally.task.runner [-] Task 510f3127-60e1-484c-917d-7af7487d2305 | ITER: 154 END: OK
2018-06-28 21:57:36.918 20491 INFO rally.task.runner [-] Task 510f3127-60e1-484c-917d-7af7487d2305 | ITER: 165 START
2018-06-28 21:57:37.386 20501 INFO rally.task.runner [-] Task 510f3127-60e1-484c-917d-7af7487d2305 | ITER: 155 END: OK
2018-06-28 21:57:37.392 20501 INFO rally.task.runner [-] Task 510f3127-60e1-484c-917d-7af7487d2305 | ITER: 166 START
2018-06-28 21:58:03.288 20497 INFO rally.task.runner [-] Task 510f3127-60e1-484c-917d-7af7487d2305 | ITER: 157 END: OK
2018-06-28 21:58:03.293 20497 INFO rally.task.runner [-] Task 510f3127-60e1-484c-917d-7af7487d2305 | ITER: 167 START
2018-06-28 21:58:04.235 20487 INFO rally.task.runner [-] Task 510f3127-60e1-484c-917d-7af7487d2305 | ITER: 158 END: OK
2018-06-28 21:58:04.241 20487 INFO rally.task.runner [-] Task 510f3127-60e1-484c-917d-7af7487d2305 | ITER: 168 START
2018-06-28 21:58:06.195 20486 INFO rally.task.runner [-] Task 510f3127-60e1-484c-917d-7af7487d2305 | ITER: 160 END: OK
2018-06-28 21:58:06.201 20486 INFO rally.task.runner [-] Task 510f3127-60e1-484c-917d-7af7487d2305 | ITER: 169 START
2018-06-28 21:58:08.450 20495 INFO rally.task.runner [-] Task 510f3127-60e1-484c-917d-7af7487d2305 | ITER: 159 END: OK
2018-06-28 21:58:08.456 20495 INFO rally.task.runner [-] Task 510f3127-60e1-484c-917d-7af7487d2305 | ITER: 170 START
2018-06-28 21:58:08.941 20507 INFO rally.task.runner [-] Task 510f3127-60e1-484c-917d-7af7487d2305 | ITER: 161 END: OK
2018-06-28 21:58:08.946 20507 INFO rally.task.runner [-] Task 510f3127-60e1-484c-917d-7af7487d2305 | ITER: 171 START
2018-06-28 21:58:37.890 20503 INFO rally.task.runner [-] Task 510f3127-60e1-484c-917d-7af7487d2305 | ITER: 162 END: OK
2018-06-28 21:58:37.897 20503 INFO rally.task.runner [-] Task 510f3127-60e1-484c-917d-7af7487d2305 | ITER: 172 START
2018-06-28 21:58:42.433 20488 INFO rally.task.runner [-] Task 510f3127-60e1-484c-917d-7af7487d2305 | ITER: 163 END: OK
2018-06-28 21:58:42.439 20488 INFO rally.task.runner [-] Task 510f3127-60e1-484c-917d-7af7487d2305 | ITER: 173 START
2018-06-28 21:58:43.081 20491 INFO rally.task.runner [-] Task 510f3127-60e1-484c-917d-7af7487d2305 | ITER: 165 END: OK
2018-06-28 21:58:43.087 20491 INFO rally.task.runner [-] Task 510f3127-60e1-484c-917d-7af7487d2305 | ITER: 174 START
2018-06-28 21:58:43.093 20501 INFO rally.task.runner [-] Task 510f3127-60e1-484c-917d-7af7487d2305 | ITER: 166 END: OK
2018-06-28 21:58:43.099 20501 INFO rally.task.runner [-] Task 510f3127-60e1-484c-917d-7af7487d2305 | ITER: 175 START
2018-06-28 21:58:43.123 20489 INFO rally.task.runner [-] Task 510f3127-60e1-484c-917d-7af7487d2305 | ITER: 164 END: OK
2018-06-28 21:58:43.127 20489 INFO rally.task.runner [-] Task 510f3127-60e1-484c-917d-7af7487d2305 | ITER: 176 START
2018-06-28 21:59:07.984 20487 INFO rally.task.runner [-] Task 510f3127-60e1-484c-917d-7af7487d2305 | ITER: 168 END: OK
2018-06-28 21:59:07.989 20487 INFO rally.task.runner [-] Task 510f3127-60e1-484c-917d-7af7487d2305 | ITER: 177 START
2018-06-28 21:59:11.924 20497 INFO rally.task.runner [-] Task 510f3127-60e1-484c-917d-7af7487d2305 | ITER: 167 END: OK
2018-06-28 21:59:11.931 20497 INFO rally.task.runner [-] Task 510f3127-60e1-484c-917d-7af7487d2305 | ITER: 178 START
2018-06-28 21:59:14.706 20486 INFO rally.task.runner [-] Task 510f3127-60e1-484c-917d-7af7487d2305 | ITER: 169 END: OK
2018-06-28 21:59:14.712 20486 INFO rally.task.runner [-] Task 510f3127-60e1-484c-917d-7af7487d2305 | ITER: 179 START
2018-06-28 21:59:14.770 20495 INFO rally.task.runner [-] Task 510f3127-60e1-484c-917d-7af7487d2305 | ITER: 170 END: OK
2018-06-28 21:59:14.775 20495 INFO rally.task.runner [-] Task 510f3127-60e1-484c-917d-7af7487d2305 | ITER: 180 START
2018-06-28 21:59:15.045 20507 INFO rally.task.runner [-] Task 510f3127-60e1-484c-917d-7af7487d2305 | ITER: 171 END: OK
2018-06-28 21:59:15.052 20507 INFO rally.task.runner [-] Task 510f3127-60e1-484c-917d-7af7487d2305 | ITER: 181 START
2018-06-28 21:59:18.689 20503 INFO rally.task.runner [-] Task 510f3127-60e1-484c-917d-7af7487d2305 | ITER: 172 END: OK
2018-06-28 21:59:18.696 20503 INFO rally.task.runner [-] Task 510f3127-60e1-484c-917d-7af7487d2305 | ITER: 182 START
2018-06-28 21:59:46.234 20488 INFO rally.task.runner [-] Task 510f3127-60e1-484c-917d-7af7487d2305 | ITER: 173 END: OK
2018-06-28 21:59:46.241 20488 INFO rally.task.runner [-] Task 510f3127-60e1-484c-917d-7af7487d2305 | ITER: 183 START
2018-06-28 21:59:46.497 20489 INFO rally.task.runner [-] Task 510f3127-60e1-484c-917d-7af7487d2305 | ITER: 176 END: OK
2018-06-28 21:59:46.503 20489 INFO rally.task.runner [-] Task 510f3127-60e1-484c-917d-7af7487d2305 | ITER: 184 START
2018-06-28 21:59:46.594 20501 INFO rally.task.runner [-] Task 510f3127-60e1-484c-917d-7af7487d2305 | ITER: 175 END: OK
2018-06-28 21:59:46.600 20501 INFO rally.task.runner [-] Task 510f3127-60e1-484c-917d-7af7487d2305 | ITER: 185 START
2018-06-28 21:59:47.093 20491 INFO rally.task.runner [-] Task 510f3127-60e1-484c-917d-7af7487d2305 | ITER: 174 END: OK
