	rally task report fc835bf5-1426-4566-b738-aa491bb0a9ca --out output.html

* To generate a JUnit report, run:
	rally task export fc835bf5-1426-4566-b738-aa491bb0a9ca --type junit --to output.xml

* To get raw JSON output of task results, run:
	rally task report fc835bf5-1426-4566-b738-aa491bb0a9ca --json --out output.json

--------------------------------------------------------------------------------
Preparing input task
--------------------------------------------------------------------------------

Task is:
{
    "CinderVolumes.create_and_extend_volume": [
        {
            "args": {
                "size": 20,
                "new_size": 50
            },
            "runner": {
                "type": "constant",
                "times": 20,
                "concurrency": 2
            },
            "context": {
                "users": {
                    "tenants": 1,
                    "users_per_tenant": 1
                }
            },
            "sla": {
                "failure_rate": {
                    "max": 0
                }
            }
        }
    ]
}

Task syntax is correct :)
Running Rally version 0.10.1~dev119
--------------------------------------------------------------------------------
Task  79e95416-280c-4d3f-b980-de7e932e0d62: started
--------------------------------------------------------------------------------

Running Task... This can take a while...

To track task status use:

	rally task status
	or
	rally task detailed

Using task: 79e95416-280c-4d3f-b980-de7e932e0d62
2018-04-25 22:01:23.471 23194 INFO rally.task.engine [-] Task 79e95416-280c-4d3f-b980-de7e932e0d62 | Starting:  Task validation.
2018-04-25 22:01:23.483 23194 INFO rally.task.engine [-] Task 79e95416-280c-4d3f-b980-de7e932e0d62 | Starting:  Task validation of syntax.
2018-04-25 22:01:23.500 23194 INFO rally.task.engine [-] Task 79e95416-280c-4d3f-b980-de7e932e0d62 | Completed: Task validation of syntax.
2018-04-25 22:01:23.500 23194 INFO rally.task.engine [-] Task 79e95416-280c-4d3f-b980-de7e932e0d62 | Starting:  Task validation of required platforms.
2018-04-25 22:01:23.508 23194 INFO rally.task.engine [-] Task 79e95416-280c-4d3f-b980-de7e932e0d62 | Completed: Task validation of required platforms.
2018-04-25 22:01:23.508 23194 INFO rally.task.engine [-] Task 79e95416-280c-4d3f-b980-de7e932e0d62 | Starting:  Task validation of semantic.
2018-04-25 22:01:26.466 23194 INFO rally.task.context [-] Task 79e95416-280c-4d3f-b980-de7e932e0d62 | Context users@openstack setup()  finished in 2.26 sec
2018-04-25 22:01:26.975 23194 INFO rally.task.context [-] Task 79e95416-280c-4d3f-b980-de7e932e0d62 | Context users@openstack cleanup() started
2018-04-25 22:01:30.417 23194 INFO rally.task.context [-] Task 79e95416-280c-4d3f-b980-de7e932e0d62 | Context users@openstack cleanup() finished in 3.44 sec
2018-04-25 22:01:30.418 23194 INFO rally.task.engine [-] Task 79e95416-280c-4d3f-b980-de7e932e0d62 | Completed: Task validation of semantic.
2018-04-25 22:01:30.418 23194 INFO rally.task.engine [-] Task 79e95416-280c-4d3f-b980-de7e932e0d62 | Completed: Task validation.
2018-04-25 22:01:30.419 23194 INFO rally.api [-] Task 79e95416-280c-4d3f-b980-de7e932e0d62 input file is valid.
2018-04-25 22:01:30.419 23194 INFO rally.api [-] Run Task 79e95416-280c-4d3f-b980-de7e932e0d62 against Deployment ab52c4ca-1635-4294-83f0-32b091812a67
2018-04-25 22:01:30.420 23194 INFO rally.task.engine [-] Task 79e95416-280c-4d3f-b980-de7e932e0d62 | Starting:  Running task.
2018-04-25 22:01:30.466 23194 INFO rally.task.engine [-] Running workload: 
  position = 0
  config = {
   "version": 2, 
   "title": "A cropped version of a bigger task.", 
   "description": "Auto-generated task from a single workload (uuid=bc8e38ca-a82f-47c8-93ec-b57e71d28022)", 
   "subtasks": [
      {
         "title": "CinderVolumes.create_and_extend_volume", 
         "description": "Create and extend a volume and then delete it.", 
         "scenario": {
            "CinderVolumes.create_and_extend_volume": {
               "size": 20, 
               "new_size": 50
            }
         }, 
         "contexts": {
            "users": {
               "tenants": 1, 
               "users_per_tenant": 1
            }
         }, 
         "runner": {
            "constant": {
               "times": 20, 
               "concurrency": 2
            }
         }, 
         "hooks": [], 
         "sla": {
            "failure_rate": {
               "max": 0
            }
         }
      }
   ]
}
2018-04-25 22:01:32.936 23194 INFO rally.task.context [-] Task 79e95416-280c-4d3f-b980-de7e932e0d62 | Context users@openstack setup()  finished in 2.44 sec
2018-04-25 22:01:32.936 23194 INFO rally.task.context [-] Task 79e95416-280c-4d3f-b980-de7e932e0d62 | Context cleanup@openstack setup()  finished in 0.02 msec
2018-04-25 22:01:32.961 23322 INFO rally.task.runner [-] Task 79e95416-280c-4d3f-b980-de7e932e0d62 | ITER: 1 START
2018-04-25 22:01:32.963 23323 INFO rally.task.runner [-] Task 79e95416-280c-4d3f-b980-de7e932e0d62 | ITER: 2 START
2018-04-25 22:01:40.399 23323 INFO rally.task.runner [-] Task 79e95416-280c-4d3f-b980-de7e932e0d62 | ITER: 2 END: OK
2018-04-25 22:01:40.403 23323 INFO rally.task.runner [-] Task 79e95416-280c-4d3f-b980-de7e932e0d62 | ITER: 3 START
2018-04-25 22:01:40.404 23322 INFO rally.task.runner [-] Task 79e95416-280c-4d3f-b980-de7e932e0d62 | ITER: 1 END: OK
2018-04-25 22:01:40.407 23322 INFO rally.task.runner [-] Task 79e95416-280c-4d3f-b980-de7e932e0d62 | ITER: 4 START
2018-04-25 22:01:47.667 23323 INFO rally.task.runner [-] Task 79e95416-280c-4d3f-b980-de7e932e0d62 | ITER: 3 END: OK
2018-04-25 22:01:47.670 23323 INFO rally.task.runner [-] Task 79e95416-280c-4d3f-b980-de7e932e0d62 | ITER: 5 START
2018-04-25 22:01:47.761 23322 INFO rally.task.runner [-] Task 79e95416-280c-4d3f-b980-de7e932e0d62 | ITER: 4 END: OK
2018-04-25 22:01:47.764 23322 INFO rally.task.runner [-] Task 79e95416-280c-4d3f-b980-de7e932e0d62 | ITER: 6 START
2018-04-25 22:01:54.988 23323 INFO rally.task.runner [-] Task 79e95416-280c-4d3f-b980-de7e932e0d62 | ITER: 5 END: OK
2018-04-25 22:01:54.988 23322 INFO rally.task.runner [-] Task 79e95416-280c-4d3f-b980-de7e932e0d62 | ITER: 6 END: OK
2018-04-25 22:01:54.991 23323 INFO rally.task.runner [-] Task 79e95416-280c-4d3f-b980-de7e932e0d62 | ITER: 7 START
2018-04-25 22:01:54.992 23322 INFO rally.task.runner [-] Task 79e95416-280c-4d3f-b980-de7e932e0d62 | ITER: 8 START
2018-04-25 22:02:02.327 23323 INFO rally.task.runner [-] Task 79e95416-280c-4d3f-b980-de7e932e0d62 | ITER: 7 END: OK
2018-04-25 22:02:02.332 23323 INFO rally.task.runner [-] Task 79e95416-280c-4d3f-b980-de7e932e0d62 | ITER: 9 START
2018-04-25 22:02:02.442 23322 INFO rally.task.runner [-] Task 79e95416-280c-4d3f-b980-de7e932e0d62 | ITER: 8 END: OK
2018-04-25 22:02:02.447 23322 INFO rally.task.runner [-] Task 79e95416-280c-4d3f-b980-de7e932e0d62 | ITER: 10 START
2018-04-25 22:02:09.663 23323 INFO rally.task.runner [-] Task 79e95416-280c-4d3f-b980-de7e932e0d62 | ITER: 9 END: OK
2018-04-25 22:02:09.667 23323 INFO rally.task.runner [-] Task 79e95416-280c-4d3f-b980-de7e932e0d62 | ITER: 11 START
2018-04-25 22:02:09.834 23322 INFO rally.task.runner [-] Task 79e95416-280c-4d3f-b980-de7e932e0d62 | ITER: 10 END: OK
2018-04-25 22:02:09.838 23322 INFO rally.task.runner [-] Task 79e95416-280c-4d3f-b980-de7e932e0d62 | ITER: 12 START
2018-04-25 22:02:17.027 23323 INFO rally.task.runner [-] Task 79e95416-280c-4d3f-b980-de7e932e0d62 | ITER: 11 END: OK
2018-04-25 22:02:17.031 23323 INFO rally.task.runner [-] Task 79e95416-280c-4d3f-b980-de7e932e0d62 | ITER: 13 START
2018-04-25 22:02:17.076 23322 INFO rally.task.runner [-] Task 79e95416-280c-4d3f-b980-de7e932e0d62 | ITER: 12 END: OK
2018-04-25 22:02:17.080 23322 INFO rally.task.runner [-] Task 79e95416-280c-4d3f-b980-de7e932e0d62 | ITER: 14 START
2018-04-25 22:02:24.281 23323 INFO rally.task.runner [-] Task 79e95416-280c-4d3f-b980-de7e932e0d62 | ITER: 13 END: OK
2018-04-25 22:02:24.285 23323 INFO rally.task.runner [-] Task 79e95416-280c-4d3f-b980-de7e932e0d62 | ITER: 15 START
2018-04-25 22:02:24.313 23322 INFO rally.task.runner [-] Task 79e95416-280c-4d3f-b980-de7e932e0d62 | ITER: 14 END: OK
2018-04-25 22:02:24.317 23322 INFO rally.task.runner [-] Task 79e95416-280c-4d3f-b980-de7e932e0d62 | ITER: 16 START
2018-04-25 22:02:31.611 23323 INFO rally.task.runner [-] Task 79e95416-280c-4d3f-b980-de7e932e0d62 | ITER: 15 END: OK
2018-04-25 22:02:31.615 23323 INFO rally.task.runner [-] Task 79e95416-280c-4d3f-b980-de7e932e0d62 | ITER: 17 START
2018-04-25 22:02:31.796 23322 INFO rally.task.runner [-] Task 79e95416-280c-4d3f-b980-de7e932e0d62 | ITER: 16 END: OK
2018-04-25 22:02:31.799 23322 INFO rally.task.runner [-] Task 79e95416-280c-4d3f-b980-de7e932e0d62 | ITER: 18 START
2018-04-25 22:02:39.069 23322 INFO rally.task.runner [-] Task 79e95416-280c-4d3f-b980-de7e932e0d62 | ITER: 18 END: OK
2018-04-25 22:02:39.072 23322 INFO rally.task.runner [-] Task 79e95416-280c-4d3f-b980-de7e932e0d62 | ITER: 19 START
2018-04-25 22:02:39.105 23323 INFO rally.task.runner [-] Task 79e95416-280c-4d3f-b980-de7e932e0d62 | ITER: 17 END: OK
2018-04-25 22:02:39.108 23323 INFO rally.task.runner [-] Task 79e95416-280c-4d3f-b980-de7e932e0d62 | ITER: 20 START
2018-04-25 22:02:46.349 23323 INFO rally.task.runner [-] Task 79e95416-280c-4d3f-b980-de7e932e0d62 | ITER: 20 END: OK
2018-04-25 22:02:46.394 23322 INFO rally.task.runner [-] Task 79e95416-280c-4d3f-b980-de7e932e0d62 | ITER: 19 END: OK
2018-04-25 22:02:46.415 23194 INFO rally.task.context [-] Task 79e95416-280c-4d3f-b980-de7e932e0d62 | Context cleanup@openstack cleanup() started
2018-04-25 22:02:48.362 23194 INFO rally.task.context [-] Task 79e95416-280c-4d3f-b980-de7e932e0d62 | Context cleanup@openstack cleanup() finished in 1.95 sec
2018-04-25 22:02:48.363 23194 INFO rally.task.context [-] Task 79e95416-280c-4d3f-b980-de7e932e0d62 | Context users@openstack cleanup() started
2018-04-25 22:02:51.451 23194 INFO rally.task.context [-] Task 79e95416-280c-4d3f-b980-de7e932e0d62 | Context users@openstack cleanup() finished in 3.09 sec
2018-04-25 22:02:52.939 23194 INFO rally.task.engine [-] Load duration is: 73.428017
2018-04-25 22:02:52.939 23194 INFO rally.task.engine [-] Full runner duration is: 73.470997
2018-04-25 22:02:52.940 23194 INFO rally.task.engine [-] Full duration is: 80.976549
2018-04-25 22:02:53.020 23194 INFO rally.task.engine [-] Task 79e95416-280c-4d3f-b980-de7e932e0d62 | Completed: Running task.

--------------------------------------------------------------------------------
Task 79e95416-280c-4d3f-b980-de7e932e0d62: finished
--------------------------------------------------------------------------------

test scenario CinderVolumes.create_and_extend_volume
args position 0
args values:
{
  "runner": {
    "times": 20, 
    "concurrency": 2
  }, 
  "contexts": {
    "users": {
      "tenants": 1, 
      "users_per_tenant": 1
    }
  }, 
  "args": {
    "size": 20, 
    "new_size": 50
  }, 
  "sla": {
    "failure_rate": {
      "max": 0
    }
  }, 
  "hooks": []
}

--------------------------------------------------------------------------------
Task 79e95416-280c-4d3f-b980-de7e932e0d62 has 0 error(s)
--------------------------------------------------------------------------------

+----------------------------------------------------------------------------------------------------------------------------+
|                                                    Response Times (sec)                                                    |
+-------------------------+-----------+--------------+--------------+--------------+-----------+-----------+---------+-------+
| Action                  | Min (sec) | Median (sec) | 90%ile (sec) | 95%ile (sec) | Max (sec) | Avg (sec) | Success | Count |
+-------------------------+-----------+--------------+--------------+--------------+-----------+-----------+---------+-------+
| cinder_v2.create_volume | 2.707     | 2.799        | 2.94         | 2.944        | 2.974     | 2.811     | 100.0%  | 20    |
| cinder_v2.extend_volume | 2.246     | 2.281        | 2.31         | 2.312        | 2.328     | 2.281     | 100.0%  | 20    |
| cinder_v2.delete_volume | 2.184     | 2.238        | 2.268        | 2.339        | 2.358     | 2.243     | 100.0%  | 20    |
| total                   | 7.222     | 7.327        | 7.451        | 7.477        | 7.487     | 7.336     | 100.0%  | 20    |
|  -> duration            | 7.222     | 7.327        | 7.451        | 7.477        | 7.487     | 7.336     | 100.0%  | 20    |
|  -> idle_duration       | 0.0       | 0.0          | 0.0          | 0.0          | 0.0       | 0.0       | 100.0%  | 20    |
+-------------------------+-----------+--------------+--------------+--------------+-----------+-----------+---------+-------+

Load duration: 73.428017
Full duration: 80.976549

HINTS:
* To plot HTML graphics with this data, run:
	rally task report 79e95416-280c-4d3f-b980-de7e932e0d62 --out output.html

* To generate a JUnit report, run:
	rally task export 79e95416-280c-4d3f-b980-de7e932e0d62 --type junit --to output.xml

* To get raw JSON output of task results, run:
	rally task report 79e95416-280c-4d3f-b980-de7e932e0d62 --json --out output.json

--------------------------------------------------------------------------------
Preparing input task
--------------------------------------------------------------------------------

Task is:
{
   "NovaServers.boot_and_rebuild_server": [
        {
            "args": {
                "flavor": {
                    "name": "m1.xlarge"
                },
                "from_image": {
                    "name": "Debian 9"
                },
                "to_image": {
                    "name": "Ubuntu 14.04 LTS"
                }
            },
            "runner": {
                "type": "constant",
                "times": 50,
                "concurrency": 2
            },
            "context": {
                "users": {
                    "tenants": 1,
                    "users_per_tenant": 1
                }
            },
            "sla": {
                "failure_rate": {
                    "max": 0
                }
            }
        }
    ]
}

Task syntax is correct :)
Running Rally version 0.10.1~dev119
--------------------------------------------------------------------------------
Task  51297489-0913-4914-894b-2c880cdde8c5: started
--------------------------------------------------------------------------------

Running Task... This can take a while...

To track task status use:

	rally task status
	or
	rally task detailed

Using task: 51297489-0913-4914-894b-2c880cdde8c5
2018-04-25 22:02:54.780 23469 INFO rally.task.engine [-] Task 51297489-0913-4914-894b-2c880cdde8c5 | Starting:  Task validation.
2018-04-25 22:02:54.792 23469 INFO rally.task.engine [-] Task 51297489-0913-4914-894b-2c880cdde8c5 | Starting:  Task validation of syntax.
2018-04-25 22:02:54.808 23469 INFO rally.task.engine [-] Task 51297489-0913-4914-894b-2c880cdde8c5 | Completed: Task validation of syntax.
2018-04-25 22:02:54.809 23469 INFO rally.task.engine [-] Task 51297489-0913-4914-894b-2c880cdde8c5 | Starting:  Task validation of required platforms.
2018-04-25 22:02:54.817 23469 INFO rally.task.engine [-] Task 51297489-0913-4914-894b-2c880cdde8c5 | Completed: Task validation of required platforms.
2018-04-25 22:02:54.817 23469 INFO rally.task.engine [-] Task 51297489-0913-4914-894b-2c880cdde8c5 | Starting:  Task validation of semantic.
2018-04-25 22:02:57.709 23469 INFO rally.task.context [-] Task 51297489-0913-4914-894b-2c880cdde8c5 | Context users@openstack setup()  finished in 2.26 sec
2018-04-25 22:02:59.757 23469 INFO rally.task.context [-] Task 51297489-0913-4914-894b-2c880cdde8c5 | Context users@openstack cleanup() started
2018-04-25 22:03:02.685 23469 INFO rally.task.context [-] Task 51297489-0913-4914-894b-2c880cdde8c5 | Context users@openstack cleanup() finished in 2.93 sec
2018-04-25 22:03:02.686 23469 INFO rally.task.engine [-] Task 51297489-0913-4914-894b-2c880cdde8c5 | Completed: Task validation of semantic.
2018-04-25 22:03:02.686 23469 INFO rally.task.engine [-] Task 51297489-0913-4914-894b-2c880cdde8c5 | Completed: Task validation.
2018-04-25 22:03:02.686 23469 INFO rally.api [-] Task 51297489-0913-4914-894b-2c880cdde8c5 input file is valid.
2018-04-25 22:03:02.687 23469 INFO rally.api [-] Run Task 51297489-0913-4914-894b-2c880cdde8c5 against Deployment ab52c4ca-1635-4294-83f0-32b091812a67
2018-04-25 22:03:02.687 23469 INFO rally.task.engine [-] Task 51297489-0913-4914-894b-2c880cdde8c5 | Starting:  Running task.
2018-04-25 22:03:02.747 23469 INFO rally.task.engine [-] Running workload: 
  position = 0
  config = {
   "version": 2, 
   "title": "A cropped version of a bigger task.", 
   "description": "Auto-generated task from a single workload (uuid=47e950c6-d3a8-4000-ada0-dcb8ffc6369c)", 
   "subtasks": [
      {
         "title": "NovaServers.boot_and_rebuild_server", 
         "description": "Rebuild a server.", 
         "scenario": {
            "NovaServers.boot_and_rebuild_server": {
               "flavor": {
                  "name": "m1.xlarge"
               }, 
               "from_image": {
                  "name": "Debian 9"
               }, 
               "to_image": {
                  "name": "Ubuntu 14.04 LTS"
               }
            }
         }, 
         "contexts": {
            "users": {
               "tenants": 1, 
               "users_per_tenant": 1
            }
         }, 
         "runner": {
            "constant": {
               "times": 50, 
               "concurrency": 2
            }
         }, 
         "hooks": [], 
         "sla": {
            "failure_rate": {
               "max": 0
            }
         }
      }
   ]
}
2018-04-25 22:03:05.060 23469 INFO rally.task.context [-] Task 51297489-0913-4914-894b-2c880cdde8c5 | Context users@openstack setup()  finished in 2.28 sec
2018-04-25 22:03:05.061 23469 INFO rally.task.context [-] Task 51297489-0913-4914-894b-2c880cdde8c5 | Context cleanup@openstack setup()  finished in 0.06 msec
2018-04-25 22:03:05.827 23597 INFO rally.task.runner [-] Task 51297489-0913-4914-894b-2c880cdde8c5 | ITER: 1 START
2018-04-25 22:03:05.829 23598 INFO rally.task.runner [-] Task 51297489-0913-4914-894b-2c880cdde8c5 | ITER: 2 START
2018-04-25 22:10:49.408 23597 INFO rally.task.runner [-] Task 51297489-0913-4914-894b-2c880cdde8c5 | ITER: 1 END: OK
2018-04-25 22:10:49.414 23597 INFO rally.task.runner [-] Task 51297489-0913-4914-894b-2c880cdde8c5 | ITER: 3 START
2018-04-25 22:11:06.444 23598 INFO rally.task.runner [-] Task 51297489-0913-4914-894b-2c880cdde8c5 | ITER: 2 END: OK
2018-04-25 22:11:06.450 23598 INFO rally.task.runner [-] Task 51297489-0913-4914-894b-2c880cdde8c5 | ITER: 4 START
2018-04-25 22:18:19.433 23597 INFO rally.task.runner [-] Task 51297489-0913-4914-894b-2c880cdde8c5 | ITER: 3 END: OK
2018-04-25 22:18:19.438 23597 INFO rally.task.runner [-] Task 51297489-0913-4914-894b-2c880cdde8c5 | ITER: 5 START
2018-04-25 22:19:11.355 23598 INFO rally.task.runner [-] Task 51297489-0913-4914-894b-2c880cdde8c5 | ITER: 4 END: OK
2018-04-25 22:19:11.359 23598 INFO rally.task.runner [-] Task 51297489-0913-4914-894b-2c880cdde8c5 | ITER: 6 START
2018-04-25 22:26:16.425 23597 INFO rally.task.runner [-] Task 51297489-0913-4914-894b-2c880cdde8c5 | ITER: 5 END: OK
2018-04-25 22:26:16.429 23597 INFO rally.task.runner [-] Task 51297489-0913-4914-894b-2c880cdde8c5 | ITER: 7 START
2018-04-25 22:26:45.139 23598 INFO rally.task.runner [-] Task 51297489-0913-4914-894b-2c880cdde8c5 | ITER: 6 END: OK
2018-04-25 22:26:45.143 23598 INFO rally.task.runner [-] Task 51297489-0913-4914-894b-2c880cdde8c5 | ITER: 8 START
2018-04-25 22:33:21.927 23598 INFO rally.task.runner [-] Task 51297489-0913-4914-894b-2c880cdde8c5 | ITER: 8 END: OK
2018-04-25 22:33:21.931 23598 INFO rally.task.runner [-] Task 51297489-0913-4914-894b-2c880cdde8c5 | ITER: 9 START
2018-04-25 22:33:55.058 23597 INFO rally.task.runner [-] Task 51297489-0913-4914-894b-2c880cdde8c5 | ITER: 7 END: OK
2018-04-25 22:33:55.062 23597 INFO rally.task.runner [-] Task 51297489-0913-4914-894b-2c880cdde8c5 | ITER: 10 START
2018-04-25 22:39:34.297 23597 INFO rally.task.runner [-] Task 51297489-0913-4914-894b-2c880cdde8c5 | ITER: 10 END: OK
2018-04-25 22:39:34.302 23597 INFO rally.task.runner [-] Task 51297489-0913-4914-894b-2c880cdde8c5 | ITER: 11 START
2018-04-25 22:40:47.145 23598 INFO rally.task.runner [-] Task 51297489-0913-4914-894b-2c880cdde8c5 | ITER: 9 END: OK
2018-04-25 22:40:47.149 23598 INFO rally.task.runner [-] Task 51297489-0913-4914-894b-2c880cdde8c5 | ITER: 12 START
2018-04-25 22:46:34.952 23597 INFO rally.task.runner [-] Task 51297489-0913-4914-894b-2c880cdde8c5 | ITER: 11 END: OK
2018-04-25 22:46:34.956 23597 INFO rally.task.runner [-] Task 51297489-0913-4914-894b-2c880cdde8c5 | ITER: 13 START
2018-04-25 22:48:08.514 23598 INFO rally.task.runner [-] Task 51297489-0913-4914-894b-2c880cdde8c5 | ITER: 12 END: OK
2018-04-25 22:48:08.518 23598 INFO rally.task.runner [-] Task 51297489-0913-4914-894b-2c880cdde8c5 | ITER: 14 START
2018-04-25 22:53:02.634 23597 INFO rally.task.runner [-] Task 51297489-0913-4914-894b-2c880cdde8c5 | ITER: 13 END: OK
2018-04-25 22:53:02.638 23597 INFO rally.task.runner [-] Task 51297489-0913-4914-894b-2c880cdde8c5 | ITER: 15 START
2018-04-25 22:53:34.610 23598 INFO rally.task.runner [-] Task 51297489-0913-4914-894b-2c880cdde8c5 | ITER: 14 END: OK
2018-04-25 22:53:34.614 23598 INFO rally.task.runner [-] Task 51297489-0913-4914-894b-2c880cdde8c5 | ITER: 16 START
2018-04-25 22:59:06.732 23597 INFO rally.task.runner [-] Task 51297489-0913-4914-894b-2c880cdde8c5 | ITER: 15 END: OK
2018-04-25 22:59:06.736 23597 INFO rally.task.runner [-] Task 51297489-0913-4914-894b-2c880cdde8c5 | ITER: 17 START
2018-04-25 22:59:21.385 23598 INFO rally.task.runner [-] Task 51297489-0913-4914-894b-2c880cdde8c5 | ITER: 16 END: OK
2018-04-25 22:59:21.389 23598 INFO rally.task.runner [-] Task 51297489-0913-4914-894b-2c880cdde8c5 | ITER: 18 START
2018-04-25 23:04:24.277 23597 INFO rally.task.runner [-] Task 51297489-0913-4914-894b-2c880cdde8c5 | ITER: 17 END: OK
2018-04-25 23:04:24.280 23597 INFO rally.task.runner [-] Task 51297489-0913-4914-894b-2c880cdde8c5 | ITER: 19 START
2018-04-25 23:06:10.221 23598 INFO rally.task.runner [-] Task 51297489-0913-4914-894b-2c880cdde8c5 | ITER: 18 END: OK
2018-04-25 23:06:10.225 23598 INFO rally.task.runner [-] Task 51297489-0913-4914-894b-2c880cdde8c5 | ITER: 20 START
2018-04-25 23:11:19.140 23597 INFO rally.task.runner [-] Task 51297489-0913-4914-894b-2c880cdde8c5 | ITER: 19 END: OK
2018-04-25 23:11:19.144 23597 INFO rally.task.runner [-] Task 51297489-0913-4914-894b-2c880cdde8c5 | ITER: 21 START
2018-04-25 23:12:29.884 23598 INFO rally.task.runner [-] Task 51297489-0913-4914-894b-2c880cdde8c5 | ITER: 20 END: OK
2018-04-25 23:12:29.888 23598 INFO rally.task.runner [-] Task 51297489-0913-4914-894b-2c880cdde8c5 | ITER: 22 START
2018-04-25 23:18:18.527 23597 INFO rally.task.runner [-] Task 51297489-0913-4914-894b-2c880cdde8c5 | ITER: 21 END: OK
2018-04-25 23:18:18.532 23597 INFO rally.task.runner [-] Task 51297489-0913-4914-894b-2c880cdde8c5 | ITER: 23 START
2018-04-25 23:18:34.802 23598 INFO rally.task.runner [-] Task 51297489-0913-4914-894b-2c880cdde8c5 | ITER: 22 END: OK
2018-04-25 23:18:34.807 23598 INFO rally.task.runner [-] Task 51297489-0913-4914-894b-2c880cdde8c5 | ITER: 24 START
2018-04-25 23:24:27.323 23598 INFO rally.task.runner [-] Task 51297489-0913-4914-894b-2c880cdde8c5 | ITER: 24 END: OK
2018-04-25 23:24:27.328 23598 INFO rally.task.runner [-] Task 51297489-0913-4914-894b-2c880cdde8c5 | ITER: 25 START
2018-04-25 23:25:59.702 23597 INFO rally.task.runner [-] Task 51297489-0913-4914-894b-2c880cdde8c5 | ITER: 23 END: OK
2018-04-25 23:25:59.706 23597 INFO rally.task.runner [-] Task 51297489-0913-4914-894b-2c880cdde8c5 | ITER: 26 START
2018-04-25 23:30:00.408 23598 INFO rally.task.runner [-] Task 51297489-0913-4914-894b-2c880cdde8c5 | ITER: 25 END: OK
2018-04-25 23:30:00.412 23598 INFO rally.task.runner [-] Task 51297489-0913-4914-894b-2c880cdde8c5 | ITER: 27 START
2018-04-25 23:32:11.344 23597 INFO rally.task.runner [-] Task 51297489-0913-4914-894b-2c880cdde8c5 | ITER: 26 END: OK
2018-04-25 23:32:11.348 23597 INFO rally.task.runner [-] Task 51297489-0913-4914-894b-2c880cdde8c5 | ITER: 28 START
2018-04-25 23:37:44.004 23598 INFO rally.task.runner [-] Task 51297489-0913-4914-894b-2c880cdde8c5 | ITER: 27 END: OK
2018-04-25 23:37:44.008 23598 INFO rally.task.runner [-] Task 51297489-0913-4914-894b-2c880cdde8c5 | ITER: 29 START
2018-04-25 23:38:37.279 23597 INFO rally.task.runner [-] Task 51297489-0913-4914-894b-2c880cdde8c5 | ITER: 28 END: OK
2018-04-25 23:38:37.284 23597 INFO rally.task.runner [-] Task 51297489-0913-4914-894b-2c880cdde8c5 | ITER: 30 START
2018-04-25 23:44:49.130 23598 INFO rally.task.runner [-] Task 51297489-0913-4914-894b-2c880cdde8c5 | ITER: 29 END: OK
2018-04-25 23:44:49.135 23598 INFO rally.task.runner [-] Task 51297489-0913-4914-894b-2c880cdde8c5 | ITER: 31 START
2018-04-25 23:46:29.264 23597 INFO rally.task.runner [-] Task 51297489-0913-4914-894b-2c880cdde8c5 | ITER: 30 END: OK
2018-04-25 23:46:29.268 23597 INFO rally.task.runner [-] Task 51297489-0913-4914-894b-2c880cdde8c5 | ITER: 32 START
2018-04-25 23:51:55.687 23597 INFO rally.task.runner [-] Task 51297489-0913-4914-894b-2c880cdde8c5 | ITER: 32 END: OK
2018-04-25 23:51:55.691 23597 INFO rally.task.runner [-] Task 51297489-0913-4914-894b-2c880cdde8c5 | ITER: 33 START
2018-04-25 23:51:57.877 23598 INFO rally.task.runner [-] Task 51297489-0913-4914-894b-2c880cdde8c5 | ITER: 31 END: OK
2018-04-25 23:51:57.881 23598 INFO rally.task.runner [-] Task 51297489-0913-4914-894b-2c880cdde8c5 | ITER: 34 START
2018-04-25 23:55:06.078 23597 INFO rally.task.runner [-] Task 51297489-0913-4914-894b-2c880cdde8c5 | ITER: 33 END: Error GetResourceErrorStatus: Resource <Server: s_rally_47e950c6_YOrpTo7N> has ERROR status.
 Fault: {u'message': u'No valid host was found. There are not enough hosts available.', u'code': 500, u'created': u'2018-04-25T23:55:05Z'}
2018-04-25 23:55:06.082 23597 INFO rally.task.runner [-] Task 51297489-0913-4914-894b-2c880cdde8c5 | ITER: 35 START
2018-04-25 23:55:07.770 23598 INFO rally.task.runner [-] Task 51297489-0913-4914-894b-2c880cdde8c5 | ITER: 34 END: Error GetResourceErrorStatus: Resource <Server: s_rally_47e950c6_teMOByNe> has ERROR status.
 Fault: {u'message': u'No valid host was found. There are not enough hosts available.', u'code': 500, u'created': u'2018-04-25T23:55:06Z'}
2018-04-25 23:55:07.773 23598 INFO rally.task.runner [-] Task 51297489-0913-4914-894b-2c880cdde8c5 | ITER: 36 START
2018-04-25 23:58:14.915 23598 INFO rally.task.runner [-] Task 51297489-0913-4914-894b-2c880cdde8c5 | ITER: 36 END: Error GetResourceErrorStatus: Resource <Server: s_rally_47e950c6_YRI8FU8g> has ERROR status.
 Fault: {u'message': u'No valid host was found. There are not enough hosts available.', u'code': 500, u'created': u'2018-04-25T23:58:13Z'}
2018-04-25 23:58:14.919 23598 INFO rally.task.runner [-] Task 51297489-0913-4914-894b-2c880cdde8c5 | ITER: 37 START
2018-04-25 23:58:15.726 23597 INFO rally.task.runner [-] Task 51297489-0913-4914-894b-2c880cdde8c5 | ITER: 35 END: Error GetResourceErrorStatus: Resource <Server: s_rally_47e950c6_2fcv5mLb> has ERROR status.
 Fault: {u'message': u'No valid host was found. There are not enough hosts available.', u'code': 500, u'created': u'2018-04-25T23:58:14Z'}
2018-04-25 23:58:15.729 23597 INFO rally.task.runner [-] Task 51297489-0913-4914-894b-2c880cdde8c5 | ITER: 38 START
2018-04-26 00:03:45.326 23598 INFO rally.task.runner [-] Task 51297489-0913-4914-894b-2c880cdde8c5 | ITER: 37 END: OK
2018-04-26 00:03:45.330 23598 INFO rally.task.runner [-] Task 51297489-0913-4914-894b-2c880cdde8c5 | ITER: 39 START
2018-04-26 00:03:58.944 23597 INFO rally.task.runner [-] Task 51297489-0913-4914-894b-2c880cdde8c5 | ITER: 38 END: OK
2018-04-26 00:03:58.947 23597 INFO rally.task.runner [-] Task 51297489-0913-4914-894b-2c880cdde8c5 | ITER: 40 START
2018-04-26 00:09:50.156 23597 INFO rally.task.runner [-] Task 51297489-0913-4914-894b-2c880cdde8c5 | ITER: 40 END: OK
2018-04-26 00:09:50.160 23597 INFO rally.task.runner [-] Task 51297489-0913-4914-894b-2c880cdde8c5 | ITER: 41 START
2018-04-26 00:10:43.597 23598 INFO rally.task.runner [-] Task 51297489-0913-4914-894b-2c880cdde8c5 | ITER: 39 END: OK
2018-04-26 00:10:43.601 23598 INFO rally.task.runner [-] Task 51297489-0913-4914-894b-2c880cdde8c5 | ITER: 42 START
2018-04-26 00:15:24.030 23597 INFO rally.task.runner [-] Task 51297489-0913-4914-894b-2c880cdde8c5 | ITER: 41 END: OK
2018-04-26 00:15:24.035 23597 INFO rally.task.runner [-] Task 51297489-0913-4914-894b-2c880cdde8c5 | ITER: 43 START
2018-04-26 00:16:23.559 23598 INFO rally.task.runner [-] Task 51297489-0913-4914-894b-2c880cdde8c5 | ITER: 42 END: OK
2018-04-26 00:16:23.563 23598 INFO rally.task.runner [-] Task 51297489-0913-4914-894b-2c880cdde8c5 | ITER: 44 START
2018-04-26 00:21:51.457 23598 INFO rally.task.runner [-] Task 51297489-0913-4914-894b-2c880cdde8c5 | ITER: 44 END: OK
2018-04-26 00:21:51.461 23598 INFO rally.task.runner [-] Task 51297489-0913-4914-894b-2c880cdde8c5 | ITER: 45 START
2018-04-26 00:23:13.597 23597 INFO rally.task.runner [-] Task 51297489-0913-4914-894b-2c880cdde8c5 | ITER: 43 END: OK
2018-04-26 00:23:13.600 23597 INFO rally.task.runner [-] Task 51297489-0913-4914-894b-2c880cdde8c5 | ITER: 46 START
2018-04-26 00:26:52.062 23598 INFO rally.task.runner [-] Task 51297489-0913-4914-894b-2c880cdde8c5 | ITER: 45 END: OK
2018-04-26 00:26:52.066 23598 INFO rally.task.runner [-] Task 51297489-0913-4914-894b-2c880cdde8c5 | ITER: 47 START
2018-04-26 00:28:39.494 23597 INFO rally.task.runner [-] Task 51297489-0913-4914-894b-2c880cdde8c5 | ITER: 46 END: OK
2018-04-26 00:28:39.497 23597 INFO rally.task.runner [-] Task 51297489-0913-4914-894b-2c880cdde8c5 | ITER: 48 START
2018-04-26 00:33:04.626 23598 INFO rally.task.runner [-] Task 51297489-0913-4914-894b-2c880cdde8c5 | ITER: 47 END: OK
2018-04-26 00:33:04.631 23598 INFO rally.task.runner [-] Task 51297489-0913-4914-894b-2c880cdde8c5 | ITER: 49 START
2018-04-26 00:34:25.451 23597 INFO rally.task.runner [-] Task 51297489-0913-4914-894b-2c880cdde8c5 | ITER: 48 END: OK
2018-04-26 00:34:25.456 23597 INFO rally.task.runner [-] Task 51297489-0913-4914-894b-2c880cdde8c5 | ITER: 50 START
2018-04-26 00:39:39.786 23598 INFO rally.task.runner [-] Task 51297489-0913-4914-894b-2c880cdde8c5 | ITER: 49 END: OK
2018-04-26 00:40:37.013 23597 INFO rally.task.runner [-] Task 51297489-0913-4914-894b-2c880cdde8c5 | ITER: 50 END: OK
2018-04-26 00:40:37.034 23469 INFO rally.task.context [-] Task 51297489-0913-4914-894b-2c880cdde8c5 | Context cleanup@openstack cleanup() started
2018-04-26 00:40:44.824 23469 INFO rally.task.context [-] Task 51297489-0913-4914-894b-2c880cdde8c5 | Context cleanup@openstack cleanup() finished in 7.79 sec
2018-04-26 00:40:44.824 23469 INFO rally.task.context [-] Task 51297489-0913-4914-894b-2c880cdde8c5 | Context users@openstack cleanup() started
2018-04-26 00:40:47.894 23469 INFO rally.task.context [-] Task 51297489-0913-4914-894b-2c880cdde8c5 | Context users@openstack cleanup() finished in 3.07 sec
2018-04-26 00:40:49.757 23469 INFO rally.task.engine [-] Load duration is: 9449.183141
2018-04-26 00:40:49.757 23469 INFO rally.task.engine [-] Full runner duration is: 9451.224468
2018-04-26 00:40:49.758 23469 INFO rally.task.engine [-] Full duration is: 9465.135036
2018-04-26 00:40:49.860 23469 INFO rally.task.engine [-] Task 51297489-0913-4914-894b-2c880cdde8c5 | Completed: Running task.

--------------------------------------------------------------------------------
Task 51297489-0913-4914-894b-2c880cdde8c5: finished
--------------------------------------------------------------------------------

test scenario NovaServers.boot_and_rebuild_server
args position 0
args values:
{
  "runner": {
    "times": 50, 
    "concurrency": 2
  }, 
  "contexts": {
    "users": {
      "tenants": 1, 
      "users_per_tenant": 1
    }
  }, 
  "args": {
    "flavor": {
      "name": "m1.xlarge"
    }, 
    "from_image": {
      "name": "Debian 9"
    }, 
    "to_image": {
      "name": "Ubuntu 14.04 LTS"
    }
  }, 
  "sla": {
    "failure_rate": {
      "max": 0
    }
  }, 
  "hooks": []
}

--------------------------------------------------------------------------------
Task 51297489-0913-4914-894b-2c880cdde8c5 has 4 error(s)
--------------------------------------------------------------------------------

GetResourceErrorStatus: Resource <Server: s_rally_47e950c6_YOrpTo7N> has ERROR status.
 Fault: {u'message': u'No valid host was found. There are not enough hosts available.', u'code': 500, u'created': u'2018-04-25T23:55:05Z'}

Traceback (most recent call last):
  File "/home/leon0944/rally/local/lib/python2.7/site-packages/rally/task/runner.py", line 71, in _run_scenario_once
    getattr(scenario_inst, method_name)(**scenario_kwargs)
  File "/home/leon0944/rally/local/lib/python2.7/site-packages/rally/plugins/openstack/scenarios/nova/servers.py", line 901, in run
    self._rebuild_server(server, to_image)
  File "/home/leon0944/rally/local/lib/python2.7/site-packages/rally/task/atomic.py", line 91, in func_atomic_actions
    f = func(self, *args, **kwargs)
  File "/home/leon0944/rally/local/lib/python2.7/site-packages/rally/plugins/openstack/scenarios/nova/utils.py", line 176, in _rebuild_server
    check_interval=CONF.openstack.nova_server_rebuild_poll_interval
  File "/home/leon0944/rally/local/lib/python2.7/site-packages/rally/task/utils.py", line 215, in wait_for_status
    resource = update_resource(resource)
  File "/home/leon0944/rally/local/lib/python2.7/site-packages/rally/task/utils.py", line 90, in _get_from_manager
    fault=getattr(res, "fault", "n/a"))
GetResourceErrorStatus: Resource <Server: s_rally_47e950c6_YOrpTo7N> has ERROR status.
 Fault: {u'message': u'No valid host was found. There are not enough hosts available.', u'code': 500, u'created': u'2018-04-25T23:55:05Z'}

--------------------------------------------------------------------------------
GetResourceErrorStatus: Resource <Server: s_rally_47e950c6_teMOByNe> has ERROR status.
 Fault: {u'message': u'No valid host was found. There are not enough hosts available.', u'code': 500, u'created': u'2018-04-25T23:55:06Z'}

Traceback (most recent call last):
  File "/home/leon0944/rally/local/lib/python2.7/site-packages/rally/task/runner.py", line 71, in _run_scenario_once
    getattr(scenario_inst, method_name)(**scenario_kwargs)
  File "/home/leon0944/rally/local/lib/python2.7/site-packages/rally/plugins/openstack/scenarios/nova/servers.py", line 901, in run
    self._rebuild_server(server, to_image)
  File "/home/leon0944/rally/local/lib/python2.7/site-packages/rally/task/atomic.py", line 91, in func_atomic_actions
    f = func(self, *args, **kwargs)
  File "/home/leon0944/rally/local/lib/python2.7/site-packages/rally/plugins/openstack/scenarios/nova/utils.py", line 176, in _rebuild_server
    check_interval=CONF.openstack.nova_server_rebuild_poll_interval
  File "/home/leon0944/rally/local/lib/python2.7/site-packages/rally/task/utils.py", line 215, in wait_for_status
    resource = update_resource(resource)
  File "/home/leon0944/rally/local/lib/python2.7/site-packages/rally/task/utils.py", line 90, in _get_from_manager
    fault=getattr(res, "fault", "n/a"))
GetResourceErrorStatus: Resource <Server: s_rally_47e950c6_teMOByNe> has ERROR status.
 Fault: {u'message': u'No valid host was found. There are not enough hosts available.', u'code': 500, u'created': u'2018-04-25T23:55:06Z'}

--------------------------------------------------------------------------------
GetResourceErrorStatus: Resource <Server: s_rally_47e950c6_2fcv5mLb> has ERROR status.
 Fault: {u'message': u'No valid host was found. There are not enough hosts available.', u'code': 500, u'created': u'2018-04-25T23:58:14Z'}

Traceback (most recent call last):
  File "/home/leon0944/rally/local/lib/python2.7/site-packages/rally/task/runner.py", line 71, in _run_scenario_once
    getattr(scenario_inst, method_name)(**scenario_kwargs)
  File "/home/leon0944/rally/local/lib/python2.7/site-packages/rally/plugins/openstack/scenarios/nova/servers.py", line 901, in run
    self._rebuild_server(server, to_image)
  File "/home/leon0944/rally/local/lib/python2.7/site-packages/rally/task/atomic.py", line 91, in func_atomic_actions
    f = func(self, *args, **kwargs)
  File "/home/leon0944/rally/local/lib/python2.7/site-packages/rally/plugins/openstack/scenarios/nova/utils.py", line 176, in _rebuild_server
    check_interval=CONF.openstack.nova_server_rebuild_poll_interval
  File "/home/leon0944/rally/local/lib/python2.7/site-packages/rally/task/utils.py", line 215, in wait_for_status
    resource = update_resource(resource)
  File "/home/leon0944/rally/local/lib/python2.7/site-packages/rally/task/utils.py", line 90, in _get_from_manager
    fault=getattr(res, "fault", "n/a"))
GetResourceErrorStatus: Resource <Server: s_rally_47e950c6_2fcv5mLb> has ERROR status.
 Fault: {u'message': u'No valid host was found. There are not enough hosts available.', u'code': 500, u'created': u'2018-04-25T23:58:14Z'}

--------------------------------------------------------------------------------
GetResourceErrorStatus: Resource <Server: s_rally_47e950c6_YRI8FU8g> has ERROR status.
 Fault: {u'message': u'No valid host was found. There are not enough hosts available.', u'code': 500, u'created': u'2018-04-25T23:58:13Z'}

Traceback (most recent call last):
  File "/home/leon0944/rally/local/lib/python2.7/site-packages/rally/task/runner.py", line 71, in _run_scenario_once
    getattr(scenario_inst, method_name)(**scenario_kwargs)
  File "/home/leon0944/rally/local/lib/python2.7/site-packages/rally/plugins/openstack/scenarios/nova/servers.py", line 901, in run
    self._rebuild_server(server, to_image)
  File "/home/leon0944/rally/local/lib/python2.7/site-packages/rally/task/atomic.py", line 91, in func_atomic_actions
    f = func(self, *args, **kwargs)
  File "/home/leon0944/rally/local/lib/python2.7/site-packages/rally/plugins/openstack/scenarios/nova/utils.py", line 176, in _rebuild_server
    check_interval=CONF.openstack.nova_server_rebuild_poll_interval
  File "/home/leon0944/rally/local/lib/python2.7/site-packages/rally/task/utils.py", line 215, in wait_for_status
    resource = update_resource(resource)
  File "/home/leon0944/rally/local/lib/python2.7/site-packages/rally/task/utils.py", line 90, in _get_from_manager
    fault=getattr(res, "fault", "n/a"))
GetResourceErrorStatus: Resource <Server: s_rally_47e950c6_YRI8FU8g> has ERROR status.
 Fault: {u'message': u'No valid host was found. There are not enough hosts available.', u'code': 500, u'created': u'2018-04-25T23:58:13Z'}

--------------------------------------------------------------------------------
+------------------------------------------------------------------------------------------------------------------------+
|                                                  Response Times (sec)                                                  |
+---------------------+-----------+--------------+--------------+--------------+-----------+-----------+---------+-------+
| Action              | Min (sec) | Median (sec) | 90%ile (sec) | 95%ile (sec) | Max (sec) | Avg (sec) | Success | Count |
+---------------------+-----------+--------------+--------------+--------------+-----------+-----------+---------+-------+
| nova.boot_server    | 114.961   | 177.314      | 202.812      | 211.246      | 217.584   | 169.995   | 100.0%  | 50    |
| nova.rebuild_server | 1.614     | 216.172      | 256.515      | 260.713      | 271.102   | 203.857   | 92.0%   | 50    |
| nova.delete_server  | 2.455     | 2.625        | 4.76         | 4.796        | 4.927     | 3.31      | 100.0%  | 46    |
| total               | 187.141   | 376.108      | 464.188      | 474.733      | 484.904   | 376.898   | 92.0%   | 50    |
|  -> duration        | 185.141   | 374.108      | 462.188      | 472.733      | 482.904   | 374.898   | 92.0%   | 50    |
|  -> idle_duration   | 2.0       | 2.0          | 2.0          | 2.0          | 2.0       | 2.0       | 92.0%   | 50    |
+---------------------+-----------+--------------+--------------+--------------+-----------+-----------+---------+-------+

Load duration: 9449.183141
Full duration: 9465.135036

HINTS:
* To plot HTML graphics with this data, run:
	rally task report 51297489-0913-4914-894b-2c880cdde8c5 --out output.html

* To generate a JUnit report, run:
	rally task export 51297489-0913-4914-894b-2c880cdde8c5 --type junit --to output.xml

* To get raw JSON output of task results, run:
	rally task report 51297489-0913-4914-894b-2c880cdde8c5 --json --out output.json

At least one workload did not pass SLA criteria.

--------------------------------------------------------------------------------
Preparing input task
--------------------------------------------------------------------------------

Task is:
{
    "NovaServers.boot_server_from_volume_and_delete": [
        {
            "args": {
                "flavor": {
                    "name": "m1.medium"
                },
                "image": {
                    "name": "CentOS 7"
                },
                "volume_size": 50,
                "volume_type": "",
                "force_delete": false
            },
            "runner": {
                "type": "constant",
                "times": 50,
                "concurrency": 5
            },
            "context": {
            },
            "sla": {
                "failure_rate": {
                    "max": 0
                }
            }
        }
    ]
}

Task syntax is correct :)
Running Rally version 0.10.1~dev119
--------------------------------------------------------------------------------
Task  18e2093a-33e6-49f4-9837-2659309a8f73: started
--------------------------------------------------------------------------------

Running Task... This can take a while...

To track task status use:

	rally task status
	or
	rally task detailed

Using task: 18e2093a-33e6-49f4-9837-2659309a8f73
2018-04-26 00:40:51.835 23876 INFO rally.task.engine [-] Task 18e2093a-33e6-49f4-9837-2659309a8f73 | Starting:  Task validation.
2018-04-26 00:40:51.847 23876 INFO rally.task.engine [-] Task 18e2093a-33e6-49f4-9837-2659309a8f73 | Starting:  Task validation of syntax.
2018-04-26 00:40:51.860 23876 INFO rally.task.engine [-] Task 18e2093a-33e6-49f4-9837-2659309a8f73 | Completed: Task validation of syntax.
2018-04-26 00:40:51.861 23876 INFO rally.task.engine [-] Task 18e2093a-33e6-49f4-9837-2659309a8f73 | Starting:  Task validation of required platforms.
2018-04-26 00:40:51.868 23876 INFO rally.task.engine [-] Task 18e2093a-33e6-49f4-9837-2659309a8f73 | Completed: Task validation of required platforms.
2018-04-26 00:40:51.868 23876 INFO rally.task.engine [-] Task 18e2093a-33e6-49f4-9837-2659309a8f73 | Starting:  Task validation of semantic.
2018-04-26 00:40:54.860 23876 INFO rally.task.context [-] Task 18e2093a-33e6-49f4-9837-2659309a8f73 | Context users@openstack setup()  finished in 2.31 sec
2018-04-26 00:40:56.215 23876 INFO rally.task.context [-] Task 18e2093a-33e6-49f4-9837-2659309a8f73 | Context users@openstack cleanup() started
2018-04-26 00:40:59.456 23876 INFO rally.task.context [-] Task 18e2093a-33e6-49f4-9837-2659309a8f73 | Context users@openstack cleanup() finished in 3.24 sec
2018-04-26 00:40:59.457 23876 INFO rally.task.engine [-] Task 18e2093a-33e6-49f4-9837-2659309a8f73 | Completed: Task validation of semantic.
2018-04-26 00:40:59.457 23876 INFO rally.task.engine [-] Task 18e2093a-33e6-49f4-9837-2659309a8f73 | Completed: Task validation.
2018-04-26 00:40:59.458 23876 INFO rally.api [-] Task 18e2093a-33e6-49f4-9837-2659309a8f73 input file is valid.
2018-04-26 00:40:59.458 23876 INFO rally.api [-] Run Task 18e2093a-33e6-49f4-9837-2659309a8f73 against Deployment ab52c4ca-1635-4294-83f0-32b091812a67
2018-04-26 00:40:59.459 23876 INFO rally.task.engine [-] Task 18e2093a-33e6-49f4-9837-2659309a8f73 | Starting:  Running task.
2018-04-26 00:40:59.515 23876 INFO rally.task.engine [-] Running workload: 
  position = 0
  config = {
   "version": 2, 
   "title": "A cropped version of a bigger task.", 
   "description": "Auto-generated task from a single workload (uuid=b9b0ff00-43b9-4354-958c-f565b4d6c7d3)", 
   "subtasks": [
      {
         "title": "NovaServers.boot_server_from_volume_and_delete", 
         "description": "Boot a server from volume and then delete it.", 
         "scenario": {
            "NovaServers.boot_server_from_volume_and_delete": {
               "flavor": {
                  "name": "m1.medium"
               }, 
               "image": {
                  "name": "CentOS 7"
               }, 
               "volume_size": 50, 
               "volume_type": "", 
               "force_delete": false
            }
         }, 
         "contexts": {}, 
         "runner": {
            "constant": {
               "times": 50, 
               "concurrency": 5
            }
         }, 
         "hooks": [], 
         "sla": {
            "failure_rate": {
               "max": 0
            }
         }
      }
   ]
}
2018-04-26 00:41:01.776 23876 INFO rally.task.context [-] Task 18e2093a-33e6-49f4-9837-2659309a8f73 | Context users@openstack setup()  finished in 2.23 sec
2018-04-26 00:41:01.776 23876 INFO rally.task.context [-] Task 18e2093a-33e6-49f4-9837-2659309a8f73 | Context cleanup@openstack setup()  finished in 0.12 msec
2018-04-26 00:41:02.616 24004 INFO rally.task.runner [-] Task 18e2093a-33e6-49f4-9837-2659309a8f73 | ITER: 1 START
2018-04-26 00:41:02.618 24005 INFO rally.task.runner [-] Task 18e2093a-33e6-49f4-9837-2659309a8f73 | ITER: 2 START
2018-04-26 00:41:02.622 24006 INFO rally.task.runner [-] Task 18e2093a-33e6-49f4-9837-2659309a8f73 | ITER: 3 START
2018-04-26 00:41:02.627 24009 INFO rally.task.runner [-] Task 18e2093a-33e6-49f4-9837-2659309a8f73 | ITER: 4 START
2018-04-26 00:41:02.628 24012 INFO rally.task.runner [-] Task 18e2093a-33e6-49f4-9837-2659309a8f73 | ITER: 5 START
2018-04-26 00:41:58.786 24004 INFO rally.task.runner [-] Task 18e2093a-33e6-49f4-9837-2659309a8f73 | ITER: 1 END: OK
2018-04-26 00:41:58.792 24004 INFO rally.task.runner [-] Task 18e2093a-33e6-49f4-9837-2659309a8f73 | ITER: 6 START
2018-04-26 00:42:03.968 24009 INFO rally.task.runner [-] Task 18e2093a-33e6-49f4-9837-2659309a8f73 | ITER: 4 END: OK
2018-04-26 00:42:03.972 24009 INFO rally.task.runner [-] Task 18e2093a-33e6-49f4-9837-2659309a8f73 | ITER: 7 START
2018-04-26 00:42:14.801 24012 INFO rally.task.runner [-] Task 18e2093a-33e6-49f4-9837-2659309a8f73 | ITER: 5 END: OK
2018-04-26 00:42:14.807 24012 INFO rally.task.runner [-] Task 18e2093a-33e6-49f4-9837-2659309a8f73 | ITER: 8 START
2018-04-26 00:42:23.474 24005 INFO rally.task.runner [-] Task 18e2093a-33e6-49f4-9837-2659309a8f73 | ITER: 2 END: OK
2018-04-26 00:42:23.479 24005 INFO rally.task.runner [-] Task 18e2093a-33e6-49f4-9837-2659309a8f73 | ITER: 9 START
2018-04-26 00:42:39.302 24006 INFO rally.task.runner [-] Task 18e2093a-33e6-49f4-9837-2659309a8f73 | ITER: 3 END: OK
2018-04-26 00:42:39.307 24006 INFO rally.task.runner [-] Task 18e2093a-33e6-49f4-9837-2659309a8f73 | ITER: 10 START
2018-04-26 00:42:48.407 24004 INFO rally.task.runner [-] Task 18e2093a-33e6-49f4-9837-2659309a8f73 | ITER: 6 END: OK
2018-04-26 00:42:48.411 24004 INFO rally.task.runner [-] Task 18e2093a-33e6-49f4-9837-2659309a8f73 | ITER: 11 START
2018-04-26 00:42:51.087 24009 INFO rally.task.runner [-] Task 18e2093a-33e6-49f4-9837-2659309a8f73 | ITER: 7 END: OK
2018-04-26 00:42:51.092 24009 INFO rally.task.runner [-] Task 18e2093a-33e6-49f4-9837-2659309a8f73 | ITER: 12 START
2018-04-26 00:42:53.075 24012 INFO rally.task.runner [-] Task 18e2093a-33e6-49f4-9837-2659309a8f73 | ITER: 8 END: OK
2018-04-26 00:42:53.078 24012 INFO rally.task.runner [-] Task 18e2093a-33e6-49f4-9837-2659309a8f73 | ITER: 13 START
2018-04-26 00:43:08.046 24005 INFO rally.task.runner [-] Task 18e2093a-33e6-49f4-9837-2659309a8f73 | ITER: 9 END: OK
2018-04-26 00:43:08.051 24005 INFO rally.task.runner [-] Task 18e2093a-33e6-49f4-9837-2659309a8f73 | ITER: 14 START
2018-04-26 00:43:25.858 24006 INFO rally.task.runner [-] Task 18e2093a-33e6-49f4-9837-2659309a8f73 | ITER: 10 END: OK
2018-04-26 00:43:25.862 24006 INFO rally.task.runner [-] Task 18e2093a-33e6-49f4-9837-2659309a8f73 | ITER: 15 START
2018-04-26 00:43:44.053 24004 INFO rally.task.runner [-] Task 18e2093a-33e6-49f4-9837-2659309a8f73 | ITER: 11 END: OK
2018-04-26 00:43:44.058 24004 INFO rally.task.runner [-] Task 18e2093a-33e6-49f4-9837-2659309a8f73 | ITER: 16 START
2018-04-26 00:43:54.740 24005 INFO rally.task.runner [-] Task 18e2093a-33e6-49f4-9837-2659309a8f73 | ITER: 14 END: OK
2018-04-26 00:43:54.744 24005 INFO rally.task.runner [-] Task 18e2093a-33e6-49f4-9837-2659309a8f73 | ITER: 17 START
2018-04-26 00:44:00.691 24009 INFO rally.task.runner [-] Task 18e2093a-33e6-49f4-9837-2659309a8f73 | ITER: 12 END: OK
2018-04-26 00:44:00.695 24009 INFO rally.task.runner [-] Task 18e2093a-33e6-49f4-9837-2659309a8f73 | ITER: 18 START
2018-04-26 00:44:11.976 24012 INFO rally.task.runner [-] Task 18e2093a-33e6-49f4-9837-2659309a8f73 | ITER: 13 END: OK
2018-04-26 00:44:11.980 24012 INFO rally.task.runner [-] Task 18e2093a-33e6-49f4-9837-2659309a8f73 | ITER: 19 START
2018-04-26 00:44:13.775 24006 INFO rally.task.runner [-] Task 18e2093a-33e6-49f4-9837-2659309a8f73 | ITER: 15 END: OK
2018-04-26 00:44:13.779 24006 INFO rally.task.runner [-] Task 18e2093a-33e6-49f4-9837-2659309a8f73 | ITER: 20 START
2018-04-26 00:44:23.592 24004 INFO rally.task.runner [-] Task 18e2093a-33e6-49f4-9837-2659309a8f73 | ITER: 16 END: OK
