2018-02-16 00:52:06.025 8534 INFO rally.task.runner [-] Task fde1171c-0049-4058-a831-edd7b6018519 | ITER: 32 START
2018-02-16 00:52:25.389 8535 INFO rally.task.runner [-] Task fde1171c-0049-4058-a831-edd7b6018519 | ITER: 28 END: OK
2018-02-16 00:52:25.391 8535 INFO rally.task.runner [-] Task fde1171c-0049-4058-a831-edd7b6018519 | ITER: 33 START
2018-02-16 00:52:28.766 8533 INFO rally.task.runner [-] Task fde1171c-0049-4058-a831-edd7b6018519 | ITER: 29 END: OK
2018-02-16 00:52:28.771 8533 INFO rally.task.runner [-] Task fde1171c-0049-4058-a831-edd7b6018519 | ITER: 34 START
2018-02-16 00:52:31.172 8541 INFO rally.task.runner [-] Task fde1171c-0049-4058-a831-edd7b6018519 | ITER: 30 END: OK
2018-02-16 00:52:31.176 8541 INFO rally.task.runner [-] Task fde1171c-0049-4058-a831-edd7b6018519 | ITER: 35 START
2018-02-16 00:52:35.350 8537 INFO rally.task.runner [-] Task fde1171c-0049-4058-a831-edd7b6018519 | ITER: 31 END: OK
2018-02-16 00:52:35.352 8537 INFO rally.task.runner [-] Task fde1171c-0049-4058-a831-edd7b6018519 | ITER: 36 START
2018-02-16 00:52:45.364 8534 INFO rally.task.runner [-] Task fde1171c-0049-4058-a831-edd7b6018519 | ITER: 32 END: OK
2018-02-16 00:52:45.367 8534 INFO rally.task.runner [-] Task fde1171c-0049-4058-a831-edd7b6018519 | ITER: 37 START
2018-02-16 00:53:03.974 8535 INFO rally.task.runner [-] Task fde1171c-0049-4058-a831-edd7b6018519 | ITER: 33 END: OK
2018-02-16 00:53:03.979 8535 INFO rally.task.runner [-] Task fde1171c-0049-4058-a831-edd7b6018519 | ITER: 38 START
2018-02-16 00:53:12.141 8533 INFO rally.task.runner [-] Task fde1171c-0049-4058-a831-edd7b6018519 | ITER: 34 END: OK
2018-02-16 00:53:12.144 8533 INFO rally.task.runner [-] Task fde1171c-0049-4058-a831-edd7b6018519 | ITER: 39 START
2018-02-16 00:53:14.748 8541 INFO rally.task.runner [-] Task fde1171c-0049-4058-a831-edd7b6018519 | ITER: 35 END: OK
2018-02-16 00:53:14.752 8541 INFO rally.task.runner [-] Task fde1171c-0049-4058-a831-edd7b6018519 | ITER: 40 START
2018-02-16 00:53:18.386 8537 INFO rally.task.runner [-] Task fde1171c-0049-4058-a831-edd7b6018519 | ITER: 36 END: OK
2018-02-16 00:53:18.389 8537 INFO rally.task.runner [-] Task fde1171c-0049-4058-a831-edd7b6018519 | ITER: 41 START
2018-02-16 00:53:21.772 8534 INFO rally.task.runner [-] Task fde1171c-0049-4058-a831-edd7b6018519 | ITER: 37 END: OK
2018-02-16 00:53:21.775 8534 INFO rally.task.runner [-] Task fde1171c-0049-4058-a831-edd7b6018519 | ITER: 42 START
2018-02-16 00:53:39.408 8535 INFO rally.task.runner [-] Task fde1171c-0049-4058-a831-edd7b6018519 | ITER: 38 END: OK
2018-02-16 00:53:39.411 8535 INFO rally.task.runner [-] Task fde1171c-0049-4058-a831-edd7b6018519 | ITER: 43 START
2018-02-16 00:53:47.314 8533 INFO rally.task.runner [-] Task fde1171c-0049-4058-a831-edd7b6018519 | ITER: 39 END: OK
2018-02-16 00:53:47.318 8533 INFO rally.task.runner [-] Task fde1171c-0049-4058-a831-edd7b6018519 | ITER: 44 START
2018-02-16 00:53:54.649 8541 INFO rally.task.runner [-] Task fde1171c-0049-4058-a831-edd7b6018519 | ITER: 40 END: OK
2018-02-16 00:53:54.653 8541 INFO rally.task.runner [-] Task fde1171c-0049-4058-a831-edd7b6018519 | ITER: 45 START
2018-02-16 00:54:00.384 8537 INFO rally.task.runner [-] Task fde1171c-0049-4058-a831-edd7b6018519 | ITER: 41 END: OK
2018-02-16 00:54:00.388 8537 INFO rally.task.runner [-] Task fde1171c-0049-4058-a831-edd7b6018519 | ITER: 46 START
2018-02-16 00:54:01.241 8534 INFO rally.task.runner [-] Task fde1171c-0049-4058-a831-edd7b6018519 | ITER: 42 END: OK
2018-02-16 00:54:01.245 8534 INFO rally.task.runner [-] Task fde1171c-0049-4058-a831-edd7b6018519 | ITER: 47 START
2018-02-16 00:54:14.060 8535 INFO rally.task.runner [-] Task fde1171c-0049-4058-a831-edd7b6018519 | ITER: 43 END: OK
2018-02-16 00:54:14.064 8535 INFO rally.task.runner [-] Task fde1171c-0049-4058-a831-edd7b6018519 | ITER: 48 START
2018-02-16 00:54:22.759 8533 INFO rally.task.runner [-] Task fde1171c-0049-4058-a831-edd7b6018519 | ITER: 44 END: OK
2018-02-16 00:54:22.762 8533 INFO rally.task.runner [-] Task fde1171c-0049-4058-a831-edd7b6018519 | ITER: 49 START
2018-02-16 00:54:27.737 8541 INFO rally.task.runner [-] Task fde1171c-0049-4058-a831-edd7b6018519 | ITER: 45 END: OK
2018-02-16 00:54:27.742 8541 INFO rally.task.runner [-] Task fde1171c-0049-4058-a831-edd7b6018519 | ITER: 50 START
2018-02-16 00:54:37.645 8537 INFO rally.task.runner [-] Task fde1171c-0049-4058-a831-edd7b6018519 | ITER: 46 END: OK
2018-02-16 00:54:37.649 8537 INFO rally.task.runner [-] Task fde1171c-0049-4058-a831-edd7b6018519 | ITER: 51 START
2018-02-16 00:54:40.901 8534 INFO rally.task.runner [-] Task fde1171c-0049-4058-a831-edd7b6018519 | ITER: 47 END: OK
2018-02-16 00:54:40.904 8534 INFO rally.task.runner [-] Task fde1171c-0049-4058-a831-edd7b6018519 | ITER: 52 START
2018-02-16 00:54:49.339 8535 INFO rally.task.runner [-] Task fde1171c-0049-4058-a831-edd7b6018519 | ITER: 48 END: OK
2018-02-16 00:54:49.343 8535 INFO rally.task.runner [-] Task fde1171c-0049-4058-a831-edd7b6018519 | ITER: 53 START
2018-02-16 00:54:59.728 8533 INFO rally.task.runner [-] Task fde1171c-0049-4058-a831-edd7b6018519 | ITER: 49 END: OK
2018-02-16 00:54:59.731 8533 INFO rally.task.runner [-] Task fde1171c-0049-4058-a831-edd7b6018519 | ITER: 54 START
2018-02-16 00:55:00.685 8541 INFO rally.task.runner [-] Task fde1171c-0049-4058-a831-edd7b6018519 | ITER: 50 END: OK
2018-02-16 00:55:00.688 8541 INFO rally.task.runner [-] Task fde1171c-0049-4058-a831-edd7b6018519 | ITER: 55 START
2018-02-16 00:55:14.827 8537 INFO rally.task.runner [-] Task fde1171c-0049-4058-a831-edd7b6018519 | ITER: 51 END: OK
2018-02-16 00:55:14.831 8537 INFO rally.task.runner [-] Task fde1171c-0049-4058-a831-edd7b6018519 | ITER: 56 START
2018-02-16 00:55:18.291 8534 INFO rally.task.runner [-] Task fde1171c-0049-4058-a831-edd7b6018519 | ITER: 52 END: OK
2018-02-16 00:55:18.294 8534 INFO rally.task.runner [-] Task fde1171c-0049-4058-a831-edd7b6018519 | ITER: 57 START
2018-02-16 00:55:26.314 8535 INFO rally.task.runner [-] Task fde1171c-0049-4058-a831-edd7b6018519 | ITER: 53 END: OK
2018-02-16 00:55:26.318 8535 INFO rally.task.runner [-] Task fde1171c-0049-4058-a831-edd7b6018519 | ITER: 58 START
2018-02-16 00:55:34.671 8533 INFO rally.task.runner [-] Task fde1171c-0049-4058-a831-edd7b6018519 | ITER: 54 END: OK
2018-02-16 00:55:34.675 8533 INFO rally.task.runner [-] Task fde1171c-0049-4058-a831-edd7b6018519 | ITER: 59 START
2018-02-16 00:55:37.801 8541 INFO rally.task.runner [-] Task fde1171c-0049-4058-a831-edd7b6018519 | ITER: 55 END: OK
2018-02-16 00:55:37.805 8541 INFO rally.task.runner [-] Task fde1171c-0049-4058-a831-edd7b6018519 | ITER: 60 START
2018-02-16 00:55:52.238 8537 INFO rally.task.runner [-] Task fde1171c-0049-4058-a831-edd7b6018519 | ITER: 56 END: OK
2018-02-16 00:55:52.241 8537 INFO rally.task.runner [-] Task fde1171c-0049-4058-a831-edd7b6018519 | ITER: 61 START
2018-02-16 00:55:53.273 8534 INFO rally.task.runner [-] Task fde1171c-0049-4058-a831-edd7b6018519 | ITER: 57 END: OK
2018-02-16 00:55:53.276 8534 INFO rally.task.runner [-] Task fde1171c-0049-4058-a831-edd7b6018519 | ITER: 62 START
2018-02-16 00:56:01.655 8535 INFO rally.task.runner [-] Task fde1171c-0049-4058-a831-edd7b6018519 | ITER: 58 END: OK
2018-02-16 00:56:01.658 8535 INFO rally.task.runner [-] Task fde1171c-0049-4058-a831-edd7b6018519 | ITER: 63 START
2018-02-16 00:56:11.319 8533 INFO rally.task.runner [-] Task fde1171c-0049-4058-a831-edd7b6018519 | ITER: 59 END: OK
2018-02-16 00:56:11.322 8533 INFO rally.task.runner [-] Task fde1171c-0049-4058-a831-edd7b6018519 | ITER: 64 START
2018-02-16 00:56:15.356 8541 INFO rally.task.runner [-] Task fde1171c-0049-4058-a831-edd7b6018519 | ITER: 60 END: OK
2018-02-16 00:56:15.360 8541 INFO rally.task.runner [-] Task fde1171c-0049-4058-a831-edd7b6018519 | ITER: 65 START
2018-02-16 00:56:29.702 8537 INFO rally.task.runner [-] Task fde1171c-0049-4058-a831-edd7b6018519 | ITER: 61 END: OK
2018-02-16 00:56:29.705 8537 INFO rally.task.runner [-] Task fde1171c-0049-4058-a831-edd7b6018519 | ITER: 66 START
2018-02-16 00:56:32.906 8534 INFO rally.task.runner [-] Task fde1171c-0049-4058-a831-edd7b6018519 | ITER: 62 END: OK
2018-02-16 00:56:32.910 8534 INFO rally.task.runner [-] Task fde1171c-0049-4058-a831-edd7b6018519 | ITER: 67 START
2018-02-16 00:56:41.120 8535 INFO rally.task.runner [-] Task fde1171c-0049-4058-a831-edd7b6018519 | ITER: 63 END: OK
2018-02-16 00:56:41.124 8535 INFO rally.task.runner [-] Task fde1171c-0049-4058-a831-edd7b6018519 | ITER: 68 START
2018-02-16 00:56:46.681 8533 INFO rally.task.runner [-] Task fde1171c-0049-4058-a831-edd7b6018519 | ITER: 64 END: OK
2018-02-16 00:56:46.685 8533 INFO rally.task.runner [-] Task fde1171c-0049-4058-a831-edd7b6018519 | ITER: 69 START
2018-02-16 00:56:50.598 8541 INFO rally.task.runner [-] Task fde1171c-0049-4058-a831-edd7b6018519 | ITER: 65 END: OK
2018-02-16 00:56:50.602 8541 INFO rally.task.runner [-] Task fde1171c-0049-4058-a831-edd7b6018519 | ITER: 70 START
2018-02-16 00:57:04.976 8537 INFO rally.task.runner [-] Task fde1171c-0049-4058-a831-edd7b6018519 | ITER: 66 END: OK
2018-02-16 00:57:04.980 8537 INFO rally.task.runner [-] Task fde1171c-0049-4058-a831-edd7b6018519 | ITER: 71 START
2018-02-16 00:57:07.942 8534 INFO rally.task.runner [-] Task fde1171c-0049-4058-a831-edd7b6018519 | ITER: 67 END: OK
2018-02-16 00:57:07.946 8534 INFO rally.task.runner [-] Task fde1171c-0049-4058-a831-edd7b6018519 | ITER: 72 START
2018-02-16 00:57:16.012 8535 INFO rally.task.runner [-] Task fde1171c-0049-4058-a831-edd7b6018519 | ITER: 68 END: OK
2018-02-16 00:57:16.015 8535 INFO rally.task.runner [-] Task fde1171c-0049-4058-a831-edd7b6018519 | ITER: 73 START
2018-02-16 00:57:24.268 8533 INFO rally.task.runner [-] Task fde1171c-0049-4058-a831-edd7b6018519 | ITER: 69 END: OK
2018-02-16 00:57:24.271 8533 INFO rally.task.runner [-] Task fde1171c-0049-4058-a831-edd7b6018519 | ITER: 74 START
2018-02-16 00:57:25.994 8541 INFO rally.task.runner [-] Task fde1171c-0049-4058-a831-edd7b6018519 | ITER: 70 END: OK
2018-02-16 00:57:25.998 8541 INFO rally.task.runner [-] Task fde1171c-0049-4058-a831-edd7b6018519 | ITER: 75 START
2018-02-16 00:57:42.252 8537 INFO rally.task.runner [-] Task fde1171c-0049-4058-a831-edd7b6018519 | ITER: 71 END: OK
2018-02-16 00:57:42.255 8537 INFO rally.task.runner [-] Task fde1171c-0049-4058-a831-edd7b6018519 | ITER: 76 START
2018-02-16 00:57:42.931 8534 INFO rally.task.runner [-] Task fde1171c-0049-4058-a831-edd7b6018519 | ITER: 72 END: OK
2018-02-16 00:57:42.935 8534 INFO rally.task.runner [-] Task fde1171c-0049-4058-a831-edd7b6018519 | ITER: 77 START
2018-02-16 00:57:51.145 8535 INFO rally.task.runner [-] Task fde1171c-0049-4058-a831-edd7b6018519 | ITER: 73 END: OK
2018-02-16 00:57:51.149 8535 INFO rally.task.runner [-] Task fde1171c-0049-4058-a831-edd7b6018519 | ITER: 78 START
2018-02-16 00:58:03.787 8541 INFO rally.task.runner [-] Task fde1171c-0049-4058-a831-edd7b6018519 | ITER: 75 END: OK
2018-02-16 00:58:03.790 8541 INFO rally.task.runner [-] Task fde1171c-0049-4058-a831-edd7b6018519 | ITER: 79 START
2018-02-16 00:58:04.965 8533 INFO rally.task.runner [-] Task fde1171c-0049-4058-a831-edd7b6018519 | ITER: 74 END: OK
2018-02-16 00:58:04.968 8533 INFO rally.task.runner [-] Task fde1171c-0049-4058-a831-edd7b6018519 | ITER: 80 START
2018-02-16 00:58:21.126 8537 INFO rally.task.runner [-] Task fde1171c-0049-4058-a831-edd7b6018519 | ITER: 76 END: OK
2018-02-16 00:58:21.130 8537 INFO rally.task.runner [-] Task fde1171c-0049-4058-a831-edd7b6018519 | ITER: 81 START
2018-02-16 00:58:23.965 8534 INFO rally.task.runner [-] Task fde1171c-0049-4058-a831-edd7b6018519 | ITER: 77 END: OK
2018-02-16 00:58:23.969 8534 INFO rally.task.runner [-] Task fde1171c-0049-4058-a831-edd7b6018519 | ITER: 82 START
2018-02-16 00:58:26.832 8535 INFO rally.task.runner [-] Task fde1171c-0049-4058-a831-edd7b6018519 | ITER: 78 END: OK
2018-02-16 00:58:26.836 8535 INFO rally.task.runner [-] Task fde1171c-0049-4058-a831-edd7b6018519 | ITER: 83 START
2018-02-16 00:58:43.941 8541 INFO rally.task.runner [-] Task fde1171c-0049-4058-a831-edd7b6018519 | ITER: 79 END: OK
2018-02-16 00:58:43.944 8541 INFO rally.task.runner [-] Task fde1171c-0049-4058-a831-edd7b6018519 | ITER: 84 START
2018-02-16 00:58:44.045 8533 INFO rally.task.runner [-] Task fde1171c-0049-4058-a831-edd7b6018519 | ITER: 80 END: OK
2018-02-16 00:58:44.048 8533 INFO rally.task.runner [-] Task fde1171c-0049-4058-a831-edd7b6018519 | ITER: 85 START
2018-02-16 00:59:00.691 8537 INFO rally.task.runner [-] Task fde1171c-0049-4058-a831-edd7b6018519 | ITER: 81 END: OK
2018-02-16 00:59:00.695 8537 INFO rally.task.runner [-] Task fde1171c-0049-4058-a831-edd7b6018519 | ITER: 86 START
2018-02-16 00:59:04.366 8535 INFO rally.task.runner [-] Task fde1171c-0049-4058-a831-edd7b6018519 | ITER: 83 END: OK
2018-02-16 00:59:04.369 8535 INFO rally.task.runner [-] Task fde1171c-0049-4058-a831-edd7b6018519 | ITER: 87 START
2018-02-16 00:59:06.072 8534 INFO rally.task.runner [-] Task fde1171c-0049-4058-a831-edd7b6018519 | ITER: 82 END: OK
2018-02-16 00:59:06.076 8534 INFO rally.task.runner [-] Task fde1171c-0049-4058-a831-edd7b6018519 | ITER: 88 START
2018-02-16 00:59:23.031 8541 INFO rally.task.runner [-] Task fde1171c-0049-4058-a831-edd7b6018519 | ITER: 84 END: OK
2018-02-16 00:59:23.036 8541 INFO rally.task.runner [-] Task fde1171c-0049-4058-a831-edd7b6018519 | ITER: 89 START
2018-02-16 00:59:23.302 8533 INFO rally.task.runner [-] Task fde1171c-0049-4058-a831-edd7b6018519 | ITER: 85 END: OK
2018-02-16 00:59:23.305 8533 INFO rally.task.runner [-] Task fde1171c-0049-4058-a831-edd7b6018519 | ITER: 90 START
2018-02-16 00:59:40.802 8537 INFO rally.task.runner [-] Task fde1171c-0049-4058-a831-edd7b6018519 | ITER: 86 END: OK
2018-02-16 00:59:40.805 8537 INFO rally.task.runner [-] Task fde1171c-0049-4058-a831-edd7b6018519 | ITER: 91 START
2018-02-16 00:59:43.556 8535 INFO rally.task.runner [-] Task fde1171c-0049-4058-a831-edd7b6018519 | ITER: 87 END: OK
2018-02-16 00:59:43.559 8535 INFO rally.task.runner [-] Task fde1171c-0049-4058-a831-edd7b6018519 | ITER: 92 START
2018-02-16 00:59:45.390 8534 INFO rally.task.runner [-] Task fde1171c-0049-4058-a831-edd7b6018519 | ITER: 88 END: OK
2018-02-16 00:59:45.393 8534 INFO rally.task.runner [-] Task fde1171c-0049-4058-a831-edd7b6018519 | ITER: 93 START
2018-02-16 01:00:02.441 8533 INFO rally.task.runner [-] Task fde1171c-0049-4058-a831-edd7b6018519 | ITER: 90 END: OK
2018-02-16 01:00:02.445 8533 INFO rally.task.runner [-] Task fde1171c-0049-4058-a831-edd7b6018519 | ITER: 94 START
2018-02-16 01:00:02.611 8541 INFO rally.task.runner [-] Task fde1171c-0049-4058-a831-edd7b6018519 | ITER: 89 END: OK
2018-02-16 01:00:02.614 8541 INFO rally.task.runner [-] Task fde1171c-0049-4058-a831-edd7b6018519 | ITER: 95 START
2018-02-16 01:00:20.426 8537 INFO rally.task.runner [-] Task fde1171c-0049-4058-a831-edd7b6018519 | ITER: 91 END: OK
2018-02-16 01:00:20.430 8537 INFO rally.task.runner [-] Task fde1171c-0049-4058-a831-edd7b6018519 | ITER: 96 START
2018-02-16 01:00:24.579 8534 INFO rally.task.runner [-] Task fde1171c-0049-4058-a831-edd7b6018519 | ITER: 93 END: OK
2018-02-16 01:00:24.583 8534 INFO rally.task.runner [-] Task fde1171c-0049-4058-a831-edd7b6018519 | ITER: 97 START
2018-02-16 01:00:25.159 8535 INFO rally.task.runner [-] Task fde1171c-0049-4058-a831-edd7b6018519 | ITER: 92 END: OK
2018-02-16 01:00:25.163 8535 INFO rally.task.runner [-] Task fde1171c-0049-4058-a831-edd7b6018519 | ITER: 98 START
2018-02-16 01:00:41.698 8533 INFO rally.task.runner [-] Task fde1171c-0049-4058-a831-edd7b6018519 | ITER: 94 END: OK
2018-02-16 01:00:41.701 8533 INFO rally.task.runner [-] Task fde1171c-0049-4058-a831-edd7b6018519 | ITER: 99 START
2018-02-16 01:00:41.859 8541 INFO rally.task.runner [-] Task fde1171c-0049-4058-a831-edd7b6018519 | ITER: 95 END: OK
2018-02-16 01:00:41.862 8541 INFO rally.task.runner [-] Task fde1171c-0049-4058-a831-edd7b6018519 | ITER: 100 START
2018-02-16 01:00:59.743 8537 INFO rally.task.runner [-] Task fde1171c-0049-4058-a831-edd7b6018519 | ITER: 96 END: OK
2018-02-16 01:01:02.249 8534 INFO rally.task.runner [-] Task fde1171c-0049-4058-a831-edd7b6018519 | ITER: 97 END: OK
2018-02-16 01:01:04.564 8535 INFO rally.task.runner [-] Task fde1171c-0049-4058-a831-edd7b6018519 | ITER: 98 END: OK
2018-02-16 01:01:19.082 8533 INFO rally.task.runner [-] Task fde1171c-0049-4058-a831-edd7b6018519 | ITER: 99 END: OK
2018-02-16 01:01:19.204 8541 INFO rally.task.runner [-] Task fde1171c-0049-4058-a831-edd7b6018519 | ITER: 100 END: OK
2018-02-16 01:01:19.233 8405 INFO rally.task.context [-] Task fde1171c-0049-4058-a831-edd7b6018519 | Context cleanup@openstack cleanup() started
2018-02-16 01:01:21.541 8405 INFO rally.task.context [-] Task fde1171c-0049-4058-a831-edd7b6018519 | Context cleanup@openstack cleanup() finished in 2.31 sec
2018-02-16 01:01:21.541 8405 INFO rally.task.context [-] Task fde1171c-0049-4058-a831-edd7b6018519 | Context users@openstack cleanup() started
2018-02-16 01:01:26.225 8405 INFO rally.task.context [-] Task fde1171c-0049-4058-a831-edd7b6018519 | Context users@openstack cleanup() finished in 4.68 sec
2018-02-16 01:01:27.072 8405 INFO rally.task.engine [-] Load duration is: 820.966872
2018-02-16 01:01:27.072 8405 INFO rally.task.engine [-] Full runner duration is: 822.015593
2018-02-16 01:01:27.072 8405 INFO rally.task.engine [-] Full duration is: 833.593379
2018-02-16 01:01:27.213 8405 INFO rally.task.engine [-] Task fde1171c-0049-4058-a831-edd7b6018519 | Completed: Running task.

--------------------------------------------------------------------------------
Task fde1171c-0049-4058-a831-edd7b6018519: finished
--------------------------------------------------------------------------------

test scenario NovaServers.boot_and_migrate_server
args position 0
args values:
{
  "runner": {
    "times": 100, 
    "concurrency": 5
  }, 
  "contexts": {
    "users": {
      "tenants": 1, 
      "users_per_tenant": 1
    }
  }, 
  "args": {
    "flavor": {
      "name": "m1.large"
    }, 
    "image": {
      "name": "CentOS 7"
    }
  }, 
  "sla": {
    "failure_rate": {
      "max": 0
    }
  }, 
  "hooks": []
}

--------------------------------------------------------------------------------
Task fde1171c-0049-4058-a831-edd7b6018519 has 0 error(s)
--------------------------------------------------------------------------------

+------------------------------------------------------------------------------------------------------------------------+
|                                                  Response Times (sec)                                                  |
+---------------------+-----------+--------------+--------------+--------------+-----------+-----------+---------+-------+
| Action              | Min (sec) | Median (sec) | 90%ile (sec) | 95%ile (sec) | Max (sec) | Avg (sec) | Success | Count |
+---------------------+-----------+--------------+--------------+--------------+-----------+-----------+---------+-------+
| nova.boot_server    | 10.845    | 15.479       | 28.574       | 29.773       | 33.248    | 17.371    | 100.0%  | 100   |
| nova.migrate        | 16.72     | 17.413       | 19.361       | 19.455       | 20.046    | 17.982    | 100.0%  | 100   |
| nova.resize_confirm | 2.357     | 2.427        | 2.654        | 4.5          | 4.769     | 2.583     | 100.0%  | 100   |
| nova.delete_server  | 2.329     | 2.39         | 2.82         | 4.594        | 6.889     | 2.646     | 100.0%  | 100   |
| total               | 32.942    | 39.249       | 50.463       | 52.475       | 55.473    | 40.582    | 100.0%  | 100   |
|  -> duration        | 31.942    | 38.249       | 49.463       | 51.475       | 54.473    | 39.582    | 100.0%  | 100   |
|  -> idle_duration   | 1.0       | 1.0          | 1.0          | 1.0          | 1.0       | 1.0       | 100.0%  | 100   |
+---------------------+-----------+--------------+--------------+--------------+-----------+-----------+---------+-------+

Load duration: 820.966872
Full duration: 833.593379

HINTS:
* To plot HTML graphics with this data, run:
	rally task report fde1171c-0049-4058-a831-edd7b6018519 --out output.html

* To generate a JUnit report, run:
	rally task export fde1171c-0049-4058-a831-edd7b6018519 --type junit --to output.xml

* To get raw JSON output of task results, run:
	rally task report fde1171c-0049-4058-a831-edd7b6018519 --json --out output.json

--------------------------------------------------------------------------------
Preparing input task
--------------------------------------------------------------------------------

Task is:
{
    "NovaServers.boot_and_delete_server": [
        {
            "args": {
                "flavor": {
                    "name": "m1.medium"
                },
                "image": {
                    "name": "Ubuntu 16.04"
                },
                "force_delete": false
            },
            "runner": {
                "type": "constant",
                "times": 200,
                "concurrency": 10
            },
            "context": {
                "users": {
                    "tenants": 3,
                    "users_per_tenant": 5
                }
            },
            "sla": {
                "failure_rate": {
                    "max": 0
                }
            }
        },
        {
            "args": {
                "flavor": {
                    "name": "m1.medium"
                },
                "image": {
                    "name": "Ubuntu 16.04"
                },
                "auto_assign_nic": true
            },
            "runner": {
                "type": "constant",
                "times": 200,
                "concurrency": 10
            },
            "context": {
                "users": {
                    "tenants": 3,
                    "users_per_tenant": 5
                },
                "network": {
                    "start_cidr": "192.168.74.0/24",
                    "networks_per_tenant": 2
                }
            },
            "sla": {
                "failure_rate": {
                    "max": 0
                }
            }
        }
    ]
}

Task syntax is correct :)
Running Rally version 0.10.1~dev119
--------------------------------------------------------------------------------
Task  f0fc9a79-cbd0-4b90-b105-b83950f5af41: started
--------------------------------------------------------------------------------

Running Task... This can take a while...

To track task status use:

	rally task status
	or
	rally task detailed

Using task: f0fc9a79-cbd0-4b90-b105-b83950f5af41
2018-02-16 01:01:29.090 8761 INFO rally.task.engine [-] Task f0fc9a79-cbd0-4b90-b105-b83950f5af41 | Starting:  Task validation.
2018-02-16 01:01:29.097 8761 INFO rally.task.engine [-] Task f0fc9a79-cbd0-4b90-b105-b83950f5af41 | Starting:  Task validation of syntax.
2018-02-16 01:01:29.116 8761 INFO rally.task.engine [-] Task f0fc9a79-cbd0-4b90-b105-b83950f5af41 | Completed: Task validation of syntax.
2018-02-16 01:01:29.117 8761 INFO rally.task.engine [-] Task f0fc9a79-cbd0-4b90-b105-b83950f5af41 | Starting:  Task validation of required platforms.
2018-02-16 01:01:29.126 8761 INFO rally.task.engine [-] Task f0fc9a79-cbd0-4b90-b105-b83950f5af41 | Completed: Task validation of required platforms.
2018-02-16 01:01:29.126 8761 INFO rally.task.engine [-] Task f0fc9a79-cbd0-4b90-b105-b83950f5af41 | Starting:  Task validation of semantic.
2018-02-16 01:01:33.969 8761 INFO rally.task.context [-] Task f0fc9a79-cbd0-4b90-b105-b83950f5af41 | Context users@openstack setup()  finished in 3.93 sec
2018-02-16 01:01:37.176 8761 INFO rally.task.context [-] Task f0fc9a79-cbd0-4b90-b105-b83950f5af41 | Context users@openstack cleanup() started
2018-02-16 01:01:41.899 8761 INFO rally.task.context [-] Task f0fc9a79-cbd0-4b90-b105-b83950f5af41 | Context users@openstack cleanup() finished in 4.72 sec
2018-02-16 01:01:41.900 8761 INFO rally.task.engine [-] Task f0fc9a79-cbd0-4b90-b105-b83950f5af41 | Completed: Task validation of semantic.
2018-02-16 01:01:41.900 8761 INFO rally.task.engine [-] Task f0fc9a79-cbd0-4b90-b105-b83950f5af41 | Completed: Task validation.
2018-02-16 01:01:41.900 8761 INFO rally.api [-] Task f0fc9a79-cbd0-4b90-b105-b83950f5af41 input file is valid.
2018-02-16 01:01:41.901 8761 INFO rally.api [-] Run Task f0fc9a79-cbd0-4b90-b105-b83950f5af41 against Deployment b3d93970-2899-4826-8e45-0761b050b3a5
2018-02-16 01:01:41.901 8761 INFO rally.task.engine [-] Task f0fc9a79-cbd0-4b90-b105-b83950f5af41 | Starting:  Running task.
2018-02-16 01:01:41.946 8761 INFO rally.task.engine [-] Running workload: 
  position = 0
  config = {
   "version": 2, 
   "title": "A cropped version of a bigger task.", 
   "description": "Auto-generated task from a single workload (uuid=0dd81cf5-5c73-4116-8df2-b5d585de6f25)", 
   "subtasks": [
      {
         "title": "NovaServers.boot_and_delete_server", 
         "description": "Boot and delete a server.", 
         "scenario": {
            "NovaServers.boot_and_delete_server": {
               "flavor": {
                  "name": "m1.medium"
               }, 
               "image": {
                  "name": "Ubuntu 16.04"
               }, 
               "force_delete": false
            }
         }, 
         "contexts": {
            "users": {
               "tenants": 3, 
               "users_per_tenant": 5
            }
         }, 
         "runner": {
            "constant": {
               "times": 200, 
               "concurrency": 10
            }
         }, 
         "hooks": [], 
         "sla": {
            "failure_rate": {
               "max": 0
            }
         }
      }
   ]
}
2018-02-16 01:01:46.318 8761 INFO rally.task.context [-] Task f0fc9a79-cbd0-4b90-b105-b83950f5af41 | Context users@openstack setup()  finished in 4.34 sec
2018-02-16 01:01:46.319 8761 INFO rally.task.context [-] Task f0fc9a79-cbd0-4b90-b105-b83950f5af41 | Context cleanup@openstack setup()  finished in 0.06 msec
2018-02-16 01:01:47.303 8889 INFO rally.task.runner [-] Task f0fc9a79-cbd0-4b90-b105-b83950f5af41 | ITER: 1 START
2018-02-16 01:01:47.308 8891 INFO rally.task.runner [-] Task f0fc9a79-cbd0-4b90-b105-b83950f5af41 | ITER: 2 START
2018-02-16 01:01:47.310 8892 INFO rally.task.runner [-] Task f0fc9a79-cbd0-4b90-b105-b83950f5af41 | ITER: 3 START
2018-02-16 01:01:47.319 8894 INFO rally.task.runner [-] Task f0fc9a79-cbd0-4b90-b105-b83950f5af41 | ITER: 5 START
2018-02-16 01:01:47.320 8896 INFO rally.task.runner [-] Task f0fc9a79-cbd0-4b90-b105-b83950f5af41 | ITER: 7 START
2018-02-16 01:01:47.322 8890 INFO rally.task.runner [-] Task f0fc9a79-cbd0-4b90-b105-b83950f5af41 | ITER: 4 START
2018-02-16 01:01:47.322 8899 INFO rally.task.runner [-] Task f0fc9a79-cbd0-4b90-b105-b83950f5af41 | ITER: 6 START
2018-02-16 01:01:47.323 8903 INFO rally.task.runner [-] Task f0fc9a79-cbd0-4b90-b105-b83950f5af41 | ITER: 8 START
2018-02-16 01:01:47.326 8907 INFO rally.task.runner [-] Task f0fc9a79-cbd0-4b90-b105-b83950f5af41 | ITER: 9 START
2018-02-16 01:01:47.328 8910 INFO rally.task.runner [-] Task f0fc9a79-cbd0-4b90-b105-b83950f5af41 | ITER: 10 START
2018-02-16 01:02:50.510 8910 INFO rally.task.runner [-] Task f0fc9a79-cbd0-4b90-b105-b83950f5af41 | ITER: 10 END: OK
2018-02-16 01:02:50.518 8910 INFO rally.task.runner [-] Task f0fc9a79-cbd0-4b90-b105-b83950f5af41 | ITER: 11 START
2018-02-16 01:02:51.526 8899 INFO rally.task.runner [-] Task f0fc9a79-cbd0-4b90-b105-b83950f5af41 | ITER: 6 END: OK
2018-02-16 01:02:51.537 8899 INFO rally.task.runner [-] Task f0fc9a79-cbd0-4b90-b105-b83950f5af41 | ITER: 12 START
2018-02-16 01:02:52.626 8891 INFO rally.task.runner [-] Task f0fc9a79-cbd0-4b90-b105-b83950f5af41 | ITER: 2 END: OK
2018-02-16 01:02:52.634 8891 INFO rally.task.runner [-] Task f0fc9a79-cbd0-4b90-b105-b83950f5af41 | ITER: 13 START
2018-02-16 01:02:54.746 8894 INFO rally.task.runner [-] Task f0fc9a79-cbd0-4b90-b105-b83950f5af41 | ITER: 5 END: OK
2018-02-16 01:02:54.754 8894 INFO rally.task.runner [-] Task f0fc9a79-cbd0-4b90-b105-b83950f5af41 | ITER: 14 START
2018-02-16 01:02:54.957 8889 INFO rally.task.runner [-] Task f0fc9a79-cbd0-4b90-b105-b83950f5af41 | ITER: 1 END: OK
2018-02-16 01:02:54.965 8889 INFO rally.task.runner [-] Task f0fc9a79-cbd0-4b90-b105-b83950f5af41 | ITER: 15 START
2018-02-16 01:02:55.034 8907 INFO rally.task.runner [-] Task f0fc9a79-cbd0-4b90-b105-b83950f5af41 | ITER: 9 END: OK
2018-02-16 01:02:55.043 8907 INFO rally.task.runner [-] Task f0fc9a79-cbd0-4b90-b105-b83950f5af41 | ITER: 16 START
2018-02-16 01:02:56.920 8896 INFO rally.task.runner [-] Task f0fc9a79-cbd0-4b90-b105-b83950f5af41 | ITER: 7 END: OK
2018-02-16 01:02:56.928 8896 INFO rally.task.runner [-] Task f0fc9a79-cbd0-4b90-b105-b83950f5af41 | ITER: 17 START
2018-02-16 01:02:56.966 8903 INFO rally.task.runner [-] Task f0fc9a79-cbd0-4b90-b105-b83950f5af41 | ITER: 8 END: OK
2018-02-16 01:02:56.968 8892 INFO rally.task.runner [-] Task f0fc9a79-cbd0-4b90-b105-b83950f5af41 | ITER: 3 END: OK
2018-02-16 01:02:56.975 8903 INFO rally.task.runner [-] Task f0fc9a79-cbd0-4b90-b105-b83950f5af41 | ITER: 18 START
2018-02-16 01:02:56.975 8892 INFO rally.task.runner [-] Task f0fc9a79-cbd0-4b90-b105-b83950f5af41 | ITER: 19 START
2018-02-16 01:02:57.100 8890 INFO rally.task.runner [-] Task f0fc9a79-cbd0-4b90-b105-b83950f5af41 | ITER: 4 END: OK
2018-02-16 01:02:57.110 8890 INFO rally.task.runner [-] Task f0fc9a79-cbd0-4b90-b105-b83950f5af41 | ITER: 20 START
2018-02-16 01:03:30.509 8910 INFO rally.task.runner [-] Task f0fc9a79-cbd0-4b90-b105-b83950f5af41 | ITER: 11 END: OK
2018-02-16 01:03:30.515 8910 INFO rally.task.runner [-] Task f0fc9a79-cbd0-4b90-b105-b83950f5af41 | ITER: 21 START
2018-02-16 01:03:56.426 8899 INFO rally.task.runner [-] Task f0fc9a79-cbd0-4b90-b105-b83950f5af41 | ITER: 12 END: OK
2018-02-16 01:03:56.434 8899 INFO rally.task.runner [-] Task f0fc9a79-cbd0-4b90-b105-b83950f5af41 | ITER: 22 START
2018-02-16 01:03:57.228 8891 INFO rally.task.runner [-] Task f0fc9a79-cbd0-4b90-b105-b83950f5af41 | ITER: 13 END: OK
2018-02-16 01:03:57.234 8891 INFO rally.task.runner [-] Task f0fc9a79-cbd0-4b90-b105-b83950f5af41 | ITER: 23 START
2018-02-16 01:03:57.452 8889 INFO rally.task.runner [-] Task f0fc9a79-cbd0-4b90-b105-b83950f5af41 | ITER: 15 END: OK
2018-02-16 01:03:57.458 8889 INFO rally.task.runner [-] Task f0fc9a79-cbd0-4b90-b105-b83950f5af41 | ITER: 24 START
2018-02-16 01:03:58.871 8903 INFO rally.task.runner [-] Task f0fc9a79-cbd0-4b90-b105-b83950f5af41 | ITER: 18 END: OK
2018-02-16 01:03:58.877 8903 INFO rally.task.runner [-] Task f0fc9a79-cbd0-4b90-b105-b83950f5af41 | ITER: 25 START
2018-02-16 01:03:59.096 8907 INFO rally.task.runner [-] Task f0fc9a79-cbd0-4b90-b105-b83950f5af41 | ITER: 16 END: OK
2018-02-16 01:03:59.103 8907 INFO rally.task.runner [-] Task f0fc9a79-cbd0-4b90-b105-b83950f5af41 | ITER: 26 START
2018-02-16 01:03:59.145 8896 INFO rally.task.runner [-] Task f0fc9a79-cbd0-4b90-b105-b83950f5af41 | ITER: 17 END: OK
2018-02-16 01:03:59.151 8896 INFO rally.task.runner [-] Task f0fc9a79-cbd0-4b90-b105-b83950f5af41 | ITER: 27 START
2018-02-16 01:03:59.440 8890 INFO rally.task.runner [-] Task f0fc9a79-cbd0-4b90-b105-b83950f5af41 | ITER: 20 END: OK
2018-02-16 01:03:59.446 8890 INFO rally.task.runner [-] Task f0fc9a79-cbd0-4b90-b105-b83950f5af41 | ITER: 28 START
2018-02-16 01:03:59.660 8894 INFO rally.task.runner [-] Task f0fc9a79-cbd0-4b90-b105-b83950f5af41 | ITER: 14 END: OK
2018-02-16 01:03:59.666 8894 INFO rally.task.runner [-] Task f0fc9a79-cbd0-4b90-b105-b83950f5af41 | ITER: 29 START
2018-02-16 01:04:00.695 8892 INFO rally.task.runner [-] Task f0fc9a79-cbd0-4b90-b105-b83950f5af41 | ITER: 19 END: OK
2018-02-16 01:04:00.701 8892 INFO rally.task.runner [-] Task f0fc9a79-cbd0-4b90-b105-b83950f5af41 | ITER: 30 START
2018-02-16 01:04:12.211 8910 INFO rally.task.runner [-] Task f0fc9a79-cbd0-4b90-b105-b83950f5af41 | ITER: 21 END: OK
2018-02-16 01:04:12.217 8910 INFO rally.task.runner [-] Task f0fc9a79-cbd0-4b90-b105-b83950f5af41 | ITER: 31 START
2018-02-16 01:04:53.348 8899 INFO rally.task.runner [-] Task f0fc9a79-cbd0-4b90-b105-b83950f5af41 | ITER: 22 END: OK
2018-02-16 01:04:53.355 8899 INFO rally.task.runner [-] Task f0fc9a79-cbd0-4b90-b105-b83950f5af41 | ITER: 32 START
2018-02-16 01:04:59.172 8889 INFO rally.task.runner [-] Task f0fc9a79-cbd0-4b90-b105-b83950f5af41 | ITER: 24 END: OK
2018-02-16 01:04:59.178 8889 INFO rally.task.runner [-] Task f0fc9a79-cbd0-4b90-b105-b83950f5af41 | ITER: 33 START
2018-02-16 01:05:02.005 8892 INFO rally.task.runner [-] Task f0fc9a79-cbd0-4b90-b105-b83950f5af41 | ITER: 30 END: OK
2018-02-16 01:05:02.011 8892 INFO rally.task.runner [-] Task f0fc9a79-cbd0-4b90-b105-b83950f5af41 | ITER: 34 START
2018-02-16 01:05:02.818 8890 INFO rally.task.runner [-] Task f0fc9a79-cbd0-4b90-b105-b83950f5af41 | ITER: 28 END: OK
2018-02-16 01:05:02.824 8890 INFO rally.task.runner [-] Task f0fc9a79-cbd0-4b90-b105-b83950f5af41 | ITER: 35 START
2018-02-16 01:05:03.194 8894 INFO rally.task.runner [-] Task f0fc9a79-cbd0-4b90-b105-b83950f5af41 | ITER: 29 END: OK
2018-02-16 01:05:03.201 8894 INFO rally.task.runner [-] Task f0fc9a79-cbd0-4b90-b105-b83950f5af41 | ITER: 36 START
2018-02-16 01:05:04.349 8896 INFO rally.task.runner [-] Task f0fc9a79-cbd0-4b90-b105-b83950f5af41 | ITER: 27 END: OK
2018-02-16 01:05:04.355 8896 INFO rally.task.runner [-] Task f0fc9a79-cbd0-4b90-b105-b83950f5af41 | ITER: 37 START
2018-02-16 01:05:04.391 8903 INFO rally.task.runner [-] Task f0fc9a79-cbd0-4b90-b105-b83950f5af41 | ITER: 25 END: OK
2018-02-16 01:05:04.398 8903 INFO rally.task.runner [-] Task f0fc9a79-cbd0-4b90-b105-b83950f5af41 | ITER: 38 START
2018-02-16 01:05:04.472 8907 INFO rally.task.runner [-] Task f0fc9a79-cbd0-4b90-b105-b83950f5af41 | ITER: 26 END: OK
2018-02-16 01:05:04.479 8907 INFO rally.task.runner [-] Task f0fc9a79-cbd0-4b90-b105-b83950f5af41 | ITER: 39 START
2018-02-16 01:05:04.585 8891 INFO rally.task.runner [-] Task f0fc9a79-cbd0-4b90-b105-b83950f5af41 | ITER: 23 END: OK
2018-02-16 01:05:04.593 8891 INFO rally.task.runner [-] Task f0fc9a79-cbd0-4b90-b105-b83950f5af41 | ITER: 40 START
2018-02-16 01:05:06.588 8910 INFO rally.task.runner [-] Task f0fc9a79-cbd0-4b90-b105-b83950f5af41 | ITER: 31 END: OK
2018-02-16 01:05:06.594 8910 INFO rally.task.runner [-] Task f0fc9a79-cbd0-4b90-b105-b83950f5af41 | ITER: 41 START
2018-02-16 01:05:24.509 8899 INFO rally.task.runner [-] Task f0fc9a79-cbd0-4b90-b105-b83950f5af41 | ITER: 32 END: OK
2018-02-16 01:05:24.518 8899 INFO rally.task.runner [-] Task f0fc9a79-cbd0-4b90-b105-b83950f5af41 | ITER: 42 START
2018-02-16 01:06:02.995 8889 INFO rally.task.runner [-] Task f0fc9a79-cbd0-4b90-b105-b83950f5af41 | ITER: 33 END: OK
2018-02-16 01:06:03.004 8889 INFO rally.task.runner [-] Task f0fc9a79-cbd0-4b90-b105-b83950f5af41 | ITER: 43 START
2018-02-16 01:06:05.489 8892 INFO rally.task.runner [-] Task f0fc9a79-cbd0-4b90-b105-b83950f5af41 | ITER: 34 END: OK
2018-02-16 01:06:05.496 8892 INFO rally.task.runner [-] Task f0fc9a79-cbd0-4b90-b105-b83950f5af41 | ITER: 44 START
2018-02-16 01:06:06.239 8890 INFO rally.task.runner [-] Task f0fc9a79-cbd0-4b90-b105-b83950f5af41 | ITER: 35 END: OK
2018-02-16 01:06:06.246 8890 INFO rally.task.runner [-] Task f0fc9a79-cbd0-4b90-b105-b83950f5af41 | ITER: 45 START
2018-02-16 01:06:06.483 8894 INFO rally.task.runner [-] Task f0fc9a79-cbd0-4b90-b105-b83950f5af41 | ITER: 36 END: OK
2018-02-16 01:06:06.490 8894 INFO rally.task.runner [-] Task f0fc9a79-cbd0-4b90-b105-b83950f5af41 | ITER: 46 START
2018-02-16 01:06:07.491 8907 INFO rally.task.runner [-] Task f0fc9a79-cbd0-4b90-b105-b83950f5af41 | ITER: 39 END: OK
2018-02-16 01:06:07.498 8907 INFO rally.task.runner [-] Task f0fc9a79-cbd0-4b90-b105-b83950f5af41 | ITER: 47 START
2018-02-16 01:06:07.558 8891 INFO rally.task.runner [-] Task f0fc9a79-cbd0-4b90-b105-b83950f5af41 | ITER: 40 END: OK
2018-02-16 01:06:07.564 8891 INFO rally.task.runner [-] Task f0fc9a79-cbd0-4b90-b105-b83950f5af41 | ITER: 48 START
2018-02-16 01:06:07.822 8903 INFO rally.task.runner [-] Task f0fc9a79-cbd0-4b90-b105-b83950f5af41 | ITER: 38 END: OK
2018-02-16 01:06:07.829 8903 INFO rally.task.runner [-] Task f0fc9a79-cbd0-4b90-b105-b83950f5af41 | ITER: 49 START
2018-02-16 01:06:07.882 8910 INFO rally.task.runner [-] Task f0fc9a79-cbd0-4b90-b105-b83950f5af41 | ITER: 41 END: OK
2018-02-16 01:06:07.888 8910 INFO rally.task.runner [-] Task f0fc9a79-cbd0-4b90-b105-b83950f5af41 | ITER: 50 START
2018-02-16 01:06:09.623 8896 INFO rally.task.runner [-] Task f0fc9a79-cbd0-4b90-b105-b83950f5af41 | ITER: 37 END: OK
2018-02-16 01:06:09.630 8896 INFO rally.task.runner [-] Task f0fc9a79-cbd0-4b90-b105-b83950f5af41 | ITER: 51 START
2018-02-16 01:06:17.599 8899 INFO rally.task.runner [-] Task f0fc9a79-cbd0-4b90-b105-b83950f5af41 | ITER: 42 END: OK
2018-02-16 01:06:17.605 8899 INFO rally.task.runner [-] Task f0fc9a79-cbd0-4b90-b105-b83950f5af41 | ITER: 52 START
2018-02-16 01:06:49.014 8889 INFO rally.task.runner [-] Task f0fc9a79-cbd0-4b90-b105-b83950f5af41 | ITER: 43 END: OK
2018-02-16 01:06:49.021 8889 INFO rally.task.runner [-] Task f0fc9a79-cbd0-4b90-b105-b83950f5af41 | ITER: 53 START
2018-02-16 01:07:09.138 8892 INFO rally.task.runner [-] Task f0fc9a79-cbd0-4b90-b105-b83950f5af41 | ITER: 44 END: OK
2018-02-16 01:07:09.144 8892 INFO rally.task.runner [-] Task f0fc9a79-cbd0-4b90-b105-b83950f5af41 | ITER: 54 START
2018-02-16 01:07:09.868 8890 INFO rally.task.runner [-] Task f0fc9a79-cbd0-4b90-b105-b83950f5af41 | ITER: 45 END: OK
2018-02-16 01:07:09.876 8890 INFO rally.task.runner [-] Task f0fc9a79-cbd0-4b90-b105-b83950f5af41 | ITER: 55 START
2018-02-16 01:07:10.349 8894 INFO rally.task.runner [-] Task f0fc9a79-cbd0-4b90-b105-b83950f5af41 | ITER: 46 END: OK
2018-02-16 01:07:10.355 8894 INFO rally.task.runner [-] Task f0fc9a79-cbd0-4b90-b105-b83950f5af41 | ITER: 56 START
2018-02-16 01:07:11.141 8903 INFO rally.task.runner [-] Task f0fc9a79-cbd0-4b90-b105-b83950f5af41 | ITER: 49 END: OK
2018-02-16 01:07:11.148 8903 INFO rally.task.runner [-] Task f0fc9a79-cbd0-4b90-b105-b83950f5af41 | ITER: 57 START
2018-02-16 01:07:11.210 8891 INFO rally.task.runner [-] Task f0fc9a79-cbd0-4b90-b105-b83950f5af41 | ITER: 48 END: OK
2018-02-16 01:07:11.216 8891 INFO rally.task.runner [-] Task f0fc9a79-cbd0-4b90-b105-b83950f5af41 | ITER: 58 START
2018-02-16 01:07:12.041 8910 INFO rally.task.runner [-] Task f0fc9a79-cbd0-4b90-b105-b83950f5af41 | ITER: 50 END: OK
2018-02-16 01:07:12.047 8910 INFO rally.task.runner [-] Task f0fc9a79-cbd0-4b90-b105-b83950f5af41 | ITER: 59 START
2018-02-16 01:07:13.055 8896 INFO rally.task.runner [-] Task f0fc9a79-cbd0-4b90-b105-b83950f5af41 | ITER: 51 END: OK
2018-02-16 01:07:13.061 8896 INFO rally.task.runner [-] Task f0fc9a79-cbd0-4b90-b105-b83950f5af41 | ITER: 60 START
2018-02-16 01:07:13.076 8907 INFO rally.task.runner [-] Task f0fc9a79-cbd0-4b90-b105-b83950f5af41 | ITER: 47 END: OK
2018-02-16 01:07:13.082 8907 INFO rally.task.runner [-] Task f0fc9a79-cbd0-4b90-b105-b83950f5af41 | ITER: 61 START
2018-02-16 01:07:18.606 8899 INFO rally.task.runner [-] Task f0fc9a79-cbd0-4b90-b105-b83950f5af41 | ITER: 52 END: OK
2018-02-16 01:07:18.613 8899 INFO rally.task.runner [-] Task f0fc9a79-cbd0-4b90-b105-b83950f5af41 | ITER: 62 START
2018-02-16 01:07:26.357 8889 INFO rally.task.runner [-] Task f0fc9a79-cbd0-4b90-b105-b83950f5af41 | ITER: 53 END: OK
2018-02-16 01:07:26.363 8889 INFO rally.task.runner [-] Task f0fc9a79-cbd0-4b90-b105-b83950f5af41 | ITER: 63 START
2018-02-16 01:08:08.641 8892 INFO rally.task.runner [-] Task f0fc9a79-cbd0-4b90-b105-b83950f5af41 | ITER: 54 END: OK
2018-02-16 01:08:08.647 8892 INFO rally.task.runner [-] Task f0fc9a79-cbd0-4b90-b105-b83950f5af41 | ITER: 64 START
2018-02-16 01:08:11.766 8890 INFO rally.task.runner [-] Task f0fc9a79-cbd0-4b90-b105-b83950f5af41 | ITER: 55 END: OK
2018-02-16 01:08:11.773 8890 INFO rally.task.runner [-] Task f0fc9a79-cbd0-4b90-b105-b83950f5af41 | ITER: 65 START
2018-02-16 01:08:12.082 8894 INFO rally.task.runner [-] Task f0fc9a79-cbd0-4b90-b105-b83950f5af41 | ITER: 56 END: OK
2018-02-16 01:08:12.089 8894 INFO rally.task.runner [-] Task f0fc9a79-cbd0-4b90-b105-b83950f5af41 | ITER: 66 START
2018-02-16 01:08:12.898 8891 INFO rally.task.runner [-] Task f0fc9a79-cbd0-4b90-b105-b83950f5af41 | ITER: 58 END: OK
2018-02-16 01:08:12.904 8891 INFO rally.task.runner [-] Task f0fc9a79-cbd0-4b90-b105-b83950f5af41 | ITER: 67 START
2018-02-16 01:08:12.929 8903 INFO rally.task.runner [-] Task f0fc9a79-cbd0-4b90-b105-b83950f5af41 | ITER: 57 END: OK
2018-02-16 01:08:12.934 8903 INFO rally.task.runner [-] Task f0fc9a79-cbd0-4b90-b105-b83950f5af41 | ITER: 68 START
2018-02-16 01:08:14.488 8907 INFO rally.task.runner [-] Task f0fc9a79-cbd0-4b90-b105-b83950f5af41 | ITER: 61 END: OK
2018-02-16 01:08:14.494 8907 INFO rally.task.runner [-] Task f0fc9a79-cbd0-4b90-b105-b83950f5af41 | ITER: 69 START
2018-02-16 01:08:18.004 8910 INFO rally.task.runner [-] Task f0fc9a79-cbd0-4b90-b105-b83950f5af41 | ITER: 59 END: OK
2018-02-16 01:08:18.009 8910 INFO rally.task.runner [-] Task f0fc9a79-cbd0-4b90-b105-b83950f5af41 | ITER: 70 START
2018-02-16 01:08:18.704 8899 INFO rally.task.runner [-] Task f0fc9a79-cbd0-4b90-b105-b83950f5af41 | ITER: 62 END: OK
2018-02-16 01:08:18.712 8899 INFO rally.task.runner [-] Task f0fc9a79-cbd0-4b90-b105-b83950f5af41 | ITER: 71 START
2018-02-16 01:08:21.465 8896 INFO rally.task.runner [-] Task f0fc9a79-cbd0-4b90-b105-b83950f5af41 | ITER: 60 END: OK
2018-02-16 01:08:21.471 8896 INFO rally.task.runner [-] Task f0fc9a79-cbd0-4b90-b105-b83950f5af41 | ITER: 72 START
2018-02-16 01:08:21.564 8889 INFO rally.task.runner [-] Task f0fc9a79-cbd0-4b90-b105-b83950f5af41 | ITER: 63 END: OK
2018-02-16 01:08:21.571 8889 INFO rally.task.runner [-] Task f0fc9a79-cbd0-4b90-b105-b83950f5af41 | ITER: 73 START
2018-02-16 01:08:57.417 8892 INFO rally.task.runner [-] Task f0fc9a79-cbd0-4b90-b105-b83950f5af41 | ITER: 64 END: OK
2018-02-16 01:08:57.427 8892 INFO rally.task.runner [-] Task f0fc9a79-cbd0-4b90-b105-b83950f5af41 | ITER: 74 START
2018-02-16 01:09:15.355 8890 INFO rally.task.runner [-] Task f0fc9a79-cbd0-4b90-b105-b83950f5af41 | ITER: 65 END: OK
2018-02-16 01:09:15.362 8890 INFO rally.task.runner [-] Task f0fc9a79-cbd0-4b90-b105-b83950f5af41 | ITER: 75 START
2018-02-16 01:09:16.449 8891 INFO rally.task.runner [-] Task f0fc9a79-cbd0-4b90-b105-b83950f5af41 | ITER: 67 END: OK
2018-02-16 01:09:16.455 8891 INFO rally.task.runner [-] Task f0fc9a79-cbd0-4b90-b105-b83950f5af41 | ITER: 76 START
2018-02-16 01:09:17.597 8903 INFO rally.task.runner [-] Task f0fc9a79-cbd0-4b90-b105-b83950f5af41 | ITER: 68 END: OK
2018-02-16 01:09:17.603 8903 INFO rally.task.runner [-] Task f0fc9a79-cbd0-4b90-b105-b83950f5af41 | ITER: 77 START
2018-02-16 01:09:17.800 8907 INFO rally.task.runner [-] Task f0fc9a79-cbd0-4b90-b105-b83950f5af41 | ITER: 69 END: OK
2018-02-16 01:09:17.806 8907 INFO rally.task.runner [-] Task f0fc9a79-cbd0-4b90-b105-b83950f5af41 | ITER: 78 START
2018-02-16 01:09:18.232 8894 INFO rally.task.runner [-] Task f0fc9a79-cbd0-4b90-b105-b83950f5af41 | ITER: 66 END: OK
2018-02-16 01:09:18.240 8894 INFO rally.task.runner [-] Task f0fc9a79-cbd0-4b90-b105-b83950f5af41 | ITER: 79 START
2018-02-16 01:09:22.824 8889 INFO rally.task.runner [-] Task f0fc9a79-cbd0-4b90-b105-b83950f5af41 | ITER: 73 END: OK
2018-02-16 01:09:22.830 8889 INFO rally.task.runner [-] Task f0fc9a79-cbd0-4b90-b105-b83950f5af41 | ITER: 80 START
2018-02-16 01:09:23.213 8896 INFO rally.task.runner [-] Task f0fc9a79-cbd0-4b90-b105-b83950f5af41 | ITER: 72 END: OK
2018-02-16 01:09:23.220 8896 INFO rally.task.runner [-] Task f0fc9a79-cbd0-4b90-b105-b83950f5af41 | ITER: 81 START
2018-02-16 01:09:24.991 8910 INFO rally.task.runner [-] Task f0fc9a79-cbd0-4b90-b105-b83950f5af41 | ITER: 70 END: OK
2018-02-16 01:09:24.998 8910 INFO rally.task.runner [-] Task f0fc9a79-cbd0-4b90-b105-b83950f5af41 | ITER: 82 START
2018-02-16 01:09:25.334 8899 INFO rally.task.runner [-] Task f0fc9a79-cbd0-4b90-b105-b83950f5af41 | ITER: 71 END: OK
2018-02-16 01:09:25.341 8899 INFO rally.task.runner [-] Task f0fc9a79-cbd0-4b90-b105-b83950f5af41 | ITER: 83 START
2018-02-16 01:09:32.737 8892 INFO rally.task.runner [-] Task f0fc9a79-cbd0-4b90-b105-b83950f5af41 | ITER: 74 END: OK
2018-02-16 01:09:32.743 8892 INFO rally.task.runner [-] Task f0fc9a79-cbd0-4b90-b105-b83950f5af41 | ITER: 84 START
2018-02-16 01:10:16.737 8890 INFO rally.task.runner [-] Task f0fc9a79-cbd0-4b90-b105-b83950f5af41 | ITER: 75 END: OK
2018-02-16 01:10:16.744 8890 INFO rally.task.runner [-] Task f0fc9a79-cbd0-4b90-b105-b83950f5af41 | ITER: 85 START
2018-02-16 01:10:19.904 8891 INFO rally.task.runner [-] Task f0fc9a79-cbd0-4b90-b105-b83950f5af41 | ITER: 76 END: OK
2018-02-16 01:10:19.910 8891 INFO rally.task.runner [-] Task f0fc9a79-cbd0-4b90-b105-b83950f5af41 | ITER: 86 START
2018-02-16 01:10:21.010 8903 INFO rally.task.runner [-] Task f0fc9a79-cbd0-4b90-b105-b83950f5af41 | ITER: 77 END: OK
2018-02-16 01:10:21.016 8903 INFO rally.task.runner [-] Task f0fc9a79-cbd0-4b90-b105-b83950f5af41 | ITER: 87 START
2018-02-16 01:10:21.309 8907 INFO rally.task.runner [-] Task f0fc9a79-cbd0-4b90-b105-b83950f5af41 | ITER: 78 END: OK
2018-02-16 01:10:21.315 8907 INFO rally.task.runner [-] Task f0fc9a79-cbd0-4b90-b105-b83950f5af41 | ITER: 88 START
2018-02-16 01:10:22.012 8894 INFO rally.task.runner [-] Task f0fc9a79-cbd0-4b90-b105-b83950f5af41 | ITER: 79 END: OK
2018-02-16 01:10:22.018 8894 INFO rally.task.runner [-] Task f0fc9a79-cbd0-4b90-b105-b83950f5af41 | ITER: 89 START
2018-02-16 01:10:26.254 8889 INFO rally.task.runner [-] Task f0fc9a79-cbd0-4b90-b105-b83950f5af41 | ITER: 80 END: OK
2018-02-16 01:10:26.261 8889 INFO rally.task.runner [-] Task f0fc9a79-cbd0-4b90-b105-b83950f5af41 | ITER: 90 START
2018-02-16 01:10:26.393 8896 INFO rally.task.runner [-] Task f0fc9a79-cbd0-4b90-b105-b83950f5af41 | ITER: 81 END: OK
2018-02-16 01:10:26.399 8896 INFO rally.task.runner [-] Task f0fc9a79-cbd0-4b90-b105-b83950f5af41 | ITER: 91 START
2018-02-16 01:10:29.774 8892 INFO rally.task.runner [-] Task f0fc9a79-cbd0-4b90-b105-b83950f5af41 | ITER: 84 END: OK
2018-02-16 01:10:29.780 8892 INFO rally.task.runner [-] Task f0fc9a79-cbd0-4b90-b105-b83950f5af41 | ITER: 92 START
2018-02-16 01:10:30.647 8910 INFO rally.task.runner [-] Task f0fc9a79-cbd0-4b90-b105-b83950f5af41 | ITER: 82 END: OK
2018-02-16 01:10:30.653 8910 INFO rally.task.runner [-] Task f0fc9a79-cbd0-4b90-b105-b83950f5af41 | ITER: 93 START
2018-02-16 01:10:30.861 8899 INFO rally.task.runner [-] Task f0fc9a79-cbd0-4b90-b105-b83950f5af41 | ITER: 83 END: OK
2018-02-16 01:10:30.868 8899 INFO rally.task.runner [-] Task f0fc9a79-cbd0-4b90-b105-b83950f5af41 | ITER: 94 START
2018-02-16 01:11:00.657 8890 INFO rally.task.runner [-] Task f0fc9a79-cbd0-4b90-b105-b83950f5af41 | ITER: 85 END: OK
2018-02-16 01:11:00.662 8890 INFO rally.task.runner [-] Task f0fc9a79-cbd0-4b90-b105-b83950f5af41 | ITER: 95 START
2018-02-16 01:11:20.820 8891 INFO rally.task.runner [-] Task f0fc9a79-cbd0-4b90-b105-b83950f5af41 | ITER: 86 END: OK
2018-02-16 01:11:20.827 8891 INFO rally.task.runner [-] Task f0fc9a79-cbd0-4b90-b105-b83950f5af41 | ITER: 96 START
2018-02-16 01:11:24.455 8903 INFO rally.task.runner [-] Task f0fc9a79-cbd0-4b90-b105-b83950f5af41 | ITER: 87 END: OK
2018-02-16 01:11:24.462 8903 INFO rally.task.runner [-] Task f0fc9a79-cbd0-4b90-b105-b83950f5af41 | ITER: 97 START
2018-02-16 01:11:24.901 8907 INFO rally.task.runner [-] Task f0fc9a79-cbd0-4b90-b105-b83950f5af41 | ITER: 88 END: OK
2018-02-16 01:11:24.906 8907 INFO rally.task.runner [-] Task f0fc9a79-cbd0-4b90-b105-b83950f5af41 | ITER: 98 START
2018-02-16 01:11:25.267 8894 INFO rally.task.runner [-] Task f0fc9a79-cbd0-4b90-b105-b83950f5af41 | ITER: 89 END: OK
2018-02-16 01:11:25.273 8894 INFO rally.task.runner [-] Task f0fc9a79-cbd0-4b90-b105-b83950f5af41 | ITER: 99 START
2018-02-16 01:11:29.401 8889 INFO rally.task.runner [-] Task f0fc9a79-cbd0-4b90-b105-b83950f5af41 | ITER: 90 END: OK
2018-02-16 01:11:29.406 8889 INFO rally.task.runner [-] Task f0fc9a79-cbd0-4b90-b105-b83950f5af41 | ITER: 100 START
2018-02-16 01:11:29.435 8899 INFO rally.task.runner [-] Task f0fc9a79-cbd0-4b90-b105-b83950f5af41 | ITER: 94 END: OK
2018-02-16 01:11:29.443 8899 INFO rally.task.runner [-] Task f0fc9a79-cbd0-4b90-b105-b83950f5af41 | ITER: 101 START
2018-02-16 01:11:29.664 8896 INFO rally.task.runner [-] Task f0fc9a79-cbd0-4b90-b105-b83950f5af41 | ITER: 91 END: OK
2018-02-16 01:11:29.671 8896 INFO rally.task.runner [-] Task f0fc9a79-cbd0-4b90-b105-b83950f5af41 | ITER: 102 START
2018-02-16 01:11:33.698 8892 INFO rally.task.runner [-] Task f0fc9a79-cbd0-4b90-b105-b83950f5af41 | ITER: 92 END: OK
2018-02-16 01:11:33.706 8892 INFO rally.task.runner [-] Task f0fc9a79-cbd0-4b90-b105-b83950f5af41 | ITER: 103 START
2018-02-16 01:11:33.715 8910 INFO rally.task.runner [-] Task f0fc9a79-cbd0-4b90-b105-b83950f5af41 | ITER: 93 END: OK
2018-02-16 01:11:33.720 8910 INFO rally.task.runner [-] Task f0fc9a79-cbd0-4b90-b105-b83950f5af41 | ITER: 104 START
2018-02-16 01:11:44.660 8890 INFO rally.task.runner [-] Task f0fc9a79-cbd0-4b90-b105-b83950f5af41 | ITER: 95 END: OK
2018-02-16 01:11:44.665 8890 INFO rally.task.runner [-] Task f0fc9a79-cbd0-4b90-b105-b83950f5af41 | ITER: 105 START
2018-02-16 01:12:17.683 8891 INFO rally.task.runner [-] Task f0fc9a79-cbd0-4b90-b105-b83950f5af41 | ITER: 96 END: OK
2018-02-16 01:12:17.688 8891 INFO rally.task.runner [-] Task f0fc9a79-cbd0-4b90-b105-b83950f5af41 | ITER: 106 START
2018-02-16 01:12:28.096 8903 INFO rally.task.runner [-] Task f0fc9a79-cbd0-4b90-b105-b83950f5af41 | ITER: 97 END: OK
2018-02-16 01:12:28.102 8903 INFO rally.task.runner [-] Task f0fc9a79-cbd0-4b90-b105-b83950f5af41 | ITER: 107 START
2018-02-16 01:12:28.392 8907 INFO rally.task.runner [-] Task f0fc9a79-cbd0-4b90-b105-b83950f5af41 | ITER: 98 END: OK
2018-02-16 01:12:28.399 8907 INFO rally.task.runner [-] Task f0fc9a79-cbd0-4b90-b105-b83950f5af41 | ITER: 108 START
2018-02-16 01:12:29.068 8894 INFO rally.task.runner [-] Task f0fc9a79-cbd0-4b90-b105-b83950f5af41 | ITER: 99 END: OK
