2018-06-28 22:22:51.343 21302 INFO rally.task.runner [-] Task 510f3127-60e1-484c-917d-7af7487d2305 | ITER: 178 END: OK
2018-06-28 22:22:51.349 21302 INFO rally.task.runner [-] Task 510f3127-60e1-484c-917d-7af7487d2305 | ITER: 188 START
2018-06-28 22:22:57.626 21303 INFO rally.task.runner [-] Task 510f3127-60e1-484c-917d-7af7487d2305 | ITER: 179 END: OK
2018-06-28 22:22:57.633 21303 INFO rally.task.runner [-] Task 510f3127-60e1-484c-917d-7af7487d2305 | ITER: 189 START
2018-06-28 22:23:00.951 21320 INFO rally.task.runner [-] Task 510f3127-60e1-484c-917d-7af7487d2305 | ITER: 180 END: OK
2018-06-28 22:23:00.958 21320 INFO rally.task.runner [-] Task 510f3127-60e1-484c-917d-7af7487d2305 | ITER: 190 START
2018-06-28 22:23:13.543 21311 INFO rally.task.runner [-] Task 510f3127-60e1-484c-917d-7af7487d2305 | ITER: 182 END: OK
2018-06-28 22:23:13.549 21311 INFO rally.task.runner [-] Task 510f3127-60e1-484c-917d-7af7487d2305 | ITER: 191 START
2018-06-28 22:23:15.100 21321 INFO rally.task.runner [-] Task 510f3127-60e1-484c-917d-7af7487d2305 | ITER: 181 END: OK
2018-06-28 22:23:15.106 21321 INFO rally.task.runner [-] Task 510f3127-60e1-484c-917d-7af7487d2305 | ITER: 192 START
2018-06-28 22:23:23.243 21306 INFO rally.task.runner [-] Task 510f3127-60e1-484c-917d-7af7487d2305 | ITER: 183 END: OK
2018-06-28 22:23:23.250 21306 INFO rally.task.runner [-] Task 510f3127-60e1-484c-917d-7af7487d2305 | ITER: 193 START
2018-06-28 22:23:24.183 21314 INFO rally.task.runner [-] Task 510f3127-60e1-484c-917d-7af7487d2305 | ITER: 184 END: OK
2018-06-28 22:23:24.188 21314 INFO rally.task.runner [-] Task 510f3127-60e1-484c-917d-7af7487d2305 | ITER: 194 START
2018-06-28 22:23:28.342 21304 INFO rally.task.runner [-] Task 510f3127-60e1-484c-917d-7af7487d2305 | ITER: 185 END: OK
2018-06-28 22:23:28.349 21304 INFO rally.task.runner [-] Task 510f3127-60e1-484c-917d-7af7487d2305 | ITER: 195 START
2018-06-28 22:23:30.115 21305 INFO rally.task.runner [-] Task 510f3127-60e1-484c-917d-7af7487d2305 | ITER: 186 END: OK
2018-06-28 22:23:30.121 21305 INFO rally.task.runner [-] Task 510f3127-60e1-484c-917d-7af7487d2305 | ITER: 196 START
2018-06-28 22:23:45.434 21316 INFO rally.task.runner [-] Task 510f3127-60e1-484c-917d-7af7487d2305 | ITER: 187 END: OK
2018-06-28 22:23:45.441 21316 INFO rally.task.runner [-] Task 510f3127-60e1-484c-917d-7af7487d2305 | ITER: 197 START
2018-06-28 22:23:55.285 21302 INFO rally.task.runner [-] Task 510f3127-60e1-484c-917d-7af7487d2305 | ITER: 188 END: OK
2018-06-28 22:23:55.291 21302 INFO rally.task.runner [-] Task 510f3127-60e1-484c-917d-7af7487d2305 | ITER: 198 START
2018-06-28 22:23:57.343 21303 INFO rally.task.runner [-] Task 510f3127-60e1-484c-917d-7af7487d2305 | ITER: 189 END: OK
2018-06-28 22:23:57.350 21303 INFO rally.task.runner [-] Task 510f3127-60e1-484c-917d-7af7487d2305 | ITER: 199 START
2018-06-28 22:24:04.614 21320 INFO rally.task.runner [-] Task 510f3127-60e1-484c-917d-7af7487d2305 | ITER: 190 END: OK
2018-06-28 22:24:04.621 21320 INFO rally.task.runner [-] Task 510f3127-60e1-484c-917d-7af7487d2305 | ITER: 200 START
2018-06-28 22:24:17.476 21311 INFO rally.task.runner [-] Task 510f3127-60e1-484c-917d-7af7487d2305 | ITER: 191 END: OK
2018-06-28 22:24:21.287 21321 INFO rally.task.runner [-] Task 510f3127-60e1-484c-917d-7af7487d2305 | ITER: 192 END: OK
2018-06-28 22:24:27.264 21306 INFO rally.task.runner [-] Task 510f3127-60e1-484c-917d-7af7487d2305 | ITER: 193 END: OK
2018-06-28 22:24:27.759 21314 INFO rally.task.runner [-] Task 510f3127-60e1-484c-917d-7af7487d2305 | ITER: 194 END: OK
2018-06-28 22:24:29.352 21304 INFO rally.task.runner [-] Task 510f3127-60e1-484c-917d-7af7487d2305 | ITER: 195 END: OK
2018-06-28 22:24:29.386 21305 INFO rally.task.runner [-] Task 510f3127-60e1-484c-917d-7af7487d2305 | ITER: 196 END: OK
2018-06-28 22:24:35.585 21316 INFO rally.task.runner [-] Task 510f3127-60e1-484c-917d-7af7487d2305 | ITER: 197 END: OK
2018-06-28 22:24:41.318 21320 INFO rally.task.runner [-] Task 510f3127-60e1-484c-917d-7af7487d2305 | ITER: 200 END: OK
2018-06-28 22:24:43.232 21303 INFO rally.task.runner [-] Task 510f3127-60e1-484c-917d-7af7487d2305 | ITER: 199 END: OK
2018-06-28 22:24:43.306 21302 INFO rally.task.runner [-] Task 510f3127-60e1-484c-917d-7af7487d2305 | ITER: 198 END: OK
2018-06-28 22:24:43.338 20358 INFO rally.task.context [-] Task 510f3127-60e1-484c-917d-7af7487d2305 | Context cleanup@openstack cleanup() started
2018-06-28 22:24:54.651 20358 INFO rally.task.context [-] Task 510f3127-60e1-484c-917d-7af7487d2305 | Context cleanup@openstack cleanup() finished in 11.31 sec
2018-06-28 22:24:54.652 20358 INFO rally.task.context [-] Task 510f3127-60e1-484c-917d-7af7487d2305 | Context network@openstack cleanup() started
2018-06-28 22:25:47.406 20358 INFO rally.task.context [-] Task 510f3127-60e1-484c-917d-7af7487d2305 | Context network@openstack cleanup() finished in 52.75 sec
2018-06-28 22:25:47.407 20358 INFO rally.task.context [-] Task 510f3127-60e1-484c-917d-7af7487d2305 | Context users@openstack cleanup() started
2018-06-28 22:25:52.678 20358 INFO rally.task.context [-] Task 510f3127-60e1-484c-917d-7af7487d2305 | Context users@openstack cleanup() finished in 5.27 sec
2018-06-28 22:25:52.916 20358 INFO rally.task.engine [-] Load duration is: 1311.345893
2018-06-28 22:25:52.917 20358 INFO rally.task.engine [-] Full runner duration is: 1312.402284
2018-06-28 22:25:52.917 20358 INFO rally.task.engine [-] Full duration is: 1413.413014
2018-06-28 22:25:53.076 20358 INFO rally.task.engine [-] Task 510f3127-60e1-484c-917d-7af7487d2305 | Completed: Running task.

--------------------------------------------------------------------------------
Task 510f3127-60e1-484c-917d-7af7487d2305: finished
--------------------------------------------------------------------------------

test scenario NovaServers.boot_and_delete_server
args position 0
args values:
{
  "runner": {
    "times": 200, 
    "concurrency": 10
  }, 
  "contexts": {
    "users": {
      "tenants": 3, 
      "users_per_tenant": 5
    }
  }, 
  "args": {
    "flavor": {
      "name": "m1.medium"
    }, 
    "image": {
      "name": "Ubuntu 16.04"
    }, 
    "force_delete": false
  }, 
  "sla": {
    "failure_rate": {
      "max": 0
    }
  }, 
  "hooks": []
}

--------------------------------------------------------------------------------
Task 510f3127-60e1-484c-917d-7af7487d2305 has 0 error(s)
--------------------------------------------------------------------------------

+-----------------------------------------------------------------------------------------------------------------------+
|                                                 Response Times (sec)                                                  |
+--------------------+-----------+--------------+--------------+--------------+-----------+-----------+---------+-------+
| Action             | Min (sec) | Median (sec) | 90%ile (sec) | 95%ile (sec) | Max (sec) | Avg (sec) | Success | Count |
+--------------------+-----------+--------------+--------------+--------------+-----------+-----------+---------+-------+
| nova.boot_server   | 22.665    | 51.975       | 61.416       | 68.521       | 91.616    | 52.103    | 100.0%  | 200   |
| nova.delete_server | 2.489     | 11.696       | 16.03        | 16.325       | 18.887    | 11.758    | 100.0%  | 200   |
| total              | 31.955    | 63.811       | 69.042       | 75.494       | 103.109   | 63.862    | 100.0%  | 200   |
|  -> duration       | 30.955    | 62.811       | 68.042       | 74.494       | 102.109   | 62.862    | 100.0%  | 200   |
|  -> idle_duration  | 1.0       | 1.0          | 1.0          | 1.0          | 1.0       | 1.0       | 100.0%  | 200   |
+--------------------+-----------+--------------+--------------+--------------+-----------+-----------+---------+-------+

Load duration: 1290.707258
Full duration: 1312.010796
--------------------------------------------------------------------------------

test scenario NovaServers.boot_and_delete_server
args position 0
args values:
{
  "runner": {
    "times": 200, 
    "concurrency": 10
  }, 
  "contexts": {
    "users": {
      "tenants": 3, 
      "users_per_tenant": 5
    }, 
    "network": {
      "start_cidr": "192.168.74.0/24", 
      "networks_per_tenant": 2
    }
  }, 
  "args": {
    "flavor": {
      "name": "m1.medium"
    }, 
    "image": {
      "name": "Ubuntu 16.04"
    }, 
    "auto_assign_nic": true
  }, 
  "sla": {
    "failure_rate": {
      "max": 0
    }
  }, 
  "hooks": []
}

--------------------------------------------------------------------------------
Task 510f3127-60e1-484c-917d-7af7487d2305 has 0 error(s)
--------------------------------------------------------------------------------

+-----------------------------------------------------------------------------------------------------------------------+
|                                                 Response Times (sec)                                                  |
+--------------------+-----------+--------------+--------------+--------------+-----------+-----------+---------+-------+
| Action             | Min (sec) | Median (sec) | 90%ile (sec) | 95%ile (sec) | Max (sec) | Avg (sec) | Success | Count |
+--------------------+-----------+--------------+--------------+--------------+-----------+-----------+---------+-------+
| nova.boot_server   | 22.989    | 52.155       | 65.816       | 75.331       | 84.77     | 53.344    | 100.0%  | 200   |
| nova.delete_server | 2.451     | 13.662       | 16.023       | 16.184       | 20.848    | 11.679    | 100.0%  | 200   |
| total              | 36.696    | 64.278       | 72.976       | 79.887       | 93.823    | 65.024    | 100.0%  | 200   |
|  -> duration       | 35.696    | 63.278       | 71.976       | 78.887       | 92.823    | 64.024    | 100.0%  | 200   |
|  -> idle_duration  | 1.0       | 1.0          | 1.0          | 1.0          | 1.0       | 1.0       | 100.0%  | 200   |
+--------------------+-----------+--------------+--------------+--------------+-----------+-----------+---------+-------+

Load duration: 1311.345893
Full duration: 1413.413014

HINTS:
* To plot HTML graphics with this data, run:
	rally task report 510f3127-60e1-484c-917d-7af7487d2305 --out output.html

* To generate a JUnit report, run:
	rally task export 510f3127-60e1-484c-917d-7af7487d2305 --type junit --to output.xml

* To get raw JSON output of task results, run:
	rally task report 510f3127-60e1-484c-917d-7af7487d2305 --json --out output.json

--------------------------------------------------------------------------------
Preparing input task
--------------------------------------------------------------------------------

Task is:
{
    "NeutronNetworks.create_and_delete_ports": [
        {
            "args": {
                "network_create_args": {},
                "port_create_args": {},
                "ports_per_network": 10
            },
            "runner": {
                "type": "constant",
                "times": 20,
                "concurrency": 10
            },
            "context": {
                "network": {},
                "users": {
                    "tenants": 3,
                    "users_per_tenant": 3
                },
                "quotas": {
                    "neutron": {
                        "network": -1,
                        "port": -1
                    }
                }
            },
            "sla": {
                "failure_rate": {
                    "max": 0
                }
            }
        }
    ]
}

Task syntax is correct :)
Running Rally version 0.10.1~dev119
--------------------------------------------------------------------------------
Task  842e3f52-baad-408d-abdb-9744bd405031: started
--------------------------------------------------------------------------------

Running Task... This can take a while...

To track task status use:

	rally task status
	or
	rally task detailed

Using task: 842e3f52-baad-408d-abdb-9744bd405031
2018-06-28 22:25:55.052 21648 INFO rally.task.engine [-] Task 842e3f52-baad-408d-abdb-9744bd405031 | Starting:  Task validation.
2018-06-28 22:25:55.058 21648 INFO rally.task.engine [-] Task 842e3f52-baad-408d-abdb-9744bd405031 | Starting:  Task validation of syntax.
2018-06-28 22:25:55.072 21648 INFO rally.task.engine [-] Task 842e3f52-baad-408d-abdb-9744bd405031 | Completed: Task validation of syntax.
2018-06-28 22:25:55.072 21648 INFO rally.task.engine [-] Task 842e3f52-baad-408d-abdb-9744bd405031 | Starting:  Task validation of required platforms.
2018-06-28 22:25:55.077 21648 INFO rally.task.engine [-] Task 842e3f52-baad-408d-abdb-9744bd405031 | Completed: Task validation of required platforms.
2018-06-28 22:25:55.078 21648 INFO rally.task.engine [-] Task 842e3f52-baad-408d-abdb-9744bd405031 | Starting:  Task validation of semantic.
2018-06-28 22:25:58.171 21648 INFO rally.task.context [-] Task 842e3f52-baad-408d-abdb-9744bd405031 | Context users@openstack setup()  finished in 2.42 sec
2018-06-28 22:25:58.601 21648 INFO rally.task.context [-] Task 842e3f52-baad-408d-abdb-9744bd405031 | Context users@openstack cleanup() started
2018-06-28 22:26:02.131 21648 INFO rally.task.context [-] Task 842e3f52-baad-408d-abdb-9744bd405031 | Context users@openstack cleanup() finished in 3.53 sec
2018-06-28 22:26:02.132 21648 INFO rally.task.engine [-] Task 842e3f52-baad-408d-abdb-9744bd405031 | Completed: Task validation of semantic.
2018-06-28 22:26:02.133 21648 INFO rally.task.engine [-] Task 842e3f52-baad-408d-abdb-9744bd405031 | Completed: Task validation.
2018-06-28 22:26:02.133 21648 INFO rally.api [-] Task 842e3f52-baad-408d-abdb-9744bd405031 input file is valid.
2018-06-28 22:26:02.133 21648 INFO rally.api [-] Run Task 842e3f52-baad-408d-abdb-9744bd405031 against Deployment 7a37a5af-20ae-460e-97c7-4fdb337cc0b6
2018-06-28 22:26:02.134 21648 INFO rally.task.engine [-] Task 842e3f52-baad-408d-abdb-9744bd405031 | Starting:  Running task.
2018-06-28 22:26:02.181 21648 INFO rally.task.engine [-] Running workload: 
  position = 0
  config = {
   "version": 2, 
   "title": "A cropped version of a bigger task.", 
   "description": "Auto-generated task from a single workload (uuid=76213d32-7258-4f65-a30f-294f39e76f2b)", 
   "subtasks": [
      {
         "title": "NeutronNetworks.create_and_delete_ports", 
         "description": "Create and delete a port.", 
         "scenario": {
            "NeutronNetworks.create_and_delete_ports": {
               "network_create_args": {}, 
               "port_create_args": {}, 
               "ports_per_network": 10
            }
         }, 
         "contexts": {
            "network": {}, 
            "users": {
               "tenants": 3, 
               "users_per_tenant": 3
            }, 
            "quotas": {
               "neutron": {
                  "network": -1, 
                  "port": -1
               }
            }
         }, 
         "runner": {
            "constant": {
               "times": 20, 
               "concurrency": 10
            }
         }, 
         "hooks": [], 
         "sla": {
            "failure_rate": {
               "max": 0
            }
         }
      }
   ]
}
2018-06-28 22:26:05.330 21648 INFO rally.task.context [-] Task 842e3f52-baad-408d-abdb-9744bd405031 | Context users@openstack setup()  finished in 3.12 sec
2018-06-28 22:26:06.059 21648 INFO rally.task.context [-] Task 842e3f52-baad-408d-abdb-9744bd405031 | Context quotas@openstack setup()  finished in 0.73 sec
2018-06-28 22:26:20.317 21648 INFO rally.task.context [-] Task 842e3f52-baad-408d-abdb-9744bd405031 | Context network@openstack setup()  finished in 14.26 sec
2018-06-28 22:26:20.317 21648 INFO rally.task.context [-] Task 842e3f52-baad-408d-abdb-9744bd405031 | Context cleanup@openstack setup()  finished in 0.02 msec
2018-06-28 22:26:20.352 21776 INFO rally.task.runner [-] Task 842e3f52-baad-408d-abdb-9744bd405031 | ITER: 1 START
2018-06-28 22:26:20.353 21778 INFO rally.task.runner [-] Task 842e3f52-baad-408d-abdb-9744bd405031 | ITER: 3 START
2018-06-28 22:26:20.356 21779 INFO rally.task.runner [-] Task 842e3f52-baad-408d-abdb-9744bd405031 | ITER: 4 START
2018-06-28 22:26:20.360 21777 INFO rally.task.runner [-] Task 842e3f52-baad-408d-abdb-9744bd405031 | ITER: 2 START
2018-06-28 22:26:20.364 21780 INFO rally.task.runner [-] Task 842e3f52-baad-408d-abdb-9744bd405031 | ITER: 5 START
2018-06-28 22:26:20.365 21782 INFO rally.task.runner [-] Task 842e3f52-baad-408d-abdb-9744bd405031 | ITER: 6 START
2018-06-28 22:26:20.365 21786 INFO rally.task.runner [-] Task 842e3f52-baad-408d-abdb-9744bd405031 | ITER: 7 START
2018-06-28 22:26:20.372 21790 INFO rally.task.runner [-] Task 842e3f52-baad-408d-abdb-9744bd405031 | ITER: 8 START
2018-06-28 22:26:20.374 21791 INFO rally.task.runner [-] Task 842e3f52-baad-408d-abdb-9744bd405031 | ITER: 10 START
2018-06-28 22:26:20.373 21794 INFO rally.task.runner [-] Task 842e3f52-baad-408d-abdb-9744bd405031 | ITER: 9 START
2018-06-28 22:26:38.038 21779 INFO rally.task.runner [-] Task 842e3f52-baad-408d-abdb-9744bd405031 | ITER: 4 END: OK
2018-06-28 22:26:38.045 21779 INFO rally.task.runner [-] Task 842e3f52-baad-408d-abdb-9744bd405031 | ITER: 11 START
2018-06-28 22:26:39.182 21778 INFO rally.task.runner [-] Task 842e3f52-baad-408d-abdb-9744bd405031 | ITER: 3 END: OK
2018-06-28 22:26:39.188 21778 INFO rally.task.runner [-] Task 842e3f52-baad-408d-abdb-9744bd405031 | ITER: 12 START
2018-06-28 22:26:39.397 21776 INFO rally.task.runner [-] Task 842e3f52-baad-408d-abdb-9744bd405031 | ITER: 1 END: OK
2018-06-28 22:26:39.404 21776 INFO rally.task.runner [-] Task 842e3f52-baad-408d-abdb-9744bd405031 | ITER: 13 START
2018-06-28 22:26:39.938 21791 INFO rally.task.runner [-] Task 842e3f52-baad-408d-abdb-9744bd405031 | ITER: 10 END: OK
2018-06-28 22:26:39.943 21791 INFO rally.task.runner [-] Task 842e3f52-baad-408d-abdb-9744bd405031 | ITER: 14 START
2018-06-28 22:26:40.004 21794 INFO rally.task.runner [-] Task 842e3f52-baad-408d-abdb-9744bd405031 | ITER: 9 END: OK
2018-06-28 22:26:40.010 21794 INFO rally.task.runner [-] Task 842e3f52-baad-408d-abdb-9744bd405031 | ITER: 15 START
2018-06-28 22:26:40.182 21790 INFO rally.task.runner [-] Task 842e3f52-baad-408d-abdb-9744bd405031 | ITER: 8 END: OK
2018-06-28 22:26:40.188 21790 INFO rally.task.runner [-] Task 842e3f52-baad-408d-abdb-9744bd405031 | ITER: 16 START
2018-06-28 22:26:40.272 21782 INFO rally.task.runner [-] Task 842e3f52-baad-408d-abdb-9744bd405031 | ITER: 6 END: OK
2018-06-28 22:26:40.279 21782 INFO rally.task.runner [-] Task 842e3f52-baad-408d-abdb-9744bd405031 | ITER: 17 START
2018-06-28 22:26:40.434 21777 INFO rally.task.runner [-] Task 842e3f52-baad-408d-abdb-9744bd405031 | ITER: 2 END: OK
2018-06-28 22:26:40.440 21777 INFO rally.task.runner [-] Task 842e3f52-baad-408d-abdb-9744bd405031 | ITER: 18 START
2018-06-28 22:26:40.636 21780 INFO rally.task.runner [-] Task 842e3f52-baad-408d-abdb-9744bd405031 | ITER: 5 END: OK
2018-06-28 22:26:40.643 21780 INFO rally.task.runner [-] Task 842e3f52-baad-408d-abdb-9744bd405031 | ITER: 19 START
2018-06-28 22:26:41.771 21786 INFO rally.task.runner [-] Task 842e3f52-baad-408d-abdb-9744bd405031 | ITER: 7 END: OK
2018-06-28 22:26:41.777 21786 INFO rally.task.runner [-] Task 842e3f52-baad-408d-abdb-9744bd405031 | ITER: 20 START
2018-06-28 22:26:56.378 21778 INFO rally.task.runner [-] Task 842e3f52-baad-408d-abdb-9744bd405031 | ITER: 12 END: OK
2018-06-28 22:26:56.677 21779 INFO rally.task.runner [-] Task 842e3f52-baad-408d-abdb-9744bd405031 | ITER: 11 END: OK
2018-06-28 22:26:57.323 21782 INFO rally.task.runner [-] Task 842e3f52-baad-408d-abdb-9744bd405031 | ITER: 17 END: OK
2018-06-28 22:26:57.323 21776 INFO rally.task.runner [-] Task 842e3f52-baad-408d-abdb-9744bd405031 | ITER: 13 END: OK
2018-06-28 22:26:58.240 21791 INFO rally.task.runner [-] Task 842e3f52-baad-408d-abdb-9744bd405031 | ITER: 14 END: OK
2018-06-28 22:26:58.486 21780 INFO rally.task.runner [-] Task 842e3f52-baad-408d-abdb-9744bd405031 | ITER: 19 END: OK
2018-06-28 22:26:58.947 21777 INFO rally.task.runner [-] Task 842e3f52-baad-408d-abdb-9744bd405031 | ITER: 18 END: OK
2018-06-28 22:26:59.023 21794 INFO rally.task.runner [-] Task 842e3f52-baad-408d-abdb-9744bd405031 | ITER: 15 END: OK
2018-06-28 22:26:59.715 21786 INFO rally.task.runner [-] Task 842e3f52-baad-408d-abdb-9744bd405031 | ITER: 20 END: OK
2018-06-28 22:27:00.264 21790 INFO rally.task.runner [-] Task 842e3f52-baad-408d-abdb-9744bd405031 | ITER: 16 END: OK
2018-06-28 22:27:00.291 21648 INFO rally.task.context [-] Task 842e3f52-baad-408d-abdb-9744bd405031 | Context cleanup@openstack cleanup() started
2018-06-28 22:27:18.805 21648 INFO rally.task.context [-] Task 842e3f52-baad-408d-abdb-9744bd405031 | Context cleanup@openstack cleanup() finished in 18.51 sec
2018-06-28 22:27:18.805 21648 INFO rally.task.context [-] Task 842e3f52-baad-408d-abdb-9744bd405031 | Context network@openstack cleanup() started
2018-06-28 22:27:45.963 21648 INFO rally.task.context [-] Task 842e3f52-baad-408d-abdb-9744bd405031 | Context network@openstack cleanup() finished in 27.16 sec
2018-06-28 22:27:45.964 21648 INFO rally.task.context [-] Task 842e3f52-baad-408d-abdb-9744bd405031 | Context quotas@openstack cleanup() started
2018-06-28 22:27:46.057 21648 INFO rally.task.context [-] Task 842e3f52-baad-408d-abdb-9744bd405031 | Context quotas@openstack cleanup() finished in 93.60 msec
2018-06-28 22:27:46.058 21648 INFO rally.task.context [-] Task 842e3f52-baad-408d-abdb-9744bd405031 | Context users@openstack cleanup() started
2018-06-28 22:27:51.158 21648 INFO rally.task.context [-] Task 842e3f52-baad-408d-abdb-9744bd405031 | Context users@openstack cleanup() finished in 5.10 sec
2018-06-28 22:27:52.882 21648 INFO rally.task.engine [-] Load duration is: 39.90879
2018-06-28 22:27:52.883 21648 INFO rally.task.engine [-] Full runner duration is: 39.966605
2018-06-28 22:27:52.883 21648 INFO rally.task.engine [-] Full duration is: 108.968765
2018-06-28 22:27:53.002 21648 INFO rally.task.engine [-] Task 842e3f52-baad-408d-abdb-9744bd405031 | Completed: Running task.

--------------------------------------------------------------------------------
Task 842e3f52-baad-408d-abdb-9744bd405031: finished
--------------------------------------------------------------------------------

test scenario NeutronNetworks.create_and_delete_ports
args position 0
args values:
{
  "runner": {
    "times": 20, 
    "concurrency": 10
  }, 
  "contexts": {
    "network": {}, 
    "users": {
      "tenants": 3, 
      "users_per_tenant": 3
    }, 
    "quotas": {
      "neutron": {
        "network": -1, 
        "port": -1
      }
    }
  }, 
  "args": {
    "network_create_args": {}, 
    "port_create_args": {}, 
    "ports_per_network": 10
  }, 
  "sla": {
    "failure_rate": {
      "max": 0
    }
  }, 
  "hooks": []
}

--------------------------------------------------------------------------------
Task 842e3f52-baad-408d-abdb-9744bd405031 has 0 error(s)
--------------------------------------------------------------------------------

+------------------------------------------------------------------------------------------------------------------------------+
|                                                     Response Times (sec)                                                     |
+---------------------------+-----------+--------------+--------------+--------------+-----------+-----------+---------+-------+
| Action                    | Min (sec) | Median (sec) | 90%ile (sec) | 95%ile (sec) | Max (sec) | Avg (sec) | Success | Count |
+---------------------------+-----------+--------------+--------------+--------------+-----------+-----------+---------+-------+
| neutron.create_port (x10) | 10.264    | 11.836       | 13.437       | 13.849       | 14.433    | 12.07     | 100.0%  | 20    |
| neutron.delete_port (x10) | 6.027     | 6.846        | 7.387        | 7.516        | 7.764     | 6.862     | 100.0%  | 20    |
| total                     | 17.043    | 18.919       | 20.095       | 20.328       | 21.403    | 18.932    | 100.0%  | 20    |
|  -> duration              | 17.043    | 18.919       | 20.095       | 20.328       | 21.403    | 18.932    | 100.0%  | 20    |
|  -> idle_duration         | 0.0       | 0.0          | 0.0          | 0.0          | 0.0       | 0.0       | 100.0%  | 20    |
+---------------------------+-----------+--------------+--------------+--------------+-----------+-----------+---------+-------+

Load duration: 39.90879
Full duration: 108.968765

HINTS:
* To plot HTML graphics with this data, run:
	rally task report 842e3f52-baad-408d-abdb-9744bd405031 --out output.html

* To generate a JUnit report, run:
	rally task export 842e3f52-baad-408d-abdb-9744bd405031 --type junit --to output.xml

* To get raw JSON output of task results, run:
	rally task report 842e3f52-baad-408d-abdb-9744bd405031 --json --out output.json

--------------------------------------------------------------------------------
Preparing input task
--------------------------------------------------------------------------------

Task is:
{
    "CinderVolumes.create_and_extend_volume": [
        {
            "args": {
                "size": 20,
                "new_size": 50
            },
            "runner": {
                "type": "constant",
                "times": 20,
                "concurrency": 2
            },
            "context": {
                "users": {
                    "tenants": 1,
                    "users_per_tenant": 1
                }
            },
            "sla": {
                "failure_rate": {
                    "max": 0
                }
            }
        }
    ]
}

Task syntax is correct :)
Running Rally version 0.10.1~dev119
--------------------------------------------------------------------------------
Task  f2e96c77-950b-4d11-a7de-44a44fade400: started
--------------------------------------------------------------------------------

Running Task... This can take a while...

To track task status use:

	rally task status
	or
	rally task detailed

Using task: f2e96c77-950b-4d11-a7de-44a44fade400
2018-06-28 22:27:54.889 22067 INFO rally.task.engine [-] Task f2e96c77-950b-4d11-a7de-44a44fade400 | Starting:  Task validation.
2018-06-28 22:27:54.896 22067 INFO rally.task.engine [-] Task f2e96c77-950b-4d11-a7de-44a44fade400 | Starting:  Task validation of syntax.
2018-06-28 22:27:54.906 22067 INFO rally.task.engine [-] Task f2e96c77-950b-4d11-a7de-44a44fade400 | Completed: Task validation of syntax.
2018-06-28 22:27:54.906 22067 INFO rally.task.engine [-] Task f2e96c77-950b-4d11-a7de-44a44fade400 | Starting:  Task validation of required platforms.
2018-06-28 22:27:54.911 22067 INFO rally.task.engine [-] Task f2e96c77-950b-4d11-a7de-44a44fade400 | Completed: Task validation of required platforms.
2018-06-28 22:27:54.911 22067 INFO rally.task.engine [-] Task f2e96c77-950b-4d11-a7de-44a44fade400 | Starting:  Task validation of semantic.
2018-06-28 22:27:58.086 22067 INFO rally.task.context [-] Task f2e96c77-950b-4d11-a7de-44a44fade400 | Context users@openstack setup()  finished in 2.49 sec
2018-06-28 22:27:58.605 22067 INFO rally.task.context [-] Task f2e96c77-950b-4d11-a7de-44a44fade400 | Context users@openstack cleanup() started
2018-06-28 22:28:01.998 22067 INFO rally.task.context [-] Task f2e96c77-950b-4d11-a7de-44a44fade400 | Context users@openstack cleanup() finished in 3.39 sec
2018-06-28 22:28:01.999 22067 INFO rally.task.engine [-] Task f2e96c77-950b-4d11-a7de-44a44fade400 | Completed: Task validation of semantic.
2018-06-28 22:28:01.999 22067 INFO rally.task.engine [-] Task f2e96c77-950b-4d11-a7de-44a44fade400 | Completed: Task validation.
2018-06-28 22:28:01.999 22067 INFO rally.api [-] Task f2e96c77-950b-4d11-a7de-44a44fade400 input file is valid.
2018-06-28 22:28:02.000 22067 INFO rally.api [-] Run Task f2e96c77-950b-4d11-a7de-44a44fade400 against Deployment 7a37a5af-20ae-460e-97c7-4fdb337cc0b6
2018-06-28 22:28:02.000 22067 INFO rally.task.engine [-] Task f2e96c77-950b-4d11-a7de-44a44fade400 | Starting:  Running task.
2018-06-28 22:28:02.042 22067 INFO rally.task.engine [-] Running workload: 
  position = 0
  config = {
   "version": 2, 
   "title": "A cropped version of a bigger task.", 
   "description": "Auto-generated task from a single workload (uuid=950e7926-65c6-4759-b71b-dbb9b469fbd3)", 
   "subtasks": [
      {
         "title": "CinderVolumes.create_and_extend_volume", 
         "description": "Create and extend a volume and then delete it.", 
         "scenario": {
            "CinderVolumes.create_and_extend_volume": {
               "size": 20, 
               "new_size": 50
            }
         }, 
         "contexts": {
            "users": {
               "tenants": 1, 
               "users_per_tenant": 1
            }
         }, 
         "runner": {
            "constant": {
               "times": 20, 
               "concurrency": 2
            }
         }, 
         "hooks": [], 
         "sla": {
            "failure_rate": {
               "max": 0
            }
         }
      }
   ]
}
2018-06-28 22:28:04.798 22067 INFO rally.task.context [-] Task f2e96c77-950b-4d11-a7de-44a44fade400 | Context users@openstack setup()  finished in 2.72 sec
2018-06-28 22:28:04.799 22067 INFO rally.task.context [-] Task f2e96c77-950b-4d11-a7de-44a44fade400 | Context cleanup@openstack setup()  finished in 0.00 msec
2018-06-28 22:28:04.823 22195 INFO rally.task.runner [-] Task f2e96c77-950b-4d11-a7de-44a44fade400 | ITER: 1 START
2018-06-28 22:28:04.826 22196 INFO rally.task.runner [-] Task f2e96c77-950b-4d11-a7de-44a44fade400 | ITER: 2 START
2018-06-28 22:28:12.600 22196 INFO rally.task.runner [-] Task f2e96c77-950b-4d11-a7de-44a44fade400 | ITER: 2 END: OK
2018-06-28 22:28:12.604 22196 INFO rally.task.runner [-] Task f2e96c77-950b-4d11-a7de-44a44fade400 | ITER: 3 START
2018-06-28 22:28:13.617 22195 INFO rally.task.runner [-] Task f2e96c77-950b-4d11-a7de-44a44fade400 | ITER: 1 END: OK
2018-06-28 22:28:13.621 22195 INFO rally.task.runner [-] Task f2e96c77-950b-4d11-a7de-44a44fade400 | ITER: 4 START
2018-06-28 22:28:20.181 22196 INFO rally.task.runner [-] Task f2e96c77-950b-4d11-a7de-44a44fade400 | ITER: 3 END: OK
2018-06-28 22:28:20.184 22196 INFO rally.task.runner [-] Task f2e96c77-950b-4d11-a7de-44a44fade400 | ITER: 5 START
2018-06-28 22:28:21.231 22195 INFO rally.task.runner [-] Task f2e96c77-950b-4d11-a7de-44a44fade400 | ITER: 4 END: OK
2018-06-28 22:28:21.234 22195 INFO rally.task.runner [-] Task f2e96c77-950b-4d11-a7de-44a44fade400 | ITER: 6 START
2018-06-28 22:28:27.962 22196 INFO rally.task.runner [-] Task f2e96c77-950b-4d11-a7de-44a44fade400 | ITER: 5 END: OK
2018-06-28 22:28:27.964 22196 INFO rally.task.runner [-] Task f2e96c77-950b-4d11-a7de-44a44fade400 | ITER: 7 START
2018-06-28 22:28:28.792 22195 INFO rally.task.runner [-] Task f2e96c77-950b-4d11-a7de-44a44fade400 | ITER: 6 END: OK
2018-06-28 22:28:28.798 22195 INFO rally.task.runner [-] Task f2e96c77-950b-4d11-a7de-44a44fade400 | ITER: 8 START
2018-06-28 22:28:35.353 22196 INFO rally.task.runner [-] Task f2e96c77-950b-4d11-a7de-44a44fade400 | ITER: 7 END: OK
2018-06-28 22:28:35.358 22196 INFO rally.task.runner [-] Task f2e96c77-950b-4d11-a7de-44a44fade400 | ITER: 9 START
2018-06-28 22:28:36.274 22195 INFO rally.task.runner [-] Task f2e96c77-950b-4d11-a7de-44a44fade400 | ITER: 8 END: OK
2018-06-28 22:28:36.276 22195 INFO rally.task.runner [-] Task f2e96c77-950b-4d11-a7de-44a44fade400 | ITER: 10 START
2018-06-28 22:28:43.003 22196 INFO rally.task.runner [-] Task f2e96c77-950b-4d11-a7de-44a44fade400 | ITER: 9 END: OK
2018-06-28 22:28:43.006 22196 INFO rally.task.runner [-] Task f2e96c77-950b-4d11-a7de-44a44fade400 | ITER: 11 START
2018-06-28 22:28:43.889 22195 INFO rally.task.runner [-] Task f2e96c77-950b-4d11-a7de-44a44fade400 | ITER: 10 END: OK
2018-06-28 22:28:43.892 22195 INFO rally.task.runner [-] Task f2e96c77-950b-4d11-a7de-44a44fade400 | ITER: 12 START
2018-06-28 22:28:50.584 22196 INFO rally.task.runner [-] Task f2e96c77-950b-4d11-a7de-44a44fade400 | ITER: 11 END: OK
2018-06-28 22:28:50.587 22196 INFO rally.task.runner [-] Task f2e96c77-950b-4d11-a7de-44a44fade400 | ITER: 13 START
2018-06-28 22:28:51.599 22195 INFO rally.task.runner [-] Task f2e96c77-950b-4d11-a7de-44a44fade400 | ITER: 12 END: OK
2018-06-28 22:28:51.602 22195 INFO rally.task.runner [-] Task f2e96c77-950b-4d11-a7de-44a44fade400 | ITER: 14 START
2018-06-28 22:28:58.055 22196 INFO rally.task.runner [-] Task f2e96c77-950b-4d11-a7de-44a44fade400 | ITER: 13 END: OK
2018-06-28 22:28:58.058 22196 INFO rally.task.runner [-] Task f2e96c77-950b-4d11-a7de-44a44fade400 | ITER: 15 START
2018-06-28 22:28:59.125 22195 INFO rally.task.runner [-] Task f2e96c77-950b-4d11-a7de-44a44fade400 | ITER: 14 END: OK
2018-06-28 22:28:59.128 22195 INFO rally.task.runner [-] Task f2e96c77-950b-4d11-a7de-44a44fade400 | ITER: 16 START
2018-06-28 22:29:05.560 22196 INFO rally.task.runner [-] Task f2e96c77-950b-4d11-a7de-44a44fade400 | ITER: 15 END: OK
2018-06-28 22:29:05.563 22196 INFO rally.task.runner [-] Task f2e96c77-950b-4d11-a7de-44a44fade400 | ITER: 17 START
2018-06-28 22:29:06.524 22195 INFO rally.task.runner [-] Task f2e96c77-950b-4d11-a7de-44a44fade400 | ITER: 16 END: OK
2018-06-28 22:29:06.527 22195 INFO rally.task.runner [-] Task f2e96c77-950b-4d11-a7de-44a44fade400 | ITER: 18 START
2018-06-28 22:29:13.037 22196 INFO rally.task.runner [-] Task f2e96c77-950b-4d11-a7de-44a44fade400 | ITER: 17 END: OK
2018-06-28 22:29:13.040 22196 INFO rally.task.runner [-] Task f2e96c77-950b-4d11-a7de-44a44fade400 | ITER: 19 START
2018-06-28 22:29:14.065 22195 INFO rally.task.runner [-] Task f2e96c77-950b-4d11-a7de-44a44fade400 | ITER: 18 END: OK
2018-06-28 22:29:14.068 22195 INFO rally.task.runner [-] Task f2e96c77-950b-4d11-a7de-44a44fade400 | ITER: 20 START
2018-06-28 22:29:20.465 22196 INFO rally.task.runner [-] Task f2e96c77-950b-4d11-a7de-44a44fade400 | ITER: 19 END: OK
2018-06-28 22:29:21.597 22195 INFO rally.task.runner [-] Task f2e96c77-950b-4d11-a7de-44a44fade400 | ITER: 20 END: OK
2018-06-28 22:29:21.624 22067 INFO rally.task.context [-] Task f2e96c77-950b-4d11-a7de-44a44fade400 | Context cleanup@openstack cleanup() started
2018-06-28 22:29:23.730 22067 INFO rally.task.context [-] Task f2e96c77-950b-4d11-a7de-44a44fade400 | Context cleanup@openstack cleanup() finished in 2.11 sec
2018-06-28 22:29:23.731 22067 INFO rally.task.context [-] Task f2e96c77-950b-4d11-a7de-44a44fade400 | Context users@openstack cleanup() started
2018-06-28 22:29:27.143 22067 INFO rally.task.context [-] Task f2e96c77-950b-4d11-a7de-44a44fade400 | Context users@openstack cleanup() finished in 3.41 sec
2018-06-28 22:29:28.538 22067 INFO rally.task.engine [-] Load duration is: 76.769645
2018-06-28 22:29:28.538 22067 INFO rally.task.engine [-] Full runner duration is: 76.817914
2018-06-28 22:29:28.538 22067 INFO rally.task.engine [-] Full duration is: 85.094316
2018-06-28 22:29:28.617 22067 INFO rally.task.engine [-] Task f2e96c77-950b-4d11-a7de-44a44fade400 | Completed: Running task.

--------------------------------------------------------------------------------
Task f2e96c77-950b-4d11-a7de-44a44fade400: finished
--------------------------------------------------------------------------------

test scenario CinderVolumes.create_and_extend_volume
args position 0
args values:
{
  "runner": {
    "times": 20, 
    "concurrency": 2
  }, 
  "contexts": {
    "users": {
      "tenants": 1, 
      "users_per_tenant": 1
    }
  }, 
  "args": {
    "size": 20, 
    "new_size": 50
  }, 
  "sla": {
    "failure_rate": {
      "max": 0
    }
  }, 
  "hooks": []
}

--------------------------------------------------------------------------------
Task f2e96c77-950b-4d11-a7de-44a44fade400 has 0 error(s)
--------------------------------------------------------------------------------

+----------------------------------------------------------------------------------------------------------------------------+
|                                                    Response Times (sec)                                                    |
+-------------------------+-----------+--------------+--------------+--------------+-----------+-----------+---------+-------+
| Action                  | Min (sec) | Median (sec) | 90%ile (sec) | 95%ile (sec) | Max (sec) | Avg (sec) | Success | Count |
+-------------------------+-----------+--------------+--------------+--------------+-----------+-----------+---------+-------+
| cinder_v2.create_volume | 2.802     | 2.939        | 3.052        | 3.248        | 4.189     | 3.003     | 100.0%  | 20    |
| cinder_v2.extend_volume | 2.284     | 2.323        | 2.421        | 2.469        | 2.547     | 2.345     | 100.0%  | 20    |
| cinder_v2.delete_volume | 2.229     | 2.253        | 2.311        | 2.324        | 2.364     | 2.267     | 100.0%  | 20    |
| total                   | 7.387     | 7.545        | 7.771        | 7.827        | 8.79      | 7.616     | 100.0%  | 20    |
|  -> duration            | 7.387     | 7.545        | 7.771        | 7.827        | 8.79      | 7.616     | 100.0%  | 20    |
|  -> idle_duration       | 0.0       | 0.0          | 0.0          | 0.0          | 0.0       | 0.0       | 100.0%  | 20    |
+-------------------------+-----------+--------------+--------------+--------------+-----------+-----------+---------+-------+

Load duration: 76.769645
Full duration: 85.094316

HINTS:
* To plot HTML graphics with this data, run:
	rally task report f2e96c77-950b-4d11-a7de-44a44fade400 --out output.html

* To generate a JUnit report, run:
	rally task export f2e96c77-950b-4d11-a7de-44a44fade400 --type junit --to output.xml

* To get raw JSON output of task results, run:
	rally task report f2e96c77-950b-4d11-a7de-44a44fade400 --json --out output.json

--------------------------------------------------------------------------------
Preparing input task
--------------------------------------------------------------------------------

Task is:
{
   "NovaServers.boot_and_rebuild_server": [
        {
            "args": {
                "flavor": {
                    "name": "m1.xlarge"
                },
                "from_image": {
                    "name": "Debian 9"
                },
                "to_image": {
                    "name": "Ubuntu 14.04 LTS"
                }
            },
            "runner": {
                "type": "constant",
                "times": 50,
                "concurrency": 2
            },
            "context": {
                "users": {
                    "tenants": 1,
                    "users_per_tenant": 1
                }
            },
            "sla": {
                "failure_rate": {
                    "max": 0
                }
            }
        }
    ]
}

Task syntax is correct :)
Running Rally version 0.10.1~dev119
--------------------------------------------------------------------------------
Task  7210ec82-b643-4b16-a1e7-a9f6e1b18abc: started
--------------------------------------------------------------------------------

Running Task... This can take a while...

To track task status use:

	rally task status
	or
	rally task detailed

Using task: 7210ec82-b643-4b16-a1e7-a9f6e1b18abc
2018-06-28 22:29:30.407 22342 INFO rally.task.engine [-] Task 7210ec82-b643-4b16-a1e7-a9f6e1b18abc | Starting:  Task validation.
2018-06-28 22:29:30.414 22342 INFO rally.task.engine [-] Task 7210ec82-b643-4b16-a1e7-a9f6e1b18abc | Starting:  Task validation of syntax.
2018-06-28 22:29:30.424 22342 INFO rally.task.engine [-] Task 7210ec82-b643-4b16-a1e7-a9f6e1b18abc | Completed: Task validation of syntax.
2018-06-28 22:29:30.424 22342 INFO rally.task.engine [-] Task 7210ec82-b643-4b16-a1e7-a9f6e1b18abc | Starting:  Task validation of required platforms.
2018-06-28 22:29:30.429 22342 INFO rally.task.engine [-] Task 7210ec82-b643-4b16-a1e7-a9f6e1b18abc | Completed: Task validation of required platforms.
2018-06-28 22:29:30.429 22342 INFO rally.task.engine [-] Task 7210ec82-b643-4b16-a1e7-a9f6e1b18abc | Starting:  Task validation of semantic.
2018-06-28 22:29:33.537 22342 INFO rally.task.context [-] Task 7210ec82-b643-4b16-a1e7-a9f6e1b18abc | Context users@openstack setup()  finished in 2.38 sec
2018-06-28 22:29:35.692 22342 INFO rally.task.context [-] Task 7210ec82-b643-4b16-a1e7-a9f6e1b18abc | Context users@openstack cleanup() started
2018-06-28 22:29:39.026 22342 INFO rally.task.context [-] Task 7210ec82-b643-4b16-a1e7-a9f6e1b18abc | Context users@openstack cleanup() finished in 3.33 sec
2018-06-28 22:29:39.027 22342 INFO rally.task.engine [-] Task 7210ec82-b643-4b16-a1e7-a9f6e1b18abc | Completed: Task validation of semantic.
2018-06-28 22:29:39.027 22342 INFO rally.task.engine [-] Task 7210ec82-b643-4b16-a1e7-a9f6e1b18abc | Completed: Task validation.
2018-06-28 22:29:39.028 22342 INFO rally.api [-] Task 7210ec82-b643-4b16-a1e7-a9f6e1b18abc input file is valid.
2018-06-28 22:29:39.028 22342 INFO rally.api [-] Run Task 7210ec82-b643-4b16-a1e7-a9f6e1b18abc against Deployment 7a37a5af-20ae-460e-97c7-4fdb337cc0b6
2018-06-28 22:29:39.028 22342 INFO rally.task.engine [-] Task 7210ec82-b643-4b16-a1e7-a9f6e1b18abc | Starting:  Running task.
2018-06-28 22:29:39.078 22342 INFO rally.task.engine [-] Running workload: 
  position = 0
  config = {
   "version": 2, 
   "title": "A cropped version of a bigger task.", 
   "description": "Auto-generated task from a single workload (uuid=47987d32-ae11-4dae-83b4-1ef841589d6e)", 
   "subtasks": [
      {
         "title": "NovaServers.boot_and_rebuild_server", 
         "description": "Rebuild a server.", 
         "scenario": {
            "NovaServers.boot_and_rebuild_server": {
               "flavor": {
                  "name": "m1.xlarge"
               }, 
               "from_image": {
                  "name": "Debian 9"
               }, 
               "to_image": {
                  "name": "Ubuntu 14.04 LTS"
               }
            }
         }, 
         "contexts": {
            "users": {
               "tenants": 1, 
               "users_per_tenant": 1
            }
         }, 
         "runner": {
            "constant": {
               "times": 50, 
               "concurrency": 2
            }
         }, 
         "hooks": [], 
         "sla": {
            "failure_rate": {
               "max": 0
            }
         }
      }
   ]
}
2018-06-28 22:29:41.671 22342 INFO rally.task.context [-] Task 7210ec82-b643-4b16-a1e7-a9f6e1b18abc | Context users@openstack setup()  finished in 2.56 sec
2018-06-28 22:29:41.672 22342 INFO rally.task.context [-] Task 7210ec82-b643-4b16-a1e7-a9f6e1b18abc | Context cleanup@openstack setup()  finished in 0.04 msec
2018-06-28 22:29:42.499 22470 INFO rally.task.runner [-] Task 7210ec82-b643-4b16-a1e7-a9f6e1b18abc | ITER: 1 START
2018-06-28 22:29:42.501 22471 INFO rally.task.runner [-] Task 7210ec82-b643-4b16-a1e7-a9f6e1b18abc | ITER: 2 START
2018-06-28 22:36:45.383 22471 INFO rally.task.runner [-] Task 7210ec82-b643-4b16-a1e7-a9f6e1b18abc | ITER: 2 END: OK
2018-06-28 22:36:45.388 22471 INFO rally.task.runner [-] Task 7210ec82-b643-4b16-a1e7-a9f6e1b18abc | ITER: 3 START
2018-06-28 22:36:45.618 22470 INFO rally.task.runner [-] Task 7210ec82-b643-4b16-a1e7-a9f6e1b18abc | ITER: 1 END: OK
2018-06-28 22:36:45.623 22470 INFO rally.task.runner [-] Task 7210ec82-b643-4b16-a1e7-a9f6e1b18abc | ITER: 4 START
2018-06-28 22:44:06.640 22471 INFO rally.task.runner [-] Task 7210ec82-b643-4b16-a1e7-a9f6e1b18abc | ITER: 3 END: OK
2018-06-28 22:44:06.644 22471 INFO rally.task.runner [-] Task 7210ec82-b643-4b16-a1e7-a9f6e1b18abc | ITER: 5 START
2018-06-28 22:44:16.844 22470 INFO rally.task.runner [-] Task 7210ec82-b643-4b16-a1e7-a9f6e1b18abc | ITER: 4 END: OK
2018-06-28 22:44:16.849 22470 INFO rally.task.runner [-] Task 7210ec82-b643-4b16-a1e7-a9f6e1b18abc | ITER: 6 START
2018-06-28 22:51:36.682 22471 INFO rally.task.runner [-] Task 7210ec82-b643-4b16-a1e7-a9f6e1b18abc | ITER: 5 END: OK
2018-06-28 22:51:36.687 22471 INFO rally.task.runner [-] Task 7210ec82-b643-4b16-a1e7-a9f6e1b18abc | ITER: 7 START
2018-06-28 22:51:38.397 22470 INFO rally.task.runner [-] Task 7210ec82-b643-4b16-a1e7-a9f6e1b18abc | ITER: 6 END: OK
2018-06-28 22:51:38.401 22470 INFO rally.task.runner [-] Task 7210ec82-b643-4b16-a1e7-a9f6e1b18abc | ITER: 8 START
2018-06-28 22:58:40.800 22471 INFO rally.task.runner [-] Task 7210ec82-b643-4b16-a1e7-a9f6e1b18abc | ITER: 7 END: OK
2018-06-28 22:58:40.805 22471 INFO rally.task.runner [-] Task 7210ec82-b643-4b16-a1e7-a9f6e1b18abc | ITER: 9 START
2018-06-28 22:59:13.445 22470 INFO rally.task.runner [-] Task 7210ec82-b643-4b16-a1e7-a9f6e1b18abc | ITER: 8 END: OK
2018-06-28 22:59:13.448 22470 INFO rally.task.runner [-] Task 7210ec82-b643-4b16-a1e7-a9f6e1b18abc | ITER: 10 START
2018-06-28 23:05:23.621 22470 INFO rally.task.runner [-] Task 7210ec82-b643-4b16-a1e7-a9f6e1b18abc | ITER: 10 END: OK
2018-06-28 23:05:23.625 22470 INFO rally.task.runner [-] Task 7210ec82-b643-4b16-a1e7-a9f6e1b18abc | ITER: 11 START
2018-06-28 23:05:25.553 22471 INFO rally.task.runner [-] Task 7210ec82-b643-4b16-a1e7-a9f6e1b18abc | ITER: 9 END: OK
2018-06-28 23:05:25.557 22471 INFO rally.task.runner [-] Task 7210ec82-b643-4b16-a1e7-a9f6e1b18abc | ITER: 12 START
2018-06-28 23:12:22.950 22470 INFO rally.task.runner [-] Task 7210ec82-b643-4b16-a1e7-a9f6e1b18abc | ITER: 11 END: OK
2018-06-28 23:12:22.955 22470 INFO rally.task.runner [-] Task 7210ec82-b643-4b16-a1e7-a9f6e1b18abc | ITER: 13 START
2018-06-28 23:12:23.068 22471 INFO rally.task.runner [-] Task 7210ec82-b643-4b16-a1e7-a9f6e1b18abc | ITER: 12 END: OK
2018-06-28 23:12:23.072 22471 INFO rally.task.runner [-] Task 7210ec82-b643-4b16-a1e7-a9f6e1b18abc | ITER: 14 START
2018-06-28 23:18:04.407 22471 INFO rally.task.runner [-] Task 7210ec82-b643-4b16-a1e7-a9f6e1b18abc | ITER: 14 END: OK
2018-06-28 23:18:04.410 22471 INFO rally.task.runner [-] Task 7210ec82-b643-4b16-a1e7-a9f6e1b18abc | ITER: 15 START
2018-06-28 23:19:56.915 22470 INFO rally.task.runner [-] Task 7210ec82-b643-4b16-a1e7-a9f6e1b18abc | ITER: 13 END: OK
2018-06-28 23:19:56.919 22470 INFO rally.task.runner [-] Task 7210ec82-b643-4b16-a1e7-a9f6e1b18abc | ITER: 16 START
2018-06-28 23:23:50.192 22471 INFO rally.task.runner [-] Task 7210ec82-b643-4b16-a1e7-a9f6e1b18abc | ITER: 15 END: OK
2018-06-28 23:23:50.196 22471 INFO rally.task.runner [-] Task 7210ec82-b643-4b16-a1e7-a9f6e1b18abc | ITER: 17 START
2018-06-28 23:27:04.436 22470 INFO rally.task.runner [-] Task 7210ec82-b643-4b16-a1e7-a9f6e1b18abc | ITER: 16 END: OK
2018-06-28 23:27:04.441 22470 INFO rally.task.runner [-] Task 7210ec82-b643-4b16-a1e7-a9f6e1b18abc | ITER: 18 START
2018-06-28 23:30:45.003 22471 INFO rally.task.runner [-] Task 7210ec82-b643-4b16-a1e7-a9f6e1b18abc | ITER: 17 END: OK
2018-06-28 23:30:45.007 22471 INFO rally.task.runner [-] Task 7210ec82-b643-4b16-a1e7-a9f6e1b18abc | ITER: 19 START
2018-06-28 23:32:48.778 22470 INFO rally.task.runner [-] Task 7210ec82-b643-4b16-a1e7-a9f6e1b18abc | ITER: 18 END: OK
2018-06-28 23:32:48.782 22470 INFO rally.task.runner [-] Task 7210ec82-b643-4b16-a1e7-a9f6e1b18abc | ITER: 20 START
2018-06-28 23:38:14.800 22471 INFO rally.task.runner [-] Task 7210ec82-b643-4b16-a1e7-a9f6e1b18abc | ITER: 19 END: OK
2018-06-28 23:38:14.804 22471 INFO rally.task.runner [-] Task 7210ec82-b643-4b16-a1e7-a9f6e1b18abc | ITER: 21 START
2018-06-28 23:38:25.474 22470 INFO rally.task.runner [-] Task 7210ec82-b643-4b16-a1e7-a9f6e1b18abc | ITER: 20 END: OK
2018-06-28 23:38:25.479 22470 INFO rally.task.runner [-] Task 7210ec82-b643-4b16-a1e7-a9f6e1b18abc | ITER: 22 START
2018-06-28 23:43:32.478 22470 INFO rally.task.runner [-] Task 7210ec82-b643-4b16-a1e7-a9f6e1b18abc | ITER: 22 END: OK
2018-06-28 23:43:32.481 22470 INFO rally.task.runner [-] Task 7210ec82-b643-4b16-a1e7-a9f6e1b18abc | ITER: 23 START
2018-06-28 23:45:42.359 22471 INFO rally.task.runner [-] Task 7210ec82-b643-4b16-a1e7-a9f6e1b18abc | ITER: 21 END: OK
2018-06-28 23:45:42.363 22471 INFO rally.task.runner [-] Task 7210ec82-b643-4b16-a1e7-a9f6e1b18abc | ITER: 24 START
2018-06-28 23:49:48.041 22470 INFO rally.task.runner [-] Task 7210ec82-b643-4b16-a1e7-a9f6e1b18abc | ITER: 23 END: OK
2018-06-28 23:49:48.045 22470 INFO rally.task.runner [-] Task 7210ec82-b643-4b16-a1e7-a9f6e1b18abc | ITER: 25 START
2018-06-28 23:52:46.895 22471 INFO rally.task.runner [-] Task 7210ec82-b643-4b16-a1e7-a9f6e1b18abc | ITER: 24 END: OK
2018-06-28 23:52:46.899 22471 INFO rally.task.runner [-] Task 7210ec82-b643-4b16-a1e7-a9f6e1b18abc | ITER: 26 START
2018-06-28 23:56:33.179 22470 INFO rally.task.runner [-] Task 7210ec82-b643-4b16-a1e7-a9f6e1b18abc | ITER: 25 END: OK
2018-06-28 23:56:33.183 22470 INFO rally.task.runner [-] Task 7210ec82-b643-4b16-a1e7-a9f6e1b18abc | ITER: 27 START
2018-06-28 23:58:22.717 22471 INFO rally.task.runner [-] Task 7210ec82-b643-4b16-a1e7-a9f6e1b18abc | ITER: 26 END: OK
2018-06-28 23:58:22.721 22471 INFO rally.task.runner [-] Task 7210ec82-b643-4b16-a1e7-a9f6e1b18abc | ITER: 28 START
2018-06-29 00:02:53.724 22470 INFO rally.task.runner [-] Task 7210ec82-b643-4b16-a1e7-a9f6e1b18abc | ITER: 27 END: OK
2018-06-29 00:02:53.728 22470 INFO rally.task.runner [-] Task 7210ec82-b643-4b16-a1e7-a9f6e1b18abc | ITER: 29 START
2018-06-29 00:03:05.917 22471 INFO rally.task.runner [-] Task 7210ec82-b643-4b16-a1e7-a9f6e1b18abc | ITER: 28 END: OK
2018-06-29 00:03:05.920 22471 INFO rally.task.runner [-] Task 7210ec82-b643-4b16-a1e7-a9f6e1b18abc | ITER: 30 START
2018-06-29 00:07:55.048 22470 INFO rally.task.runner [-] Task 7210ec82-b643-4b16-a1e7-a9f6e1b18abc | ITER: 29 END: OK
2018-06-29 00:07:55.052 22470 INFO rally.task.runner [-] Task 7210ec82-b643-4b16-a1e7-a9f6e1b18abc | ITER: 31 START
2018-06-29 00:08:31.125 22471 INFO rally.task.runner [-] Task 7210ec82-b643-4b16-a1e7-a9f6e1b18abc | ITER: 30 END: OK
2018-06-29 00:08:31.129 22471 INFO rally.task.runner [-] Task 7210ec82-b643-4b16-a1e7-a9f6e1b18abc | ITER: 32 START
