               "image": {
                  "name": "Ubuntu 16.04"
               }, 
               "create_volume_params": {
                  "availability_zone": "nova"
               }
            }
         }, 
         "contexts": {
            "users": {
               "tenants": 2, 
               "users_per_tenant": 2
            }
         }, 
         "runner": {
            "constant": {
               "times": 20, 
               "concurrency": 2
            }
         }, 
         "hooks": [], 
         "sla": {
            "failure_rate": {
               "max": 0
            }
         }
      }
   ]
}
2018-08-14 21:19:31.448 4964 INFO rally.task.context [-] Task 56f12125-c441-4e4c-95b5-4965ac00dc6f | Context users@openstack setup()  finished in 2.79 sec
2018-08-14 21:19:31.449 4964 INFO rally.task.context [-] Task 56f12125-c441-4e4c-95b5-4965ac00dc6f | Context cleanup@openstack setup()  finished in 0.12 msec
2018-08-14 21:19:32.760 5466 INFO rally.task.runner [-] Task 56f12125-c441-4e4c-95b5-4965ac00dc6f | ITER: 1 START
2018-08-14 21:19:32.763 5467 INFO rally.task.runner [-] Task 56f12125-c441-4e4c-95b5-4965ac00dc6f | ITER: 2 START
2018-08-14 21:21:23.065 5466 INFO rally.task.runner [-] Task 56f12125-c441-4e4c-95b5-4965ac00dc6f | ITER: 1 END: OK
2018-08-14 21:21:23.070 5466 INFO rally.task.runner [-] Task 56f12125-c441-4e4c-95b5-4965ac00dc6f | ITER: 3 START
2018-08-14 21:21:51.838 5467 INFO rally.task.runner [-] Task 56f12125-c441-4e4c-95b5-4965ac00dc6f | ITER: 2 END: OK
2018-08-14 21:21:51.844 5467 INFO rally.task.runner [-] Task 56f12125-c441-4e4c-95b5-4965ac00dc6f | ITER: 4 START
2018-08-14 21:22:39.230 5466 INFO rally.task.runner [-] Task 56f12125-c441-4e4c-95b5-4965ac00dc6f | ITER: 3 END: OK
2018-08-14 21:22:39.235 5466 INFO rally.task.runner [-] Task 56f12125-c441-4e4c-95b5-4965ac00dc6f | ITER: 5 START
2018-08-14 21:23:07.693 5467 INFO rally.task.runner [-] Task 56f12125-c441-4e4c-95b5-4965ac00dc6f | ITER: 4 END: OK
2018-08-14 21:23:07.699 5467 INFO rally.task.runner [-] Task 56f12125-c441-4e4c-95b5-4965ac00dc6f | ITER: 6 START
2018-08-14 21:24:47.392 5467 INFO rally.task.runner [-] Task 56f12125-c441-4e4c-95b5-4965ac00dc6f | ITER: 6 END: OK
2018-08-14 21:24:47.397 5467 INFO rally.task.runner [-] Task 56f12125-c441-4e4c-95b5-4965ac00dc6f | ITER: 7 START
2018-08-14 21:24:49.805 5466 INFO rally.task.runner [-] Task 56f12125-c441-4e4c-95b5-4965ac00dc6f | ITER: 5 END: OK
2018-08-14 21:24:49.811 5466 INFO rally.task.runner [-] Task 56f12125-c441-4e4c-95b5-4965ac00dc6f | ITER: 8 START
2018-08-14 21:26:11.005 5467 INFO rally.task.runner [-] Task 56f12125-c441-4e4c-95b5-4965ac00dc6f | ITER: 7 END: OK
2018-08-14 21:26:11.010 5467 INFO rally.task.runner [-] Task 56f12125-c441-4e4c-95b5-4965ac00dc6f | ITER: 9 START
2018-08-14 21:26:31.536 5466 INFO rally.task.runner [-] Task 56f12125-c441-4e4c-95b5-4965ac00dc6f | ITER: 8 END: OK
2018-08-14 21:26:31.540 5466 INFO rally.task.runner [-] Task 56f12125-c441-4e4c-95b5-4965ac00dc6f | ITER: 10 START
2018-08-14 21:27:26.508 5467 INFO rally.task.runner [-] Task 56f12125-c441-4e4c-95b5-4965ac00dc6f | ITER: 9 END: OK
2018-08-14 21:27:26.513 5467 INFO rally.task.runner [-] Task 56f12125-c441-4e4c-95b5-4965ac00dc6f | ITER: 11 START
2018-08-14 21:27:47.738 5466 INFO rally.task.runner [-] Task 56f12125-c441-4e4c-95b5-4965ac00dc6f | ITER: 10 END: OK
2018-08-14 21:27:47.743 5466 INFO rally.task.runner [-] Task 56f12125-c441-4e4c-95b5-4965ac00dc6f | ITER: 12 START
2018-08-14 21:29:10.822 5467 INFO rally.task.runner [-] Task 56f12125-c441-4e4c-95b5-4965ac00dc6f | ITER: 11 END: OK
2018-08-14 21:29:10.827 5467 INFO rally.task.runner [-] Task 56f12125-c441-4e4c-95b5-4965ac00dc6f | ITER: 13 START
2018-08-14 21:29:55.922 5466 INFO rally.task.runner [-] Task 56f12125-c441-4e4c-95b5-4965ac00dc6f | ITER: 12 END: OK
2018-08-14 21:29:55.927 5466 INFO rally.task.runner [-] Task 56f12125-c441-4e4c-95b5-4965ac00dc6f | ITER: 14 START
2018-08-14 21:30:31.586 5467 INFO rally.task.runner [-] Task 56f12125-c441-4e4c-95b5-4965ac00dc6f | ITER: 13 END: OK
2018-08-14 21:30:31.590 5467 INFO rally.task.runner [-] Task 56f12125-c441-4e4c-95b5-4965ac00dc6f | ITER: 15 START
2018-08-14 21:31:55.876 5467 INFO rally.task.runner [-] Task 56f12125-c441-4e4c-95b5-4965ac00dc6f | ITER: 15 END: OK
2018-08-14 21:31:55.881 5467 INFO rally.task.runner [-] Task 56f12125-c441-4e4c-95b5-4965ac00dc6f | ITER: 16 START
2018-08-14 21:32:13.530 5466 INFO rally.task.runner [-] Task 56f12125-c441-4e4c-95b5-4965ac00dc6f | ITER: 14 END: OK
2018-08-14 21:32:13.534 5466 INFO rally.task.runner [-] Task 56f12125-c441-4e4c-95b5-4965ac00dc6f | ITER: 17 START
2018-08-14 21:33:19.244 5467 INFO rally.task.runner [-] Task 56f12125-c441-4e4c-95b5-4965ac00dc6f | ITER: 16 END: OK
2018-08-14 21:33:19.249 5467 INFO rally.task.runner [-] Task 56f12125-c441-4e4c-95b5-4965ac00dc6f | ITER: 18 START
2018-08-14 21:33:34.253 5466 INFO rally.task.runner [-] Task 56f12125-c441-4e4c-95b5-4965ac00dc6f | ITER: 17 END: OK
2018-08-14 21:33:34.257 5466 INFO rally.task.runner [-] Task 56f12125-c441-4e4c-95b5-4965ac00dc6f | ITER: 19 START
2018-08-14 21:35:20.273 5467 INFO rally.task.runner [-] Task 56f12125-c441-4e4c-95b5-4965ac00dc6f | ITER: 18 END: OK
2018-08-14 21:35:20.278 5467 INFO rally.task.runner [-] Task 56f12125-c441-4e4c-95b5-4965ac00dc6f | ITER: 20 START
2018-08-14 21:35:24.145 5466 INFO rally.task.runner [-] Task 56f12125-c441-4e4c-95b5-4965ac00dc6f | ITER: 19 END: OK
2018-08-14 21:36:43.013 5467 INFO rally.task.runner [-] Task 56f12125-c441-4e4c-95b5-4965ac00dc6f | ITER: 20 END: OK
2018-08-14 21:36:43.038 4964 INFO rally.task.context [-] Task 56f12125-c441-4e4c-95b5-4965ac00dc6f | Context cleanup@openstack cleanup() started
2018-08-14 21:36:51.533 4964 INFO rally.task.context [-] Task 56f12125-c441-4e4c-95b5-4965ac00dc6f | Context cleanup@openstack cleanup() finished in 8.49 sec
2018-08-14 21:36:51.533 4964 INFO rally.task.context [-] Task 56f12125-c441-4e4c-95b5-4965ac00dc6f | Context users@openstack cleanup() started
2018-08-14 21:36:55.912 4964 INFO rally.task.context [-] Task 56f12125-c441-4e4c-95b5-4965ac00dc6f | Context users@openstack cleanup() finished in 4.38 sec
2018-08-14 21:36:56.089 4964 INFO rally.task.engine [-] Load duration is: 1029.248035
2018-08-14 21:36:56.089 4964 INFO rally.task.engine [-] Full runner duration is: 1030.296669
2018-08-14 21:36:56.090 4964 INFO rally.task.engine [-] Full duration is: 1047.281976
2018-08-14 21:36:56.170 4964 INFO rally.task.engine [-] Task 56f12125-c441-4e4c-95b5-4965ac00dc6f | Completed: Running task.

--------------------------------------------------------------------------------
Task 56f12125-c441-4e4c-95b5-4965ac00dc6f: finished
--------------------------------------------------------------------------------

test scenario CinderVolumes.create_and_attach_volume
args position 0
args values:
{
  "runner": {
    "times": 20, 
    "concurrency": 2
  }, 
  "contexts": {
    "users": {
      "tenants": 2, 
      "users_per_tenant": 2
    }
  }, 
  "args": {
    "size": 50, 
    "image": {
      "name": "Ubuntu 16.04"
    }, 
    "flavor": {
      "name": "m1.xlarge"
    }, 
    "create_volume_params": {
      "availability_zone": "nova"
    }
  }, 
  "sla": {
    "failure_rate": {
      "max": 0
    }
  }, 
  "hooks": []
}

--------------------------------------------------------------------------------
Task 56f12125-c441-4e4c-95b5-4965ac00dc6f has 0 error(s)
--------------------------------------------------------------------------------

+----------------------------------------------------------------------------------------------------------------------------+
|                                                    Response Times (sec)                                                    |
+-------------------------+-----------+--------------+--------------+--------------+-----------+-----------+---------+-------+
| Action                  | Min (sec) | Median (sec) | 90%ile (sec) | 95%ile (sec) | Max (sec) | Avg (sec) | Success | Count |
+-------------------------+-----------+--------------+--------------+--------------+-----------+-----------+---------+-------+
| nova.boot_server        | 158.508   | 200.428      | 210.864      | 212.845      | 216.502   | 196.202   | 100.0%  | 20    |
| cinder_v2.create_volume | 2.358     | 2.505        | 2.592        | 2.635        | 2.663     | 2.501     | 100.0%  | 20    |
| nova.attach_volume      | 3.386     | 3.673        | 4.229        | 4.255        | 4.302     | 3.736     | 100.0%  | 20    |
| nova.detach_volume      | 0.749     | 0.913        | 3.385        | 3.4          | 3.627     | 1.55      | 100.0%  | 20    |
| cinder_v2.delete_volume | 2.194     | 2.277        | 2.747        | 6.458        | 6.512     | 2.693     | 100.0%  | 20    |
| nova.delete_server      | 4.699     | 4.774        | 6.907        | 23.001       | 23.028    | 6.607     | 100.0%  | 20    |
| total                   | 172.745   | 217.38       | 226.683      | 227.301      | 230.2     | 213.289   | 100.0%  | 20    |
|  -> duration            | 171.745   | 216.38       | 225.683      | 226.301      | 229.2     | 212.289   | 100.0%  | 20    |
|  -> idle_duration       | 1.0       | 1.0          | 1.0          | 1.0          | 1.0       | 1.0       | 100.0%  | 20    |
+-------------------------+-----------+--------------+--------------+--------------+-----------+-----------+---------+-------+

Load duration: 2133.563908
Full duration: 2151.268872
--------------------------------------------------------------------------------

test scenario CinderVolumes.create_and_attach_volume
args position 0
args values:
{
  "runner": {
    "times": 20, 
    "concurrency": 2
  }, 
  "contexts": {
    "users": {
      "tenants": 2, 
      "users_per_tenant": 2
    }
  }, 
  "args": {
    "size": {
      "min": 20, 
      "max": 50
    }, 
    "flavor": {
      "name": "m1.large"
    }, 
    "image": {
      "name": "Ubuntu 16.04"
    }, 
    "create_volume_params": {
      "availability_zone": "nova"
    }
  }, 
  "sla": {
    "failure_rate": {
      "max": 0
    }
  }, 
  "hooks": []
}

--------------------------------------------------------------------------------
Task 56f12125-c441-4e4c-95b5-4965ac00dc6f has 0 error(s)
--------------------------------------------------------------------------------

+----------------------------------------------------------------------------------------------------------------------------+
|                                                    Response Times (sec)                                                    |
+-------------------------+-----------+--------------+--------------+--------------+-----------+-----------+---------+-------+
| Action                  | Min (sec) | Median (sec) | 90%ile (sec) | 95%ile (sec) | Max (sec) | Avg (sec) | Success | Count |
+-------------------------+-----------+--------------+--------------+--------------+-----------+-----------+---------+-------+
| nova.boot_server        | 63.339    | 78.242       | 116.689      | 122.819      | 126.387   | 85.591    | 100.0%  | 20    |
| cinder_v2.create_volume | 2.398     | 2.514        | 2.601        | 2.62         | 2.738     | 2.521     | 100.0%  | 20    |
| nova.attach_volume      | 3.503     | 3.721        | 3.871        | 3.939        | 4.348     | 3.748     | 100.0%  | 20    |
| nova.detach_volume      | 0.829     | 1.047        | 3.57         | 3.853        | 4.076     | 1.916     | 100.0%  | 20    |
| cinder_v2.delete_volume | 2.227     | 2.281        | 2.33         | 2.359        | 2.366     | 2.291     | 100.0%  | 20    |
| nova.delete_server      | 2.547     | 2.7          | 4.932        | 4.976        | 5.022     | 3.007     | 100.0%  | 20    |
| total                   | 75.495    | 91.987       | 131.271      | 137.674      | 139.07    | 99.075    | 100.0%  | 20    |
|  -> duration            | 74.495    | 90.987       | 130.271      | 136.674      | 138.07    | 98.075    | 100.0%  | 20    |
|  -> idle_duration       | 1.0       | 1.0          | 1.0          | 1.0          | 1.0       | 1.0       | 100.0%  | 20    |
+-------------------------+-----------+--------------+--------------+--------------+-----------+-----------+---------+-------+

Load duration: 1029.248035
Full duration: 1047.281976

HINTS:
* To plot HTML graphics with this data, run:
	rally task report 56f12125-c441-4e4c-95b5-4965ac00dc6f --out output.html

* To generate a JUnit report, run:
	rally task export 56f12125-c441-4e4c-95b5-4965ac00dc6f --type junit --to output.xml

* To get raw JSON output of task results, run:
	rally task report 56f12125-c441-4e4c-95b5-4965ac00dc6f --json --out output.json

--------------------------------------------------------------------------------
Preparing input task
--------------------------------------------------------------------------------

Task is:
{
    "CinderVolumes.create_and_accept_transfer": [
        {
            "args": {
                "size": 20
            },
            "runner": {
                "type": "constant",
                "times": 9,
                "concurrency": 2
            },
            "context": {
                "users": {
                    "tenants": 2,
                    "users_per_tenant": 2
                }
            },
            "sla": {
                "failure_rate": {
                    "max": 0
                }
            }
        }
    ]
}

Task syntax is correct :)
Running Rally version 0.10.1~dev119
--------------------------------------------------------------------------------
Task  36abd18c-df86-4366-bb18-fe0529b3b7e3: started
--------------------------------------------------------------------------------

Running Task... This can take a while...

To track task status use:

	rally task status
	or
	rally task detailed

Using task: 36abd18c-df86-4366-bb18-fe0529b3b7e3
2018-08-14 21:36:57.976 5673 INFO rally.task.engine [-] Task 36abd18c-df86-4366-bb18-fe0529b3b7e3 | Starting:  Task validation.
2018-08-14 21:36:57.988 5673 INFO rally.task.engine [-] Task 36abd18c-df86-4366-bb18-fe0529b3b7e3 | Starting:  Task validation of syntax.
2018-08-14 21:36:58.005 5673 INFO rally.task.engine [-] Task 36abd18c-df86-4366-bb18-fe0529b3b7e3 | Completed: Task validation of syntax.
2018-08-14 21:36:58.006 5673 INFO rally.task.engine [-] Task 36abd18c-df86-4366-bb18-fe0529b3b7e3 | Starting:  Task validation of required platforms.
2018-08-14 21:36:58.014 5673 INFO rally.task.engine [-] Task 36abd18c-df86-4366-bb18-fe0529b3b7e3 | Completed: Task validation of required platforms.
2018-08-14 21:36:58.014 5673 INFO rally.task.engine [-] Task 36abd18c-df86-4366-bb18-fe0529b3b7e3 | Starting:  Task validation of semantic.
2018-08-14 21:37:01.450 5673 INFO rally.task.context [-] Task 36abd18c-df86-4366-bb18-fe0529b3b7e3 | Context users@openstack setup()  finished in 2.68 sec
2018-08-14 21:37:01.935 5673 INFO rally.task.context [-] Task 36abd18c-df86-4366-bb18-fe0529b3b7e3 | Context users@openstack cleanup() started
2018-08-14 21:37:05.592 5673 INFO rally.task.context [-] Task 36abd18c-df86-4366-bb18-fe0529b3b7e3 | Context users@openstack cleanup() finished in 3.66 sec
2018-08-14 21:37:05.592 5673 INFO rally.task.engine [-] Task 36abd18c-df86-4366-bb18-fe0529b3b7e3 | Completed: Task validation of semantic.
2018-08-14 21:37:05.592 5673 INFO rally.task.engine [-] Task 36abd18c-df86-4366-bb18-fe0529b3b7e3 | Completed: Task validation.
2018-08-14 21:37:05.593 5673 INFO rally.api [-] Task 36abd18c-df86-4366-bb18-fe0529b3b7e3 input file is valid.
2018-08-14 21:37:05.593 5673 INFO rally.api [-] Run Task 36abd18c-df86-4366-bb18-fe0529b3b7e3 against Deployment b4bb4828-a5c6-40c5-a936-034590fa9108
2018-08-14 21:37:05.593 5673 INFO rally.task.engine [-] Task 36abd18c-df86-4366-bb18-fe0529b3b7e3 | Starting:  Running task.
2018-08-14 21:37:05.639 5673 INFO rally.task.engine [-] Running workload: 
  position = 0
  config = {
   "version": 2, 
   "title": "A cropped version of a bigger task.", 
   "description": "Auto-generated task from a single workload (uuid=e69de9b3-6ae6-47a7-95aa-65b9002b7e2f)", 
   "subtasks": [
      {
         "title": "CinderVolumes.create_and_accept_transfer", 
         "description": "Create a volume transfer, then accept it", 
         "scenario": {
            "CinderVolumes.create_and_accept_transfer": {
               "size": 20
            }
         }, 
         "contexts": {
            "users": {
               "tenants": 2, 
               "users_per_tenant": 2
            }
         }, 
         "runner": {
            "constant": {
               "times": 9, 
               "concurrency": 2
            }
         }, 
         "hooks": [], 
         "sla": {
            "failure_rate": {
               "max": 0
            }
         }
      }
   ]
}
2018-08-14 21:37:08.468 5673 INFO rally.task.context [-] Task 36abd18c-df86-4366-bb18-fe0529b3b7e3 | Context users@openstack setup()  finished in 2.80 sec
2018-08-14 21:37:08.469 5673 INFO rally.task.context [-] Task 36abd18c-df86-4366-bb18-fe0529b3b7e3 | Context cleanup@openstack setup()  finished in 0.01 msec
2018-08-14 21:37:08.496 5801 INFO rally.task.runner [-] Task 36abd18c-df86-4366-bb18-fe0529b3b7e3 | ITER: 1 START
2018-08-14 21:37:08.497 5802 INFO rally.task.runner [-] Task 36abd18c-df86-4366-bb18-fe0529b3b7e3 | ITER: 2 START
2018-08-14 21:37:12.168 5801 INFO rally.task.runner [-] Task 36abd18c-df86-4366-bb18-fe0529b3b7e3 | ITER: 1 END: OK
2018-08-14 21:37:12.172 5801 INFO rally.task.runner [-] Task 36abd18c-df86-4366-bb18-fe0529b3b7e3 | ITER: 3 START
2018-08-14 21:37:12.189 5802 INFO rally.task.runner [-] Task 36abd18c-df86-4366-bb18-fe0529b3b7e3 | ITER: 2 END: OK
2018-08-14 21:37:12.193 5802 INFO rally.task.runner [-] Task 36abd18c-df86-4366-bb18-fe0529b3b7e3 | ITER: 4 START
2018-08-14 21:37:15.562 5801 INFO rally.task.runner [-] Task 36abd18c-df86-4366-bb18-fe0529b3b7e3 | ITER: 3 END: OK
2018-08-14 21:37:15.565 5801 INFO rally.task.runner [-] Task 36abd18c-df86-4366-bb18-fe0529b3b7e3 | ITER: 5 START
2018-08-14 21:37:15.580 5802 INFO rally.task.runner [-] Task 36abd18c-df86-4366-bb18-fe0529b3b7e3 | ITER: 4 END: OK
2018-08-14 21:37:15.584 5802 INFO rally.task.runner [-] Task 36abd18c-df86-4366-bb18-fe0529b3b7e3 | ITER: 6 START
2018-08-14 21:37:19.219 5802 INFO rally.task.runner [-] Task 36abd18c-df86-4366-bb18-fe0529b3b7e3 | ITER: 6 END: OK
2018-08-14 21:37:19.220 5801 INFO rally.task.runner [-] Task 36abd18c-df86-4366-bb18-fe0529b3b7e3 | ITER: 5 END: OK
2018-08-14 21:37:19.222 5802 INFO rally.task.runner [-] Task 36abd18c-df86-4366-bb18-fe0529b3b7e3 | ITER: 7 START
2018-08-14 21:37:19.223 5801 INFO rally.task.runner [-] Task 36abd18c-df86-4366-bb18-fe0529b3b7e3 | ITER: 8 START
2018-08-14 21:37:22.674 5801 INFO rally.task.runner [-] Task 36abd18c-df86-4366-bb18-fe0529b3b7e3 | ITER: 8 END: OK
2018-08-14 21:37:22.676 5802 INFO rally.task.runner [-] Task 36abd18c-df86-4366-bb18-fe0529b3b7e3 | ITER: 7 END: OK
2018-08-14 21:37:22.676 5801 INFO rally.task.runner [-] Task 36abd18c-df86-4366-bb18-fe0529b3b7e3 | ITER: 9 START
2018-08-14 21:37:26.406 5801 INFO rally.task.runner [-] Task 36abd18c-df86-4366-bb18-fe0529b3b7e3 | ITER: 9 END: OK
2018-08-14 21:37:26.426 5673 INFO rally.task.context [-] Task 36abd18c-df86-4366-bb18-fe0529b3b7e3 | Context cleanup@openstack cleanup() started
2018-08-14 21:37:35.720 5673 INFO rally.task.context [-] Task 36abd18c-df86-4366-bb18-fe0529b3b7e3 | Context cleanup@openstack cleanup() finished in 9.29 sec
2018-08-14 21:37:35.721 5673 INFO rally.task.context [-] Task 36abd18c-df86-4366-bb18-fe0529b3b7e3 | Context users@openstack cleanup() started
2018-08-14 21:37:40.917 5673 INFO rally.task.context [-] Task 36abd18c-df86-4366-bb18-fe0529b3b7e3 | Context users@openstack cleanup() finished in 5.20 sec
2018-08-14 21:37:41.898 5673 INFO rally.task.engine [-] Load duration is: 17.906181
2018-08-14 21:37:41.898 5673 INFO rally.task.engine [-] Full runner duration is: 17.949962
2018-08-14 21:37:41.899 5673 INFO rally.task.engine [-] Full duration is: 35.272067
2018-08-14 21:37:41.974 5673 INFO rally.task.engine [-] Task 36abd18c-df86-4366-bb18-fe0529b3b7e3 | Completed: Running task.

--------------------------------------------------------------------------------
Task 36abd18c-df86-4366-bb18-fe0529b3b7e3: finished
--------------------------------------------------------------------------------

test scenario CinderVolumes.create_and_accept_transfer
args position 0
args values:
{
  "runner": {
    "times": 9, 
    "concurrency": 2
  }, 
  "contexts": {
    "users": {
      "tenants": 2, 
      "users_per_tenant": 2
    }
  }, 
  "args": {
    "size": 20
  }, 
  "sla": {
    "failure_rate": {
      "max": 0
    }
  }, 
  "hooks": []
}

--------------------------------------------------------------------------------
Task 36abd18c-df86-4366-bb18-fe0529b3b7e3 has 0 error(s)
--------------------------------------------------------------------------------

+------------------------------------------------------------------------------------------------------------------------------+
|                                                     Response Times (sec)                                                     |
+---------------------------+-----------+--------------+--------------+--------------+-----------+-----------+---------+-------+
| Action                    | Min (sec) | Median (sec) | 90%ile (sec) | 95%ile (sec) | Max (sec) | Avg (sec) | Success | Count |
+---------------------------+-----------+--------------+--------------+--------------+-----------+-----------+---------+-------+
| cinder_v2.create_volume   | 2.987     | 3.034        | 3.233        | 3.233        | 3.233     | 3.086     | 100.0%  | 9     |
| cinder_v2.transfer_create | 0.058     | 0.076        | 0.101        | 0.104        | 0.108     | 0.082     | 100.0%  | 9     |
| cinder_v2.transfer_accept | 0.26      | 0.351        | 0.502        | 0.512        | 0.521     | 0.36      | 100.0%  | 9     |
| total                     | 3.385     | 3.634        | 3.696        | 3.712        | 3.727     | 3.561     | 100.0%  | 9     |
|  -> duration              | 3.385     | 3.634        | 3.696        | 3.712        | 3.727     | 3.561     | 100.0%  | 9     |
|  -> idle_duration         | 0.0       | 0.0          | 0.0          | 0.0          | 0.0       | 0.0       | 100.0%  | 9     |
+---------------------------+-----------+--------------+--------------+--------------+-----------+-----------+---------+-------+

Load duration: 17.906181
Full duration: 35.272067

HINTS:
* To plot HTML graphics with this data, run:
	rally task report 36abd18c-df86-4366-bb18-fe0529b3b7e3 --out output.html

* To generate a JUnit report, run:
	rally task export 36abd18c-df86-4366-bb18-fe0529b3b7e3 --type junit --to output.xml

* To get raw JSON output of task results, run:
	rally task report 36abd18c-df86-4366-bb18-fe0529b3b7e3 --json --out output.json

--------------------------------------------------------------------------------
Preparing input task
--------------------------------------------------------------------------------

Task is:
{
    "NovaServers.boot_server_from_volume_and_delete": [
        {
            "args": {
                "flavor": {
                    "name": "m1.medium"
                },
                "image": {
                    "name": "Ubuntu 16.04"
                },
                "volume_size": 50,
                "volume_type": "",
                "force_delete": false
            },
            "runner": {
                "type": "constant",
                "times": 50,
                "concurrency": 5
            },
            "context": {
            },
            "sla": {
                "failure_rate": {
                    "max": 0
                }
            }
        }
    ]
}

Task syntax is correct :)
Running Rally version 0.10.1~dev119
--------------------------------------------------------------------------------
Task  be05b4e5-e727-4f26-baf3-580ce4ac4208: started
--------------------------------------------------------------------------------

Running Task... This can take a while...

To track task status use:

	rally task status
	or
	rally task detailed

Using task: be05b4e5-e727-4f26-baf3-580ce4ac4208
2018-08-14 21:37:43.771 5937 INFO rally.task.engine [-] Task be05b4e5-e727-4f26-baf3-580ce4ac4208 | Starting:  Task validation.
2018-08-14 21:37:43.783 5937 INFO rally.task.engine [-] Task be05b4e5-e727-4f26-baf3-580ce4ac4208 | Starting:  Task validation of syntax.
2018-08-14 21:37:43.797 5937 INFO rally.task.engine [-] Task be05b4e5-e727-4f26-baf3-580ce4ac4208 | Completed: Task validation of syntax.
2018-08-14 21:37:43.797 5937 INFO rally.task.engine [-] Task be05b4e5-e727-4f26-baf3-580ce4ac4208 | Starting:  Task validation of required platforms.
2018-08-14 21:37:43.804 5937 INFO rally.task.engine [-] Task be05b4e5-e727-4f26-baf3-580ce4ac4208 | Completed: Task validation of required platforms.
2018-08-14 21:37:43.804 5937 INFO rally.task.engine [-] Task be05b4e5-e727-4f26-baf3-580ce4ac4208 | Starting:  Task validation of semantic.
2018-08-14 21:37:47.157 5937 INFO rally.task.context [-] Task be05b4e5-e727-4f26-baf3-580ce4ac4208 | Context users@openstack setup()  finished in 2.59 sec
2018-08-14 21:37:48.739 5937 INFO rally.task.context [-] Task be05b4e5-e727-4f26-baf3-580ce4ac4208 | Context users@openstack cleanup() started
2018-08-14 21:37:52.344 5937 INFO rally.task.context [-] Task be05b4e5-e727-4f26-baf3-580ce4ac4208 | Context users@openstack cleanup() finished in 3.61 sec
2018-08-14 21:37:52.344 5937 INFO rally.task.engine [-] Task be05b4e5-e727-4f26-baf3-580ce4ac4208 | Completed: Task validation of semantic.
2018-08-14 21:37:52.345 5937 INFO rally.task.engine [-] Task be05b4e5-e727-4f26-baf3-580ce4ac4208 | Completed: Task validation.
2018-08-14 21:37:52.345 5937 INFO rally.api [-] Task be05b4e5-e727-4f26-baf3-580ce4ac4208 input file is valid.
2018-08-14 21:37:52.346 5937 INFO rally.api [-] Run Task be05b4e5-e727-4f26-baf3-580ce4ac4208 against Deployment b4bb4828-a5c6-40c5-a936-034590fa9108
2018-08-14 21:37:52.346 5937 INFO rally.task.engine [-] Task be05b4e5-e727-4f26-baf3-580ce4ac4208 | Starting:  Running task.
2018-08-14 21:37:52.413 5937 INFO rally.task.engine [-] Running workload: 
  position = 0
  config = {
   "version": 2, 
   "title": "A cropped version of a bigger task.", 
   "description": "Auto-generated task from a single workload (uuid=e2cc786a-67e7-46d0-aa9e-f73e38069802)", 
   "subtasks": [
      {
         "title": "NovaServers.boot_server_from_volume_and_delete", 
         "description": "Boot a server from volume and then delete it.", 
         "scenario": {
            "NovaServers.boot_server_from_volume_and_delete": {
               "flavor": {
                  "name": "m1.medium"
               }, 
               "image": {
                  "name": "Ubuntu 16.04"
               }, 
               "volume_size": 50, 
               "volume_type": "", 
               "force_delete": false
            }
         }, 
         "contexts": {}, 
         "runner": {
            "constant": {
               "times": 50, 
               "concurrency": 5
            }
         }, 
         "hooks": [], 
         "sla": {
            "failure_rate": {
               "max": 0
            }
         }
      }
   ]
}
2018-08-14 21:37:55.349 5937 INFO rally.task.context [-] Task be05b4e5-e727-4f26-baf3-580ce4ac4208 | Context users@openstack setup()  finished in 2.90 sec
2018-08-14 21:37:55.350 5937 INFO rally.task.context [-] Task be05b4e5-e727-4f26-baf3-580ce4ac4208 | Context cleanup@openstack setup()  finished in 0.05 msec
2018-08-14 21:37:56.293 6065 INFO rally.task.runner [-] Task be05b4e5-e727-4f26-baf3-580ce4ac4208 | ITER: 1 START
2018-08-14 21:37:56.296 6066 INFO rally.task.runner [-] Task be05b4e5-e727-4f26-baf3-580ce4ac4208 | ITER: 2 START
2018-08-14 21:37:56.298 6067 INFO rally.task.runner [-] Task be05b4e5-e727-4f26-baf3-580ce4ac4208 | ITER: 3 START
2018-08-14 21:37:56.301 6069 INFO rally.task.runner [-] Task be05b4e5-e727-4f26-baf3-580ce4ac4208 | ITER: 4 START
2018-08-14 21:37:56.308 6072 INFO rally.task.runner [-] Task be05b4e5-e727-4f26-baf3-580ce4ac4208 | ITER: 5 START
2018-08-14 21:39:07.919 6067 INFO rally.task.runner [-] Task be05b4e5-e727-4f26-baf3-580ce4ac4208 | ITER: 3 END: OK
2018-08-14 21:39:07.925 6067 INFO rally.task.runner [-] Task be05b4e5-e727-4f26-baf3-580ce4ac4208 | ITER: 6 START
2018-08-14 21:39:09.085 6065 INFO rally.task.runner [-] Task be05b4e5-e727-4f26-baf3-580ce4ac4208 | ITER: 1 END: OK
2018-08-14 21:39:09.091 6065 INFO rally.task.runner [-] Task be05b4e5-e727-4f26-baf3-580ce4ac4208 | ITER: 7 START
2018-08-14 21:39:09.749 6072 INFO rally.task.runner [-] Task be05b4e5-e727-4f26-baf3-580ce4ac4208 | ITER: 5 END: OK
2018-08-14 21:39:09.754 6072 INFO rally.task.runner [-] Task be05b4e5-e727-4f26-baf3-580ce4ac4208 | ITER: 8 START
2018-08-14 21:39:16.761 6066 INFO rally.task.runner [-] Task be05b4e5-e727-4f26-baf3-580ce4ac4208 | ITER: 2 END: OK
2018-08-14 21:39:16.767 6066 INFO rally.task.runner [-] Task be05b4e5-e727-4f26-baf3-580ce4ac4208 | ITER: 9 START
2018-08-14 21:39:17.193 6069 INFO rally.task.runner [-] Task be05b4e5-e727-4f26-baf3-580ce4ac4208 | ITER: 4 END: OK
2018-08-14 21:39:17.199 6069 INFO rally.task.runner [-] Task be05b4e5-e727-4f26-baf3-580ce4ac4208 | ITER: 10 START
2018-08-14 21:39:55.504 6067 INFO rally.task.runner [-] Task be05b4e5-e727-4f26-baf3-580ce4ac4208 | ITER: 6 END: OK
2018-08-14 21:39:55.509 6067 INFO rally.task.runner [-] Task be05b4e5-e727-4f26-baf3-580ce4ac4208 | ITER: 11 START
2018-08-14 21:40:11.702 6072 INFO rally.task.runner [-] Task be05b4e5-e727-4f26-baf3-580ce4ac4208 | ITER: 8 END: OK
2018-08-14 21:40:11.707 6072 INFO rally.task.runner [-] Task be05b4e5-e727-4f26-baf3-580ce4ac4208 | ITER: 12 START
2018-08-14 21:40:14.485 6066 INFO rally.task.runner [-] Task be05b4e5-e727-4f26-baf3-580ce4ac4208 | ITER: 9 END: OK
2018-08-14 21:40:14.489 6066 INFO rally.task.runner [-] Task be05b4e5-e727-4f26-baf3-580ce4ac4208 | ITER: 13 START
2018-08-14 21:40:17.922 6065 INFO rally.task.runner [-] Task be05b4e5-e727-4f26-baf3-580ce4ac4208 | ITER: 7 END: OK
2018-08-14 21:40:17.927 6065 INFO rally.task.runner [-] Task be05b4e5-e727-4f26-baf3-580ce4ac4208 | ITER: 14 START
2018-08-14 21:40:20.178 6069 INFO rally.task.runner [-] Task be05b4e5-e727-4f26-baf3-580ce4ac4208 | ITER: 10 END: OK
2018-08-14 21:40:20.182 6069 INFO rally.task.runner [-] Task be05b4e5-e727-4f26-baf3-580ce4ac4208 | ITER: 15 START
2018-08-14 21:40:34.327 6067 INFO rally.task.runner [-] Task be05b4e5-e727-4f26-baf3-580ce4ac4208 | ITER: 11 END: OK
2018-08-14 21:40:34.331 6067 INFO rally.task.runner [-] Task be05b4e5-e727-4f26-baf3-580ce4ac4208 | ITER: 16 START
2018-08-14 21:41:03.748 6066 INFO rally.task.runner [-] Task be05b4e5-e727-4f26-baf3-580ce4ac4208 | ITER: 13 END: OK
2018-08-14 21:41:03.753 6066 INFO rally.task.runner [-] Task be05b4e5-e727-4f26-baf3-580ce4ac4208 | ITER: 17 START
2018-08-14 21:41:09.381 6072 INFO rally.task.runner [-] Task be05b4e5-e727-4f26-baf3-580ce4ac4208 | ITER: 12 END: OK
2018-08-14 21:41:09.386 6072 INFO rally.task.runner [-] Task be05b4e5-e727-4f26-baf3-580ce4ac4208 | ITER: 18 START
2018-08-14 21:41:13.903 6069 INFO rally.task.runner [-] Task be05b4e5-e727-4f26-baf3-580ce4ac4208 | ITER: 15 END: OK
2018-08-14 21:41:13.908 6069 INFO rally.task.runner [-] Task be05b4e5-e727-4f26-baf3-580ce4ac4208 | ITER: 19 START
2018-08-14 21:41:15.496 6065 INFO rally.task.runner [-] Task be05b4e5-e727-4f26-baf3-580ce4ac4208 | ITER: 14 END: OK
2018-08-14 21:41:15.500 6065 INFO rally.task.runner [-] Task be05b4e5-e727-4f26-baf3-580ce4ac4208 | ITER: 20 START
2018-08-14 21:41:19.225 6067 INFO rally.task.runner [-] Task be05b4e5-e727-4f26-baf3-580ce4ac4208 | ITER: 16 END: OK
2018-08-14 21:41:19.229 6067 INFO rally.task.runner [-] Task be05b4e5-e727-4f26-baf3-580ce4ac4208 | ITER: 21 START
2018-08-14 21:41:45.080 6066 INFO rally.task.runner [-] Task be05b4e5-e727-4f26-baf3-580ce4ac4208 | ITER: 17 END: OK
2018-08-14 21:41:45.083 6066 INFO rally.task.runner [-] Task be05b4e5-e727-4f26-baf3-580ce4ac4208 | ITER: 22 START
2018-08-14 21:41:50.201 6072 INFO rally.task.runner [-] Task be05b4e5-e727-4f26-baf3-580ce4ac4208 | ITER: 18 END: OK
2018-08-14 21:41:50.205 6072 INFO rally.task.runner [-] Task be05b4e5-e727-4f26-baf3-580ce4ac4208 | ITER: 23 START
2018-08-14 21:42:04.950 6065 INFO rally.task.runner [-] Task be05b4e5-e727-4f26-baf3-580ce4ac4208 | ITER: 20 END: OK
2018-08-14 21:42:04.954 6065 INFO rally.task.runner [-] Task be05b4e5-e727-4f26-baf3-580ce4ac4208 | ITER: 24 START
2018-08-14 21:42:05.786 6069 INFO rally.task.runner [-] Task be05b4e5-e727-4f26-baf3-580ce4ac4208 | ITER: 19 END: OK
2018-08-14 21:42:05.790 6069 INFO rally.task.runner [-] Task be05b4e5-e727-4f26-baf3-580ce4ac4208 | ITER: 25 START
2018-08-14 21:42:10.355 6067 INFO rally.task.runner [-] Task be05b4e5-e727-4f26-baf3-580ce4ac4208 | ITER: 21 END: OK
2018-08-14 21:42:10.359 6067 INFO rally.task.runner [-] Task be05b4e5-e727-4f26-baf3-580ce4ac4208 | ITER: 26 START
2018-08-14 21:42:23.942 6066 INFO rally.task.runner [-] Task be05b4e5-e727-4f26-baf3-580ce4ac4208 | ITER: 22 END: OK
2018-08-14 21:42:23.946 6066 INFO rally.task.runner [-] Task be05b4e5-e727-4f26-baf3-580ce4ac4208 | ITER: 27 START
2018-08-14 21:42:35.444 6072 INFO rally.task.runner [-] Task be05b4e5-e727-4f26-baf3-580ce4ac4208 | ITER: 23 END: OK
2018-08-14 21:42:35.447 6072 INFO rally.task.runner [-] Task be05b4e5-e727-4f26-baf3-580ce4ac4208 | ITER: 28 START
2018-08-14 21:42:54.787 6069 INFO rally.task.runner [-] Task be05b4e5-e727-4f26-baf3-580ce4ac4208 | ITER: 25 END: OK
2018-08-14 21:42:54.791 6069 INFO rally.task.runner [-] Task be05b4e5-e727-4f26-baf3-580ce4ac4208 | ITER: 29 START
2018-08-14 21:42:58.282 6065 INFO rally.task.runner [-] Task be05b4e5-e727-4f26-baf3-580ce4ac4208 | ITER: 24 END: OK
2018-08-14 21:42:58.286 6065 INFO rally.task.runner [-] Task be05b4e5-e727-4f26-baf3-580ce4ac4208 | ITER: 30 START
2018-08-14 21:42:59.643 6067 INFO rally.task.runner [-] Task be05b4e5-e727-4f26-baf3-580ce4ac4208 | ITER: 26 END: OK
2018-08-14 21:42:59.647 6067 INFO rally.task.runner [-] Task be05b4e5-e727-4f26-baf3-580ce4ac4208 | ITER: 31 START
2018-08-14 21:43:07.549 6066 INFO rally.task.runner [-] Task be05b4e5-e727-4f26-baf3-580ce4ac4208 | ITER: 27 END: OK
2018-08-14 21:43:07.552 6066 INFO rally.task.runner [-] Task be05b4e5-e727-4f26-baf3-580ce4ac4208 | ITER: 32 START
2018-08-14 21:43:19.140 6072 INFO rally.task.runner [-] Task be05b4e5-e727-4f26-baf3-580ce4ac4208 | ITER: 28 END: OK
2018-08-14 21:43:19.144 6072 INFO rally.task.runner [-] Task be05b4e5-e727-4f26-baf3-580ce4ac4208 | ITER: 33 START
2018-08-14 21:43:43.167 6065 INFO rally.task.runner [-] Task be05b4e5-e727-4f26-baf3-580ce4ac4208 | ITER: 30 END: OK
2018-08-14 21:43:43.170 6065 INFO rally.task.runner [-] Task be05b4e5-e727-4f26-baf3-580ce4ac4208 | ITER: 34 START
2018-08-14 21:43:48.944 6067 INFO rally.task.runner [-] Task be05b4e5-e727-4f26-baf3-580ce4ac4208 | ITER: 31 END: OK
2018-08-14 21:43:48.948 6067 INFO rally.task.runner [-] Task be05b4e5-e727-4f26-baf3-580ce4ac4208 | ITER: 35 START
2018-08-14 21:43:51.130 6069 INFO rally.task.runner [-] Task be05b4e5-e727-4f26-baf3-580ce4ac4208 | ITER: 29 END: OK
2018-08-14 21:43:51.135 6069 INFO rally.task.runner [-] Task be05b4e5-e727-4f26-baf3-580ce4ac4208 | ITER: 36 START
2018-08-14 21:43:54.330 6066 INFO rally.task.runner [-] Task be05b4e5-e727-4f26-baf3-580ce4ac4208 | ITER: 32 END: OK
2018-08-14 21:43:54.335 6066 INFO rally.task.runner [-] Task be05b4e5-e727-4f26-baf3-580ce4ac4208 | ITER: 37 START
2018-08-14 21:44:02.059 6072 INFO rally.task.runner [-] Task be05b4e5-e727-4f26-baf3-580ce4ac4208 | ITER: 33 END: OK
2018-08-14 21:44:02.062 6072 INFO rally.task.runner [-] Task be05b4e5-e727-4f26-baf3-580ce4ac4208 | ITER: 38 START
2018-08-14 21:44:28.127 6065 INFO rally.task.runner [-] Task be05b4e5-e727-4f26-baf3-580ce4ac4208 | ITER: 34 END: OK
2018-08-14 21:44:28.131 6065 INFO rally.task.runner [-] Task be05b4e5-e727-4f26-baf3-580ce4ac4208 | ITER: 39 START
2018-08-14 21:44:38.489 6067 INFO rally.task.runner [-] Task be05b4e5-e727-4f26-baf3-580ce4ac4208 | ITER: 35 END: OK
2018-08-14 21:44:38.493 6067 INFO rally.task.runner [-] Task be05b4e5-e727-4f26-baf3-580ce4ac4208 | ITER: 40 START
2018-08-14 21:44:44.549 6069 INFO rally.task.runner [-] Task be05b4e5-e727-4f26-baf3-580ce4ac4208 | ITER: 36 END: OK
2018-08-14 21:44:44.553 6069 INFO rally.task.runner [-] Task be05b4e5-e727-4f26-baf3-580ce4ac4208 | ITER: 41 START
2018-08-14 21:44:45.722 6066 INFO rally.task.runner [-] Task be05b4e5-e727-4f26-baf3-580ce4ac4208 | ITER: 37 END: OK
2018-08-14 21:44:45.725 6066 INFO rally.task.runner [-] Task be05b4e5-e727-4f26-baf3-580ce4ac4208 | ITER: 42 START
2018-08-14 21:44:47.173 6072 INFO rally.task.runner [-] Task be05b4e5-e727-4f26-baf3-580ce4ac4208 | ITER: 38 END: OK
2018-08-14 21:44:47.175 6072 INFO rally.task.runner [-] Task be05b4e5-e727-4f26-baf3-580ce4ac4208 | ITER: 43 START
2018-08-14 21:45:04.465 6065 INFO rally.task.runner [-] Task be05b4e5-e727-4f26-baf3-580ce4ac4208 | ITER: 39 END: OK
2018-08-14 21:45:04.469 6065 INFO rally.task.runner [-] Task be05b4e5-e727-4f26-baf3-580ce4ac4208 | ITER: 44 START
2018-08-14 21:45:20.073 6067 INFO rally.task.runner [-] Task be05b4e5-e727-4f26-baf3-580ce4ac4208 | ITER: 40 END: OK
2018-08-14 21:45:20.075 6067 INFO rally.task.runner [-] Task be05b4e5-e727-4f26-baf3-580ce4ac4208 | ITER: 45 START
2018-08-14 21:45:36.401 6069 INFO rally.task.runner [-] Task be05b4e5-e727-4f26-baf3-580ce4ac4208 | ITER: 41 END: OK
2018-08-14 21:45:36.405 6069 INFO rally.task.runner [-] Task be05b4e5-e727-4f26-baf3-580ce4ac4208 | ITER: 46 START
2018-08-14 21:45:42.857 6072 INFO rally.task.runner [-] Task be05b4e5-e727-4f26-baf3-580ce4ac4208 | ITER: 43 END: OK
2018-08-14 21:45:42.860 6072 INFO rally.task.runner [-] Task be05b4e5-e727-4f26-baf3-580ce4ac4208 | ITER: 47 START
2018-08-14 21:45:43.701 6066 INFO rally.task.runner [-] Task be05b4e5-e727-4f26-baf3-580ce4ac4208 | ITER: 42 END: OK
2018-08-14 21:45:43.704 6066 INFO rally.task.runner [-] Task be05b4e5-e727-4f26-baf3-580ce4ac4208 | ITER: 48 START
2018-08-14 21:45:44.808 6065 INFO rally.task.runner [-] Task be05b4e5-e727-4f26-baf3-580ce4ac4208 | ITER: 44 END: OK
2018-08-14 21:45:44.811 6065 INFO rally.task.runner [-] Task be05b4e5-e727-4f26-baf3-580ce4ac4208 | ITER: 49 START
2018-08-14 21:45:59.057 6067 INFO rally.task.runner [-] Task be05b4e5-e727-4f26-baf3-580ce4ac4208 | ITER: 45 END: OK
2018-08-14 21:45:59.062 6067 INFO rally.task.runner [-] Task be05b4e5-e727-4f26-baf3-580ce4ac4208 | ITER: 50 START
2018-08-14 21:46:17.378 6069 INFO rally.task.runner [-] Task be05b4e5-e727-4f26-baf3-580ce4ac4208 | ITER: 46 END: OK
2018-08-14 21:46:23.193 6072 INFO rally.task.runner [-] Task be05b4e5-e727-4f26-baf3-580ce4ac4208 | ITER: 47 END: OK
2018-08-14 21:46:31.609 6065 INFO rally.task.runner [-] Task be05b4e5-e727-4f26-baf3-580ce4ac4208 | ITER: 49 END: OK
2018-08-14 21:46:32.696 6066 INFO rally.task.runner [-] Task be05b4e5-e727-4f26-baf3-580ce4ac4208 | ITER: 48 END: OK
2018-08-14 21:46:37.409 6067 INFO rally.task.runner [-] Task be05b4e5-e727-4f26-baf3-580ce4ac4208 | ITER: 50 END: OK
2018-08-14 21:46:37.436 5937 INFO rally.task.context [-] Task be05b4e5-e727-4f26-baf3-580ce4ac4208 | Context cleanup@openstack cleanup() started
2018-08-14 21:46:41.125 5937 INFO rally.task.context [-] Task be05b4e5-e727-4f26-baf3-580ce4ac4208 | Context cleanup@openstack cleanup() finished in 3.69 sec
2018-08-14 21:46:41.126 5937 INFO rally.task.context [-] Task be05b4e5-e727-4f26-baf3-580ce4ac4208 | Context users@openstack cleanup() started
2018-08-14 21:46:44.594 5937 INFO rally.task.context [-] Task be05b4e5-e727-4f26-baf3-580ce4ac4208 | Context users@openstack cleanup() finished in 3.47 sec
2018-08-14 21:46:45.112 5937 INFO rally.task.engine [-] Load duration is: 520.112155
2018-08-14 21:46:45.113 5937 INFO rally.task.engine [-] Full runner duration is: 521.159637
2018-08-14 21:46:45.113 5937 INFO rally.task.engine [-] Full duration is: 532.170041
2018-08-14 21:46:45.214 5937 INFO rally.task.engine [-] Task be05b4e5-e727-4f26-baf3-580ce4ac4208 | Completed: Running task.

--------------------------------------------------------------------------------
Task be05b4e5-e727-4f26-baf3-580ce4ac4208: finished
--------------------------------------------------------------------------------

test scenario NovaServers.boot_server_from_volume_and_delete
args position 0
args values:
{
  "runner": {
    "times": 50, 
    "concurrency": 5
  }, 
  "contexts": {}, 
  "args": {
    "flavor": {
      "name": "m1.medium"
    }, 
    "image": {
      "name": "Ubuntu 16.04"
    }, 
    "volume_size": 50, 
    "volume_type": "", 
    "force_delete": false
  }, 
  "sla": {
    "failure_rate": {
      "max": 0
    }
  }, 
  "hooks": []
}

--------------------------------------------------------------------------------
Task be05b4e5-e727-4f26-baf3-580ce4ac4208 has 0 error(s)
--------------------------------------------------------------------------------

+----------------------------------------------------------------------------------------------------------------------------+
|                                                    Response Times (sec)                                                    |
+-------------------------+-----------+--------------+--------------+--------------+-----------+-----------+---------+-------+
| Action                  | Min (sec) | Median (sec) | 90%ile (sec) | 95%ile (sec) | Max (sec) | Avg (sec) | Success | Count |
+-------------------------+-----------+--------------+--------------+--------------+-----------+-----------+---------+-------+
| cinder_v2.create_volume | 15.596    | 28.352       | 42.105       | 52.43        | 54.704    | 29.901    | 100.0%  | 50    |
| nova.boot_server        | 13.8      | 16.458       | 18.81        | 22.135       | 25.79     | 17.474    | 100.0%  | 50    |
| nova.delete_server      | 2.474     | 4.638        | 4.941        | 5.037        | 7.122     | 3.834     | 100.0%  | 50    |
| total                   | 36.333    | 49.27        | 69.108       | 73.145       | 80.887    | 51.21     | 100.0%  | 50    |
|  -> duration            | 35.333    | 48.27        | 68.108       | 72.145       | 79.887    | 50.21     | 100.0%  | 50    |
|  -> idle_duration       | 1.0       | 1.0          | 1.0          | 1.0          | 1.0       | 1.0       | 100.0%  | 50    |
+-------------------------+-----------+--------------+--------------+--------------+-----------+-----------+---------+-------+

Load duration: 520.112155
Full duration: 532.170041

HINTS:
* To plot HTML graphics with this data, run:
	rally task report be05b4e5-e727-4f26-baf3-580ce4ac4208 --out output.html

* To generate a JUnit report, run:
	rally task export be05b4e5-e727-4f26-baf3-580ce4ac4208 --type junit --to output.xml

* To get raw JSON output of task results, run:
	rally task report be05b4e5-e727-4f26-baf3-580ce4ac4208 --json --out output.json

--------------------------------------------------------------------------------
Preparing input task
--------------------------------------------------------------------------------

Task is:
{
    "NovaServers.boot_server_attach_created_volume_and_live_migrate": [
        {
            "args": {
                "size": 20,
                "block_migration": false,
                "image": {
                    "name": "Ubuntu 14.04 LTS"
                },
                "flavor": {
                    "name": "m1.medium"
                },
                "boot_server_kwargs": {},
                "create_volume_kwargs": {}
            },
            "runner": {
                "type": "constant",
                "times": 2,
                "concurrency": 1
            },
            "context": {
                "users": {
                    "tenants": 2,
                    "users_per_tenant": 2
                }
            },
            "sla": {
                "failure_rate": {
                    "max": 0
                }
            }
        }
    ]
}

Task syntax is correct :)
Running Rally version 0.10.1~dev119
--------------------------------------------------------------------------------
Task  a053c601-e34a-41f4-9c67-f4494d5f652c: started
--------------------------------------------------------------------------------

Running Task... This can take a while...

To track task status use:

	rally task status
	or
	rally task detailed

Using task: a053c601-e34a-41f4-9c67-f4494d5f652c
2018-08-14 21:46:46.993 6334 INFO rally.task.engine [-] Task a053c601-e34a-41f4-9c67-f4494d5f652c | Starting:  Task validation.
2018-08-14 21:46:47.000 6334 INFO rally.task.engine [-] Task a053c601-e34a-41f4-9c67-f4494d5f652c | Starting:  Task validation of syntax.
2018-08-14 21:46:47.009 6334 INFO rally.task.engine [-] Task a053c601-e34a-41f4-9c67-f4494d5f652c | Completed: Task validation of syntax.
2018-08-14 21:46:47.010 6334 INFO rally.task.engine [-] Task a053c601-e34a-41f4-9c67-f4494d5f652c | Starting:  Task validation of required platforms.
2018-08-14 21:46:47.014 6334 INFO rally.task.engine [-] Task a053c601-e34a-41f4-9c67-f4494d5f652c | Completed: Task validation of required platforms.
2018-08-14 21:46:47.014 6334 INFO rally.task.engine [-] Task a053c601-e34a-41f4-9c67-f4494d5f652c | Starting:  Task validation of semantic.
2018-08-14 21:46:50.320 6334 INFO rally.task.context [-] Task a053c601-e34a-41f4-9c67-f4494d5f652c | Context users@openstack setup()  finished in 2.60 sec
2018-08-14 21:46:51.679 6334 INFO rally.task.context [-] Task a053c601-e34a-41f4-9c67-f4494d5f652c | Context users@openstack cleanup() started
2018-08-14 21:46:55.237 6334 INFO rally.task.context [-] Task a053c601-e34a-41f4-9c67-f4494d5f652c | Context users@openstack cleanup() finished in 3.56 sec
2018-08-14 21:46:55.238 6334 INFO rally.task.engine [-] Task a053c601-e34a-41f4-9c67-f4494d5f652c | Completed: Task validation of semantic.
2018-08-14 21:46:55.238 6334 INFO rally.task.engine [-] Task a053c601-e34a-41f4-9c67-f4494d5f652c | Completed: Task validation.
2018-08-14 21:46:55.239 6334 INFO rally.api [-] Task a053c601-e34a-41f4-9c67-f4494d5f652c input file is valid.
2018-08-14 21:46:55.239 6334 INFO rally.api [-] Run Task a053c601-e34a-41f4-9c67-f4494d5f652c against Deployment b4bb4828-a5c6-40c5-a936-034590fa9108
2018-08-14 21:46:55.240 6334 INFO rally.task.engine [-] Task a053c601-e34a-41f4-9c67-f4494d5f652c | Starting:  Running task.
2018-08-14 21:46:55.309 6334 INFO rally.task.engine [-] Running workload: 
  position = 0
  config = {
   "version": 2, 
   "title": "A cropped version of a bigger task.", 
   "description": "Auto-generated task from a single workload (uuid=315bd500-a446-4553-993e-c886562a5650)", 
   "subtasks": [
      {
         "title": "NovaServers.boot_server_attach_created_volume_and_live_migrate", 
         "description": "Create a VM, attach a volume to it and live migrate.", 
         "scenario": {
            "NovaServers.boot_server_attach_created_volume_and_live_migrate": {
               "size": 20, 
               "block_migration": false, 
               "image": {
                  "name": "Ubuntu 14.04 LTS"
               }, 
               "flavor": {
                  "name": "m1.medium"
               }, 
               "boot_server_kwargs": {}, 
               "create_volume_kwargs": {}
            }
         }, 
         "contexts": {
            "users": {
               "tenants": 2, 
               "users_per_tenant": 2
            }
         }, 
         "runner": {
            "constant": {
               "times": 2, 
               "concurrency": 1
            }
         }, 
         "hooks": [], 
         "sla": {
            "failure_rate": {
               "max": 0
            }
         }
      }
   ]
}
2018-08-14 21:46:58.148 6334 INFO rally.task.context [-] Task a053c601-e34a-41f4-9c67-f4494d5f652c | Context users@openstack setup()  finished in 2.80 sec
2018-08-14 21:46:58.148 6334 INFO rally.task.context [-] Task a053c601-e34a-41f4-9c67-f4494d5f652c | Context cleanup@openstack setup()  finished in 0.02 msec
2018-08-14 21:46:58.936 6462 INFO rally.task.runner [-] Task a053c601-e34a-41f4-9c67-f4494d5f652c | ITER: 1 START
2018-08-14 21:47:33.984 6462 INFO rally.task.runner [-] Task a053c601-e34a-41f4-9c67-f4494d5f652c | ITER: 1 END: Error GetResourceErrorStatus: Resource <Server: s_rally_315bd500_jBP0yjN7> has ERROR status.
 Fault: n/a
2018-08-14 21:47:33.989 6462 INFO rally.task.runner [-] Task a053c601-e34a-41f4-9c67-f4494d5f652c | ITER: 2 START
2018-08-14 21:48:11.691 6462 INFO rally.task.runner [-] Task a053c601-e34a-41f4-9c67-f4494d5f652c | ITER: 2 END: Error GetResourceErrorStatus: Resource <Server: s_rally_315bd500_vXogRjKF> has ERROR status.
 Fault: n/a
2018-08-14 21:48:11.714 6334 INFO rally.task.context [-] Task a053c601-e34a-41f4-9c67-f4494d5f652c | Context cleanup@openstack cleanup() started
2018-08-14 21:48:27.654 6334 WARNING rally.plugins.openstack.cleanup.manager [-] Resource deletion failed, max retries exceeded for cinder.volumes: 2831f36f-489d-419b-8654-e49a721d369c. Reason: Invalid volume: Volume status must be available or error or error_restoring or error_extending or error_managing and must not be migrating, attached, belong to a group, have snapshots or be disassociated from snapshots after volume transfer. (HTTP 400) (Request-ID: req-f88a0bf8-ee36-4ab4-91ed-70c23ca0659d): BadRequest: Invalid volume: Volume status must be available or error or error_restoring or error_extending or error_managing and must not be migrating, attached, belong to a group, have snapshots or be disassociated from snapshots after volume transfer. (HTTP 400) (Request-ID: req-f88a0bf8-ee36-4ab4-91ed-70c23ca0659d)
