+------------------------+-----------+--------------+--------------+--------------+-----------+-----------+---------+-------+
| Action                 | Min (sec) | Median (sec) | 90%ile (sec) | 95%ile (sec) | Max (sec) | Avg (sec) | Success | Count |
+------------------------+-----------+--------------+--------------+--------------+-----------+-----------+---------+-------+
| neutron.create_network | 0.583     | 0.669        | 0.939        | 1.092        | 1.461     | 0.741     | 100.0%  | 100   |
| neutron.list_networks  | 0.129     | 0.212        | 0.342        | 0.363        | 0.471     | 0.226     | 100.0%  | 100   |
| total                  | 0.738     | 0.929        | 1.209        | 1.283        | 1.758     | 0.968     | 100.0%  | 100   |
|  -> duration           | 0.738     | 0.929        | 1.209        | 1.283        | 1.758     | 0.968     | 100.0%  | 100   |
|  -> idle_duration      | 0.0       | 0.0          | 0.0          | 0.0          | 0.0       | 0.0       | 100.0%  | 100   |
+------------------------+-----------+--------------+--------------+--------------+-----------+-----------+---------+-------+

Load duration: 10.149473
Full duration: 59.315682

HINTS:
* To plot HTML graphics with this data, run:
	rally task report c805d5f5-e350-4aa1-b1ef-5c7c242c4e21 --out output.html

* To generate a JUnit report, run:
	rally task export c805d5f5-e350-4aa1-b1ef-5c7c242c4e21 --type junit --to output.xml

* To get raw JSON output of task results, run:
	rally task report c805d5f5-e350-4aa1-b1ef-5c7c242c4e21 --json --out output.json

--------------------------------------------------------------------------------
Preparing input task
--------------------------------------------------------------------------------

Task is:
{
   "NovaServers.boot_and_migrate_server": [
        {
            "args": {
                "flavor": {
                    "name": "m1.medium"
                },
                "image": {
                    "name": "Ubuntu 16.04"
                }
            },
            "runner": {
                "type": "constant",
                "times": 10,
                "concurrency": 2
            },
            "context": {
                "users": {
                    "tenants": 1,
                    "users_per_tenant": 1
                }
            },
            "sla": {
                "failure_rate": {
                    "max": 0
                }
            }
        }
    ]
}

Task syntax is correct :)
Running Rally version 0.10.1~dev119
--------------------------------------------------------------------------------
Task  7cf641a6-a05b-4966-aade-a50d3b39aefa: started
--------------------------------------------------------------------------------

Running Task... This can take a while...

To track task status use:

	rally task status
	or
	rally task detailed

Using task: 7cf641a6-a05b-4966-aade-a50d3b39aefa
2018-08-14 22:06:32.655 9010 INFO rally.task.engine [-] Task 7cf641a6-a05b-4966-aade-a50d3b39aefa | Starting:  Task validation.
2018-08-14 22:06:32.666 9010 INFO rally.task.engine [-] Task 7cf641a6-a05b-4966-aade-a50d3b39aefa | Starting:  Task validation of syntax.
2018-08-14 22:06:32.682 9010 INFO rally.task.engine [-] Task 7cf641a6-a05b-4966-aade-a50d3b39aefa | Completed: Task validation of syntax.
2018-08-14 22:06:32.682 9010 INFO rally.task.engine [-] Task 7cf641a6-a05b-4966-aade-a50d3b39aefa | Starting:  Task validation of required platforms.
2018-08-14 22:06:32.689 9010 INFO rally.task.engine [-] Task 7cf641a6-a05b-4966-aade-a50d3b39aefa | Completed: Task validation of required platforms.
2018-08-14 22:06:32.690 9010 INFO rally.task.engine [-] Task 7cf641a6-a05b-4966-aade-a50d3b39aefa | Starting:  Task validation of semantic.
2018-08-14 22:06:36.221 9010 INFO rally.task.context [-] Task 7cf641a6-a05b-4966-aade-a50d3b39aefa | Context users@openstack setup()  finished in 2.81 sec
2018-08-14 22:06:37.791 9010 INFO rally.task.context [-] Task 7cf641a6-a05b-4966-aade-a50d3b39aefa | Context users@openstack cleanup() started
2018-08-14 22:06:41.452 9010 INFO rally.task.context [-] Task 7cf641a6-a05b-4966-aade-a50d3b39aefa | Context users@openstack cleanup() finished in 3.66 sec
2018-08-14 22:06:41.452 9010 INFO rally.task.engine [-] Task 7cf641a6-a05b-4966-aade-a50d3b39aefa | Completed: Task validation of semantic.
2018-08-14 22:06:41.453 9010 INFO rally.task.engine [-] Task 7cf641a6-a05b-4966-aade-a50d3b39aefa | Completed: Task validation.
2018-08-14 22:06:41.453 9010 INFO rally.api [-] Task 7cf641a6-a05b-4966-aade-a50d3b39aefa input file is valid.
2018-08-14 22:06:41.453 9010 INFO rally.api [-] Run Task 7cf641a6-a05b-4966-aade-a50d3b39aefa against Deployment b4bb4828-a5c6-40c5-a936-034590fa9108
2018-08-14 22:06:41.454 9010 INFO rally.task.engine [-] Task 7cf641a6-a05b-4966-aade-a50d3b39aefa | Starting:  Running task.
2018-08-14 22:06:41.501 9010 INFO rally.task.engine [-] Running workload: 
  position = 0
  config = {
   "version": 2, 
   "title": "A cropped version of a bigger task.", 
   "description": "Auto-generated task from a single workload (uuid=ca44676e-ab96-4198-819e-b287a39b6452)", 
   "subtasks": [
      {
         "title": "NovaServers.boot_and_migrate_server", 
         "description": "Migrate a server.", 
         "scenario": {
            "NovaServers.boot_and_migrate_server": {
               "flavor": {
                  "name": "m1.medium"
               }, 
               "image": {
                  "name": "Ubuntu 16.04"
               }
            }
         }, 
         "contexts": {
            "users": {
               "tenants": 1, 
               "users_per_tenant": 1
            }
         }, 
         "runner": {
            "constant": {
               "times": 10, 
               "concurrency": 2
            }
         }, 
         "hooks": [], 
         "sla": {
            "failure_rate": {
               "max": 0
            }
         }
      }
   ]
}
2018-08-14 22:06:44.510 9010 INFO rally.task.context [-] Task 7cf641a6-a05b-4966-aade-a50d3b39aefa | Context users@openstack setup()  finished in 2.97 sec
2018-08-14 22:06:44.511 9010 INFO rally.task.context [-] Task 7cf641a6-a05b-4966-aade-a50d3b39aefa | Context cleanup@openstack setup()  finished in 0.11 msec
2018-08-14 22:06:45.435 9138 INFO rally.task.runner [-] Task 7cf641a6-a05b-4966-aade-a50d3b39aefa | ITER: 1 START
2018-08-14 22:06:45.438 9139 INFO rally.task.runner [-] Task 7cf641a6-a05b-4966-aade-a50d3b39aefa | ITER: 2 START
2018-08-14 22:07:44.371 9139 INFO rally.task.runner [-] Task 7cf641a6-a05b-4966-aade-a50d3b39aefa | ITER: 2 END: OK
2018-08-14 22:07:44.377 9139 INFO rally.task.runner [-] Task 7cf641a6-a05b-4966-aade-a50d3b39aefa | ITER: 3 START
2018-08-14 22:07:57.501 9138 INFO rally.task.runner [-] Task 7cf641a6-a05b-4966-aade-a50d3b39aefa | ITER: 1 END: OK
2018-08-14 22:07:57.508 9138 INFO rally.task.runner [-] Task 7cf641a6-a05b-4966-aade-a50d3b39aefa | ITER: 4 START
2018-08-14 22:08:46.726 9139 INFO rally.task.runner [-] Task 7cf641a6-a05b-4966-aade-a50d3b39aefa | ITER: 3 END: OK
2018-08-14 22:08:46.730 9139 INFO rally.task.runner [-] Task 7cf641a6-a05b-4966-aade-a50d3b39aefa | ITER: 5 START
2018-08-14 22:08:59.858 9138 INFO rally.task.runner [-] Task 7cf641a6-a05b-4966-aade-a50d3b39aefa | ITER: 4 END: OK
2018-08-14 22:08:59.863 9138 INFO rally.task.runner [-] Task 7cf641a6-a05b-4966-aade-a50d3b39aefa | ITER: 6 START
2018-08-14 22:09:48.570 9139 INFO rally.task.runner [-] Task 7cf641a6-a05b-4966-aade-a50d3b39aefa | ITER: 5 END: OK
2018-08-14 22:09:48.574 9139 INFO rally.task.runner [-] Task 7cf641a6-a05b-4966-aade-a50d3b39aefa | ITER: 7 START
2018-08-14 22:10:01.026 9138 INFO rally.task.runner [-] Task 7cf641a6-a05b-4966-aade-a50d3b39aefa | ITER: 6 END: OK
2018-08-14 22:10:01.030 9138 INFO rally.task.runner [-] Task 7cf641a6-a05b-4966-aade-a50d3b39aefa | ITER: 8 START
2018-08-14 22:10:43.451 9139 INFO rally.task.runner [-] Task 7cf641a6-a05b-4966-aade-a50d3b39aefa | ITER: 7 END: OK
2018-08-14 22:10:43.456 9139 INFO rally.task.runner [-] Task 7cf641a6-a05b-4966-aade-a50d3b39aefa | ITER: 9 START
2018-08-14 22:11:07.366 9138 INFO rally.task.runner [-] Task 7cf641a6-a05b-4966-aade-a50d3b39aefa | ITER: 8 END: OK
2018-08-14 22:11:07.370 9138 INFO rally.task.runner [-] Task 7cf641a6-a05b-4966-aade-a50d3b39aefa | ITER: 10 START
2018-08-14 22:11:49.449 9139 INFO rally.task.runner [-] Task 7cf641a6-a05b-4966-aade-a50d3b39aefa | ITER: 9 END: OK
2018-08-14 22:12:02.546 9138 INFO rally.task.runner [-] Task 7cf641a6-a05b-4966-aade-a50d3b39aefa | ITER: 10 END: OK
2018-08-14 22:12:02.573 9010 INFO rally.task.context [-] Task 7cf641a6-a05b-4966-aade-a50d3b39aefa | Context cleanup@openstack cleanup() started
2018-08-14 22:12:04.186 9010 INFO rally.task.context [-] Task 7cf641a6-a05b-4966-aade-a50d3b39aefa | Context cleanup@openstack cleanup() finished in 1.61 sec
2018-08-14 22:12:04.186 9010 INFO rally.task.context [-] Task 7cf641a6-a05b-4966-aade-a50d3b39aefa | Context users@openstack cleanup() started
2018-08-14 22:12:07.371 9010 INFO rally.task.context [-] Task 7cf641a6-a05b-4966-aade-a50d3b39aefa | Context users@openstack cleanup() finished in 3.18 sec
2018-08-14 22:12:09.261 9010 INFO rally.task.engine [-] Load duration is: 316.108074
2018-08-14 22:12:09.261 9010 INFO rally.task.engine [-] Full runner duration is: 317.154905
2018-08-14 22:12:09.261 9010 INFO rally.task.engine [-] Full duration is: 325.860739
2018-08-14 22:12:09.338 9010 INFO rally.task.engine [-] Task 7cf641a6-a05b-4966-aade-a50d3b39aefa | Completed: Running task.

--------------------------------------------------------------------------------
Task 7cf641a6-a05b-4966-aade-a50d3b39aefa: finished
--------------------------------------------------------------------------------

test scenario NovaServers.boot_and_migrate_server
args position 0
args values:
{
  "runner": {
    "times": 10, 
    "concurrency": 2
  }, 
  "contexts": {
    "users": {
      "tenants": 1, 
      "users_per_tenant": 1
    }
  }, 
  "args": {
    "flavor": {
      "name": "m1.medium"
    }, 
    "image": {
      "name": "Ubuntu 16.04"
    }
  }, 
  "sla": {
    "failure_rate": {
      "max": 0
    }
  }, 
  "hooks": []
}

--------------------------------------------------------------------------------
Task 7cf641a6-a05b-4966-aade-a50d3b39aefa has 0 error(s)
--------------------------------------------------------------------------------

+------------------------------------------------------------------------------------------------------------------------+
|                                                  Response Times (sec)                                                  |
+---------------------+-----------+--------------+--------------+--------------+-----------+-----------+---------+-------+
| Action              | Min (sec) | Median (sec) | 90%ile (sec) | 95%ile (sec) | Max (sec) | Avg (sec) | Success | Count |
+---------------------+-----------+--------------+--------------+--------------+-----------+-----------+---------+-------+
| nova.boot_server    | 20.975    | 23.234       | 28.827       | 28.893       | 28.959    | 23.555    | 100.0%  | 10    |
| nova.migrate        | 24.739    | 35.22        | 35.943       | 36.772       | 37.601    | 32.718    | 100.0%  | 10    |
| nova.resize_confirm | 2.693     | 2.799        | 3.174        | 4.189        | 5.205     | 3.035     | 100.0%  | 10    |
| nova.delete_server  | 2.523     | 2.585        | 2.873        | 3.814        | 4.755     | 2.799     | 100.0%  | 10    |
| total               | 54.876    | 62.093       | 66.908       | 69.486       | 72.064    | 62.107    | 100.0%  | 10    |
|  -> duration        | 53.876    | 61.093       | 65.908       | 68.486       | 71.064    | 61.107    | 100.0%  | 10    |
|  -> idle_duration   | 1.0       | 1.0          | 1.0          | 1.0          | 1.0       | 1.0       | 100.0%  | 10    |
+---------------------+-----------+--------------+--------------+--------------+-----------+-----------+---------+-------+

Load duration: 316.108074
Full duration: 325.860739

HINTS:
* To plot HTML graphics with this data, run:
	rally task report 7cf641a6-a05b-4966-aade-a50d3b39aefa --out output.html

* To generate a JUnit report, run:
	rally task export 7cf641a6-a05b-4966-aade-a50d3b39aefa --type junit --to output.xml

* To get raw JSON output of task results, run:
	rally task report 7cf641a6-a05b-4966-aade-a50d3b39aefa --json --out output.json

--------------------------------------------------------------------------------
Preparing input task
--------------------------------------------------------------------------------

Task is:
{
    "NovaServers.boot_and_delete_server": [
        {
            "args": {
                "flavor": {
                    "name": "m1.medium"
                },
                "image": {
                    "name": "Ubuntu 16.04"
                },
                "force_delete": false
            },
            "runner": {
                "type": "constant",
                "times": 200,
                "concurrency": 10
            },
            "context": {
                "users": {
                    "tenants": 3,
                    "users_per_tenant": 5
                }
            },
            "sla": {
                "failure_rate": {
                    "max": 0
                }
            }
        },
        {
            "args": {
                "flavor": {
                    "name": "m1.medium"
                },
                "image": {
                    "name": "Ubuntu 16.04"
                },
                "auto_assign_nic": true
            },
            "runner": {
                "type": "constant",
                "times": 200,
                "concurrency": 10
            },
            "context": {
                "users": {
                    "tenants": 3,
                    "users_per_tenant": 5
                },
                "network": {
                    "start_cidr": "192.168.74.0/24",
                    "networks_per_tenant": 2
                }
            },
            "sla": {
                "failure_rate": {
                    "max": 0
                }
            }
        }
    ]
}

Task syntax is correct :)
Running Rally version 0.10.1~dev119
--------------------------------------------------------------------------------
Task  8a4ecdd6-d560-43c2-94c0-d5887dccf4aa: started
--------------------------------------------------------------------------------

Running Task... This can take a while...

To track task status use:

	rally task status
	or
	rally task detailed

Using task: 8a4ecdd6-d560-43c2-94c0-d5887dccf4aa
2018-08-14 22:12:11.182 9256 INFO rally.task.engine [-] Task 8a4ecdd6-d560-43c2-94c0-d5887dccf4aa | Starting:  Task validation.
2018-08-14 22:12:11.194 9256 INFO rally.task.engine [-] Task 8a4ecdd6-d560-43c2-94c0-d5887dccf4aa | Starting:  Task validation of syntax.
2018-08-14 22:12:11.228 9256 INFO rally.task.engine [-] Task 8a4ecdd6-d560-43c2-94c0-d5887dccf4aa | Completed: Task validation of syntax.
2018-08-14 22:12:11.229 9256 INFO rally.task.engine [-] Task 8a4ecdd6-d560-43c2-94c0-d5887dccf4aa | Starting:  Task validation of required platforms.
2018-08-14 22:12:11.244 9256 INFO rally.task.engine [-] Task 8a4ecdd6-d560-43c2-94c0-d5887dccf4aa | Completed: Task validation of required platforms.
2018-08-14 22:12:11.244 9256 INFO rally.task.engine [-] Task 8a4ecdd6-d560-43c2-94c0-d5887dccf4aa | Starting:  Task validation of semantic.
2018-08-14 22:12:14.420 9256 INFO rally.task.context [-] Task 8a4ecdd6-d560-43c2-94c0-d5887dccf4aa | Context users@openstack setup()  finished in 2.36 sec
2018-08-14 22:12:17.410 9256 INFO rally.task.context [-] Task 8a4ecdd6-d560-43c2-94c0-d5887dccf4aa | Context users@openstack cleanup() started
2018-08-14 22:12:21.316 9256 INFO rally.task.context [-] Task 8a4ecdd6-d560-43c2-94c0-d5887dccf4aa | Context users@openstack cleanup() finished in 3.91 sec
2018-08-14 22:12:21.317 9256 INFO rally.task.engine [-] Task 8a4ecdd6-d560-43c2-94c0-d5887dccf4aa | Completed: Task validation of semantic.
2018-08-14 22:12:21.317 9256 INFO rally.task.engine [-] Task 8a4ecdd6-d560-43c2-94c0-d5887dccf4aa | Completed: Task validation.
2018-08-14 22:12:21.318 9256 INFO rally.api [-] Task 8a4ecdd6-d560-43c2-94c0-d5887dccf4aa input file is valid.
2018-08-14 22:12:21.318 9256 INFO rally.api [-] Run Task 8a4ecdd6-d560-43c2-94c0-d5887dccf4aa against Deployment b4bb4828-a5c6-40c5-a936-034590fa9108
2018-08-14 22:12:21.318 9256 INFO rally.task.engine [-] Task 8a4ecdd6-d560-43c2-94c0-d5887dccf4aa | Starting:  Running task.
2018-08-14 22:12:21.388 9256 INFO rally.task.engine [-] Running workload: 
  position = 0
  config = {
   "version": 2, 
   "title": "A cropped version of a bigger task.", 
   "description": "Auto-generated task from a single workload (uuid=77b3437c-6384-4228-8be7-6e438b3e4383)", 
   "subtasks": [
      {
         "title": "NovaServers.boot_and_delete_server", 
         "description": "Boot and delete a server.", 
         "scenario": {
            "NovaServers.boot_and_delete_server": {
               "flavor": {
                  "name": "m1.medium"
               }, 
               "image": {
                  "name": "Ubuntu 16.04"
               }, 
               "force_delete": false
            }
         }, 
         "contexts": {
            "users": {
               "tenants": 3, 
               "users_per_tenant": 5
            }
         }, 
         "runner": {
            "constant": {
               "times": 200, 
               "concurrency": 10
            }
         }, 
         "hooks": [], 
         "sla": {
            "failure_rate": {
               "max": 0
            }
         }
      }
   ]
}
2018-08-14 22:12:24.216 9256 INFO rally.task.context [-] Task 8a4ecdd6-d560-43c2-94c0-d5887dccf4aa | Context users@openstack setup()  finished in 2.80 sec
2018-08-14 22:12:24.217 9256 INFO rally.task.context [-] Task 8a4ecdd6-d560-43c2-94c0-d5887dccf4aa | Context cleanup@openstack setup()  finished in 0.03 msec
2018-08-14 22:12:25.006 9405 INFO rally.task.runner [-] Task 8a4ecdd6-d560-43c2-94c0-d5887dccf4aa | ITER: 1 START
2018-08-14 22:12:25.008 9406 INFO rally.task.runner [-] Task 8a4ecdd6-d560-43c2-94c0-d5887dccf4aa | ITER: 2 START
2018-08-14 22:12:25.010 9407 INFO rally.task.runner [-] Task 8a4ecdd6-d560-43c2-94c0-d5887dccf4aa | ITER: 3 START
2018-08-14 22:12:25.013 9408 INFO rally.task.runner [-] Task 8a4ecdd6-d560-43c2-94c0-d5887dccf4aa | ITER: 4 START
2018-08-14 22:12:25.016 9410 INFO rally.task.runner [-] Task 8a4ecdd6-d560-43c2-94c0-d5887dccf4aa | ITER: 5 START
2018-08-14 22:12:25.023 9417 INFO rally.task.runner [-] Task 8a4ecdd6-d560-43c2-94c0-d5887dccf4aa | ITER: 7 START
2018-08-14 22:12:25.023 9414 INFO rally.task.runner [-] Task 8a4ecdd6-d560-43c2-94c0-d5887dccf4aa | ITER: 6 START
2018-08-14 22:12:25.025 9420 INFO rally.task.runner [-] Task 8a4ecdd6-d560-43c2-94c0-d5887dccf4aa | ITER: 8 START
2018-08-14 22:12:25.029 9423 INFO rally.task.runner [-] Task 8a4ecdd6-d560-43c2-94c0-d5887dccf4aa | ITER: 9 START
2018-08-14 22:12:25.032 9424 INFO rally.task.runner [-] Task 8a4ecdd6-d560-43c2-94c0-d5887dccf4aa | ITER: 10 START
2018-08-14 22:13:52.467 9423 INFO rally.task.runner [-] Task 8a4ecdd6-d560-43c2-94c0-d5887dccf4aa | ITER: 9 END: OK
2018-08-14 22:13:52.475 9423 INFO rally.task.runner [-] Task 8a4ecdd6-d560-43c2-94c0-d5887dccf4aa | ITER: 11 START
2018-08-14 22:13:52.504 9407 INFO rally.task.runner [-] Task 8a4ecdd6-d560-43c2-94c0-d5887dccf4aa | ITER: 3 END: OK
2018-08-14 22:13:52.514 9407 INFO rally.task.runner [-] Task 8a4ecdd6-d560-43c2-94c0-d5887dccf4aa | ITER: 12 START
2018-08-14 22:13:54.469 9406 INFO rally.task.runner [-] Task 8a4ecdd6-d560-43c2-94c0-d5887dccf4aa | ITER: 2 END: OK
2018-08-14 22:13:54.475 9406 INFO rally.task.runner [-] Task 8a4ecdd6-d560-43c2-94c0-d5887dccf4aa | ITER: 13 START
2018-08-14 22:13:54.564 9424 INFO rally.task.runner [-] Task 8a4ecdd6-d560-43c2-94c0-d5887dccf4aa | ITER: 10 END: OK
2018-08-14 22:13:54.571 9424 INFO rally.task.runner [-] Task 8a4ecdd6-d560-43c2-94c0-d5887dccf4aa | ITER: 14 START
2018-08-14 22:13:54.585 9410 INFO rally.task.runner [-] Task 8a4ecdd6-d560-43c2-94c0-d5887dccf4aa | ITER: 5 END: OK
2018-08-14 22:13:54.593 9410 INFO rally.task.runner [-] Task 8a4ecdd6-d560-43c2-94c0-d5887dccf4aa | ITER: 15 START
2018-08-14 22:13:54.881 9408 INFO rally.task.runner [-] Task 8a4ecdd6-d560-43c2-94c0-d5887dccf4aa | ITER: 4 END: OK
2018-08-14 22:13:54.887 9408 INFO rally.task.runner [-] Task 8a4ecdd6-d560-43c2-94c0-d5887dccf4aa | ITER: 16 START
2018-08-14 22:13:56.783 9420 INFO rally.task.runner [-] Task 8a4ecdd6-d560-43c2-94c0-d5887dccf4aa | ITER: 8 END: OK
2018-08-14 22:13:56.791 9420 INFO rally.task.runner [-] Task 8a4ecdd6-d560-43c2-94c0-d5887dccf4aa | ITER: 17 START
2018-08-14 22:13:56.884 9405 INFO rally.task.runner [-] Task 8a4ecdd6-d560-43c2-94c0-d5887dccf4aa | ITER: 1 END: OK
2018-08-14 22:13:56.892 9405 INFO rally.task.runner [-] Task 8a4ecdd6-d560-43c2-94c0-d5887dccf4aa | ITER: 18 START
2018-08-14 22:14:12.967 9417 INFO rally.task.runner [-] Task 8a4ecdd6-d560-43c2-94c0-d5887dccf4aa | ITER: 7 END: OK
2018-08-14 22:14:12.975 9417 INFO rally.task.runner [-] Task 8a4ecdd6-d560-43c2-94c0-d5887dccf4aa | ITER: 19 START
2018-08-14 22:14:15.146 9414 INFO rally.task.runner [-] Task 8a4ecdd6-d560-43c2-94c0-d5887dccf4aa | ITER: 6 END: OK
2018-08-14 22:14:15.156 9414 INFO rally.task.runner [-] Task 8a4ecdd6-d560-43c2-94c0-d5887dccf4aa | ITER: 20 START
2018-08-14 22:15:05.499 9423 INFO rally.task.runner [-] Task 8a4ecdd6-d560-43c2-94c0-d5887dccf4aa | ITER: 11 END: OK
2018-08-14 22:15:05.506 9423 INFO rally.task.runner [-] Task 8a4ecdd6-d560-43c2-94c0-d5887dccf4aa | ITER: 21 START
2018-08-14 22:15:05.590 9407 INFO rally.task.runner [-] Task 8a4ecdd6-d560-43c2-94c0-d5887dccf4aa | ITER: 12 END: OK
2018-08-14 22:15:05.598 9407 INFO rally.task.runner [-] Task 8a4ecdd6-d560-43c2-94c0-d5887dccf4aa | ITER: 22 START
2018-08-14 22:15:18.692 9424 INFO rally.task.runner [-] Task 8a4ecdd6-d560-43c2-94c0-d5887dccf4aa | ITER: 14 END: OK
2018-08-14 22:15:18.699 9424 INFO rally.task.runner [-] Task 8a4ecdd6-d560-43c2-94c0-d5887dccf4aa | ITER: 23 START
2018-08-14 22:15:18.833 9408 INFO rally.task.runner [-] Task 8a4ecdd6-d560-43c2-94c0-d5887dccf4aa | ITER: 16 END: OK
2018-08-14 22:15:18.839 9408 INFO rally.task.runner [-] Task 8a4ecdd6-d560-43c2-94c0-d5887dccf4aa | ITER: 24 START
2018-08-14 22:15:19.110 9406 INFO rally.task.runner [-] Task 8a4ecdd6-d560-43c2-94c0-d5887dccf4aa | ITER: 13 END: OK
2018-08-14 22:15:19.118 9406 INFO rally.task.runner [-] Task 8a4ecdd6-d560-43c2-94c0-d5887dccf4aa | ITER: 25 START
2018-08-14 22:15:21.262 9405 INFO rally.task.runner [-] Task 8a4ecdd6-d560-43c2-94c0-d5887dccf4aa | ITER: 18 END: OK
2018-08-14 22:15:21.269 9405 INFO rally.task.runner [-] Task 8a4ecdd6-d560-43c2-94c0-d5887dccf4aa | ITER: 26 START
2018-08-14 22:15:23.467 9420 INFO rally.task.runner [-] Task 8a4ecdd6-d560-43c2-94c0-d5887dccf4aa | ITER: 17 END: OK
2018-08-14 22:15:23.473 9420 INFO rally.task.runner [-] Task 8a4ecdd6-d560-43c2-94c0-d5887dccf4aa | ITER: 27 START
2018-08-14 22:15:23.502 9410 INFO rally.task.runner [-] Task 8a4ecdd6-d560-43c2-94c0-d5887dccf4aa | ITER: 15 END: OK
2018-08-14 22:15:23.509 9410 INFO rally.task.runner [-] Task 8a4ecdd6-d560-43c2-94c0-d5887dccf4aa | ITER: 28 START
2018-08-14 22:15:28.284 9414 INFO rally.task.runner [-] Task 8a4ecdd6-d560-43c2-94c0-d5887dccf4aa | ITER: 20 END: OK
2018-08-14 22:15:28.290 9414 INFO rally.task.runner [-] Task 8a4ecdd6-d560-43c2-94c0-d5887dccf4aa | ITER: 29 START
2018-08-14 22:15:30.614 9417 INFO rally.task.runner [-] Task 8a4ecdd6-d560-43c2-94c0-d5887dccf4aa | ITER: 19 END: OK
2018-08-14 22:15:30.621 9417 INFO rally.task.runner [-] Task 8a4ecdd6-d560-43c2-94c0-d5887dccf4aa | ITER: 30 START
2018-08-14 22:16:16.625 9407 INFO rally.task.runner [-] Task 8a4ecdd6-d560-43c2-94c0-d5887dccf4aa | ITER: 22 END: OK
2018-08-14 22:16:16.632 9407 INFO rally.task.runner [-] Task 8a4ecdd6-d560-43c2-94c0-d5887dccf4aa | ITER: 31 START
2018-08-14 22:16:18.029 9423 INFO rally.task.runner [-] Task 8a4ecdd6-d560-43c2-94c0-d5887dccf4aa | ITER: 21 END: OK
2018-08-14 22:16:18.037 9423 INFO rally.task.runner [-] Task 8a4ecdd6-d560-43c2-94c0-d5887dccf4aa | ITER: 32 START
2018-08-14 22:16:38.533 9405 INFO rally.task.runner [-] Task 8a4ecdd6-d560-43c2-94c0-d5887dccf4aa | ITER: 26 END: OK
2018-08-14 22:16:38.541 9405 INFO rally.task.runner [-] Task 8a4ecdd6-d560-43c2-94c0-d5887dccf4aa | ITER: 33 START
2018-08-14 22:16:38.712 9408 INFO rally.task.runner [-] Task 8a4ecdd6-d560-43c2-94c0-d5887dccf4aa | ITER: 24 END: OK
2018-08-14 22:16:38.720 9408 INFO rally.task.runner [-] Task 8a4ecdd6-d560-43c2-94c0-d5887dccf4aa | ITER: 34 START
2018-08-14 22:16:39.010 9424 INFO rally.task.runner [-] Task 8a4ecdd6-d560-43c2-94c0-d5887dccf4aa | ITER: 23 END: OK
2018-08-14 22:16:39.016 9424 INFO rally.task.runner [-] Task 8a4ecdd6-d560-43c2-94c0-d5887dccf4aa | ITER: 35 START
2018-08-14 22:16:41.225 9406 INFO rally.task.runner [-] Task 8a4ecdd6-d560-43c2-94c0-d5887dccf4aa | ITER: 25 END: OK
2018-08-14 22:16:41.233 9406 INFO rally.task.runner [-] Task 8a4ecdd6-d560-43c2-94c0-d5887dccf4aa | ITER: 36 START
2018-08-14 22:16:45.580 9414 INFO rally.task.runner [-] Task 8a4ecdd6-d560-43c2-94c0-d5887dccf4aa | ITER: 29 END: OK
2018-08-14 22:16:45.587 9414 INFO rally.task.runner [-] Task 8a4ecdd6-d560-43c2-94c0-d5887dccf4aa | ITER: 37 START
2018-08-14 22:16:45.853 9417 INFO rally.task.runner [-] Task 8a4ecdd6-d560-43c2-94c0-d5887dccf4aa | ITER: 30 END: OK
2018-08-14 22:16:45.860 9417 INFO rally.task.runner [-] Task 8a4ecdd6-d560-43c2-94c0-d5887dccf4aa | ITER: 38 START
2018-08-14 22:16:47.750 9420 INFO rally.task.runner [-] Task 8a4ecdd6-d560-43c2-94c0-d5887dccf4aa | ITER: 27 END: OK
2018-08-14 22:16:47.756 9410 INFO rally.task.runner [-] Task 8a4ecdd6-d560-43c2-94c0-d5887dccf4aa | ITER: 28 END: OK
2018-08-14 22:16:47.757 9420 INFO rally.task.runner [-] Task 8a4ecdd6-d560-43c2-94c0-d5887dccf4aa | ITER: 39 START
2018-08-14 22:16:47.762 9410 INFO rally.task.runner [-] Task 8a4ecdd6-d560-43c2-94c0-d5887dccf4aa | ITER: 40 START
2018-08-14 22:17:27.920 9407 INFO rally.task.runner [-] Task 8a4ecdd6-d560-43c2-94c0-d5887dccf4aa | ITER: 31 END: OK
2018-08-14 22:17:27.925 9407 INFO rally.task.runner [-] Task 8a4ecdd6-d560-43c2-94c0-d5887dccf4aa | ITER: 41 START
2018-08-14 22:17:31.228 9423 INFO rally.task.runner [-] Task 8a4ecdd6-d560-43c2-94c0-d5887dccf4aa | ITER: 32 END: OK
2018-08-14 22:17:31.234 9423 INFO rally.task.runner [-] Task 8a4ecdd6-d560-43c2-94c0-d5887dccf4aa | ITER: 42 START
2018-08-14 22:17:51.741 9405 INFO rally.task.runner [-] Task 8a4ecdd6-d560-43c2-94c0-d5887dccf4aa | ITER: 33 END: OK
2018-08-14 22:17:51.748 9405 INFO rally.task.runner [-] Task 8a4ecdd6-d560-43c2-94c0-d5887dccf4aa | ITER: 43 START
2018-08-14 22:17:51.976 9408 INFO rally.task.runner [-] Task 8a4ecdd6-d560-43c2-94c0-d5887dccf4aa | ITER: 34 END: OK
2018-08-14 22:17:51.983 9408 INFO rally.task.runner [-] Task 8a4ecdd6-d560-43c2-94c0-d5887dccf4aa | ITER: 44 START
2018-08-14 22:17:51.992 9424 INFO rally.task.runner [-] Task 8a4ecdd6-d560-43c2-94c0-d5887dccf4aa | ITER: 35 END: OK
2018-08-14 22:17:51.997 9424 INFO rally.task.runner [-] Task 8a4ecdd6-d560-43c2-94c0-d5887dccf4aa | ITER: 45 START
2018-08-14 22:17:53.981 9406 INFO rally.task.runner [-] Task 8a4ecdd6-d560-43c2-94c0-d5887dccf4aa | ITER: 36 END: OK
2018-08-14 22:17:53.988 9406 INFO rally.task.runner [-] Task 8a4ecdd6-d560-43c2-94c0-d5887dccf4aa | ITER: 46 START
2018-08-14 22:17:54.120 9410 INFO rally.task.runner [-] Task 8a4ecdd6-d560-43c2-94c0-d5887dccf4aa | ITER: 40 END: OK
2018-08-14 22:17:54.127 9410 INFO rally.task.runner [-] Task 8a4ecdd6-d560-43c2-94c0-d5887dccf4aa | ITER: 47 START
2018-08-14 22:17:56.543 9414 INFO rally.task.runner [-] Task 8a4ecdd6-d560-43c2-94c0-d5887dccf4aa | ITER: 37 END: OK
2018-08-14 22:17:56.549 9414 INFO rally.task.runner [-] Task 8a4ecdd6-d560-43c2-94c0-d5887dccf4aa | ITER: 48 START
2018-08-14 22:18:07.577 9420 INFO rally.task.runner [-] Task 8a4ecdd6-d560-43c2-94c0-d5887dccf4aa | ITER: 39 END: OK
2018-08-14 22:18:07.583 9420 INFO rally.task.runner [-] Task 8a4ecdd6-d560-43c2-94c0-d5887dccf4aa | ITER: 49 START
2018-08-14 22:18:07.637 9417 INFO rally.task.runner [-] Task 8a4ecdd6-d560-43c2-94c0-d5887dccf4aa | ITER: 38 END: OK
2018-08-14 22:18:07.643 9417 INFO rally.task.runner [-] Task 8a4ecdd6-d560-43c2-94c0-d5887dccf4aa | ITER: 50 START
2018-08-14 22:18:30.007 9407 INFO rally.task.runner [-] Task 8a4ecdd6-d560-43c2-94c0-d5887dccf4aa | ITER: 41 END: OK
2018-08-14 22:18:30.015 9407 INFO rally.task.runner [-] Task 8a4ecdd6-d560-43c2-94c0-d5887dccf4aa | ITER: 51 START
2018-08-14 22:18:35.171 9423 INFO rally.task.runner [-] Task 8a4ecdd6-d560-43c2-94c0-d5887dccf4aa | ITER: 42 END: OK
2018-08-14 22:18:35.179 9423 INFO rally.task.runner [-] Task 8a4ecdd6-d560-43c2-94c0-d5887dccf4aa | ITER: 52 START
2018-08-14 22:19:25.246 9405 INFO rally.task.runner [-] Task 8a4ecdd6-d560-43c2-94c0-d5887dccf4aa | ITER: 43 END: OK
2018-08-14 22:19:25.253 9405 INFO rally.task.runner [-] Task 8a4ecdd6-d560-43c2-94c0-d5887dccf4aa | ITER: 53 START
2018-08-14 22:19:25.270 9406 INFO rally.task.runner [-] Task 8a4ecdd6-d560-43c2-94c0-d5887dccf4aa | ITER: 46 END: OK
2018-08-14 22:19:25.276 9406 INFO rally.task.runner [-] Task 8a4ecdd6-d560-43c2-94c0-d5887dccf4aa | ITER: 54 START
2018-08-14 22:19:25.313 9424 INFO rally.task.runner [-] Task 8a4ecdd6-d560-43c2-94c0-d5887dccf4aa | ITER: 45 END: OK
2018-08-14 22:19:25.320 9424 INFO rally.task.runner [-] Task 8a4ecdd6-d560-43c2-94c0-d5887dccf4aa | ITER: 55 START
2018-08-14 22:19:25.480 9408 INFO rally.task.runner [-] Task 8a4ecdd6-d560-43c2-94c0-d5887dccf4aa | ITER: 44 END: OK
2018-08-14 22:19:25.486 9408 INFO rally.task.runner [-] Task 8a4ecdd6-d560-43c2-94c0-d5887dccf4aa | ITER: 56 START
2018-08-14 22:19:26.550 9414 INFO rally.task.runner [-] Task 8a4ecdd6-d560-43c2-94c0-d5887dccf4aa | ITER: 48 END: OK
2018-08-14 22:19:26.555 9414 INFO rally.task.runner [-] Task 8a4ecdd6-d560-43c2-94c0-d5887dccf4aa | ITER: 57 START
2018-08-14 22:19:27.389 9410 INFO rally.task.runner [-] Task 8a4ecdd6-d560-43c2-94c0-d5887dccf4aa | ITER: 47 END: OK
2018-08-14 22:19:27.396 9410 INFO rally.task.runner [-] Task 8a4ecdd6-d560-43c2-94c0-d5887dccf4aa | ITER: 58 START
2018-08-14 22:19:44.835 9417 INFO rally.task.runner [-] Task 8a4ecdd6-d560-43c2-94c0-d5887dccf4aa | ITER: 50 END: OK
2018-08-14 22:19:44.841 9417 INFO rally.task.runner [-] Task 8a4ecdd6-d560-43c2-94c0-d5887dccf4aa | ITER: 59 START
2018-08-14 22:19:47.771 9420 INFO rally.task.runner [-] Task 8a4ecdd6-d560-43c2-94c0-d5887dccf4aa | ITER: 49 END: OK
2018-08-14 22:19:47.777 9420 INFO rally.task.runner [-] Task 8a4ecdd6-d560-43c2-94c0-d5887dccf4aa | ITER: 60 START
2018-08-14 22:19:59.949 9423 INFO rally.task.runner [-] Task 8a4ecdd6-d560-43c2-94c0-d5887dccf4aa | ITER: 52 END: OK
2018-08-14 22:19:59.955 9423 INFO rally.task.runner [-] Task 8a4ecdd6-d560-43c2-94c0-d5887dccf4aa | ITER: 61 START
2018-08-14 22:20:01.531 9407 INFO rally.task.runner [-] Task 8a4ecdd6-d560-43c2-94c0-d5887dccf4aa | ITER: 51 END: OK
2018-08-14 22:20:01.538 9407 INFO rally.task.runner [-] Task 8a4ecdd6-d560-43c2-94c0-d5887dccf4aa | ITER: 62 START
2018-08-14 22:20:35.984 9424 INFO rally.task.runner [-] Task 8a4ecdd6-d560-43c2-94c0-d5887dccf4aa | ITER: 55 END: OK
2018-08-14 22:20:35.989 9424 INFO rally.task.runner [-] Task 8a4ecdd6-d560-43c2-94c0-d5887dccf4aa | ITER: 63 START
2018-08-14 22:20:36.064 9408 INFO rally.task.runner [-] Task 8a4ecdd6-d560-43c2-94c0-d5887dccf4aa | ITER: 56 END: OK
2018-08-14 22:20:36.069 9408 INFO rally.task.runner [-] Task 8a4ecdd6-d560-43c2-94c0-d5887dccf4aa | ITER: 64 START
2018-08-14 22:20:36.131 9405 INFO rally.task.runner [-] Task 8a4ecdd6-d560-43c2-94c0-d5887dccf4aa | ITER: 53 END: OK
2018-08-14 22:20:36.136 9405 INFO rally.task.runner [-] Task 8a4ecdd6-d560-43c2-94c0-d5887dccf4aa | ITER: 65 START
2018-08-14 22:20:37.300 9414 INFO rally.task.runner [-] Task 8a4ecdd6-d560-43c2-94c0-d5887dccf4aa | ITER: 57 END: OK
2018-08-14 22:20:37.306 9414 INFO rally.task.runner [-] Task 8a4ecdd6-d560-43c2-94c0-d5887dccf4aa | ITER: 66 START
2018-08-14 22:20:38.007 9410 INFO rally.task.runner [-] Task 8a4ecdd6-d560-43c2-94c0-d5887dccf4aa | ITER: 58 END: OK
2018-08-14 22:20:38.013 9410 INFO rally.task.runner [-] Task 8a4ecdd6-d560-43c2-94c0-d5887dccf4aa | ITER: 67 START
2018-08-14 22:20:38.165 9406 INFO rally.task.runner [-] Task 8a4ecdd6-d560-43c2-94c0-d5887dccf4aa | ITER: 54 END: OK
2018-08-14 22:20:38.172 9406 INFO rally.task.runner [-] Task 8a4ecdd6-d560-43c2-94c0-d5887dccf4aa | ITER: 68 START
2018-08-14 22:21:04.995 9417 INFO rally.task.runner [-] Task 8a4ecdd6-d560-43c2-94c0-d5887dccf4aa | ITER: 59 END: OK
2018-08-14 22:21:05.002 9417 INFO rally.task.runner [-] Task 8a4ecdd6-d560-43c2-94c0-d5887dccf4aa | ITER: 69 START
2018-08-14 22:21:09.737 9420 INFO rally.task.runner [-] Task 8a4ecdd6-d560-43c2-94c0-d5887dccf4aa | ITER: 60 END: OK
2018-08-14 22:21:09.744 9420 INFO rally.task.runner [-] Task 8a4ecdd6-d560-43c2-94c0-d5887dccf4aa | ITER: 70 START
2018-08-14 22:21:13.756 9423 INFO rally.task.runner [-] Task 8a4ecdd6-d560-43c2-94c0-d5887dccf4aa | ITER: 61 END: OK
2018-08-14 22:21:13.762 9423 INFO rally.task.runner [-] Task 8a4ecdd6-d560-43c2-94c0-d5887dccf4aa | ITER: 71 START
2018-08-14 22:21:14.227 9407 INFO rally.task.runner [-] Task 8a4ecdd6-d560-43c2-94c0-d5887dccf4aa | ITER: 62 END: OK
2018-08-14 22:21:14.234 9407 INFO rally.task.runner [-] Task 8a4ecdd6-d560-43c2-94c0-d5887dccf4aa | ITER: 72 START
2018-08-14 22:21:51.129 9405 INFO rally.task.runner [-] Task 8a4ecdd6-d560-43c2-94c0-d5887dccf4aa | ITER: 65 END: OK
2018-08-14 22:21:51.136 9405 INFO rally.task.runner [-] Task 8a4ecdd6-d560-43c2-94c0-d5887dccf4aa | ITER: 73 START
2018-08-14 22:21:53.108 9406 INFO rally.task.runner [-] Task 8a4ecdd6-d560-43c2-94c0-d5887dccf4aa | ITER: 68 END: OK
2018-08-14 22:21:53.115 9406 INFO rally.task.runner [-] Task 8a4ecdd6-d560-43c2-94c0-d5887dccf4aa | ITER: 74 START
2018-08-14 22:21:53.164 9424 INFO rally.task.runner [-] Task 8a4ecdd6-d560-43c2-94c0-d5887dccf4aa | ITER: 63 END: OK
2018-08-14 22:21:53.170 9424 INFO rally.task.runner [-] Task 8a4ecdd6-d560-43c2-94c0-d5887dccf4aa | ITER: 75 START
2018-08-14 22:21:53.312 9410 INFO rally.task.runner [-] Task 8a4ecdd6-d560-43c2-94c0-d5887dccf4aa | ITER: 67 END: OK
2018-08-14 22:21:53.317 9410 INFO rally.task.runner [-] Task 8a4ecdd6-d560-43c2-94c0-d5887dccf4aa | ITER: 76 START
2018-08-14 22:21:53.353 9408 INFO rally.task.runner [-] Task 8a4ecdd6-d560-43c2-94c0-d5887dccf4aa | ITER: 64 END: OK
2018-08-14 22:21:53.358 9408 INFO rally.task.runner [-] Task 8a4ecdd6-d560-43c2-94c0-d5887dccf4aa | ITER: 77 START
2018-08-14 22:21:57.486 9414 INFO rally.task.runner [-] Task 8a4ecdd6-d560-43c2-94c0-d5887dccf4aa | ITER: 66 END: OK
2018-08-14 22:21:57.492 9414 INFO rally.task.runner [-] Task 8a4ecdd6-d560-43c2-94c0-d5887dccf4aa | ITER: 78 START
2018-08-14 22:22:18.327 9417 INFO rally.task.runner [-] Task 8a4ecdd6-d560-43c2-94c0-d5887dccf4aa | ITER: 69 END: OK
2018-08-14 22:22:18.334 9417 INFO rally.task.runner [-] Task 8a4ecdd6-d560-43c2-94c0-d5887dccf4aa | ITER: 79 START
2018-08-14 22:22:22.594 9423 INFO rally.task.runner [-] Task 8a4ecdd6-d560-43c2-94c0-d5887dccf4aa | ITER: 71 END: OK
2018-08-14 22:22:22.600 9423 INFO rally.task.runner [-] Task 8a4ecdd6-d560-43c2-94c0-d5887dccf4aa | ITER: 80 START
2018-08-14 22:22:22.733 9407 INFO rally.task.runner [-] Task 8a4ecdd6-d560-43c2-94c0-d5887dccf4aa | ITER: 72 END: OK
2018-08-14 22:22:22.738 9407 INFO rally.task.runner [-] Task 8a4ecdd6-d560-43c2-94c0-d5887dccf4aa | ITER: 81 START
2018-08-14 22:22:24.888 9420 INFO rally.task.runner [-] Task 8a4ecdd6-d560-43c2-94c0-d5887dccf4aa | ITER: 70 END: OK
2018-08-14 22:22:24.893 9420 INFO rally.task.runner [-] Task 8a4ecdd6-d560-43c2-94c0-d5887dccf4aa | ITER: 82 START
2018-08-14 22:22:55.070 9405 INFO rally.task.runner [-] Task 8a4ecdd6-d560-43c2-94c0-d5887dccf4aa | ITER: 73 END: OK
2018-08-14 22:22:55.076 9405 INFO rally.task.runner [-] Task 8a4ecdd6-d560-43c2-94c0-d5887dccf4aa | ITER: 83 START
2018-08-14 22:23:15.011 9406 INFO rally.task.runner [-] Task 8a4ecdd6-d560-43c2-94c0-d5887dccf4aa | ITER: 74 END: OK
2018-08-14 22:23:15.017 9406 INFO rally.task.runner [-] Task 8a4ecdd6-d560-43c2-94c0-d5887dccf4aa | ITER: 84 START
2018-08-14 22:23:15.171 9410 INFO rally.task.runner [-] Task 8a4ecdd6-d560-43c2-94c0-d5887dccf4aa | ITER: 76 END: OK
2018-08-14 22:23:15.176 9410 INFO rally.task.runner [-] Task 8a4ecdd6-d560-43c2-94c0-d5887dccf4aa | ITER: 85 START
2018-08-14 22:23:15.307 9424 INFO rally.task.runner [-] Task 8a4ecdd6-d560-43c2-94c0-d5887dccf4aa | ITER: 75 END: OK
2018-08-14 22:23:15.312 9424 INFO rally.task.runner [-] Task 8a4ecdd6-d560-43c2-94c0-d5887dccf4aa | ITER: 86 START
2018-08-14 22:23:17.721 9408 INFO rally.task.runner [-] Task 8a4ecdd6-d560-43c2-94c0-d5887dccf4aa | ITER: 77 END: OK
2018-08-14 22:23:17.728 9408 INFO rally.task.runner [-] Task 8a4ecdd6-d560-43c2-94c0-d5887dccf4aa | ITER: 87 START
2018-08-14 22:23:19.673 9414 INFO rally.task.runner [-] Task 8a4ecdd6-d560-43c2-94c0-d5887dccf4aa | ITER: 78 END: OK
2018-08-14 22:23:19.678 9414 INFO rally.task.runner [-] Task 8a4ecdd6-d560-43c2-94c0-d5887dccf4aa | ITER: 88 START
2018-08-14 22:23:42.931 9417 INFO rally.task.runner [-] Task 8a4ecdd6-d560-43c2-94c0-d5887dccf4aa | ITER: 79 END: OK
2018-08-14 22:23:42.938 9417 INFO rally.task.runner [-] Task 8a4ecdd6-d560-43c2-94c0-d5887dccf4aa | ITER: 89 START
2018-08-14 22:23:43.035 9423 INFO rally.task.runner [-] Task 8a4ecdd6-d560-43c2-94c0-d5887dccf4aa | ITER: 80 END: OK
2018-08-14 22:23:43.041 9423 INFO rally.task.runner [-] Task 8a4ecdd6-d560-43c2-94c0-d5887dccf4aa | ITER: 90 START
2018-08-14 22:23:43.300 9407 INFO rally.task.runner [-] Task 8a4ecdd6-d560-43c2-94c0-d5887dccf4aa | ITER: 81 END: OK
2018-08-14 22:23:43.306 9407 INFO rally.task.runner [-] Task 8a4ecdd6-d560-43c2-94c0-d5887dccf4aa | ITER: 91 START
2018-08-14 22:23:46.970 9420 INFO rally.task.runner [-] Task 8a4ecdd6-d560-43c2-94c0-d5887dccf4aa | ITER: 82 END: OK
2018-08-14 22:23:46.976 9420 INFO rally.task.runner [-] Task 8a4ecdd6-d560-43c2-94c0-d5887dccf4aa | ITER: 92 START
2018-08-14 22:23:57.060 9405 INFO rally.task.runner [-] Task 8a4ecdd6-d560-43c2-94c0-d5887dccf4aa | ITER: 83 END: OK
2018-08-14 22:23:57.066 9405 INFO rally.task.runner [-] Task 8a4ecdd6-d560-43c2-94c0-d5887dccf4aa | ITER: 93 START
2018-08-14 22:24:20.992 9406 INFO rally.task.runner [-] Task 8a4ecdd6-d560-43c2-94c0-d5887dccf4aa | ITER: 84 END: OK
2018-08-14 22:24:20.999 9406 INFO rally.task.runner [-] Task 8a4ecdd6-d560-43c2-94c0-d5887dccf4aa | ITER: 94 START
2018-08-14 22:24:25.500 9410 INFO rally.task.runner [-] Task 8a4ecdd6-d560-43c2-94c0-d5887dccf4aa | ITER: 85 END: OK
2018-08-14 22:24:25.506 9410 INFO rally.task.runner [-] Task 8a4ecdd6-d560-43c2-94c0-d5887dccf4aa | ITER: 95 START
2018-08-14 22:24:25.579 9424 INFO rally.task.runner [-] Task 8a4ecdd6-d560-43c2-94c0-d5887dccf4aa | ITER: 86 END: OK
2018-08-14 22:24:25.584 9424 INFO rally.task.runner [-] Task 8a4ecdd6-d560-43c2-94c0-d5887dccf4aa | ITER: 96 START
2018-08-14 22:24:25.606 9414 INFO rally.task.runner [-] Task 8a4ecdd6-d560-43c2-94c0-d5887dccf4aa | ITER: 88 END: OK
2018-08-14 22:24:25.611 9414 INFO rally.task.runner [-] Task 8a4ecdd6-d560-43c2-94c0-d5887dccf4aa | ITER: 97 START
2018-08-14 22:24:26.290 9408 INFO rally.task.runner [-] Task 8a4ecdd6-d560-43c2-94c0-d5887dccf4aa | ITER: 87 END: OK
2018-08-14 22:24:26.296 9408 INFO rally.task.runner [-] Task 8a4ecdd6-d560-43c2-94c0-d5887dccf4aa | ITER: 98 START
2018-08-14 22:24:56.695 9423 INFO rally.task.runner [-] Task 8a4ecdd6-d560-43c2-94c0-d5887dccf4aa | ITER: 90 END: OK
2018-08-14 22:24:56.701 9423 INFO rally.task.runner [-] Task 8a4ecdd6-d560-43c2-94c0-d5887dccf4aa | ITER: 99 START
2018-08-14 22:24:56.771 9407 INFO rally.task.runner [-] Task 8a4ecdd6-d560-43c2-94c0-d5887dccf4aa | ITER: 91 END: OK
2018-08-14 22:24:56.778 9407 INFO rally.task.runner [-] Task 8a4ecdd6-d560-43c2-94c0-d5887dccf4aa | ITER: 100 START
2018-08-14 22:24:58.347 9420 INFO rally.task.runner [-] Task 8a4ecdd6-d560-43c2-94c0-d5887dccf4aa | ITER: 92 END: OK
2018-08-14 22:24:58.353 9420 INFO rally.task.runner [-] Task 8a4ecdd6-d560-43c2-94c0-d5887dccf4aa | ITER: 101 START
2018-08-14 22:24:58.354 9417 INFO rally.task.runner [-] Task 8a4ecdd6-d560-43c2-94c0-d5887dccf4aa | ITER: 89 END: OK
2018-08-14 22:24:58.361 9417 INFO rally.task.runner [-] Task 8a4ecdd6-d560-43c2-94c0-d5887dccf4aa | ITER: 102 START
2018-08-14 22:25:12.973 9405 INFO rally.task.runner [-] Task 8a4ecdd6-d560-43c2-94c0-d5887dccf4aa | ITER: 93 END: OK
2018-08-14 22:25:12.980 9405 INFO rally.task.runner [-] Task 8a4ecdd6-d560-43c2-94c0-d5887dccf4aa | ITER: 103 START
2018-08-14 22:25:40.995 9410 INFO rally.task.runner [-] Task 8a4ecdd6-d560-43c2-94c0-d5887dccf4aa | ITER: 95 END: OK
2018-08-14 22:25:41.000 9410 INFO rally.task.runner [-] Task 8a4ecdd6-d560-43c2-94c0-d5887dccf4aa | ITER: 104 START
2018-08-14 22:25:41.007 9414 INFO rally.task.runner [-] Task 8a4ecdd6-d560-43c2-94c0-d5887dccf4aa | ITER: 97 END: OK
2018-08-14 22:25:41.012 9414 INFO rally.task.runner [-] Task 8a4ecdd6-d560-43c2-94c0-d5887dccf4aa | ITER: 105 START
2018-08-14 22:25:41.265 9406 INFO rally.task.runner [-] Task 8a4ecdd6-d560-43c2-94c0-d5887dccf4aa | ITER: 94 END: OK
2018-08-14 22:25:41.272 9406 INFO rally.task.runner [-] Task 8a4ecdd6-d560-43c2-94c0-d5887dccf4aa | ITER: 106 START
2018-08-14 22:25:41.394 9424 INFO rally.task.runner [-] Task 8a4ecdd6-d560-43c2-94c0-d5887dccf4aa | ITER: 96 END: OK
2018-08-14 22:25:41.402 9424 INFO rally.task.runner [-] Task 8a4ecdd6-d560-43c2-94c0-d5887dccf4aa | ITER: 107 START
2018-08-14 22:25:41.800 9408 INFO rally.task.runner [-] Task 8a4ecdd6-d560-43c2-94c0-d5887dccf4aa | ITER: 98 END: OK
2018-08-14 22:25:41.804 9408 INFO rally.task.runner [-] Task 8a4ecdd6-d560-43c2-94c0-d5887dccf4aa | ITER: 108 START
2018-08-14 22:26:10.077 9407 INFO rally.task.runner [-] Task 8a4ecdd6-d560-43c2-94c0-d5887dccf4aa | ITER: 100 END: OK
2018-08-14 22:26:10.082 9407 INFO rally.task.runner [-] Task 8a4ecdd6-d560-43c2-94c0-d5887dccf4aa | ITER: 109 START
2018-08-14 22:26:11.751 9417 INFO rally.task.runner [-] Task 8a4ecdd6-d560-43c2-94c0-d5887dccf4aa | ITER: 102 END: OK
2018-08-14 22:26:11.756 9417 INFO rally.task.runner [-] Task 8a4ecdd6-d560-43c2-94c0-d5887dccf4aa | ITER: 110 START
2018-08-14 22:26:12.359 9423 INFO rally.task.runner [-] Task 8a4ecdd6-d560-43c2-94c0-d5887dccf4aa | ITER: 99 END: OK
2018-08-14 22:26:12.366 9423 INFO rally.task.runner [-] Task 8a4ecdd6-d560-43c2-94c0-d5887dccf4aa | ITER: 111 START
2018-08-14 22:26:13.501 9420 INFO rally.task.runner [-] Task 8a4ecdd6-d560-43c2-94c0-d5887dccf4aa | ITER: 101 END: OK
2018-08-14 22:26:13.508 9420 INFO rally.task.runner [-] Task 8a4ecdd6-d560-43c2-94c0-d5887dccf4aa | ITER: 112 START
2018-08-14 22:26:14.524 9405 INFO rally.task.runner [-] Task 8a4ecdd6-d560-43c2-94c0-d5887dccf4aa | ITER: 103 END: OK
2018-08-14 22:26:14.529 9405 INFO rally.task.runner [-] Task 8a4ecdd6-d560-43c2-94c0-d5887dccf4aa | ITER: 113 START
2018-08-14 22:26:51.458 9410 INFO rally.task.runner [-] Task 8a4ecdd6-d560-43c2-94c0-d5887dccf4aa | ITER: 104 END: OK
2018-08-14 22:26:51.463 9410 INFO rally.task.runner [-] Task 8a4ecdd6-d560-43c2-94c0-d5887dccf4aa | ITER: 114 START
2018-08-14 22:26:56.371 9414 INFO rally.task.runner [-] Task 8a4ecdd6-d560-43c2-94c0-d5887dccf4aa | ITER: 105 END: OK
2018-08-14 22:26:56.376 9414 INFO rally.task.runner [-] Task 8a4ecdd6-d560-43c2-94c0-d5887dccf4aa | ITER: 115 START
2018-08-14 22:27:03.107 9424 INFO rally.task.runner [-] Task 8a4ecdd6-d560-43c2-94c0-d5887dccf4aa | ITER: 107 END: OK
2018-08-14 22:27:03.113 9424 INFO rally.task.runner [-] Task 8a4ecdd6-d560-43c2-94c0-d5887dccf4aa | ITER: 116 START
2018-08-14 22:27:03.151 9406 INFO rally.task.runner [-] Task 8a4ecdd6-d560-43c2-94c0-d5887dccf4aa | ITER: 106 END: OK
2018-08-14 22:27:03.156 9406 INFO rally.task.runner [-] Task 8a4ecdd6-d560-43c2-94c0-d5887dccf4aa | ITER: 117 START
2018-08-14 22:27:04.304 9408 INFO rally.task.runner [-] Task 8a4ecdd6-d560-43c2-94c0-d5887dccf4aa | ITER: 108 END: OK
2018-08-14 22:27:04.310 9408 INFO rally.task.runner [-] Task 8a4ecdd6-d560-43c2-94c0-d5887dccf4aa | ITER: 118 START
2018-08-14 22:27:32.410 9407 INFO rally.task.runner [-] Task 8a4ecdd6-d560-43c2-94c0-d5887dccf4aa | ITER: 109 END: OK
2018-08-14 22:27:32.415 9407 INFO rally.task.runner [-] Task 8a4ecdd6-d560-43c2-94c0-d5887dccf4aa | ITER: 119 START
2018-08-14 22:27:33.834 9420 INFO rally.task.runner [-] Task 8a4ecdd6-d560-43c2-94c0-d5887dccf4aa | ITER: 112 END: OK
2018-08-14 22:27:33.839 9420 INFO rally.task.runner [-] Task 8a4ecdd6-d560-43c2-94c0-d5887dccf4aa | ITER: 120 START
2018-08-14 22:27:34.268 9417 INFO rally.task.runner [-] Task 8a4ecdd6-d560-43c2-94c0-d5887dccf4aa | ITER: 110 END: OK
2018-08-14 22:27:34.275 9417 INFO rally.task.runner [-] Task 8a4ecdd6-d560-43c2-94c0-d5887dccf4aa | ITER: 121 START
2018-08-14 22:27:34.621 9405 INFO rally.task.runner [-] Task 8a4ecdd6-d560-43c2-94c0-d5887dccf4aa | ITER: 113 END: OK
2018-08-14 22:27:34.627 9405 INFO rally.task.runner [-] Task 8a4ecdd6-d560-43c2-94c0-d5887dccf4aa | ITER: 122 START
2018-08-14 22:27:34.660 9423 INFO rally.task.runner [-] Task 8a4ecdd6-d560-43c2-94c0-d5887dccf4aa | ITER: 111 END: OK
2018-08-14 22:27:34.666 9423 INFO rally.task.runner [-] Task 8a4ecdd6-d560-43c2-94c0-d5887dccf4aa | ITER: 123 START
2018-08-14 22:28:02.136 9410 INFO rally.task.runner [-] Task 8a4ecdd6-d560-43c2-94c0-d5887dccf4aa | ITER: 114 END: OK
2018-08-14 22:28:02.141 9410 INFO rally.task.runner [-] Task 8a4ecdd6-d560-43c2-94c0-d5887dccf4aa | ITER: 124 START
2018-08-14 22:28:06.956 9414 INFO rally.task.runner [-] Task 8a4ecdd6-d560-43c2-94c0-d5887dccf4aa | ITER: 115 END: OK
2018-08-14 22:28:06.963 9414 INFO rally.task.runner [-] Task 8a4ecdd6-d560-43c2-94c0-d5887dccf4aa | ITER: 125 START
2018-08-14 22:28:08.920 9424 INFO rally.task.runner [-] Task 8a4ecdd6-d560-43c2-94c0-d5887dccf4aa | ITER: 116 END: OK
2018-08-14 22:28:08.926 9424 INFO rally.task.runner [-] Task 8a4ecdd6-d560-43c2-94c0-d5887dccf4aa | ITER: 126 START
2018-08-14 22:28:10.750 9408 INFO rally.task.runner [-] Task 8a4ecdd6-d560-43c2-94c0-d5887dccf4aa | ITER: 118 END: OK
2018-08-14 22:28:10.756 9408 INFO rally.task.runner [-] Task 8a4ecdd6-d560-43c2-94c0-d5887dccf4aa | ITER: 127 START
2018-08-14 22:28:11.502 9406 INFO rally.task.runner [-] Task 8a4ecdd6-d560-43c2-94c0-d5887dccf4aa | ITER: 117 END: OK
2018-08-14 22:28:11.508 9406 INFO rally.task.runner [-] Task 8a4ecdd6-d560-43c2-94c0-d5887dccf4aa | ITER: 128 START
2018-08-14 22:28:36.327 9407 INFO rally.task.runner [-] Task 8a4ecdd6-d560-43c2-94c0-d5887dccf4aa | ITER: 119 END: OK
2018-08-14 22:28:36.333 9407 INFO rally.task.runner [-] Task 8a4ecdd6-d560-43c2-94c0-d5887dccf4aa | ITER: 129 START
2018-08-14 22:28:49.837 9417 INFO rally.task.runner [-] Task 8a4ecdd6-d560-43c2-94c0-d5887dccf4aa | ITER: 121 END: OK
2018-08-14 22:28:49.843 9417 INFO rally.task.runner [-] Task 8a4ecdd6-d560-43c2-94c0-d5887dccf4aa | ITER: 130 START
2018-08-14 22:28:51.584 9420 INFO rally.task.runner [-] Task 8a4ecdd6-d560-43c2-94c0-d5887dccf4aa | ITER: 120 END: OK
2018-08-14 22:28:51.590 9420 INFO rally.task.runner [-] Task 8a4ecdd6-d560-43c2-94c0-d5887dccf4aa | ITER: 131 START
2018-08-14 22:28:54.113 9423 INFO rally.task.runner [-] Task 8a4ecdd6-d560-43c2-94c0-d5887dccf4aa | ITER: 123 END: OK
2018-08-14 22:28:54.118 9423 INFO rally.task.runner [-] Task 8a4ecdd6-d560-43c2-94c0-d5887dccf4aa | ITER: 132 START
2018-08-14 22:28:54.304 9405 INFO rally.task.runner [-] Task 8a4ecdd6-d560-43c2-94c0-d5887dccf4aa | ITER: 122 END: OK
2018-08-14 22:28:54.309 9405 INFO rally.task.runner [-] Task 8a4ecdd6-d560-43c2-94c0-d5887dccf4aa | ITER: 133 START
2018-08-14 22:29:23.918 9410 INFO rally.task.runner [-] Task 8a4ecdd6-d560-43c2-94c0-d5887dccf4aa | ITER: 124 END: OK
2018-08-14 22:29:23.924 9410 INFO rally.task.runner [-] Task 8a4ecdd6-d560-43c2-94c0-d5887dccf4aa | ITER: 134 START
2018-08-14 22:29:26.185 9424 INFO rally.task.runner [-] Task 8a4ecdd6-d560-43c2-94c0-d5887dccf4aa | ITER: 126 END: OK
2018-08-14 22:29:26.190 9424 INFO rally.task.runner [-] Task 8a4ecdd6-d560-43c2-94c0-d5887dccf4aa | ITER: 135 START
2018-08-14 22:29:26.350 9414 INFO rally.task.runner [-] Task 8a4ecdd6-d560-43c2-94c0-d5887dccf4aa | ITER: 125 END: OK
2018-08-14 22:29:26.356 9414 INFO rally.task.runner [-] Task 8a4ecdd6-d560-43c2-94c0-d5887dccf4aa | ITER: 136 START
2018-08-14 22:29:27.980 9406 INFO rally.task.runner [-] Task 8a4ecdd6-d560-43c2-94c0-d5887dccf4aa | ITER: 128 END: OK
2018-08-14 22:29:27.985 9406 INFO rally.task.runner [-] Task 8a4ecdd6-d560-43c2-94c0-d5887dccf4aa | ITER: 137 START
2018-08-14 22:29:28.603 9408 INFO rally.task.runner [-] Task 8a4ecdd6-d560-43c2-94c0-d5887dccf4aa | ITER: 127 END: OK
2018-08-14 22:29:28.609 9408 INFO rally.task.runner [-] Task 8a4ecdd6-d560-43c2-94c0-d5887dccf4aa | ITER: 138 START
2018-08-14 22:29:51.776 9407 INFO rally.task.runner [-] Task 8a4ecdd6-d560-43c2-94c0-d5887dccf4aa | ITER: 129 END: OK
2018-08-14 22:29:51.782 9407 INFO rally.task.runner [-] Task 8a4ecdd6-d560-43c2-94c0-d5887dccf4aa | ITER: 139 START
2018-08-14 22:29:57.935 9420 INFO rally.task.runner [-] Task 8a4ecdd6-d560-43c2-94c0-d5887dccf4aa | ITER: 131 END: OK
2018-08-14 22:29:57.940 9420 INFO rally.task.runner [-] Task 8a4ecdd6-d560-43c2-94c0-d5887dccf4aa | ITER: 140 START
2018-08-14 22:30:00.522 9423 INFO rally.task.runner [-] Task 8a4ecdd6-d560-43c2-94c0-d5887dccf4aa | ITER: 132 END: OK
2018-08-14 22:30:00.528 9423 INFO rally.task.runner [-] Task 8a4ecdd6-d560-43c2-94c0-d5887dccf4aa | ITER: 141 START
2018-08-14 22:30:02.372 9405 INFO rally.task.runner [-] Task 8a4ecdd6-d560-43c2-94c0-d5887dccf4aa | ITER: 133 END: OK
2018-08-14 22:30:02.377 9405 INFO rally.task.runner [-] Task 8a4ecdd6-d560-43c2-94c0-d5887dccf4aa | ITER: 142 START
