2018-08-14 21:48:27.697 6334 WARNING rally.plugins.openstack.cleanup.manager [-] Resource deletion failed, max retries exceeded for cinder.volumes: 5292c9be-b825-4d5f-886a-3b9c6a3d0446. Reason: Invalid volume: Volume status must be available or error or error_restoring or error_extending or error_managing and must not be migrating, attached, belong to a group, have snapshots or be disassociated from snapshots after volume transfer. (HTTP 400) (Request-ID: req-8d290633-30ca-4a8b-a51d-3da8d69a3782): BadRequest: Invalid volume: Volume status must be available or error or error_restoring or error_extending or error_managing and must not be migrating, attached, belong to a group, have snapshots or be disassociated from snapshots after volume transfer. (HTTP 400) (Request-ID: req-8d290633-30ca-4a8b-a51d-3da8d69a3782)
2018-08-14 21:48:27.698 6334 INFO rally.task.context [-] Task a053c601-e34a-41f4-9c67-f4494d5f652c | Context cleanup@openstack cleanup() finished in 15.98 sec
2018-08-14 21:48:27.699 6334 INFO rally.task.context [-] Task a053c601-e34a-41f4-9c67-f4494d5f652c | Context users@openstack cleanup() started
2018-08-14 21:48:31.892 6334 INFO rally.task.context [-] Task a053c601-e34a-41f4-9c67-f4494d5f652c | Context users@openstack cleanup() finished in 4.19 sec
2018-08-14 21:48:33.871 6334 INFO rally.task.engine [-] Load duration is: 71.749728
2018-08-14 21:48:33.872 6334 INFO rally.task.engine [-] Full runner duration is: 72.797989
2018-08-14 21:48:33.872 6334 INFO rally.task.engine [-] Full duration is: 96.570322
2018-08-14 21:48:33.941 6334 INFO rally.task.engine [-] Task a053c601-e34a-41f4-9c67-f4494d5f652c | Completed: Running task.

--------------------------------------------------------------------------------
Task a053c601-e34a-41f4-9c67-f4494d5f652c: finished
--------------------------------------------------------------------------------

test scenario NovaServers.boot_server_attach_created_volume_and_live_migrate
args position 0
args values:
{
  "runner": {
    "times": 2, 
    "concurrency": 1
  }, 
  "contexts": {
    "users": {
      "tenants": 2, 
      "users_per_tenant": 2
    }
  }, 
  "args": {
    "size": 20, 
    "block_migration": false, 
    "image": {
      "name": "Ubuntu 14.04 LTS"
    }, 
    "flavor": {
      "name": "m1.medium"
    }, 
    "boot_server_kwargs": {}, 
    "create_volume_kwargs": {}
  }, 
  "sla": {
    "failure_rate": {
      "max": 0
    }
  }, 
  "hooks": []
}

--------------------------------------------------------------------------------
Task a053c601-e34a-41f4-9c67-f4494d5f652c has 2 error(s)
--------------------------------------------------------------------------------

GetResourceErrorStatus: Resource <Server: s_rally_315bd500_jBP0yjN7> has ERROR status.
 Fault: n/a

Traceback (most recent call last):
  File "/home/leon0944/rally/local/lib/python2.7/site-packages/rally/task/runner.py", line 71, in _run_scenario_once
    getattr(scenario_inst, method_name)(**scenario_kwargs)
  File "/home/leon0944/rally/local/lib/python2.7/site-packages/rally/plugins/openstack/scenarios/nova/servers.py", line 831, in run
    self._live_migrate(server, block_migration, disk_over_commit)
  File "/home/leon0944/rally/local/lib/python2.7/site-packages/rally/task/atomic.py", line 91, in func_atomic_actions
    f = func(self, *args, **kwargs)
  File "/home/leon0944/rally/local/lib/python2.7/site-packages/rally/plugins/openstack/scenarios/nova/utils.py", line 760, in _live_migrate
    CONF.openstack.nova_server_live_migrate_poll_interval)
  File "/home/leon0944/rally/local/lib/python2.7/site-packages/rally/task/utils.py", line 215, in wait_for_status
    resource = update_resource(resource)
  File "/home/leon0944/rally/local/lib/python2.7/site-packages/rally/task/utils.py", line 90, in _get_from_manager
    fault=getattr(res, "fault", "n/a"))
GetResourceErrorStatus: Resource <Server: s_rally_315bd500_jBP0yjN7> has ERROR status.
 Fault: n/a

--------------------------------------------------------------------------------
GetResourceErrorStatus: Resource <Server: s_rally_315bd500_vXogRjKF> has ERROR status.
 Fault: n/a

Traceback (most recent call last):
  File "/home/leon0944/rally/local/lib/python2.7/site-packages/rally/task/runner.py", line 71, in _run_scenario_once
    getattr(scenario_inst, method_name)(**scenario_kwargs)
  File "/home/leon0944/rally/local/lib/python2.7/site-packages/rally/plugins/openstack/scenarios/nova/servers.py", line 831, in run
    self._live_migrate(server, block_migration, disk_over_commit)
  File "/home/leon0944/rally/local/lib/python2.7/site-packages/rally/task/atomic.py", line 91, in func_atomic_actions
    f = func(self, *args, **kwargs)
  File "/home/leon0944/rally/local/lib/python2.7/site-packages/rally/plugins/openstack/scenarios/nova/utils.py", line 760, in _live_migrate
    CONF.openstack.nova_server_live_migrate_poll_interval)
  File "/home/leon0944/rally/local/lib/python2.7/site-packages/rally/task/utils.py", line 215, in wait_for_status
    resource = update_resource(resource)
  File "/home/leon0944/rally/local/lib/python2.7/site-packages/rally/task/utils.py", line 90, in _get_from_manager
    fault=getattr(res, "fault", "n/a"))
GetResourceErrorStatus: Resource <Server: s_rally_315bd500_vXogRjKF> has ERROR status.
 Fault: n/a

--------------------------------------------------------------------------------
+----------------------------------------------------------------------------------------------------------------------------+
|                                                    Response Times (sec)                                                    |
+-------------------------+-----------+--------------+--------------+--------------+-----------+-----------+---------+-------+
| Action                  | Min (sec) | Median (sec) | 90%ile (sec) | 95%ile (sec) | Max (sec) | Avg (sec) | Success | Count |
+-------------------------+-----------+--------------+--------------+--------------+-----------+-----------+---------+-------+
| nova.boot_server        | 21.348    | 22.85        | 24.053       | 24.203       | 24.353    | 22.85     | 100.0%  | 2     |
| cinder_v2.create_volume | 2.516     | 2.541        | 2.562        | 2.564        | 2.567     | 2.541     | 100.0%  | 2     |
| nova.attach_volume      | 3.684     | 3.809        | 3.908        | 3.921        | 3.933     | 3.809     | 100.0%  | 2     |
| nova.live_migrate       | 7.146     | 7.169        | 7.188        | 7.19         | 7.192     | 7.169     | 0.0%    | 2     |
| total                   | 35.041    | 36.37        | 37.434       | 37.567       | 37.7      | 36.37     | 0.0%    | 2     |
|  -> duration            | 34.041    | 35.37        | 36.434       | 36.567       | 36.7      | 35.37     | 0.0%    | 2     |
|  -> idle_duration       | 1.0       | 1.0          | 1.0          | 1.0          | 1.0       | 1.0       | 0.0%    | 2     |
+-------------------------+-----------+--------------+--------------+--------------+-----------+-----------+---------+-------+

Load duration: 71.749728
Full duration: 96.570322

HINTS:
* To plot HTML graphics with this data, run:
	rally task report a053c601-e34a-41f4-9c67-f4494d5f652c --out output.html

* To generate a JUnit report, run:
	rally task export a053c601-e34a-41f4-9c67-f4494d5f652c --type junit --to output.xml

* To get raw JSON output of task results, run:
	rally task report a053c601-e34a-41f4-9c67-f4494d5f652c --json --out output.json

At least one workload did not pass SLA criteria.

--------------------------------------------------------------------------------
Preparing input task
--------------------------------------------------------------------------------

Task is:
{
    "NovaServers.boot_server_from_volume_and_delete": [
        {
            "args": {
                "flavor": {
                    "name": "m1.medium"
                },
                "image": {
                    "name": "CentOS 7"
                },
                "volume_size": 50,
                "volume_type": "",
                "force_delete": false
            },
            "runner": {
                "type": "constant",
                "times": 50,
                "concurrency": 5
            },
            "context": {
            },
            "sla": {
                "failure_rate": {
                    "max": 0
                }
            }
        }
    ]
}

Task syntax is correct :)
Running Rally version 0.10.1~dev119
--------------------------------------------------------------------------------
Task  8377efe9-eec2-4064-951d-2b337be1cfeb: started
--------------------------------------------------------------------------------

Running Task... This can take a while...

To track task status use:

	rally task status
	or
	rally task detailed

Using task: 8377efe9-eec2-4064-951d-2b337be1cfeb
2018-08-14 21:48:35.868 6648 INFO rally.task.engine [-] Task 8377efe9-eec2-4064-951d-2b337be1cfeb | Starting:  Task validation.
2018-08-14 21:48:35.879 6648 INFO rally.task.engine [-] Task 8377efe9-eec2-4064-951d-2b337be1cfeb | Starting:  Task validation of syntax.
2018-08-14 21:48:35.892 6648 INFO rally.task.engine [-] Task 8377efe9-eec2-4064-951d-2b337be1cfeb | Completed: Task validation of syntax.
2018-08-14 21:48:35.892 6648 INFO rally.task.engine [-] Task 8377efe9-eec2-4064-951d-2b337be1cfeb | Starting:  Task validation of required platforms.
2018-08-14 21:48:35.899 6648 INFO rally.task.engine [-] Task 8377efe9-eec2-4064-951d-2b337be1cfeb | Completed: Task validation of required platforms.
2018-08-14 21:48:35.899 6648 INFO rally.task.engine [-] Task 8377efe9-eec2-4064-951d-2b337be1cfeb | Starting:  Task validation of semantic.
2018-08-14 21:48:39.392 6648 INFO rally.task.context [-] Task 8377efe9-eec2-4064-951d-2b337be1cfeb | Context users@openstack setup()  finished in 2.67 sec
2018-08-14 21:48:41.037 6648 INFO rally.task.context [-] Task 8377efe9-eec2-4064-951d-2b337be1cfeb | Context users@openstack cleanup() started
2018-08-14 21:48:44.792 6648 INFO rally.task.context [-] Task 8377efe9-eec2-4064-951d-2b337be1cfeb | Context users@openstack cleanup() finished in 3.76 sec
2018-08-14 21:48:44.792 6648 INFO rally.task.engine [-] Task 8377efe9-eec2-4064-951d-2b337be1cfeb | Completed: Task validation of semantic.
2018-08-14 21:48:44.793 6648 INFO rally.task.engine [-] Task 8377efe9-eec2-4064-951d-2b337be1cfeb | Completed: Task validation.
2018-08-14 21:48:44.793 6648 INFO rally.api [-] Task 8377efe9-eec2-4064-951d-2b337be1cfeb input file is valid.
2018-08-14 21:48:44.794 6648 INFO rally.api [-] Run Task 8377efe9-eec2-4064-951d-2b337be1cfeb against Deployment b4bb4828-a5c6-40c5-a936-034590fa9108
2018-08-14 21:48:44.794 6648 INFO rally.task.engine [-] Task 8377efe9-eec2-4064-951d-2b337be1cfeb | Starting:  Running task.
2018-08-14 21:48:44.844 6648 INFO rally.task.engine [-] Running workload: 
  position = 0
  config = {
   "version": 2, 
   "title": "A cropped version of a bigger task.", 
   "description": "Auto-generated task from a single workload (uuid=289796b9-760a-46bc-b134-97e80a46701a)", 
   "subtasks": [
      {
         "title": "NovaServers.boot_server_from_volume_and_delete", 
         "description": "Boot a server from volume and then delete it.", 
         "scenario": {
            "NovaServers.boot_server_from_volume_and_delete": {
               "flavor": {
                  "name": "m1.medium"
               }, 
               "image": {
                  "name": "CentOS 7"
               }, 
               "volume_size": 50, 
               "volume_type": "", 
               "force_delete": false
            }
         }, 
         "contexts": {}, 
         "runner": {
            "constant": {
               "times": 50, 
               "concurrency": 5
            }
         }, 
         "hooks": [], 
         "sla": {
            "failure_rate": {
               "max": 0
            }
         }
      }
   ]
}
2018-08-14 21:48:47.648 6648 INFO rally.task.context [-] Task 8377efe9-eec2-4064-951d-2b337be1cfeb | Context users@openstack setup()  finished in 2.77 sec
2018-08-14 21:48:47.648 6648 INFO rally.task.context [-] Task 8377efe9-eec2-4064-951d-2b337be1cfeb | Context cleanup@openstack setup()  finished in 0.04 msec
2018-08-14 21:48:49.128 6776 INFO rally.task.runner [-] Task 8377efe9-eec2-4064-951d-2b337be1cfeb | ITER: 1 START
2018-08-14 21:48:49.134 6778 INFO rally.task.runner [-] Task 8377efe9-eec2-4064-951d-2b337be1cfeb | ITER: 2 START
2018-08-14 21:48:49.136 6777 INFO rally.task.runner [-] Task 8377efe9-eec2-4064-951d-2b337be1cfeb | ITER: 3 START
2018-08-14 21:48:49.137 6781 INFO rally.task.runner [-] Task 8377efe9-eec2-4064-951d-2b337be1cfeb | ITER: 4 START
2018-08-14 21:48:49.142 6782 INFO rally.task.runner [-] Task 8377efe9-eec2-4064-951d-2b337be1cfeb | ITER: 5 START
2018-08-14 21:50:18.241 6777 INFO rally.task.runner [-] Task 8377efe9-eec2-4064-951d-2b337be1cfeb | ITER: 3 END: OK
2018-08-14 21:50:18.245 6777 INFO rally.task.runner [-] Task 8377efe9-eec2-4064-951d-2b337be1cfeb | ITER: 6 START
2018-08-14 21:50:19.487 6778 INFO rally.task.runner [-] Task 8377efe9-eec2-4064-951d-2b337be1cfeb | ITER: 2 END: OK
2018-08-14 21:50:19.493 6778 INFO rally.task.runner [-] Task 8377efe9-eec2-4064-951d-2b337be1cfeb | ITER: 7 START
2018-08-14 21:50:25.463 6782 INFO rally.task.runner [-] Task 8377efe9-eec2-4064-951d-2b337be1cfeb | ITER: 5 END: OK
2018-08-14 21:50:25.468 6782 INFO rally.task.runner [-] Task 8377efe9-eec2-4064-951d-2b337be1cfeb | ITER: 8 START
2018-08-14 21:50:26.593 6776 INFO rally.task.runner [-] Task 8377efe9-eec2-4064-951d-2b337be1cfeb | ITER: 1 END: OK
2018-08-14 21:50:26.598 6776 INFO rally.task.runner [-] Task 8377efe9-eec2-4064-951d-2b337be1cfeb | ITER: 9 START
2018-08-14 21:50:29.817 6781 INFO rally.task.runner [-] Task 8377efe9-eec2-4064-951d-2b337be1cfeb | ITER: 4 END: OK
2018-08-14 21:50:29.822 6781 INFO rally.task.runner [-] Task 8377efe9-eec2-4064-951d-2b337be1cfeb | ITER: 10 START
2018-08-14 21:51:29.084 6777 INFO rally.task.runner [-] Task 8377efe9-eec2-4064-951d-2b337be1cfeb | ITER: 6 END: OK
2018-08-14 21:51:29.088 6777 INFO rally.task.runner [-] Task 8377efe9-eec2-4064-951d-2b337be1cfeb | ITER: 11 START
2018-08-14 21:51:32.273 6778 INFO rally.task.runner [-] Task 8377efe9-eec2-4064-951d-2b337be1cfeb | ITER: 7 END: OK
2018-08-14 21:51:32.277 6778 INFO rally.task.runner [-] Task 8377efe9-eec2-4064-951d-2b337be1cfeb | ITER: 12 START
2018-08-14 21:51:46.801 6782 INFO rally.task.runner [-] Task 8377efe9-eec2-4064-951d-2b337be1cfeb | ITER: 8 END: OK
2018-08-14 21:51:46.806 6782 INFO rally.task.runner [-] Task 8377efe9-eec2-4064-951d-2b337be1cfeb | ITER: 13 START
2018-08-14 21:51:49.239 6781 INFO rally.task.runner [-] Task 8377efe9-eec2-4064-951d-2b337be1cfeb | ITER: 10 END: OK
2018-08-14 21:51:49.243 6781 INFO rally.task.runner [-] Task 8377efe9-eec2-4064-951d-2b337be1cfeb | ITER: 14 START
2018-08-14 21:51:50.952 6776 INFO rally.task.runner [-] Task 8377efe9-eec2-4064-951d-2b337be1cfeb | ITER: 9 END: OK
2018-08-14 21:51:50.957 6776 INFO rally.task.runner [-] Task 8377efe9-eec2-4064-951d-2b337be1cfeb | ITER: 15 START
2018-08-14 21:52:37.704 6777 INFO rally.task.runner [-] Task 8377efe9-eec2-4064-951d-2b337be1cfeb | ITER: 11 END: OK
2018-08-14 21:52:37.708 6777 INFO rally.task.runner [-] Task 8377efe9-eec2-4064-951d-2b337be1cfeb | ITER: 16 START
2018-08-14 21:52:46.944 6778 INFO rally.task.runner [-] Task 8377efe9-eec2-4064-951d-2b337be1cfeb | ITER: 12 END: OK
2018-08-14 21:52:46.949 6778 INFO rally.task.runner [-] Task 8377efe9-eec2-4064-951d-2b337be1cfeb | ITER: 17 START
2018-08-14 21:53:15.054 6781 INFO rally.task.runner [-] Task 8377efe9-eec2-4064-951d-2b337be1cfeb | ITER: 14 END: OK
2018-08-14 21:53:15.059 6781 INFO rally.task.runner [-] Task 8377efe9-eec2-4064-951d-2b337be1cfeb | ITER: 18 START
2018-08-14 21:53:18.574 6776 INFO rally.task.runner [-] Task 8377efe9-eec2-4064-951d-2b337be1cfeb | ITER: 15 END: OK
2018-08-14 21:53:18.578 6776 INFO rally.task.runner [-] Task 8377efe9-eec2-4064-951d-2b337be1cfeb | ITER: 19 START
2018-08-14 21:53:31.573 6777 INFO rally.task.runner [-] Task 8377efe9-eec2-4064-951d-2b337be1cfeb | ITER: 16 END: OK
2018-08-14 21:53:31.578 6777 INFO rally.task.runner [-] Task 8377efe9-eec2-4064-951d-2b337be1cfeb | ITER: 20 START
2018-08-14 21:53:39.490 6782 INFO rally.task.runner [-] Task 8377efe9-eec2-4064-951d-2b337be1cfeb | ITER: 13 END: OK
2018-08-14 21:53:39.495 6782 INFO rally.task.runner [-] Task 8377efe9-eec2-4064-951d-2b337be1cfeb | ITER: 21 START
2018-08-14 21:53:48.149 6778 INFO rally.task.runner [-] Task 8377efe9-eec2-4064-951d-2b337be1cfeb | ITER: 17 END: OK
2018-08-14 21:53:48.153 6778 INFO rally.task.runner [-] Task 8377efe9-eec2-4064-951d-2b337be1cfeb | ITER: 22 START
2018-08-14 21:54:13.115 6781 INFO rally.task.runner [-] Task 8377efe9-eec2-4064-951d-2b337be1cfeb | ITER: 18 END: OK
2018-08-14 21:54:13.119 6781 INFO rally.task.runner [-] Task 8377efe9-eec2-4064-951d-2b337be1cfeb | ITER: 23 START
2018-08-14 21:54:16.311 6776 INFO rally.task.runner [-] Task 8377efe9-eec2-4064-951d-2b337be1cfeb | ITER: 19 END: OK
2018-08-14 21:54:16.316 6776 INFO rally.task.runner [-] Task 8377efe9-eec2-4064-951d-2b337be1cfeb | ITER: 24 START
2018-08-14 21:54:31.726 6777 INFO rally.task.runner [-] Task 8377efe9-eec2-4064-951d-2b337be1cfeb | ITER: 20 END: OK
2018-08-14 21:54:31.730 6777 INFO rally.task.runner [-] Task 8377efe9-eec2-4064-951d-2b337be1cfeb | ITER: 25 START
2018-08-14 21:54:35.720 6782 INFO rally.task.runner [-] Task 8377efe9-eec2-4064-951d-2b337be1cfeb | ITER: 21 END: OK
2018-08-14 21:54:35.724 6782 INFO rally.task.runner [-] Task 8377efe9-eec2-4064-951d-2b337be1cfeb | ITER: 26 START
2018-08-14 21:54:48.426 6778 INFO rally.task.runner [-] Task 8377efe9-eec2-4064-951d-2b337be1cfeb | ITER: 22 END: OK
2018-08-14 21:54:48.430 6778 INFO rally.task.runner [-] Task 8377efe9-eec2-4064-951d-2b337be1cfeb | ITER: 27 START
2018-08-14 21:55:17.635 6781 INFO rally.task.runner [-] Task 8377efe9-eec2-4064-951d-2b337be1cfeb | ITER: 23 END: OK
2018-08-14 21:55:17.639 6781 INFO rally.task.runner [-] Task 8377efe9-eec2-4064-951d-2b337be1cfeb | ITER: 28 START
2018-08-14 21:55:25.824 6776 INFO rally.task.runner [-] Task 8377efe9-eec2-4064-951d-2b337be1cfeb | ITER: 24 END: OK
2018-08-14 21:55:25.828 6776 INFO rally.task.runner [-] Task 8377efe9-eec2-4064-951d-2b337be1cfeb | ITER: 29 START
2018-08-14 21:56:13.604 6778 INFO rally.task.runner [-] Task 8377efe9-eec2-4064-951d-2b337be1cfeb | ITER: 27 END: OK
2018-08-14 21:56:13.608 6778 INFO rally.task.runner [-] Task 8377efe9-eec2-4064-951d-2b337be1cfeb | ITER: 30 START
2018-08-14 21:56:13.917 6777 INFO rally.task.runner [-] Task 8377efe9-eec2-4064-951d-2b337be1cfeb | ITER: 25 END: OK
2018-08-14 21:56:13.921 6777 INFO rally.task.runner [-] Task 8377efe9-eec2-4064-951d-2b337be1cfeb | ITER: 31 START
2018-08-14 21:56:15.277 6782 INFO rally.task.runner [-] Task 8377efe9-eec2-4064-951d-2b337be1cfeb | ITER: 26 END: OK
2018-08-14 21:56:15.281 6782 INFO rally.task.runner [-] Task 8377efe9-eec2-4064-951d-2b337be1cfeb | ITER: 32 START
2018-08-14 21:56:26.456 6781 INFO rally.task.runner [-] Task 8377efe9-eec2-4064-951d-2b337be1cfeb | ITER: 28 END: OK
2018-08-14 21:56:26.460 6781 INFO rally.task.runner [-] Task 8377efe9-eec2-4064-951d-2b337be1cfeb | ITER: 33 START
2018-08-14 21:56:28.427 6776 INFO rally.task.runner [-] Task 8377efe9-eec2-4064-951d-2b337be1cfeb | ITER: 29 END: OK
2018-08-14 21:56:28.430 6776 INFO rally.task.runner [-] Task 8377efe9-eec2-4064-951d-2b337be1cfeb | ITER: 34 START
2018-08-14 21:58:35.280 6778 INFO rally.task.runner [-] Task 8377efe9-eec2-4064-951d-2b337be1cfeb | ITER: 30 END: OK
2018-08-14 21:58:35.284 6778 INFO rally.task.runner [-] Task 8377efe9-eec2-4064-951d-2b337be1cfeb | ITER: 35 START
2018-08-14 21:58:36.376 6776 INFO rally.task.runner [-] Task 8377efe9-eec2-4064-951d-2b337be1cfeb | ITER: 34 END: OK
2018-08-14 21:58:36.380 6776 INFO rally.task.runner [-] Task 8377efe9-eec2-4064-951d-2b337be1cfeb | ITER: 36 START
2018-08-14 21:58:36.451 6777 INFO rally.task.runner [-] Task 8377efe9-eec2-4064-951d-2b337be1cfeb | ITER: 31 END: OK
2018-08-14 21:58:36.455 6777 INFO rally.task.runner [-] Task 8377efe9-eec2-4064-951d-2b337be1cfeb | ITER: 37 START
2018-08-14 21:58:40.138 6782 INFO rally.task.runner [-] Task 8377efe9-eec2-4064-951d-2b337be1cfeb | ITER: 32 END: OK
2018-08-14 21:58:40.142 6782 INFO rally.task.runner [-] Task 8377efe9-eec2-4064-951d-2b337be1cfeb | ITER: 38 START
2018-08-14 21:58:40.495 6781 INFO rally.task.runner [-] Task 8377efe9-eec2-4064-951d-2b337be1cfeb | ITER: 33 END: OK
2018-08-14 21:58:40.499 6781 INFO rally.task.runner [-] Task 8377efe9-eec2-4064-951d-2b337be1cfeb | ITER: 39 START
2018-08-14 21:59:48.041 6778 INFO rally.task.runner [-] Task 8377efe9-eec2-4064-951d-2b337be1cfeb | ITER: 35 END: OK
2018-08-14 21:59:48.045 6778 INFO rally.task.runner [-] Task 8377efe9-eec2-4064-951d-2b337be1cfeb | ITER: 40 START
2018-08-14 21:59:58.518 6777 INFO rally.task.runner [-] Task 8377efe9-eec2-4064-951d-2b337be1cfeb | ITER: 37 END: OK
2018-08-14 21:59:58.522 6777 INFO rally.task.runner [-] Task 8377efe9-eec2-4064-951d-2b337be1cfeb | ITER: 41 START
2018-08-14 22:00:06.103 6782 INFO rally.task.runner [-] Task 8377efe9-eec2-4064-951d-2b337be1cfeb | ITER: 38 END: OK
2018-08-14 22:00:06.107 6782 INFO rally.task.runner [-] Task 8377efe9-eec2-4064-951d-2b337be1cfeb | ITER: 42 START
2018-08-14 22:00:17.624 6776 INFO rally.task.runner [-] Task 8377efe9-eec2-4064-951d-2b337be1cfeb | ITER: 36 END: OK
2018-08-14 22:00:17.628 6776 INFO rally.task.runner [-] Task 8377efe9-eec2-4064-951d-2b337be1cfeb | ITER: 43 START
2018-08-14 22:00:36.208 6781 INFO rally.task.runner [-] Task 8377efe9-eec2-4064-951d-2b337be1cfeb | ITER: 39 END: OK
2018-08-14 22:00:36.212 6781 INFO rally.task.runner [-] Task 8377efe9-eec2-4064-951d-2b337be1cfeb | ITER: 44 START
2018-08-14 22:00:58.477 6778 INFO rally.task.runner [-] Task 8377efe9-eec2-4064-951d-2b337be1cfeb | ITER: 40 END: OK
2018-08-14 22:00:58.481 6778 INFO rally.task.runner [-] Task 8377efe9-eec2-4064-951d-2b337be1cfeb | ITER: 45 START
2018-08-14 22:01:13.316 6776 INFO rally.task.runner [-] Task 8377efe9-eec2-4064-951d-2b337be1cfeb | ITER: 43 END: OK
2018-08-14 22:01:13.320 6776 INFO rally.task.runner [-] Task 8377efe9-eec2-4064-951d-2b337be1cfeb | ITER: 46 START
2018-08-14 22:01:17.999 6777 INFO rally.task.runner [-] Task 8377efe9-eec2-4064-951d-2b337be1cfeb | ITER: 41 END: OK
2018-08-14 22:01:18.003 6777 INFO rally.task.runner [-] Task 8377efe9-eec2-4064-951d-2b337be1cfeb | ITER: 47 START
2018-08-14 22:01:18.557 6782 INFO rally.task.runner [-] Task 8377efe9-eec2-4064-951d-2b337be1cfeb | ITER: 42 END: OK
2018-08-14 22:01:18.561 6782 INFO rally.task.runner [-] Task 8377efe9-eec2-4064-951d-2b337be1cfeb | ITER: 48 START
2018-08-14 22:01:33.642 6781 INFO rally.task.runner [-] Task 8377efe9-eec2-4064-951d-2b337be1cfeb | ITER: 44 END: OK
2018-08-14 22:01:33.646 6781 INFO rally.task.runner [-] Task 8377efe9-eec2-4064-951d-2b337be1cfeb | ITER: 49 START
2018-08-14 22:01:47.019 6778 INFO rally.task.runner [-] Task 8377efe9-eec2-4064-951d-2b337be1cfeb | ITER: 45 END: OK
2018-08-14 22:01:47.023 6778 INFO rally.task.runner [-] Task 8377efe9-eec2-4064-951d-2b337be1cfeb | ITER: 50 START
2018-08-14 22:02:20.148 6776 INFO rally.task.runner [-] Task 8377efe9-eec2-4064-951d-2b337be1cfeb | ITER: 46 END: OK
2018-08-14 22:02:33.024 6777 INFO rally.task.runner [-] Task 8377efe9-eec2-4064-951d-2b337be1cfeb | ITER: 47 END: OK
2018-08-14 22:02:37.977 6781 INFO rally.task.runner [-] Task 8377efe9-eec2-4064-951d-2b337be1cfeb | ITER: 49 END: OK
2018-08-14 22:02:43.329 6782 INFO rally.task.runner [-] Task 8377efe9-eec2-4064-951d-2b337be1cfeb | ITER: 48 END: OK
2018-08-14 22:02:52.407 6778 INFO rally.task.runner [-] Task 8377efe9-eec2-4064-951d-2b337be1cfeb | ITER: 50 END: OK
2018-08-14 22:02:52.437 6648 INFO rally.task.context [-] Task 8377efe9-eec2-4064-951d-2b337be1cfeb | Context cleanup@openstack cleanup() started
2018-08-14 22:02:56.466 6648 INFO rally.task.context [-] Task 8377efe9-eec2-4064-951d-2b337be1cfeb | Context cleanup@openstack cleanup() finished in 4.03 sec
2018-08-14 22:02:56.466 6648 INFO rally.task.context [-] Task 8377efe9-eec2-4064-951d-2b337be1cfeb | Context users@openstack cleanup() started
2018-08-14 22:02:59.899 6648 INFO rally.task.context [-] Task 8377efe9-eec2-4064-951d-2b337be1cfeb | Context users@openstack cleanup() finished in 3.43 sec
2018-08-14 22:03:01.265 6648 INFO rally.task.engine [-] Load duration is: 842.274523
2018-08-14 22:03:01.266 6648 INFO rally.task.engine [-] Full runner duration is: 843.325846
2018-08-14 22:03:01.266 6648 INFO rally.task.engine [-] Full duration is: 855.048234
2018-08-14 22:03:01.375 6648 INFO rally.task.engine [-] Task 8377efe9-eec2-4064-951d-2b337be1cfeb | Completed: Running task.

--------------------------------------------------------------------------------
Task 8377efe9-eec2-4064-951d-2b337be1cfeb: finished
--------------------------------------------------------------------------------

test scenario NovaServers.boot_server_from_volume_and_delete
args position 0
args values:
{
  "runner": {
    "times": 50, 
    "concurrency": 5
  }, 
  "contexts": {}, 
  "args": {
    "flavor": {
      "name": "m1.medium"
    }, 
    "image": {
      "name": "CentOS 7"
    }, 
    "volume_size": 50, 
    "volume_type": "", 
    "force_delete": false
  }, 
  "sla": {
    "failure_rate": {
      "max": 0
    }
  }, 
  "hooks": []
}

--------------------------------------------------------------------------------
Task 8377efe9-eec2-4064-951d-2b337be1cfeb has 0 error(s)
--------------------------------------------------------------------------------

+----------------------------------------------------------------------------------------------------------------------------+
|                                                    Response Times (sec)                                                    |
+-------------------------+-----------+--------------+--------------+--------------+-----------+-----------+---------+-------+
| Action                  | Min (sec) | Median (sec) | 90%ile (sec) | 95%ile (sec) | Max (sec) | Avg (sec) | Success | Count |
+-------------------------+-----------+--------------+--------------+--------------+-----------+-----------+---------+-------+
| cinder_v2.create_volume | 28.318    | 52.993       | 95.785       | 117.429      | 124.268   | 60.345    | 100.0%  | 50    |
| nova.boot_server        | 15.628    | 17.272       | 20.053       | 20.657       | 26.333    | 17.752    | 100.0%  | 50    |
| nova.delete_server      | 2.46      | 4.69         | 7.466        | 9.399        | 15.16     | 4.721     | 100.0%  | 50    |
| total                   | 48.536    | 77.217       | 116.931      | 138.233      | 144.856   | 82.818    | 100.0%  | 50    |
|  -> duration            | 47.536    | 76.217       | 115.931      | 137.233      | 143.856   | 81.818    | 100.0%  | 50    |
|  -> idle_duration       | 1.0       | 1.0          | 1.0          | 1.0          | 1.0       | 1.0       | 100.0%  | 50    |
+-------------------------+-----------+--------------+--------------+--------------+-----------+-----------+---------+-------+

Load duration: 842.274523
Full duration: 855.048234

HINTS:
* To plot HTML graphics with this data, run:
	rally task report 8377efe9-eec2-4064-951d-2b337be1cfeb --out output.html

* To generate a JUnit report, run:
	rally task export 8377efe9-eec2-4064-951d-2b337be1cfeb --type junit --to output.xml

* To get raw JSON output of task results, run:
	rally task report 8377efe9-eec2-4064-951d-2b337be1cfeb --json --out output.json

--------------------------------------------------------------------------------
Preparing input task
--------------------------------------------------------------------------------

Task is:
{
    "NeutronNetworks.create_and_delete_subnets": [
        {
            "args": {
                "network_create_args": {},
                "subnet_create_args": {},
                "subnet_cidr_start": "1.1.0.0/30",
                "subnets_per_network": 2
            },
            "runner": {
                "type": "constant",
                "times": 10,
                "concurrency": 10
            },
            "context": {
                "network": {},
                "users": {
                    "tenants": 3,
                    "users_per_tenant": 3
                },
                "quotas": {
                    "neutron": {
                        "network": -1,
                        "subnet": -1
                    }
                }
            },
            "sla": {
                "failure_rate": {
                    "max": 0
                }
            }
        }
    ]
}

Task syntax is correct :)
Running Rally version 0.10.1~dev119
--------------------------------------------------------------------------------
Task  8b2f2987-3e75-4f7c-ae9c-b957a90b79f2: started
--------------------------------------------------------------------------------

Running Task... This can take a while...

To track task status use:

	rally task status
	or
	rally task detailed

Using task: 8b2f2987-3e75-4f7c-ae9c-b957a90b79f2
2018-08-14 22:03:03.172 7613 INFO rally.task.engine [-] Task 8b2f2987-3e75-4f7c-ae9c-b957a90b79f2 | Starting:  Task validation.
2018-08-14 22:03:03.179 7613 INFO rally.task.engine [-] Task 8b2f2987-3e75-4f7c-ae9c-b957a90b79f2 | Starting:  Task validation of syntax.
2018-08-14 22:03:03.193 7613 INFO rally.task.engine [-] Task 8b2f2987-3e75-4f7c-ae9c-b957a90b79f2 | Completed: Task validation of syntax.
2018-08-14 22:03:03.193 7613 INFO rally.task.engine [-] Task 8b2f2987-3e75-4f7c-ae9c-b957a90b79f2 | Starting:  Task validation of required platforms.
2018-08-14 22:03:03.199 7613 INFO rally.task.engine [-] Task 8b2f2987-3e75-4f7c-ae9c-b957a90b79f2 | Completed: Task validation of required platforms.
2018-08-14 22:03:03.199 7613 INFO rally.task.engine [-] Task 8b2f2987-3e75-4f7c-ae9c-b957a90b79f2 | Starting:  Task validation of semantic.
2018-08-14 22:03:06.459 7613 INFO rally.task.context [-] Task 8b2f2987-3e75-4f7c-ae9c-b957a90b79f2 | Context users@openstack setup()  finished in 2.54 sec
2018-08-14 22:03:07.004 7613 INFO rally.task.context [-] Task 8b2f2987-3e75-4f7c-ae9c-b957a90b79f2 | Context users@openstack cleanup() started
2018-08-14 22:03:10.962 7613 INFO rally.task.context [-] Task 8b2f2987-3e75-4f7c-ae9c-b957a90b79f2 | Context users@openstack cleanup() finished in 3.96 sec
2018-08-14 22:03:10.963 7613 INFO rally.task.engine [-] Task 8b2f2987-3e75-4f7c-ae9c-b957a90b79f2 | Completed: Task validation of semantic.
2018-08-14 22:03:10.963 7613 INFO rally.task.engine [-] Task 8b2f2987-3e75-4f7c-ae9c-b957a90b79f2 | Completed: Task validation.
2018-08-14 22:03:10.963 7613 INFO rally.api [-] Task 8b2f2987-3e75-4f7c-ae9c-b957a90b79f2 input file is valid.
2018-08-14 22:03:10.964 7613 INFO rally.api [-] Run Task 8b2f2987-3e75-4f7c-ae9c-b957a90b79f2 against Deployment b4bb4828-a5c6-40c5-a936-034590fa9108
2018-08-14 22:03:10.964 7613 INFO rally.task.engine [-] Task 8b2f2987-3e75-4f7c-ae9c-b957a90b79f2 | Starting:  Running task.
2018-08-14 22:03:11.009 7613 INFO rally.task.engine [-] Running workload: 
  position = 0
  config = {
   "version": 2, 
   "title": "A cropped version of a bigger task.", 
   "description": "Auto-generated task from a single workload (uuid=21512269-f0aa-4426-8439-9a4ee886654d)", 
   "subtasks": [
      {
         "title": "NeutronNetworks.create_and_delete_subnets", 
         "description": "Create and delete a given number of subnets.", 
         "scenario": {
            "NeutronNetworks.create_and_delete_subnets": {
               "network_create_args": {}, 
               "subnet_create_args": {}, 
               "subnet_cidr_start": "1.1.0.0/30", 
               "subnets_per_network": 2
            }
         }, 
         "contexts": {
            "network": {}, 
            "users": {
               "tenants": 3, 
               "users_per_tenant": 3
            }, 
            "quotas": {
               "neutron": {
                  "network": -1, 
                  "subnet": -1
               }
            }
         }, 
         "runner": {
            "constant": {
               "times": 10, 
               "concurrency": 10
            }
         }, 
         "hooks": [], 
         "sla": {
            "failure_rate": {
               "max": 0
            }
         }
      }
   ]
}
2018-08-14 22:03:14.049 7613 INFO rally.task.context [-] Task 8b2f2987-3e75-4f7c-ae9c-b957a90b79f2 | Context users@openstack setup()  finished in 3.01 sec
2018-08-14 22:03:14.854 7613 INFO rally.task.context [-] Task 8b2f2987-3e75-4f7c-ae9c-b957a90b79f2 | Context quotas@openstack setup()  finished in 0.80 sec
2018-08-14 22:03:29.107 7613 INFO rally.task.context [-] Task 8b2f2987-3e75-4f7c-ae9c-b957a90b79f2 | Context network@openstack setup()  finished in 14.25 sec
2018-08-14 22:03:29.107 7613 INFO rally.task.context [-] Task 8b2f2987-3e75-4f7c-ae9c-b957a90b79f2 | Context cleanup@openstack setup()  finished in 0.01 msec
2018-08-14 22:03:29.136 7741 INFO rally.task.runner [-] Task 8b2f2987-3e75-4f7c-ae9c-b957a90b79f2 | ITER: 1 START
2018-08-14 22:03:29.140 7742 INFO rally.task.runner [-] Task 8b2f2987-3e75-4f7c-ae9c-b957a90b79f2 | ITER: 2 START
2018-08-14 22:03:29.147 7743 INFO rally.task.runner [-] Task 8b2f2987-3e75-4f7c-ae9c-b957a90b79f2 | ITER: 3 START
2018-08-14 22:03:29.147 7744 INFO rally.task.runner [-] Task 8b2f2987-3e75-4f7c-ae9c-b957a90b79f2 | ITER: 4 START
2018-08-14 22:03:29.152 7747 INFO rally.task.runner [-] Task 8b2f2987-3e75-4f7c-ae9c-b957a90b79f2 | ITER: 5 START
2018-08-14 22:03:29.158 7753 INFO rally.task.runner [-] Task 8b2f2987-3e75-4f7c-ae9c-b957a90b79f2 | ITER: 7 START
2018-08-14 22:03:29.159 7750 INFO rally.task.runner [-] Task 8b2f2987-3e75-4f7c-ae9c-b957a90b79f2 | ITER: 6 START
2018-08-14 22:03:29.160 7757 INFO rally.task.runner [-] Task 8b2f2987-3e75-4f7c-ae9c-b957a90b79f2 | ITER: 8 START
2018-08-14 22:03:29.170 7765 INFO rally.task.runner [-] Task 8b2f2987-3e75-4f7c-ae9c-b957a90b79f2 | ITER: 9 START
2018-08-14 22:03:29.181 7768 INFO rally.task.runner [-] Task 8b2f2987-3e75-4f7c-ae9c-b957a90b79f2 | ITER: 10 START
2018-08-14 22:03:32.500 7757 INFO rally.task.runner [-] Task 8b2f2987-3e75-4f7c-ae9c-b957a90b79f2 | ITER: 8 END: OK
2018-08-14 22:03:33.429 7750 INFO rally.task.runner [-] Task 8b2f2987-3e75-4f7c-ae9c-b957a90b79f2 | ITER: 6 END: OK
2018-08-14 22:03:34.198 7765 INFO rally.task.runner [-] Task 8b2f2987-3e75-4f7c-ae9c-b957a90b79f2 | ITER: 9 END: OK
2018-08-14 22:03:34.716 7768 INFO rally.task.runner [-] Task 8b2f2987-3e75-4f7c-ae9c-b957a90b79f2 | ITER: 10 END: OK
2018-08-14 22:03:34.987 7742 INFO rally.task.runner [-] Task 8b2f2987-3e75-4f7c-ae9c-b957a90b79f2 | ITER: 2 END: OK
2018-08-14 22:03:35.163 7741 INFO rally.task.runner [-] Task 8b2f2987-3e75-4f7c-ae9c-b957a90b79f2 | ITER: 1 END: OK
2018-08-14 22:03:35.893 7747 INFO rally.task.runner [-] Task 8b2f2987-3e75-4f7c-ae9c-b957a90b79f2 | ITER: 5 END: OK
2018-08-14 22:03:37.163 7753 INFO rally.task.runner [-] Task 8b2f2987-3e75-4f7c-ae9c-b957a90b79f2 | ITER: 7 END: OK
2018-08-14 22:03:37.364 7743 INFO rally.task.runner [-] Task 8b2f2987-3e75-4f7c-ae9c-b957a90b79f2 | ITER: 3 END: OK
2018-08-14 22:03:39.851 7744 INFO rally.task.runner [-] Task 8b2f2987-3e75-4f7c-ae9c-b957a90b79f2 | ITER: 4 END: OK
2018-08-14 22:03:39.875 7613 INFO rally.task.context [-] Task 8b2f2987-3e75-4f7c-ae9c-b957a90b79f2 | Context cleanup@openstack cleanup() started
2018-08-14 22:03:57.687 7613 INFO rally.task.context [-] Task 8b2f2987-3e75-4f7c-ae9c-b957a90b79f2 | Context cleanup@openstack cleanup() finished in 17.81 sec
2018-08-14 22:03:57.688 7613 INFO rally.task.context [-] Task 8b2f2987-3e75-4f7c-ae9c-b957a90b79f2 | Context network@openstack cleanup() started
2018-08-14 22:04:22.355 7613 INFO rally.task.context [-] Task 8b2f2987-3e75-4f7c-ae9c-b957a90b79f2 | Context network@openstack cleanup() finished in 24.67 sec
2018-08-14 22:04:22.355 7613 INFO rally.task.context [-] Task 8b2f2987-3e75-4f7c-ae9c-b957a90b79f2 | Context quotas@openstack cleanup() started
2018-08-14 22:04:22.429 7613 INFO rally.task.context [-] Task 8b2f2987-3e75-4f7c-ae9c-b957a90b79f2 | Context quotas@openstack cleanup() finished in 73.23 msec
2018-08-14 22:04:22.429 7613 INFO rally.task.context [-] Task 8b2f2987-3e75-4f7c-ae9c-b957a90b79f2 | Context users@openstack cleanup() started
2018-08-14 22:04:27.341 7613 INFO rally.task.context [-] Task 8b2f2987-3e75-4f7c-ae9c-b957a90b79f2 | Context users@openstack cleanup() finished in 4.91 sec
2018-08-14 22:04:27.653 7613 INFO rally.task.engine [-] Load duration is: 10.712721
2018-08-14 22:04:27.654 7613 INFO rally.task.engine [-] Full runner duration is: 10.759838
2018-08-14 22:04:27.654 7613 INFO rally.task.engine [-] Full duration is: 76.324468
2018-08-14 22:04:27.729 7613 INFO rally.task.engine [-] Task 8b2f2987-3e75-4f7c-ae9c-b957a90b79f2 | Completed: Running task.

--------------------------------------------------------------------------------
Task 8b2f2987-3e75-4f7c-ae9c-b957a90b79f2: finished
--------------------------------------------------------------------------------

test scenario NeutronNetworks.create_and_delete_subnets
args position 0
args values:
{
  "runner": {
    "times": 10, 
    "concurrency": 10
  }, 
  "contexts": {
    "network": {}, 
    "users": {
      "tenants": 3, 
      "users_per_tenant": 3
    }, 
    "quotas": {
      "neutron": {
        "network": -1, 
        "subnet": -1
      }
    }
  }, 
  "args": {
    "network_create_args": {}, 
    "subnet_create_args": {}, 
    "subnet_cidr_start": "1.1.0.0/30", 
    "subnets_per_network": 2
  }, 
  "sla": {
    "failure_rate": {
      "max": 0
    }
  }, 
  "hooks": []
}

--------------------------------------------------------------------------------
Task 8b2f2987-3e75-4f7c-ae9c-b957a90b79f2 has 0 error(s)
--------------------------------------------------------------------------------

+-------------------------------------------------------------------------------------------------------------------------------+
|                                                     Response Times (sec)                                                      |
+----------------------------+-----------+--------------+--------------+--------------+-----------+-----------+---------+-------+
| Action                     | Min (sec) | Median (sec) | 90%ile (sec) | 95%ile (sec) | Max (sec) | Avg (sec) | Success | Count |
+----------------------------+-----------+--------------+--------------+--------------+-----------+-----------+---------+-------+
| neutron.create_subnet (x2) | 1.787     | 3.293        | 6.552        | 7.873        | 9.194     | 3.924     | 100.0%  | 10    |
| neutron.delete_subnet (x2) | 1.154     | 1.998        | 4.215        | 4.531        | 4.848     | 2.446     | 100.0%  | 10    |
| total                      | 3.338     | 5.935        | 8.464        | 9.583        | 10.702    | 6.37      | 100.0%  | 10    |
|  -> duration               | 3.338     | 5.935        | 8.464        | 9.583        | 10.702    | 6.37      | 100.0%  | 10    |
|  -> idle_duration          | 0.0       | 0.0          | 0.0          | 0.0          | 0.0       | 0.0       | 100.0%  | 10    |
+----------------------------+-----------+--------------+--------------+--------------+-----------+-----------+---------+-------+

Load duration: 10.712721
Full duration: 76.324468

HINTS:
* To plot HTML graphics with this data, run:
	rally task report 8b2f2987-3e75-4f7c-ae9c-b957a90b79f2 --out output.html

* To generate a JUnit report, run:
	rally task export 8b2f2987-3e75-4f7c-ae9c-b957a90b79f2 --type junit --to output.xml

* To get raw JSON output of task results, run:
	rally task report 8b2f2987-3e75-4f7c-ae9c-b957a90b79f2 --json --out output.json

--------------------------------------------------------------------------------
Preparing input task
--------------------------------------------------------------------------------

Task is:
{
    "NeutronNetworks.create_and_list_networks": [
        {
            "args": {
                "network_create_args": {}
            },
            "runner": {
                "type": "constant",
                "times": 100,
                "concurrency": 10
            },
            "context": {
                "users": {
                    "tenants": 3,
                    "users_per_tenant": 3
                },
                "quotas": {
                    "neutron": {
                        "network": -1
                    }
                }
            },
            "sla": {
                "failure_rate": {
                    "max": 0
                }
            }
        },
        {
            "args": {
                "network_create_args": {
                    "provider:network_type": "vxlan"
                }
            },
            "runner": {
                "type": "constant",
                "times": 100,
                "concurrency": 10
            },
            "context": {
                "users": {
                    "tenants": 3,
                    "users_per_tenant": 3
                },
                "quotas": {
                    "neutron": {
                        "network": -1
                    }
                },
                "roles": ["admin"]
            },
            "sla": {
                "failure_rate": {
                    "max": 0
                }
            }
        }
    ]
}

Task syntax is correct :)
Running Rally version 0.10.1~dev119
--------------------------------------------------------------------------------
Task  c805d5f5-e350-4aa1-b1ef-5c7c242c4e21: started
--------------------------------------------------------------------------------

Running Task... This can take a while...

To track task status use:

	rally task status
	or
	rally task detailed

Using task: c805d5f5-e350-4aa1-b1ef-5c7c242c4e21
2018-08-14 22:04:29.499 8022 INFO rally.task.engine [-] Task c805d5f5-e350-4aa1-b1ef-5c7c242c4e21 | Starting:  Task validation.
2018-08-14 22:04:29.506 8022 INFO rally.task.engine [-] Task c805d5f5-e350-4aa1-b1ef-5c7c242c4e21 | Starting:  Task validation of syntax.
2018-08-14 22:04:29.532 8022 INFO rally.task.engine [-] Task c805d5f5-e350-4aa1-b1ef-5c7c242c4e21 | Completed: Task validation of syntax.
2018-08-14 22:04:29.532 8022 INFO rally.task.engine [-] Task c805d5f5-e350-4aa1-b1ef-5c7c242c4e21 | Starting:  Task validation of required platforms.
2018-08-14 22:04:29.542 8022 INFO rally.task.engine [-] Task c805d5f5-e350-4aa1-b1ef-5c7c242c4e21 | Completed: Task validation of required platforms.
2018-08-14 22:04:29.542 8022 INFO rally.task.engine [-] Task c805d5f5-e350-4aa1-b1ef-5c7c242c4e21 | Starting:  Task validation of semantic.
2018-08-14 22:04:32.921 8022 INFO rally.task.context [-] Task c805d5f5-e350-4aa1-b1ef-5c7c242c4e21 | Context users@openstack setup()  finished in 2.66 sec
2018-08-14 22:04:33.755 8022 INFO rally.task.context [-] Task c805d5f5-e350-4aa1-b1ef-5c7c242c4e21 | Context users@openstack cleanup() started
2018-08-14 22:04:37.383 8022 INFO rally.task.context [-] Task c805d5f5-e350-4aa1-b1ef-5c7c242c4e21 | Context users@openstack cleanup() finished in 3.63 sec
2018-08-14 22:04:37.384 8022 INFO rally.task.engine [-] Task c805d5f5-e350-4aa1-b1ef-5c7c242c4e21 | Completed: Task validation of semantic.
2018-08-14 22:04:37.384 8022 INFO rally.task.engine [-] Task c805d5f5-e350-4aa1-b1ef-5c7c242c4e21 | Completed: Task validation.
2018-08-14 22:04:37.384 8022 INFO rally.api [-] Task c805d5f5-e350-4aa1-b1ef-5c7c242c4e21 input file is valid.
2018-08-14 22:04:37.385 8022 INFO rally.api [-] Run Task c805d5f5-e350-4aa1-b1ef-5c7c242c4e21 against Deployment b4bb4828-a5c6-40c5-a936-034590fa9108
2018-08-14 22:04:37.385 8022 INFO rally.task.engine [-] Task c805d5f5-e350-4aa1-b1ef-5c7c242c4e21 | Starting:  Running task.
2018-08-14 22:04:37.481 8022 INFO rally.task.engine [-] Running workload: 
  position = 0
  config = {
   "version": 2, 
   "title": "A cropped version of a bigger task.", 
   "description": "Auto-generated task from a single workload (uuid=8211c97f-26ba-445e-bbed-740731f14bc2)", 
   "subtasks": [
      {
         "title": "NeutronNetworks.create_and_list_networks", 
         "description": "Create a network and then list all networks.", 
         "scenario": {
            "NeutronNetworks.create_and_list_networks": {
               "network_create_args": {}
            }
         }, 
         "contexts": {
            "users": {
               "tenants": 3, 
               "users_per_tenant": 3
            }, 
            "quotas": {
               "neutron": {
                  "network": -1
               }
            }
         }, 
         "runner": {
            "constant": {
               "times": 100, 
               "concurrency": 10
            }
         }, 
         "hooks": [], 
         "sla": {
            "failure_rate": {
               "max": 0
            }
         }
      }
   ]
}
2018-08-14 22:04:40.734 8022 INFO rally.task.context [-] Task c805d5f5-e350-4aa1-b1ef-5c7c242c4e21 | Context users@openstack setup()  finished in 3.21 sec
2018-08-14 22:04:41.471 8022 INFO rally.task.context [-] Task c805d5f5-e350-4aa1-b1ef-5c7c242c4e21 | Context quotas@openstack setup()  finished in 0.74 sec
2018-08-14 22:04:41.471 8022 INFO rally.task.context [-] Task c805d5f5-e350-4aa1-b1ef-5c7c242c4e21 | Context cleanup@openstack setup()  finished in 0.05 msec
2018-08-14 22:04:41.505 8154 INFO rally.task.runner [-] Task c805d5f5-e350-4aa1-b1ef-5c7c242c4e21 | ITER: 1 START
2018-08-14 22:04:41.507 8155 INFO rally.task.runner [-] Task c805d5f5-e350-4aa1-b1ef-5c7c242c4e21 | ITER: 2 START
2018-08-14 22:04:41.509 8156 INFO rally.task.runner [-] Task c805d5f5-e350-4aa1-b1ef-5c7c242c4e21 | ITER: 3 START
2018-08-14 22:04:41.514 8157 INFO rally.task.runner [-] Task c805d5f5-e350-4aa1-b1ef-5c7c242c4e21 | ITER: 4 START
2018-08-14 22:04:41.517 8159 INFO rally.task.runner [-] Task c805d5f5-e350-4aa1-b1ef-5c7c242c4e21 | ITER: 5 START
2018-08-14 22:04:41.523 8163 INFO rally.task.runner [-] Task c805d5f5-e350-4aa1-b1ef-5c7c242c4e21 | ITER: 6 START
2018-08-14 22:04:41.529 8172 INFO rally.task.runner [-] Task c805d5f5-e350-4aa1-b1ef-5c7c242c4e21 | ITER: 7 START
2018-08-14 22:04:41.529 8166 INFO rally.task.runner [-] Task c805d5f5-e350-4aa1-b1ef-5c7c242c4e21 | ITER: 8 START
2018-08-14 22:04:41.531 8169 INFO rally.task.runner [-] Task c805d5f5-e350-4aa1-b1ef-5c7c242c4e21 | ITER: 9 START
2018-08-14 22:04:41.532 8173 INFO rally.task.runner [-] Task c805d5f5-e350-4aa1-b1ef-5c7c242c4e21 | ITER: 10 START
2018-08-14 22:04:42.640 8154 INFO rally.task.runner [-] Task c805d5f5-e350-4aa1-b1ef-5c7c242c4e21 | ITER: 1 END: OK
2018-08-14 22:04:42.646 8154 INFO rally.task.runner [-] Task c805d5f5-e350-4aa1-b1ef-5c7c242c4e21 | ITER: 11 START
2018-08-14 22:04:42.710 8156 INFO rally.task.runner [-] Task c805d5f5-e350-4aa1-b1ef-5c7c242c4e21 | ITER: 3 END: OK
2018-08-14 22:04:42.715 8156 INFO rally.task.runner [-] Task c805d5f5-e350-4aa1-b1ef-5c7c242c4e21 | ITER: 12 START
2018-08-14 22:04:42.759 8157 INFO rally.task.runner [-] Task c805d5f5-e350-4aa1-b1ef-5c7c242c4e21 | ITER: 4 END: OK
2018-08-14 22:04:42.764 8157 INFO rally.task.runner [-] Task c805d5f5-e350-4aa1-b1ef-5c7c242c4e21 | ITER: 13 START
2018-08-14 22:04:42.786 8155 INFO rally.task.runner [-] Task c805d5f5-e350-4aa1-b1ef-5c7c242c4e21 | ITER: 2 END: OK
2018-08-14 22:04:42.791 8155 INFO rally.task.runner [-] Task c805d5f5-e350-4aa1-b1ef-5c7c242c4e21 | ITER: 14 START
2018-08-14 22:04:42.792 8166 INFO rally.task.runner [-] Task c805d5f5-e350-4aa1-b1ef-5c7c242c4e21 | ITER: 8 END: OK
2018-08-14 22:04:42.797 8166 INFO rally.task.runner [-] Task c805d5f5-e350-4aa1-b1ef-5c7c242c4e21 | ITER: 15 START
2018-08-14 22:04:42.906 8172 INFO rally.task.runner [-] Task c805d5f5-e350-4aa1-b1ef-5c7c242c4e21 | ITER: 7 END: OK
2018-08-14 22:04:42.909 8159 INFO rally.task.runner [-] Task c805d5f5-e350-4aa1-b1ef-5c7c242c4e21 | ITER: 5 END: OK
2018-08-14 22:04:42.910 8172 INFO rally.task.runner [-] Task c805d5f5-e350-4aa1-b1ef-5c7c242c4e21 | ITER: 16 START
2018-08-14 22:04:42.915 8159 INFO rally.task.runner [-] Task c805d5f5-e350-4aa1-b1ef-5c7c242c4e21 | ITER: 17 START
2018-08-14 22:04:42.916 8173 INFO rally.task.runner [-] Task c805d5f5-e350-4aa1-b1ef-5c7c242c4e21 | ITER: 10 END: OK
2018-08-14 22:04:42.921 8173 INFO rally.task.runner [-] Task c805d5f5-e350-4aa1-b1ef-5c7c242c4e21 | ITER: 18 START
2018-08-14 22:04:42.955 8163 INFO rally.task.runner [-] Task c805d5f5-e350-4aa1-b1ef-5c7c242c4e21 | ITER: 6 END: OK
2018-08-14 22:04:42.961 8163 INFO rally.task.runner [-] Task c805d5f5-e350-4aa1-b1ef-5c7c242c4e21 | ITER: 19 START
2018-08-14 22:04:43.079 8169 INFO rally.task.runner [-] Task c805d5f5-e350-4aa1-b1ef-5c7c242c4e21 | ITER: 9 END: OK
2018-08-14 22:04:43.083 8169 INFO rally.task.runner [-] Task c805d5f5-e350-4aa1-b1ef-5c7c242c4e21 | ITER: 20 START
2018-08-14 22:04:43.524 8154 INFO rally.task.runner [-] Task c805d5f5-e350-4aa1-b1ef-5c7c242c4e21 | ITER: 11 END: OK
2018-08-14 22:04:43.529 8154 INFO rally.task.runner [-] Task c805d5f5-e350-4aa1-b1ef-5c7c242c4e21 | ITER: 21 START
2018-08-14 22:04:43.645 8156 INFO rally.task.runner [-] Task c805d5f5-e350-4aa1-b1ef-5c7c242c4e21 | ITER: 12 END: OK
2018-08-14 22:04:43.650 8156 INFO rally.task.runner [-] Task c805d5f5-e350-4aa1-b1ef-5c7c242c4e21 | ITER: 22 START
2018-08-14 22:04:43.773 8172 INFO rally.task.runner [-] Task c805d5f5-e350-4aa1-b1ef-5c7c242c4e21 | ITER: 16 END: OK
2018-08-14 22:04:43.778 8172 INFO rally.task.runner [-] Task c805d5f5-e350-4aa1-b1ef-5c7c242c4e21 | ITER: 23 START
2018-08-14 22:04:43.803 8163 INFO rally.task.runner [-] Task c805d5f5-e350-4aa1-b1ef-5c7c242c4e21 | ITER: 19 END: OK
2018-08-14 22:04:43.806 8166 INFO rally.task.runner [-] Task c805d5f5-e350-4aa1-b1ef-5c7c242c4e21 | ITER: 15 END: OK
