2018-02-16 00:45:05.165 7566 INFO rally.task.runner [-] Task 704d9eb5-cff9-4785-b914-afc09f1f1124 | ITER: 71 END: OK
2018-02-16 00:45:05.169 7566 INFO rally.task.runner [-] Task 704d9eb5-cff9-4785-b914-afc09f1f1124 | ITER: 81 START
2018-02-16 00:45:05.185 7564 INFO rally.task.runner [-] Task 704d9eb5-cff9-4785-b914-afc09f1f1124 | ITER: 72 END: OK
2018-02-16 00:45:05.189 7564 INFO rally.task.runner [-] Task 704d9eb5-cff9-4785-b914-afc09f1f1124 | ITER: 82 START
2018-02-16 00:45:05.487 7577 INFO rally.task.runner [-] Task 704d9eb5-cff9-4785-b914-afc09f1f1124 | ITER: 75 END: OK
2018-02-16 00:45:05.492 7577 INFO rally.task.runner [-] Task 704d9eb5-cff9-4785-b914-afc09f1f1124 | ITER: 83 START
2018-02-16 00:45:05.544 7574 INFO rally.task.runner [-] Task 704d9eb5-cff9-4785-b914-afc09f1f1124 | ITER: 73 END: OK
2018-02-16 00:45:05.549 7574 INFO rally.task.runner [-] Task 704d9eb5-cff9-4785-b914-afc09f1f1124 | ITER: 84 START
2018-02-16 00:45:05.733 7580 INFO rally.task.runner [-] Task 704d9eb5-cff9-4785-b914-afc09f1f1124 | ITER: 76 END: OK
2018-02-16 00:45:05.738 7580 INFO rally.task.runner [-] Task 704d9eb5-cff9-4785-b914-afc09f1f1124 | ITER: 85 START
2018-02-16 00:45:05.847 7562 INFO rally.task.runner [-] Task 704d9eb5-cff9-4785-b914-afc09f1f1124 | ITER: 74 END: OK
2018-02-16 00:45:05.852 7562 INFO rally.task.runner [-] Task 704d9eb5-cff9-4785-b914-afc09f1f1124 | ITER: 86 START
2018-02-16 00:45:06.040 7582 INFO rally.task.runner [-] Task 704d9eb5-cff9-4785-b914-afc09f1f1124 | ITER: 78 END: OK
2018-02-16 00:45:06.045 7582 INFO rally.task.runner [-] Task 704d9eb5-cff9-4785-b914-afc09f1f1124 | ITER: 87 START
2018-02-16 00:45:06.077 7565 INFO rally.task.runner [-] Task 704d9eb5-cff9-4785-b914-afc09f1f1124 | ITER: 77 END: OK
2018-02-16 00:45:06.081 7565 INFO rally.task.runner [-] Task 704d9eb5-cff9-4785-b914-afc09f1f1124 | ITER: 88 START
2018-02-16 00:45:06.147 7563 INFO rally.task.runner [-] Task 704d9eb5-cff9-4785-b914-afc09f1f1124 | ITER: 79 END: OK
2018-02-16 00:45:06.152 7563 INFO rally.task.runner [-] Task 704d9eb5-cff9-4785-b914-afc09f1f1124 | ITER: 89 START
2018-02-16 00:45:06.358 7569 INFO rally.task.runner [-] Task 704d9eb5-cff9-4785-b914-afc09f1f1124 | ITER: 80 END: OK
2018-02-16 00:45:06.363 7569 INFO rally.task.runner [-] Task 704d9eb5-cff9-4785-b914-afc09f1f1124 | ITER: 90 START
2018-02-16 00:45:06.563 7564 INFO rally.task.runner [-] Task 704d9eb5-cff9-4785-b914-afc09f1f1124 | ITER: 82 END: OK
2018-02-16 00:45:06.566 7566 INFO rally.task.runner [-] Task 704d9eb5-cff9-4785-b914-afc09f1f1124 | ITER: 81 END: OK
2018-02-16 00:45:06.567 7564 INFO rally.task.runner [-] Task 704d9eb5-cff9-4785-b914-afc09f1f1124 | ITER: 91 START
2018-02-16 00:45:06.570 7566 INFO rally.task.runner [-] Task 704d9eb5-cff9-4785-b914-afc09f1f1124 | ITER: 92 START
2018-02-16 00:45:07.057 7577 INFO rally.task.runner [-] Task 704d9eb5-cff9-4785-b914-afc09f1f1124 | ITER: 83 END: OK
2018-02-16 00:45:07.062 7577 INFO rally.task.runner [-] Task 704d9eb5-cff9-4785-b914-afc09f1f1124 | ITER: 93 START
2018-02-16 00:45:07.065 7574 INFO rally.task.runner [-] Task 704d9eb5-cff9-4785-b914-afc09f1f1124 | ITER: 84 END: OK
2018-02-16 00:45:07.069 7574 INFO rally.task.runner [-] Task 704d9eb5-cff9-4785-b914-afc09f1f1124 | ITER: 94 START
2018-02-16 00:45:07.341 7580 INFO rally.task.runner [-] Task 704d9eb5-cff9-4785-b914-afc09f1f1124 | ITER: 85 END: OK
2018-02-16 00:45:07.345 7580 INFO rally.task.runner [-] Task 704d9eb5-cff9-4785-b914-afc09f1f1124 | ITER: 95 START
2018-02-16 00:45:07.505 7582 INFO rally.task.runner [-] Task 704d9eb5-cff9-4785-b914-afc09f1f1124 | ITER: 87 END: OK
2018-02-16 00:45:07.510 7582 INFO rally.task.runner [-] Task 704d9eb5-cff9-4785-b914-afc09f1f1124 | ITER: 96 START
2018-02-16 00:45:07.526 7563 INFO rally.task.runner [-] Task 704d9eb5-cff9-4785-b914-afc09f1f1124 | ITER: 89 END: OK
2018-02-16 00:45:07.531 7563 INFO rally.task.runner [-] Task 704d9eb5-cff9-4785-b914-afc09f1f1124 | ITER: 97 START
2018-02-16 00:45:07.707 7562 INFO rally.task.runner [-] Task 704d9eb5-cff9-4785-b914-afc09f1f1124 | ITER: 86 END: OK
2018-02-16 00:45:07.711 7562 INFO rally.task.runner [-] Task 704d9eb5-cff9-4785-b914-afc09f1f1124 | ITER: 98 START
2018-02-16 00:45:07.870 7569 INFO rally.task.runner [-] Task 704d9eb5-cff9-4785-b914-afc09f1f1124 | ITER: 90 END: OK
2018-02-16 00:45:07.875 7569 INFO rally.task.runner [-] Task 704d9eb5-cff9-4785-b914-afc09f1f1124 | ITER: 99 START
2018-02-16 00:45:07.919 7565 INFO rally.task.runner [-] Task 704d9eb5-cff9-4785-b914-afc09f1f1124 | ITER: 88 END: OK
2018-02-16 00:45:07.924 7565 INFO rally.task.runner [-] Task 704d9eb5-cff9-4785-b914-afc09f1f1124 | ITER: 100 START
2018-02-16 00:45:08.091 7566 INFO rally.task.runner [-] Task 704d9eb5-cff9-4785-b914-afc09f1f1124 | ITER: 92 END: OK
2018-02-16 00:45:08.454 7574 INFO rally.task.runner [-] Task 704d9eb5-cff9-4785-b914-afc09f1f1124 | ITER: 94 END: OK
2018-02-16 00:45:08.781 7564 INFO rally.task.runner [-] Task 704d9eb5-cff9-4785-b914-afc09f1f1124 | ITER: 91 END: OK
2018-02-16 00:45:08.963 7563 INFO rally.task.runner [-] Task 704d9eb5-cff9-4785-b914-afc09f1f1124 | ITER: 97 END: OK
2018-02-16 00:45:08.966 7582 INFO rally.task.runner [-] Task 704d9eb5-cff9-4785-b914-afc09f1f1124 | ITER: 96 END: OK
2018-02-16 00:45:08.970 7577 INFO rally.task.runner [-] Task 704d9eb5-cff9-4785-b914-afc09f1f1124 | ITER: 93 END: OK
2018-02-16 00:45:08.990 7580 INFO rally.task.runner [-] Task 704d9eb5-cff9-4785-b914-afc09f1f1124 | ITER: 95 END: OK
2018-02-16 00:45:09.251 7562 INFO rally.task.runner [-] Task 704d9eb5-cff9-4785-b914-afc09f1f1124 | ITER: 98 END: OK
2018-02-16 00:45:09.341 7569 INFO rally.task.runner [-] Task 704d9eb5-cff9-4785-b914-afc09f1f1124 | ITER: 99 END: OK
2018-02-16 00:45:09.528 7565 INFO rally.task.runner [-] Task 704d9eb5-cff9-4785-b914-afc09f1f1124 | ITER: 100 END: OK
2018-02-16 00:45:09.548 7434 INFO rally.task.context [-] Task 704d9eb5-cff9-4785-b914-afc09f1f1124 | Context cleanup@openstack cleanup() started
2018-02-16 00:45:50.264 7434 INFO rally.task.context [-] Task 704d9eb5-cff9-4785-b914-afc09f1f1124 | Context cleanup@openstack cleanup() finished in 40.72 sec
2018-02-16 00:45:50.265 7434 INFO rally.task.context [-] Task 704d9eb5-cff9-4785-b914-afc09f1f1124 | Context quotas@openstack cleanup() started
2018-02-16 00:45:50.354 7434 INFO rally.task.context [-] Task 704d9eb5-cff9-4785-b914-afc09f1f1124 | Context quotas@openstack cleanup() finished in 89.05 msec
2018-02-16 00:45:50.355 7434 INFO rally.task.context [-] Task 704d9eb5-cff9-4785-b914-afc09f1f1124 | Context users@openstack cleanup() started
2018-02-16 00:45:56.904 7434 INFO rally.task.context [-] Task 704d9eb5-cff9-4785-b914-afc09f1f1124 | Context users@openstack cleanup() finished in 6.55 sec
2018-02-16 00:45:58.315 7434 INFO rally.task.engine [-] Load duration is: 14.79899
2018-02-16 00:45:58.316 7434 INFO rally.task.engine [-] Full runner duration is: 14.85
2018-02-16 00:45:58.316 7434 INFO rally.task.engine [-] Full duration is: 67.073776
2018-02-16 00:45:58.581 7434 INFO rally.task.engine [-] Running workload: 
  position = 0
  config = {
   "version": 2, 
   "title": "A cropped version of a bigger task.", 
   "description": "Auto-generated task from a single workload (uuid=c14b5742-a351-4853-8873-8ffdca2bc813)", 
   "subtasks": [
      {
         "title": "NeutronNetworks.create_and_list_networks", 
         "description": "Create a network and then list all networks.", 
         "scenario": {
            "NeutronNetworks.create_and_list_networks": {
               "network_create_args": {
                  "provider:network_type": "vxlan"
               }
            }
         }, 
         "contexts": {
            "users": {
               "tenants": 3, 
               "users_per_tenant": 3
            }, 
            "quotas": {
               "neutron": {
                  "network": -1
               }
            }, 
            "roles": [
               "admin"
            ]
         }, 
         "runner": {
            "constant": {
               "times": 100, 
               "concurrency": 10
            }
         }, 
         "hooks": [], 
         "sla": {
            "failure_rate": {
               "max": 0
            }
         }
      }
   ]
}
2018-02-16 00:46:02.605 7434 INFO rally.task.context [-] Task 704d9eb5-cff9-4785-b914-afc09f1f1124 | Context users@openstack setup()  finished in 3.99 sec
2018-02-16 00:46:03.435 7434 INFO rally.task.context [-] Task 704d9eb5-cff9-4785-b914-afc09f1f1124 | Context quotas@openstack setup()  finished in 0.83 sec
2018-02-16 00:46:18.120 7434 INFO rally.task.context [-] Task 704d9eb5-cff9-4785-b914-afc09f1f1124 | Context roles@openstack setup()  finished in 14.68 sec
2018-02-16 00:46:18.120 7434 INFO rally.task.context [-] Task 704d9eb5-cff9-4785-b914-afc09f1f1124 | Context cleanup@openstack setup()  finished in 0.03 msec
2018-02-16 00:46:18.150 8004 INFO rally.task.runner [-] Task 704d9eb5-cff9-4785-b914-afc09f1f1124 | ITER: 1 START
2018-02-16 00:46:18.153 8005 INFO rally.task.runner [-] Task 704d9eb5-cff9-4785-b914-afc09f1f1124 | ITER: 2 START
2018-02-16 00:46:18.155 8006 INFO rally.task.runner [-] Task 704d9eb5-cff9-4785-b914-afc09f1f1124 | ITER: 3 START
2018-02-16 00:46:18.156 8007 INFO rally.task.runner [-] Task 704d9eb5-cff9-4785-b914-afc09f1f1124 | ITER: 4 START
2018-02-16 00:46:18.159 8009 INFO rally.task.runner [-] Task 704d9eb5-cff9-4785-b914-afc09f1f1124 | ITER: 5 START
2018-02-16 00:46:18.168 8013 INFO rally.task.runner [-] Task 704d9eb5-cff9-4785-b914-afc09f1f1124 | ITER: 6 START
2018-02-16 00:46:18.168 8019 INFO rally.task.runner [-] Task 704d9eb5-cff9-4785-b914-afc09f1f1124 | ITER: 8 START
2018-02-16 00:46:18.170 8016 INFO rally.task.runner [-] Task 704d9eb5-cff9-4785-b914-afc09f1f1124 | ITER: 7 START
2018-02-16 00:46:18.170 8022 INFO rally.task.runner [-] Task 704d9eb5-cff9-4785-b914-afc09f1f1124 | ITER: 9 START
2018-02-16 00:46:18.173 8024 INFO rally.task.runner [-] Task 704d9eb5-cff9-4785-b914-afc09f1f1124 | ITER: 10 START
2018-02-16 00:46:19.280 8016 INFO rally.task.runner [-] Task 704d9eb5-cff9-4785-b914-afc09f1f1124 | ITER: 7 END: OK
2018-02-16 00:46:19.281 8009 INFO rally.task.runner [-] Task 704d9eb5-cff9-4785-b914-afc09f1f1124 | ITER: 5 END: OK
2018-02-16 00:46:19.285 8016 INFO rally.task.runner [-] Task 704d9eb5-cff9-4785-b914-afc09f1f1124 | ITER: 11 START
2018-02-16 00:46:19.290 8009 INFO rally.task.runner [-] Task 704d9eb5-cff9-4785-b914-afc09f1f1124 | ITER: 12 START
2018-02-16 00:46:19.329 8019 INFO rally.task.runner [-] Task 704d9eb5-cff9-4785-b914-afc09f1f1124 | ITER: 8 END: OK
2018-02-16 00:46:19.334 8019 INFO rally.task.runner [-] Task 704d9eb5-cff9-4785-b914-afc09f1f1124 | ITER: 13 START
2018-02-16 00:46:19.448 8005 INFO rally.task.runner [-] Task 704d9eb5-cff9-4785-b914-afc09f1f1124 | ITER: 2 END: OK
2018-02-16 00:46:19.448 8007 INFO rally.task.runner [-] Task 704d9eb5-cff9-4785-b914-afc09f1f1124 | ITER: 4 END: OK
2018-02-16 00:46:19.452 8005 INFO rally.task.runner [-] Task 704d9eb5-cff9-4785-b914-afc09f1f1124 | ITER: 14 START
2018-02-16 00:46:19.454 8007 INFO rally.task.runner [-] Task 704d9eb5-cff9-4785-b914-afc09f1f1124 | ITER: 15 START
2018-02-16 00:46:19.479 8006 INFO rally.task.runner [-] Task 704d9eb5-cff9-4785-b914-afc09f1f1124 | ITER: 3 END: OK
2018-02-16 00:46:19.484 8006 INFO rally.task.runner [-] Task 704d9eb5-cff9-4785-b914-afc09f1f1124 | ITER: 16 START
2018-02-16 00:46:19.542 8024 INFO rally.task.runner [-] Task 704d9eb5-cff9-4785-b914-afc09f1f1124 | ITER: 10 END: OK
2018-02-16 00:46:19.548 8024 INFO rally.task.runner [-] Task 704d9eb5-cff9-4785-b914-afc09f1f1124 | ITER: 17 START
2018-02-16 00:46:19.558 8013 INFO rally.task.runner [-] Task 704d9eb5-cff9-4785-b914-afc09f1f1124 | ITER: 6 END: OK
2018-02-16 00:46:19.563 8013 INFO rally.task.runner [-] Task 704d9eb5-cff9-4785-b914-afc09f1f1124 | ITER: 18 START
2018-02-16 00:46:19.636 8004 INFO rally.task.runner [-] Task 704d9eb5-cff9-4785-b914-afc09f1f1124 | ITER: 1 END: OK
2018-02-16 00:46:19.643 8004 INFO rally.task.runner [-] Task 704d9eb5-cff9-4785-b914-afc09f1f1124 | ITER: 19 START
2018-02-16 00:46:19.817 8022 INFO rally.task.runner [-] Task 704d9eb5-cff9-4785-b914-afc09f1f1124 | ITER: 9 END: OK
2018-02-16 00:46:19.821 8022 INFO rally.task.runner [-] Task 704d9eb5-cff9-4785-b914-afc09f1f1124 | ITER: 20 START
2018-02-16 00:46:20.311 8009 INFO rally.task.runner [-] Task 704d9eb5-cff9-4785-b914-afc09f1f1124 | ITER: 12 END: OK
2018-02-16 00:46:20.317 8009 INFO rally.task.runner [-] Task 704d9eb5-cff9-4785-b914-afc09f1f1124 | ITER: 21 START
2018-02-16 00:46:20.333 8019 INFO rally.task.runner [-] Task 704d9eb5-cff9-4785-b914-afc09f1f1124 | ITER: 13 END: OK
2018-02-16 00:46:20.337 8019 INFO rally.task.runner [-] Task 704d9eb5-cff9-4785-b914-afc09f1f1124 | ITER: 22 START
2018-02-16 00:46:20.424 8016 INFO rally.task.runner [-] Task 704d9eb5-cff9-4785-b914-afc09f1f1124 | ITER: 11 END: OK
2018-02-16 00:46:20.430 8016 INFO rally.task.runner [-] Task 704d9eb5-cff9-4785-b914-afc09f1f1124 | ITER: 23 START
2018-02-16 00:46:20.614 8024 INFO rally.task.runner [-] Task 704d9eb5-cff9-4785-b914-afc09f1f1124 | ITER: 17 END: OK
2018-02-16 00:46:20.617 8005 INFO rally.task.runner [-] Task 704d9eb5-cff9-4785-b914-afc09f1f1124 | ITER: 14 END: OK
2018-02-16 00:46:20.619 8024 INFO rally.task.runner [-] Task 704d9eb5-cff9-4785-b914-afc09f1f1124 | ITER: 24 START
2018-02-16 00:46:20.622 8005 INFO rally.task.runner [-] Task 704d9eb5-cff9-4785-b914-afc09f1f1124 | ITER: 25 START
2018-02-16 00:46:20.639 8006 INFO rally.task.runner [-] Task 704d9eb5-cff9-4785-b914-afc09f1f1124 | ITER: 16 END: OK
2018-02-16 00:46:20.645 8006 INFO rally.task.runner [-] Task 704d9eb5-cff9-4785-b914-afc09f1f1124 | ITER: 26 START
2018-02-16 00:46:20.677 8004 INFO rally.task.runner [-] Task 704d9eb5-cff9-4785-b914-afc09f1f1124 | ITER: 19 END: OK
2018-02-16 00:46:20.682 8004 INFO rally.task.runner [-] Task 704d9eb5-cff9-4785-b914-afc09f1f1124 | ITER: 27 START
2018-02-16 00:46:20.715 8007 INFO rally.task.runner [-] Task 704d9eb5-cff9-4785-b914-afc09f1f1124 | ITER: 15 END: OK
2018-02-16 00:46:20.719 8007 INFO rally.task.runner [-] Task 704d9eb5-cff9-4785-b914-afc09f1f1124 | ITER: 28 START
2018-02-16 00:46:20.844 8022 INFO rally.task.runner [-] Task 704d9eb5-cff9-4785-b914-afc09f1f1124 | ITER: 20 END: OK
2018-02-16 00:46:20.849 8022 INFO rally.task.runner [-] Task 704d9eb5-cff9-4785-b914-afc09f1f1124 | ITER: 29 START
2018-02-16 00:46:20.878 8013 INFO rally.task.runner [-] Task 704d9eb5-cff9-4785-b914-afc09f1f1124 | ITER: 18 END: OK
2018-02-16 00:46:20.883 8013 INFO rally.task.runner [-] Task 704d9eb5-cff9-4785-b914-afc09f1f1124 | ITER: 30 START
2018-02-16 00:46:21.313 8009 INFO rally.task.runner [-] Task 704d9eb5-cff9-4785-b914-afc09f1f1124 | ITER: 21 END: OK
2018-02-16 00:46:21.318 8009 INFO rally.task.runner [-] Task 704d9eb5-cff9-4785-b914-afc09f1f1124 | ITER: 31 START
2018-02-16 00:46:21.335 8019 INFO rally.task.runner [-] Task 704d9eb5-cff9-4785-b914-afc09f1f1124 | ITER: 22 END: OK
2018-02-16 00:46:21.340 8019 INFO rally.task.runner [-] Task 704d9eb5-cff9-4785-b914-afc09f1f1124 | ITER: 32 START
2018-02-16 00:46:21.669 8006 INFO rally.task.runner [-] Task 704d9eb5-cff9-4785-b914-afc09f1f1124 | ITER: 26 END: OK
2018-02-16 00:46:21.671 8024 INFO rally.task.runner [-] Task 704d9eb5-cff9-4785-b914-afc09f1f1124 | ITER: 24 END: OK
2018-02-16 00:46:21.675 8006 INFO rally.task.runner [-] Task 704d9eb5-cff9-4785-b914-afc09f1f1124 | ITER: 33 START
2018-02-16 00:46:21.676 8024 INFO rally.task.runner [-] Task 704d9eb5-cff9-4785-b914-afc09f1f1124 | ITER: 34 START
2018-02-16 00:46:21.692 8016 INFO rally.task.runner [-] Task 704d9eb5-cff9-4785-b914-afc09f1f1124 | ITER: 23 END: OK
2018-02-16 00:46:21.698 8016 INFO rally.task.runner [-] Task 704d9eb5-cff9-4785-b914-afc09f1f1124 | ITER: 35 START
2018-02-16 00:46:21.757 8004 INFO rally.task.runner [-] Task 704d9eb5-cff9-4785-b914-afc09f1f1124 | ITER: 27 END: OK
2018-02-16 00:46:21.762 8004 INFO rally.task.runner [-] Task 704d9eb5-cff9-4785-b914-afc09f1f1124 | ITER: 36 START
2018-02-16 00:46:21.892 8022 INFO rally.task.runner [-] Task 704d9eb5-cff9-4785-b914-afc09f1f1124 | ITER: 29 END: OK
2018-02-16 00:46:21.897 8022 INFO rally.task.runner [-] Task 704d9eb5-cff9-4785-b914-afc09f1f1124 | ITER: 37 START
2018-02-16 00:46:21.919 8005 INFO rally.task.runner [-] Task 704d9eb5-cff9-4785-b914-afc09f1f1124 | ITER: 25 END: OK
2018-02-16 00:46:21.924 8005 INFO rally.task.runner [-] Task 704d9eb5-cff9-4785-b914-afc09f1f1124 | ITER: 38 START
2018-02-16 00:46:21.925 8013 INFO rally.task.runner [-] Task 704d9eb5-cff9-4785-b914-afc09f1f1124 | ITER: 30 END: OK
2018-02-16 00:46:21.931 8013 INFO rally.task.runner [-] Task 704d9eb5-cff9-4785-b914-afc09f1f1124 | ITER: 39 START
2018-02-16 00:46:21.973 8007 INFO rally.task.runner [-] Task 704d9eb5-cff9-4785-b914-afc09f1f1124 | ITER: 28 END: OK
2018-02-16 00:46:21.978 8007 INFO rally.task.runner [-] Task 704d9eb5-cff9-4785-b914-afc09f1f1124 | ITER: 40 START
2018-02-16 00:46:22.343 8009 INFO rally.task.runner [-] Task 704d9eb5-cff9-4785-b914-afc09f1f1124 | ITER: 31 END: OK
2018-02-16 00:46:22.348 8009 INFO rally.task.runner [-] Task 704d9eb5-cff9-4785-b914-afc09f1f1124 | ITER: 41 START
2018-02-16 00:46:22.354 8019 INFO rally.task.runner [-] Task 704d9eb5-cff9-4785-b914-afc09f1f1124 | ITER: 32 END: OK
2018-02-16 00:46:22.358 8019 INFO rally.task.runner [-] Task 704d9eb5-cff9-4785-b914-afc09f1f1124 | ITER: 42 START
2018-02-16 00:46:22.705 8024 INFO rally.task.runner [-] Task 704d9eb5-cff9-4785-b914-afc09f1f1124 | ITER: 34 END: OK
2018-02-16 00:46:22.710 8024 INFO rally.task.runner [-] Task 704d9eb5-cff9-4785-b914-afc09f1f1124 | ITER: 43 START
2018-02-16 00:46:22.807 8006 INFO rally.task.runner [-] Task 704d9eb5-cff9-4785-b914-afc09f1f1124 | ITER: 33 END: OK
2018-02-16 00:46:22.812 8006 INFO rally.task.runner [-] Task 704d9eb5-cff9-4785-b914-afc09f1f1124 | ITER: 44 START
2018-02-16 00:46:22.853 8016 INFO rally.task.runner [-] Task 704d9eb5-cff9-4785-b914-afc09f1f1124 | ITER: 35 END: OK
2018-02-16 00:46:22.859 8016 INFO rally.task.runner [-] Task 704d9eb5-cff9-4785-b914-afc09f1f1124 | ITER: 45 START
2018-02-16 00:46:22.884 8004 INFO rally.task.runner [-] Task 704d9eb5-cff9-4785-b914-afc09f1f1124 | ITER: 36 END: OK
2018-02-16 00:46:22.889 8004 INFO rally.task.runner [-] Task 704d9eb5-cff9-4785-b914-afc09f1f1124 | ITER: 46 START
2018-02-16 00:46:22.942 8022 INFO rally.task.runner [-] Task 704d9eb5-cff9-4785-b914-afc09f1f1124 | ITER: 37 END: OK
2018-02-16 00:46:22.948 8022 INFO rally.task.runner [-] Task 704d9eb5-cff9-4785-b914-afc09f1f1124 | ITER: 47 START
2018-02-16 00:46:23.035 8005 INFO rally.task.runner [-] Task 704d9eb5-cff9-4785-b914-afc09f1f1124 | ITER: 38 END: OK
2018-02-16 00:46:23.039 8005 INFO rally.task.runner [-] Task 704d9eb5-cff9-4785-b914-afc09f1f1124 | ITER: 48 START
2018-02-16 00:46:23.055 8013 INFO rally.task.runner [-] Task 704d9eb5-cff9-4785-b914-afc09f1f1124 | ITER: 39 END: OK
2018-02-16 00:46:23.060 8013 INFO rally.task.runner [-] Task 704d9eb5-cff9-4785-b914-afc09f1f1124 | ITER: 49 START
2018-02-16 00:46:23.137 8007 INFO rally.task.runner [-] Task 704d9eb5-cff9-4785-b914-afc09f1f1124 | ITER: 40 END: OK
2018-02-16 00:46:23.142 8007 INFO rally.task.runner [-] Task 704d9eb5-cff9-4785-b914-afc09f1f1124 | ITER: 50 START
2018-02-16 00:46:23.404 8019 INFO rally.task.runner [-] Task 704d9eb5-cff9-4785-b914-afc09f1f1124 | ITER: 42 END: OK
2018-02-16 00:46:23.409 8019 INFO rally.task.runner [-] Task 704d9eb5-cff9-4785-b914-afc09f1f1124 | ITER: 51 START
2018-02-16 00:46:23.503 8009 INFO rally.task.runner [-] Task 704d9eb5-cff9-4785-b914-afc09f1f1124 | ITER: 41 END: OK
2018-02-16 00:46:23.508 8009 INFO rally.task.runner [-] Task 704d9eb5-cff9-4785-b914-afc09f1f1124 | ITER: 52 START
2018-02-16 00:46:23.843 8024 INFO rally.task.runner [-] Task 704d9eb5-cff9-4785-b914-afc09f1f1124 | ITER: 43 END: OK
2018-02-16 00:46:23.848 8024 INFO rally.task.runner [-] Task 704d9eb5-cff9-4785-b914-afc09f1f1124 | ITER: 53 START
2018-02-16 00:46:23.924 8006 INFO rally.task.runner [-] Task 704d9eb5-cff9-4785-b914-afc09f1f1124 | ITER: 44 END: OK
2018-02-16 00:46:23.929 8006 INFO rally.task.runner [-] Task 704d9eb5-cff9-4785-b914-afc09f1f1124 | ITER: 54 START
2018-02-16 00:46:24.046 8022 INFO rally.task.runner [-] Task 704d9eb5-cff9-4785-b914-afc09f1f1124 | ITER: 47 END: OK
2018-02-16 00:46:24.051 8022 INFO rally.task.runner [-] Task 704d9eb5-cff9-4785-b914-afc09f1f1124 | ITER: 55 START
2018-02-16 00:46:24.105 8013 INFO rally.task.runner [-] Task 704d9eb5-cff9-4785-b914-afc09f1f1124 | ITER: 49 END: OK
2018-02-16 00:46:24.110 8013 INFO rally.task.runner [-] Task 704d9eb5-cff9-4785-b914-afc09f1f1124 | ITER: 56 START
2018-02-16 00:46:24.157 8004 INFO rally.task.runner [-] Task 704d9eb5-cff9-4785-b914-afc09f1f1124 | ITER: 46 END: OK
2018-02-16 00:46:24.162 8004 INFO rally.task.runner [-] Task 704d9eb5-cff9-4785-b914-afc09f1f1124 | ITER: 57 START
2018-02-16 00:46:24.256 8016 INFO rally.task.runner [-] Task 704d9eb5-cff9-4785-b914-afc09f1f1124 | ITER: 45 END: OK
2018-02-16 00:46:24.262 8016 INFO rally.task.runner [-] Task 704d9eb5-cff9-4785-b914-afc09f1f1124 | ITER: 58 START
2018-02-16 00:46:24.304 8007 INFO rally.task.runner [-] Task 704d9eb5-cff9-4785-b914-afc09f1f1124 | ITER: 50 END: OK
2018-02-16 00:46:24.308 8007 INFO rally.task.runner [-] Task 704d9eb5-cff9-4785-b914-afc09f1f1124 | ITER: 59 START
2018-02-16 00:46:24.347 8005 INFO rally.task.runner [-] Task 704d9eb5-cff9-4785-b914-afc09f1f1124 | ITER: 48 END: OK
2018-02-16 00:46:24.352 8005 INFO rally.task.runner [-] Task 704d9eb5-cff9-4785-b914-afc09f1f1124 | ITER: 60 START
2018-02-16 00:46:24.675 8009 INFO rally.task.runner [-] Task 704d9eb5-cff9-4785-b914-afc09f1f1124 | ITER: 52 END: OK
2018-02-16 00:46:24.676 8019 INFO rally.task.runner [-] Task 704d9eb5-cff9-4785-b914-afc09f1f1124 | ITER: 51 END: OK
2018-02-16 00:46:24.680 8009 INFO rally.task.runner [-] Task 704d9eb5-cff9-4785-b914-afc09f1f1124 | ITER: 61 START
2018-02-16 00:46:24.681 8019 INFO rally.task.runner [-] Task 704d9eb5-cff9-4785-b914-afc09f1f1124 | ITER: 62 START
2018-02-16 00:46:24.977 8006 INFO rally.task.runner [-] Task 704d9eb5-cff9-4785-b914-afc09f1f1124 | ITER: 54 END: OK
2018-02-16 00:46:24.982 8006 INFO rally.task.runner [-] Task 704d9eb5-cff9-4785-b914-afc09f1f1124 | ITER: 63 START
2018-02-16 00:46:25.030 8024 INFO rally.task.runner [-] Task 704d9eb5-cff9-4785-b914-afc09f1f1124 | ITER: 53 END: OK
2018-02-16 00:46:25.034 8024 INFO rally.task.runner [-] Task 704d9eb5-cff9-4785-b914-afc09f1f1124 | ITER: 64 START
2018-02-16 00:46:25.221 8022 INFO rally.task.runner [-] Task 704d9eb5-cff9-4785-b914-afc09f1f1124 | ITER: 55 END: OK
2018-02-16 00:46:25.225 8022 INFO rally.task.runner [-] Task 704d9eb5-cff9-4785-b914-afc09f1f1124 | ITER: 65 START
2018-02-16 00:46:25.337 8013 INFO rally.task.runner [-] Task 704d9eb5-cff9-4785-b914-afc09f1f1124 | ITER: 56 END: OK
2018-02-16 00:46:25.341 8013 INFO rally.task.runner [-] Task 704d9eb5-cff9-4785-b914-afc09f1f1124 | ITER: 66 START
2018-02-16 00:46:25.412 8004 INFO rally.task.runner [-] Task 704d9eb5-cff9-4785-b914-afc09f1f1124 | ITER: 57 END: OK
2018-02-16 00:46:25.416 8004 INFO rally.task.runner [-] Task 704d9eb5-cff9-4785-b914-afc09f1f1124 | ITER: 67 START
2018-02-16 00:46:25.422 8016 INFO rally.task.runner [-] Task 704d9eb5-cff9-4785-b914-afc09f1f1124 | ITER: 58 END: OK
2018-02-16 00:46:25.427 8016 INFO rally.task.runner [-] Task 704d9eb5-cff9-4785-b914-afc09f1f1124 | ITER: 68 START
2018-02-16 00:46:25.503 8007 INFO rally.task.runner [-] Task 704d9eb5-cff9-4785-b914-afc09f1f1124 | ITER: 59 END: OK
2018-02-16 00:46:25.508 8007 INFO rally.task.runner [-] Task 704d9eb5-cff9-4785-b914-afc09f1f1124 | ITER: 69 START
2018-02-16 00:46:25.575 8005 INFO rally.task.runner [-] Task 704d9eb5-cff9-4785-b914-afc09f1f1124 | ITER: 60 END: OK
2018-02-16 00:46:25.580 8005 INFO rally.task.runner [-] Task 704d9eb5-cff9-4785-b914-afc09f1f1124 | ITER: 70 START
2018-02-16 00:46:25.784 8019 INFO rally.task.runner [-] Task 704d9eb5-cff9-4785-b914-afc09f1f1124 | ITER: 62 END: OK
2018-02-16 00:46:25.789 8019 INFO rally.task.runner [-] Task 704d9eb5-cff9-4785-b914-afc09f1f1124 | ITER: 71 START
2018-02-16 00:46:25.802 8009 INFO rally.task.runner [-] Task 704d9eb5-cff9-4785-b914-afc09f1f1124 | ITER: 61 END: OK
2018-02-16 00:46:25.807 8009 INFO rally.task.runner [-] Task 704d9eb5-cff9-4785-b914-afc09f1f1124 | ITER: 72 START
2018-02-16 00:46:26.034 8006 INFO rally.task.runner [-] Task 704d9eb5-cff9-4785-b914-afc09f1f1124 | ITER: 63 END: OK
2018-02-16 00:46:26.039 8006 INFO rally.task.runner [-] Task 704d9eb5-cff9-4785-b914-afc09f1f1124 | ITER: 73 START
2018-02-16 00:46:26.150 8024 INFO rally.task.runner [-] Task 704d9eb5-cff9-4785-b914-afc09f1f1124 | ITER: 64 END: OK
2018-02-16 00:46:26.155 8024 INFO rally.task.runner [-] Task 704d9eb5-cff9-4785-b914-afc09f1f1124 | ITER: 74 START
2018-02-16 00:46:26.415 8022 INFO rally.task.runner [-] Task 704d9eb5-cff9-4785-b914-afc09f1f1124 | ITER: 65 END: OK
2018-02-16 00:46:26.420 8022 INFO rally.task.runner [-] Task 704d9eb5-cff9-4785-b914-afc09f1f1124 | ITER: 75 START
2018-02-16 00:46:26.518 8013 INFO rally.task.runner [-] Task 704d9eb5-cff9-4785-b914-afc09f1f1124 | ITER: 66 END: OK
2018-02-16 00:46:26.523 8013 INFO rally.task.runner [-] Task 704d9eb5-cff9-4785-b914-afc09f1f1124 | ITER: 76 START
2018-02-16 00:46:26.680 8016 INFO rally.task.runner [-] Task 704d9eb5-cff9-4785-b914-afc09f1f1124 | ITER: 68 END: OK
2018-02-16 00:46:26.685 8016 INFO rally.task.runner [-] Task 704d9eb5-cff9-4785-b914-afc09f1f1124 | ITER: 77 START
2018-02-16 00:46:26.773 8004 INFO rally.task.runner [-] Task 704d9eb5-cff9-4785-b914-afc09f1f1124 | ITER: 67 END: OK
2018-02-16 00:46:26.778 8004 INFO rally.task.runner [-] Task 704d9eb5-cff9-4785-b914-afc09f1f1124 | ITER: 78 START
2018-02-16 00:46:26.866 8019 INFO rally.task.runner [-] Task 704d9eb5-cff9-4785-b914-afc09f1f1124 | ITER: 71 END: OK
2018-02-16 00:46:26.871 8019 INFO rally.task.runner [-] Task 704d9eb5-cff9-4785-b914-afc09f1f1124 | ITER: 79 START
2018-02-16 00:46:26.884 8007 INFO rally.task.runner [-] Task 704d9eb5-cff9-4785-b914-afc09f1f1124 | ITER: 69 END: OK
2018-02-16 00:46:26.891 8007 INFO rally.task.runner [-] Task 704d9eb5-cff9-4785-b914-afc09f1f1124 | ITER: 80 START
2018-02-16 00:46:26.900 8005 INFO rally.task.runner [-] Task 704d9eb5-cff9-4785-b914-afc09f1f1124 | ITER: 70 END: OK
2018-02-16 00:46:26.905 8005 INFO rally.task.runner [-] Task 704d9eb5-cff9-4785-b914-afc09f1f1124 | ITER: 81 START
2018-02-16 00:46:27.040 8009 INFO rally.task.runner [-] Task 704d9eb5-cff9-4785-b914-afc09f1f1124 | ITER: 72 END: OK
2018-02-16 00:46:27.045 8009 INFO rally.task.runner [-] Task 704d9eb5-cff9-4785-b914-afc09f1f1124 | ITER: 82 START
2018-02-16 00:46:27.253 8024 INFO rally.task.runner [-] Task 704d9eb5-cff9-4785-b914-afc09f1f1124 | ITER: 74 END: OK
2018-02-16 00:46:27.258 8024 INFO rally.task.runner [-] Task 704d9eb5-cff9-4785-b914-afc09f1f1124 | ITER: 83 START
2018-02-16 00:46:27.353 8006 INFO rally.task.runner [-] Task 704d9eb5-cff9-4785-b914-afc09f1f1124 | ITER: 73 END: OK
2018-02-16 00:46:27.358 8006 INFO rally.task.runner [-] Task 704d9eb5-cff9-4785-b914-afc09f1f1124 | ITER: 84 START
2018-02-16 00:46:27.507 8022 INFO rally.task.runner [-] Task 704d9eb5-cff9-4785-b914-afc09f1f1124 | ITER: 75 END: OK
2018-02-16 00:46:27.511 8022 INFO rally.task.runner [-] Task 704d9eb5-cff9-4785-b914-afc09f1f1124 | ITER: 85 START
2018-02-16 00:46:27.694 8013 INFO rally.task.runner [-] Task 704d9eb5-cff9-4785-b914-afc09f1f1124 | ITER: 76 END: OK
2018-02-16 00:46:27.699 8013 INFO rally.task.runner [-] Task 704d9eb5-cff9-4785-b914-afc09f1f1124 | ITER: 86 START
2018-02-16 00:46:27.888 8016 INFO rally.task.runner [-] Task 704d9eb5-cff9-4785-b914-afc09f1f1124 | ITER: 77 END: OK
2018-02-16 00:46:27.893 8016 INFO rally.task.runner [-] Task 704d9eb5-cff9-4785-b914-afc09f1f1124 | ITER: 87 START
2018-02-16 00:46:27.936 8004 INFO rally.task.runner [-] Task 704d9eb5-cff9-4785-b914-afc09f1f1124 | ITER: 78 END: OK
2018-02-16 00:46:27.941 8004 INFO rally.task.runner [-] Task 704d9eb5-cff9-4785-b914-afc09f1f1124 | ITER: 88 START
2018-02-16 00:46:28.112 8007 INFO rally.task.runner [-] Task 704d9eb5-cff9-4785-b914-afc09f1f1124 | ITER: 80 END: OK
2018-02-16 00:46:28.117 8007 INFO rally.task.runner [-] Task 704d9eb5-cff9-4785-b914-afc09f1f1124 | ITER: 89 START
2018-02-16 00:46:28.130 8019 INFO rally.task.runner [-] Task 704d9eb5-cff9-4785-b914-afc09f1f1124 | ITER: 79 END: OK
2018-02-16 00:46:28.135 8019 INFO rally.task.runner [-] Task 704d9eb5-cff9-4785-b914-afc09f1f1124 | ITER: 90 START
2018-02-16 00:46:28.227 8005 INFO rally.task.runner [-] Task 704d9eb5-cff9-4785-b914-afc09f1f1124 | ITER: 81 END: OK
2018-02-16 00:46:28.232 8005 INFO rally.task.runner [-] Task 704d9eb5-cff9-4785-b914-afc09f1f1124 | ITER: 91 START
2018-02-16 00:46:28.474 8009 INFO rally.task.runner [-] Task 704d9eb5-cff9-4785-b914-afc09f1f1124 | ITER: 82 END: OK
2018-02-16 00:46:28.479 8009 INFO rally.task.runner [-] Task 704d9eb5-cff9-4785-b914-afc09f1f1124 | ITER: 92 START
2018-02-16 00:46:28.488 8024 INFO rally.task.runner [-] Task 704d9eb5-cff9-4785-b914-afc09f1f1124 | ITER: 83 END: OK
2018-02-16 00:46:28.493 8024 INFO rally.task.runner [-] Task 704d9eb5-cff9-4785-b914-afc09f1f1124 | ITER: 93 START
2018-02-16 00:46:28.673 8006 INFO rally.task.runner [-] Task 704d9eb5-cff9-4785-b914-afc09f1f1124 | ITER: 84 END: OK
2018-02-16 00:46:28.678 8006 INFO rally.task.runner [-] Task 704d9eb5-cff9-4785-b914-afc09f1f1124 | ITER: 94 START
2018-02-16 00:46:28.697 8022 INFO rally.task.runner [-] Task 704d9eb5-cff9-4785-b914-afc09f1f1124 | ITER: 85 END: OK
2018-02-16 00:46:28.702 8022 INFO rally.task.runner [-] Task 704d9eb5-cff9-4785-b914-afc09f1f1124 | ITER: 95 START
2018-02-16 00:46:28.833 8013 INFO rally.task.runner [-] Task 704d9eb5-cff9-4785-b914-afc09f1f1124 | ITER: 86 END: OK
2018-02-16 00:46:28.837 8013 INFO rally.task.runner [-] Task 704d9eb5-cff9-4785-b914-afc09f1f1124 | ITER: 96 START
2018-02-16 00:46:29.040 8004 INFO rally.task.runner [-] Task 704d9eb5-cff9-4785-b914-afc09f1f1124 | ITER: 88 END: OK
2018-02-16 00:46:29.045 8004 INFO rally.task.runner [-] Task 704d9eb5-cff9-4785-b914-afc09f1f1124 | ITER: 97 START
2018-02-16 00:46:29.069 8016 INFO rally.task.runner [-] Task 704d9eb5-cff9-4785-b914-afc09f1f1124 | ITER: 87 END: OK
2018-02-16 00:46:29.074 8016 INFO rally.task.runner [-] Task 704d9eb5-cff9-4785-b914-afc09f1f1124 | ITER: 98 START
2018-02-16 00:46:29.286 8007 INFO rally.task.runner [-] Task 704d9eb5-cff9-4785-b914-afc09f1f1124 | ITER: 89 END: OK
2018-02-16 00:46:29.291 8007 INFO rally.task.runner [-] Task 704d9eb5-cff9-4785-b914-afc09f1f1124 | ITER: 99 START
2018-02-16 00:46:29.482 8019 INFO rally.task.runner [-] Task 704d9eb5-cff9-4785-b914-afc09f1f1124 | ITER: 90 END: OK
2018-02-16 00:46:29.487 8019 INFO rally.task.runner [-] Task 704d9eb5-cff9-4785-b914-afc09f1f1124 | ITER: 100 START
2018-02-16 00:46:29.493 8005 INFO rally.task.runner [-] Task 704d9eb5-cff9-4785-b914-afc09f1f1124 | ITER: 91 END: OK
2018-02-16 00:46:29.645 8009 INFO rally.task.runner [-] Task 704d9eb5-cff9-4785-b914-afc09f1f1124 | ITER: 92 END: OK
2018-02-16 00:46:29.742 8024 INFO rally.task.runner [-] Task 704d9eb5-cff9-4785-b914-afc09f1f1124 | ITER: 93 END: OK
2018-02-16 00:46:29.866 8006 INFO rally.task.runner [-] Task 704d9eb5-cff9-4785-b914-afc09f1f1124 | ITER: 94 END: OK
2018-02-16 00:46:29.867 8022 INFO rally.task.runner [-] Task 704d9eb5-cff9-4785-b914-afc09f1f1124 | ITER: 95 END: OK
2018-02-16 00:46:30.071 8013 INFO rally.task.runner [-] Task 704d9eb5-cff9-4785-b914-afc09f1f1124 | ITER: 96 END: OK
2018-02-16 00:46:30.251 8016 INFO rally.task.runner [-] Task 704d9eb5-cff9-4785-b914-afc09f1f1124 | ITER: 98 END: OK
2018-02-16 00:46:30.328 8004 INFO rally.task.runner [-] Task 704d9eb5-cff9-4785-b914-afc09f1f1124 | ITER: 97 END: OK
2018-02-16 00:46:30.400 8007 INFO rally.task.runner [-] Task 704d9eb5-cff9-4785-b914-afc09f1f1124 | ITER: 99 END: OK
2018-02-16 00:46:30.575 8019 INFO rally.task.runner [-] Task 704d9eb5-cff9-4785-b914-afc09f1f1124 | ITER: 100 END: OK
2018-02-16 00:46:30.597 7434 INFO rally.task.context [-] Task 704d9eb5-cff9-4785-b914-afc09f1f1124 | Context cleanup@openstack cleanup() started
2018-02-16 00:47:09.176 7434 INFO rally.task.context [-] Task 704d9eb5-cff9-4785-b914-afc09f1f1124 | Context cleanup@openstack cleanup() finished in 38.58 sec
2018-02-16 00:47:09.177 7434 INFO rally.task.context [-] Task 704d9eb5-cff9-4785-b914-afc09f1f1124 | Context roles@openstack cleanup() started
2018-02-16 00:47:10.755 7434 INFO rally.task.context [-] Task 704d9eb5-cff9-4785-b914-afc09f1f1124 | Context roles@openstack cleanup() finished in 1.58 sec
2018-02-16 00:47:10.756 7434 INFO rally.task.context [-] Task 704d9eb5-cff9-4785-b914-afc09f1f1124 | Context quotas@openstack cleanup() started
2018-02-16 00:47:10.829 7434 INFO rally.task.context [-] Task 704d9eb5-cff9-4785-b914-afc09f1f1124 | Context quotas@openstack cleanup() finished in 73.43 msec
2018-02-16 00:47:10.830 7434 INFO rally.task.context [-] Task 704d9eb5-cff9-4785-b914-afc09f1f1124 | Context users@openstack cleanup() started
2018-02-16 00:47:17.202 7434 INFO rally.task.context [-] Task 704d9eb5-cff9-4785-b914-afc09f1f1124 | Context users@openstack cleanup() finished in 6.37 sec
2018-02-16 00:47:19.081 7434 INFO rally.task.engine [-] Load duration is: 12.423218
2018-02-16 00:47:19.081 7434 INFO rally.task.engine [-] Full runner duration is: 12.469247
2018-02-16 00:47:19.081 7434 INFO rally.task.engine [-] Full duration is: 78.613748
2018-02-16 00:47:19.285 7434 INFO rally.task.engine [-] Task 704d9eb5-cff9-4785-b914-afc09f1f1124 | Completed: Running task.

--------------------------------------------------------------------------------
Task 704d9eb5-cff9-4785-b914-afc09f1f1124: finished
--------------------------------------------------------------------------------

test scenario NeutronNetworks.create_and_list_networks
args position 0
args values:
{
  "runner": {
    "times": 100, 
    "concurrency": 10
  }, 
  "contexts": {
    "users": {
      "tenants": 3, 
      "users_per_tenant": 3
    }, 
    "quotas": {
      "neutron": {
        "network": -1
      }
    }
  }, 
  "args": {
    "network_create_args": {}
  }, 
  "sla": {
    "failure_rate": {
      "max": 0
    }
  }, 
  "hooks": []
}

--------------------------------------------------------------------------------
Task 704d9eb5-cff9-4785-b914-afc09f1f1124 has 0 error(s)
--------------------------------------------------------------------------------

+---------------------------------------------------------------------------------------------------------------------------+
|                                                   Response Times (sec)                                                    |
+------------------------+-----------+--------------+--------------+--------------+-----------+-----------+---------+-------+
| Action                 | Min (sec) | Median (sec) | 90%ile (sec) | 95%ile (sec) | Max (sec) | Avg (sec) | Success | Count |
+------------------------+-----------+--------------+--------------+--------------+-----------+-----------+---------+-------+
| neutron.create_network | 0.862     | 0.967        | 1.247        | 1.341        | 1.535     | 1.024     | 100.0%  | 100   |
| neutron.list_networks  | 0.144     | 0.388        | 0.565        | 0.62         | 0.779     | 0.39      | 100.0%  | 100   |
| total                  | 1.12      | 1.403        | 1.607        | 1.732        | 2.213     | 1.414     | 100.0%  | 100   |
|  -> duration           | 1.12      | 1.403        | 1.607        | 1.732        | 2.213     | 1.414     | 100.0%  | 100   |
|  -> idle_duration      | 0.0       | 0.0          | 0.0          | 0.0          | 0.0       | 0.0       | 100.0%  | 100   |
+------------------------+-----------+--------------+--------------+--------------+-----------+-----------+---------+-------+

Load duration: 14.79899
Full duration: 67.073776
--------------------------------------------------------------------------------

test scenario NeutronNetworks.create_and_list_networks
args position 0
args values:
{
  "runner": {
    "times": 100, 
    "concurrency": 10
  }, 
  "contexts": {
    "users": {
      "tenants": 3, 
      "users_per_tenant": 3
    }, 
    "quotas": {
      "neutron": {
        "network": -1
      }
    }, 
    "roles": [
      "admin"
    ]
  }, 
  "args": {
    "network_create_args": {
      "provider:network_type": "vxlan"
    }
  }, 
  "sla": {
    "failure_rate": {
      "max": 0
    }
  }, 
  "hooks": []
}

--------------------------------------------------------------------------------
Task 704d9eb5-cff9-4785-b914-afc09f1f1124 has 0 error(s)
--------------------------------------------------------------------------------

+---------------------------------------------------------------------------------------------------------------------------+
|                                                   Response Times (sec)                                                    |
+------------------------+-----------+--------------+--------------+--------------+-----------+-----------+---------+-------+
| Action                 | Min (sec) | Median (sec) | 90%ile (sec) | 95%ile (sec) | Max (sec) | Avg (sec) | Success | Count |
+------------------------+-----------+--------------+--------------+--------------+-----------+-----------+---------+-------+
| neutron.create_network | 0.848     | 0.961        | 1.127        | 1.175        | 1.532     | 0.983     | 100.0%  | 100   |
| neutron.list_networks  | 0.105     | 0.194        | 0.279        | 0.313        | 0.357     | 0.198     | 100.0%  | 100   |
| total                  | 0.996     | 1.165        | 1.321        | 1.375        | 1.644     | 1.181     | 100.0%  | 100   |
|  -> duration           | 0.996     | 1.165        | 1.321        | 1.375        | 1.644     | 1.181     | 100.0%  | 100   |
|  -> idle_duration      | 0.0       | 0.0          | 0.0          | 0.0          | 0.0       | 0.0       | 100.0%  | 100   |
+------------------------+-----------+--------------+--------------+--------------+-----------+-----------+---------+-------+

Load duration: 12.423218
Full duration: 78.613748

HINTS:
* To plot HTML graphics with this data, run:
	rally task report 704d9eb5-cff9-4785-b914-afc09f1f1124 --out output.html

* To generate a JUnit report, run:
	rally task export 704d9eb5-cff9-4785-b914-afc09f1f1124 --type junit --to output.xml

* To get raw JSON output of task results, run:
	rally task report 704d9eb5-cff9-4785-b914-afc09f1f1124 --json --out output.json

--------------------------------------------------------------------------------
Preparing input task
--------------------------------------------------------------------------------

Task is:
{
   "NovaServers.boot_and_migrate_server": [
        {
            "args": {
                "flavor": {
                    "name": "m1.large"
                },
                "image": {
                    "name": "CentOS 7"
                }
            },
            "runner": {
                "type": "constant",
                "times": 100,
                "concurrency": 5
            },
            "context": {
                "users": {
                    "tenants": 1,
                    "users_per_tenant": 1
                }
            },
            "sla": {
                "failure_rate": {
                    "max": 0
                }
            }
        }
    ]
}

Task syntax is correct :)
Running Rally version 0.10.1~dev119
--------------------------------------------------------------------------------
Task  fde1171c-0049-4058-a831-edd7b6018519: started
--------------------------------------------------------------------------------

Running Task... This can take a while...

To track task status use:

	rally task status
	or
	rally task detailed

Using task: fde1171c-0049-4058-a831-edd7b6018519
2018-02-16 00:47:21.089 8405 INFO rally.task.engine [-] Task fde1171c-0049-4058-a831-edd7b6018519 | Starting:  Task validation.
2018-02-16 00:47:21.101 8405 INFO rally.task.engine [-] Task fde1171c-0049-4058-a831-edd7b6018519 | Starting:  Task validation of syntax.
2018-02-16 00:47:21.117 8405 INFO rally.task.engine [-] Task fde1171c-0049-4058-a831-edd7b6018519 | Completed: Task validation of syntax.
2018-02-16 00:47:21.118 8405 INFO rally.task.engine [-] Task fde1171c-0049-4058-a831-edd7b6018519 | Starting:  Task validation of required platforms.
2018-02-16 00:47:21.125 8405 INFO rally.task.engine [-] Task fde1171c-0049-4058-a831-edd7b6018519 | Completed: Task validation of required platforms.
2018-02-16 00:47:21.125 8405 INFO rally.task.engine [-] Task fde1171c-0049-4058-a831-edd7b6018519 | Starting:  Task validation of semantic.
2018-02-16 00:47:26.063 8405 INFO rally.task.context [-] Task fde1171c-0049-4058-a831-edd7b6018519 | Context users@openstack setup()  finished in 4.15 sec
2018-02-16 00:47:27.623 8405 INFO rally.task.context [-] Task fde1171c-0049-4058-a831-edd7b6018519 | Context users@openstack cleanup() started
2018-02-16 00:47:32.564 8405 INFO rally.task.context [-] Task fde1171c-0049-4058-a831-edd7b6018519 | Context users@openstack cleanup() finished in 4.94 sec
2018-02-16 00:47:32.564 8405 INFO rally.task.engine [-] Task fde1171c-0049-4058-a831-edd7b6018519 | Completed: Task validation of semantic.
2018-02-16 00:47:32.565 8405 INFO rally.task.engine [-] Task fde1171c-0049-4058-a831-edd7b6018519 | Completed: Task validation.
2018-02-16 00:47:32.565 8405 INFO rally.api [-] Task fde1171c-0049-4058-a831-edd7b6018519 input file is valid.
2018-02-16 00:47:32.566 8405 INFO rally.api [-] Run Task fde1171c-0049-4058-a831-edd7b6018519 against Deployment b3d93970-2899-4826-8e45-0761b050b3a5
2018-02-16 00:47:32.566 8405 INFO rally.task.engine [-] Task fde1171c-0049-4058-a831-edd7b6018519 | Starting:  Running task.
2018-02-16 00:47:32.621 8405 INFO rally.task.engine [-] Running workload: 
  position = 0
  config = {
   "version": 2, 
   "title": "A cropped version of a bigger task.", 
   "description": "Auto-generated task from a single workload (uuid=86f04285-9ea0-43d8-8506-bb7e3efe1909)", 
   "subtasks": [
      {
         "title": "NovaServers.boot_and_migrate_server", 
         "description": "Migrate a server.", 
         "scenario": {
            "NovaServers.boot_and_migrate_server": {
               "flavor": {
                  "name": "m1.large"
               }, 
               "image": {
                  "name": "CentOS 7"
               }
            }
         }, 
         "contexts": {
            "users": {
               "tenants": 1, 
               "users_per_tenant": 1
            }
         }, 
         "runner": {
            "constant": {
               "times": 100, 
               "concurrency": 5
            }
         }, 
         "hooks": [], 
         "sla": {
            "failure_rate": {
               "max": 0
            }
         }
      }
   ]
}
2018-02-16 00:47:36.358 8405 INFO rally.task.context [-] Task fde1171c-0049-4058-a831-edd7b6018519 | Context users@openstack setup()  finished in 3.70 sec
2018-02-16 00:47:36.359 8405 INFO rally.task.context [-] Task fde1171c-0049-4058-a831-edd7b6018519 | Context cleanup@openstack setup()  finished in 0.02 msec
2018-02-16 00:47:37.235 8533 INFO rally.task.runner [-] Task fde1171c-0049-4058-a831-edd7b6018519 | ITER: 1 START
2018-02-16 00:47:37.237 8534 INFO rally.task.runner [-] Task fde1171c-0049-4058-a831-edd7b6018519 | ITER: 2 START
2018-02-16 00:47:37.241 8535 INFO rally.task.runner [-] Task fde1171c-0049-4058-a831-edd7b6018519 | ITER: 3 START
2018-02-16 00:47:37.244 8537 INFO rally.task.runner [-] Task fde1171c-0049-4058-a831-edd7b6018519 | ITER: 4 START
2018-02-16 00:47:37.249 8541 INFO rally.task.runner [-] Task fde1171c-0049-4058-a831-edd7b6018519 | ITER: 5 START
2018-02-16 00:48:28.744 8535 INFO rally.task.runner [-] Task fde1171c-0049-4058-a831-edd7b6018519 | ITER: 3 END: OK
2018-02-16 00:48:28.749 8535 INFO rally.task.runner [-] Task fde1171c-0049-4058-a831-edd7b6018519 | ITER: 6 START
2018-02-16 00:48:28.884 8537 INFO rally.task.runner [-] Task fde1171c-0049-4058-a831-edd7b6018519 | ITER: 4 END: OK
2018-02-16 00:48:28.890 8537 INFO rally.task.runner [-] Task fde1171c-0049-4058-a831-edd7b6018519 | ITER: 7 START
2018-02-16 00:48:30.191 8534 INFO rally.task.runner [-] Task fde1171c-0049-4058-a831-edd7b6018519 | ITER: 2 END: OK
2018-02-16 00:48:30.196 8534 INFO rally.task.runner [-] Task fde1171c-0049-4058-a831-edd7b6018519 | ITER: 8 START
2018-02-16 00:48:31.266 8533 INFO rally.task.runner [-] Task fde1171c-0049-4058-a831-edd7b6018519 | ITER: 1 END: OK
2018-02-16 00:48:31.272 8533 INFO rally.task.runner [-] Task fde1171c-0049-4058-a831-edd7b6018519 | ITER: 9 START
2018-02-16 00:48:32.724 8541 INFO rally.task.runner [-] Task fde1171c-0049-4058-a831-edd7b6018519 | ITER: 5 END: OK
2018-02-16 00:48:32.730 8541 INFO rally.task.runner [-] Task fde1171c-0049-4058-a831-edd7b6018519 | ITER: 10 START
2018-02-16 00:49:18.993 8537 INFO rally.task.runner [-] Task fde1171c-0049-4058-a831-edd7b6018519 | ITER: 7 END: OK
2018-02-16 00:49:18.997 8537 INFO rally.task.runner [-] Task fde1171c-0049-4058-a831-edd7b6018519 | ITER: 11 START
2018-02-16 00:49:20.923 8534 INFO rally.task.runner [-] Task fde1171c-0049-4058-a831-edd7b6018519 | ITER: 8 END: OK
2018-02-16 00:49:20.928 8534 INFO rally.task.runner [-] Task fde1171c-0049-4058-a831-edd7b6018519 | ITER: 12 START
2018-02-16 00:49:21.210 8535 INFO rally.task.runner [-] Task fde1171c-0049-4058-a831-edd7b6018519 | ITER: 6 END: OK
2018-02-16 00:49:21.214 8535 INFO rally.task.runner [-] Task fde1171c-0049-4058-a831-edd7b6018519 | ITER: 13 START
2018-02-16 00:49:21.706 8533 INFO rally.task.runner [-] Task fde1171c-0049-4058-a831-edd7b6018519 | ITER: 9 END: OK
2018-02-16 00:49:21.711 8533 INFO rally.task.runner [-] Task fde1171c-0049-4058-a831-edd7b6018519 | ITER: 14 START
2018-02-16 00:49:22.613 8541 INFO rally.task.runner [-] Task fde1171c-0049-4058-a831-edd7b6018519 | ITER: 10 END: OK
2018-02-16 00:49:22.618 8541 INFO rally.task.runner [-] Task fde1171c-0049-4058-a831-edd7b6018519 | ITER: 15 START
2018-02-16 00:50:02.967 8537 INFO rally.task.runner [-] Task fde1171c-0049-4058-a831-edd7b6018519 | ITER: 11 END: OK
2018-02-16 00:50:02.971 8537 INFO rally.task.runner [-] Task fde1171c-0049-4058-a831-edd7b6018519 | ITER: 16 START
2018-02-16 00:50:11.293 8534 INFO rally.task.runner [-] Task fde1171c-0049-4058-a831-edd7b6018519 | ITER: 12 END: OK
2018-02-16 00:50:11.297 8534 INFO rally.task.runner [-] Task fde1171c-0049-4058-a831-edd7b6018519 | ITER: 17 START
2018-02-16 00:50:13.420 8535 INFO rally.task.runner [-] Task fde1171c-0049-4058-a831-edd7b6018519 | ITER: 13 END: OK
2018-02-16 00:50:13.424 8535 INFO rally.task.runner [-] Task fde1171c-0049-4058-a831-edd7b6018519 | ITER: 18 START
2018-02-16 00:50:14.528 8533 INFO rally.task.runner [-] Task fde1171c-0049-4058-a831-edd7b6018519 | ITER: 14 END: OK
2018-02-16 00:50:14.532 8533 INFO rally.task.runner [-] Task fde1171c-0049-4058-a831-edd7b6018519 | ITER: 19 START
2018-02-16 00:50:15.379 8541 INFO rally.task.runner [-] Task fde1171c-0049-4058-a831-edd7b6018519 | ITER: 15 END: OK
2018-02-16 00:50:15.383 8541 INFO rally.task.runner [-] Task fde1171c-0049-4058-a831-edd7b6018519 | ITER: 20 START
2018-02-16 00:50:38.673 8537 INFO rally.task.runner [-] Task fde1171c-0049-4058-a831-edd7b6018519 | ITER: 16 END: OK
2018-02-16 00:50:38.677 8537 INFO rally.task.runner [-] Task fde1171c-0049-4058-a831-edd7b6018519 | ITER: 21 START
2018-02-16 00:50:53.581 8534 INFO rally.task.runner [-] Task fde1171c-0049-4058-a831-edd7b6018519 | ITER: 17 END: OK
2018-02-16 00:50:53.586 8534 INFO rally.task.runner [-] Task fde1171c-0049-4058-a831-edd7b6018519 | ITER: 22 START
2018-02-16 00:50:57.620 8535 INFO rally.task.runner [-] Task fde1171c-0049-4058-a831-edd7b6018519 | ITER: 18 END: OK
2018-02-16 00:50:57.625 8535 INFO rally.task.runner [-] Task fde1171c-0049-4058-a831-edd7b6018519 | ITER: 23 START
2018-02-16 00:50:58.251 8533 INFO rally.task.runner [-] Task fde1171c-0049-4058-a831-edd7b6018519 | ITER: 19 END: OK
2018-02-16 00:50:58.256 8533 INFO rally.task.runner [-] Task fde1171c-0049-4058-a831-edd7b6018519 | ITER: 24 START
2018-02-16 00:51:01.154 8541 INFO rally.task.runner [-] Task fde1171c-0049-4058-a831-edd7b6018519 | ITER: 20 END: OK
2018-02-16 00:51:01.158 8541 INFO rally.task.runner [-] Task fde1171c-0049-4058-a831-edd7b6018519 | ITER: 25 START
2018-02-16 00:51:16.505 8537 INFO rally.task.runner [-] Task fde1171c-0049-4058-a831-edd7b6018519 | ITER: 21 END: OK
2018-02-16 00:51:16.509 8537 INFO rally.task.runner [-] Task fde1171c-0049-4058-a831-edd7b6018519 | ITER: 26 START
2018-02-16 00:51:29.090 8534 INFO rally.task.runner [-] Task fde1171c-0049-4058-a831-edd7b6018519 | ITER: 22 END: OK
2018-02-16 00:51:29.094 8534 INFO rally.task.runner [-] Task fde1171c-0049-4058-a831-edd7b6018519 | ITER: 27 START
2018-02-16 00:51:43.482 8535 INFO rally.task.runner [-] Task fde1171c-0049-4058-a831-edd7b6018519 | ITER: 23 END: OK
2018-02-16 00:51:43.486 8535 INFO rally.task.runner [-] Task fde1171c-0049-4058-a831-edd7b6018519 | ITER: 28 START
2018-02-16 00:51:44.772 8533 INFO rally.task.runner [-] Task fde1171c-0049-4058-a831-edd7b6018519 | ITER: 24 END: OK
2018-02-16 00:51:44.776 8533 INFO rally.task.runner [-] Task fde1171c-0049-4058-a831-edd7b6018519 | ITER: 29 START
2018-02-16 00:51:45.114 8541 INFO rally.task.runner [-] Task fde1171c-0049-4058-a831-edd7b6018519 | ITER: 25 END: OK
2018-02-16 00:51:45.118 8541 INFO rally.task.runner [-] Task fde1171c-0049-4058-a831-edd7b6018519 | ITER: 30 START
2018-02-16 00:51:51.485 8537 INFO rally.task.runner [-] Task fde1171c-0049-4058-a831-edd7b6018519 | ITER: 26 END: OK
2018-02-16 00:51:51.490 8537 INFO rally.task.runner [-] Task fde1171c-0049-4058-a831-edd7b6018519 | ITER: 31 START
2018-02-16 00:52:06.021 8534 INFO rally.task.runner [-] Task fde1171c-0049-4058-a831-edd7b6018519 | ITER: 27 END: OK
