2018-08-14 22:53:45.792 9822 INFO rally.task.runner [-] Task 8a4ecdd6-d560-43c2-94c0-d5887dccf4aa | ITER: 136 END: OK
2018-08-14 22:53:45.798 9822 INFO rally.task.runner [-] Task 8a4ecdd6-d560-43c2-94c0-d5887dccf4aa | ITER: 146 START
2018-08-14 22:53:45.858 9808 INFO rally.task.runner [-] Task 8a4ecdd6-d560-43c2-94c0-d5887dccf4aa | ITER: 138 END: OK
2018-08-14 22:53:45.864 9808 INFO rally.task.runner [-] Task 8a4ecdd6-d560-43c2-94c0-d5887dccf4aa | ITER: 147 START
2018-08-14 22:53:46.245 9811 INFO rally.task.runner [-] Task 8a4ecdd6-d560-43c2-94c0-d5887dccf4aa | ITER: 137 END: OK
2018-08-14 22:53:46.254 9811 INFO rally.task.runner [-] Task 8a4ecdd6-d560-43c2-94c0-d5887dccf4aa | ITER: 148 START
2018-08-14 22:53:58.946 9807 INFO rally.task.runner [-] Task 8a4ecdd6-d560-43c2-94c0-d5887dccf4aa | ITER: 139 END: OK
2018-08-14 22:53:58.952 9807 INFO rally.task.runner [-] Task 8a4ecdd6-d560-43c2-94c0-d5887dccf4aa | ITER: 149 START
2018-08-14 22:54:08.337 9815 INFO rally.task.runner [-] Task 8a4ecdd6-d560-43c2-94c0-d5887dccf4aa | ITER: 140 END: OK
2018-08-14 22:54:08.343 9815 INFO rally.task.runner [-] Task 8a4ecdd6-d560-43c2-94c0-d5887dccf4aa | ITER: 150 START
2018-08-14 22:54:24.134 9809 INFO rally.task.runner [-] Task 8a4ecdd6-d560-43c2-94c0-d5887dccf4aa | ITER: 141 END: OK
2018-08-14 22:54:24.144 9809 INFO rally.task.runner [-] Task 8a4ecdd6-d560-43c2-94c0-d5887dccf4aa | ITER: 151 START
2018-08-14 22:54:24.282 9806 INFO rally.task.runner [-] Task 8a4ecdd6-d560-43c2-94c0-d5887dccf4aa | ITER: 142 END: OK
2018-08-14 22:54:24.287 9806 INFO rally.task.runner [-] Task 8a4ecdd6-d560-43c2-94c0-d5887dccf4aa | ITER: 152 START
2018-08-14 22:54:26.640 9818 INFO rally.task.runner [-] Task 8a4ecdd6-d560-43c2-94c0-d5887dccf4aa | ITER: 143 END: OK
2018-08-14 22:54:26.646 9818 INFO rally.task.runner [-] Task 8a4ecdd6-d560-43c2-94c0-d5887dccf4aa | ITER: 153 START
2018-08-14 22:54:31.414 9817 INFO rally.task.runner [-] Task 8a4ecdd6-d560-43c2-94c0-d5887dccf4aa | ITER: 144 END: OK
2018-08-14 22:54:31.422 9817 INFO rally.task.runner [-] Task 8a4ecdd6-d560-43c2-94c0-d5887dccf4aa | ITER: 154 START
2018-08-14 22:54:42.550 9805 INFO rally.task.runner [-] Task 8a4ecdd6-d560-43c2-94c0-d5887dccf4aa | ITER: 145 END: OK
2018-08-14 22:54:42.556 9805 INFO rally.task.runner [-] Task 8a4ecdd6-d560-43c2-94c0-d5887dccf4aa | ITER: 155 START
2018-08-14 22:54:56.528 9808 INFO rally.task.runner [-] Task 8a4ecdd6-d560-43c2-94c0-d5887dccf4aa | ITER: 147 END: OK
2018-08-14 22:54:56.535 9808 INFO rally.task.runner [-] Task 8a4ecdd6-d560-43c2-94c0-d5887dccf4aa | ITER: 156 START
2018-08-14 22:54:57.023 9822 INFO rally.task.runner [-] Task 8a4ecdd6-d560-43c2-94c0-d5887dccf4aa | ITER: 146 END: OK
2018-08-14 22:54:57.030 9822 INFO rally.task.runner [-] Task 8a4ecdd6-d560-43c2-94c0-d5887dccf4aa | ITER: 157 START
2018-08-14 22:54:58.791 9811 INFO rally.task.runner [-] Task 8a4ecdd6-d560-43c2-94c0-d5887dccf4aa | ITER: 148 END: OK
2018-08-14 22:54:58.799 9811 INFO rally.task.runner [-] Task 8a4ecdd6-d560-43c2-94c0-d5887dccf4aa | ITER: 158 START
2018-08-14 22:55:07.689 9807 INFO rally.task.runner [-] Task 8a4ecdd6-d560-43c2-94c0-d5887dccf4aa | ITER: 149 END: OK
2018-08-14 22:55:07.696 9807 INFO rally.task.runner [-] Task 8a4ecdd6-d560-43c2-94c0-d5887dccf4aa | ITER: 159 START
2018-08-14 22:55:14.426 9815 INFO rally.task.runner [-] Task 8a4ecdd6-d560-43c2-94c0-d5887dccf4aa | ITER: 150 END: OK
2018-08-14 22:55:14.433 9815 INFO rally.task.runner [-] Task 8a4ecdd6-d560-43c2-94c0-d5887dccf4aa | ITER: 160 START
2018-08-14 22:55:34.709 9806 INFO rally.task.runner [-] Task 8a4ecdd6-d560-43c2-94c0-d5887dccf4aa | ITER: 152 END: OK
2018-08-14 22:55:34.716 9806 INFO rally.task.runner [-] Task 8a4ecdd6-d560-43c2-94c0-d5887dccf4aa | ITER: 161 START
2018-08-14 22:55:39.355 9809 INFO rally.task.runner [-] Task 8a4ecdd6-d560-43c2-94c0-d5887dccf4aa | ITER: 151 END: OK
2018-08-14 22:55:39.361 9809 INFO rally.task.runner [-] Task 8a4ecdd6-d560-43c2-94c0-d5887dccf4aa | ITER: 162 START
2018-08-14 22:55:39.364 9818 INFO rally.task.runner [-] Task 8a4ecdd6-d560-43c2-94c0-d5887dccf4aa | ITER: 153 END: OK
2018-08-14 22:55:39.370 9818 INFO rally.task.runner [-] Task 8a4ecdd6-d560-43c2-94c0-d5887dccf4aa | ITER: 163 START
2018-08-14 22:55:48.626 9817 INFO rally.task.runner [-] Task 8a4ecdd6-d560-43c2-94c0-d5887dccf4aa | ITER: 154 END: OK
2018-08-14 22:55:48.633 9817 INFO rally.task.runner [-] Task 8a4ecdd6-d560-43c2-94c0-d5887dccf4aa | ITER: 164 START
2018-08-14 22:56:06.775 9805 INFO rally.task.runner [-] Task 8a4ecdd6-d560-43c2-94c0-d5887dccf4aa | ITER: 155 END: OK
2018-08-14 22:56:06.780 9805 INFO rally.task.runner [-] Task 8a4ecdd6-d560-43c2-94c0-d5887dccf4aa | ITER: 165 START
2018-08-14 22:56:18.226 9822 INFO rally.task.runner [-] Task 8a4ecdd6-d560-43c2-94c0-d5887dccf4aa | ITER: 157 END: OK
2018-08-14 22:56:18.232 9822 INFO rally.task.runner [-] Task 8a4ecdd6-d560-43c2-94c0-d5887dccf4aa | ITER: 166 START
2018-08-14 22:56:18.545 9808 INFO rally.task.runner [-] Task 8a4ecdd6-d560-43c2-94c0-d5887dccf4aa | ITER: 156 END: OK
2018-08-14 22:56:18.553 9808 INFO rally.task.runner [-] Task 8a4ecdd6-d560-43c2-94c0-d5887dccf4aa | ITER: 167 START
2018-08-14 22:56:20.942 9811 INFO rally.task.runner [-] Task 8a4ecdd6-d560-43c2-94c0-d5887dccf4aa | ITER: 158 END: OK
2018-08-14 22:56:20.950 9811 INFO rally.task.runner [-] Task 8a4ecdd6-d560-43c2-94c0-d5887dccf4aa | ITER: 168 START
2018-08-14 22:56:32.187 9807 INFO rally.task.runner [-] Task 8a4ecdd6-d560-43c2-94c0-d5887dccf4aa | ITER: 159 END: OK
2018-08-14 22:56:32.193 9807 INFO rally.task.runner [-] Task 8a4ecdd6-d560-43c2-94c0-d5887dccf4aa | ITER: 169 START
2018-08-14 22:56:34.271 9815 INFO rally.task.runner [-] Task 8a4ecdd6-d560-43c2-94c0-d5887dccf4aa | ITER: 160 END: OK
2018-08-14 22:56:34.276 9815 INFO rally.task.runner [-] Task 8a4ecdd6-d560-43c2-94c0-d5887dccf4aa | ITER: 170 START
2018-08-14 22:56:47.629 9818 INFO rally.task.runner [-] Task 8a4ecdd6-d560-43c2-94c0-d5887dccf4aa | ITER: 163 END: OK
2018-08-14 22:56:47.635 9818 INFO rally.task.runner [-] Task 8a4ecdd6-d560-43c2-94c0-d5887dccf4aa | ITER: 171 START
2018-08-14 22:56:47.931 9809 INFO rally.task.runner [-] Task 8a4ecdd6-d560-43c2-94c0-d5887dccf4aa | ITER: 162 END: OK
2018-08-14 22:56:47.937 9809 INFO rally.task.runner [-] Task 8a4ecdd6-d560-43c2-94c0-d5887dccf4aa | ITER: 172 START
2018-08-14 22:56:47.992 9806 INFO rally.task.runner [-] Task 8a4ecdd6-d560-43c2-94c0-d5887dccf4aa | ITER: 161 END: OK
2018-08-14 22:56:47.998 9806 INFO rally.task.runner [-] Task 8a4ecdd6-d560-43c2-94c0-d5887dccf4aa | ITER: 173 START
2018-08-14 22:56:52.321 9817 INFO rally.task.runner [-] Task 8a4ecdd6-d560-43c2-94c0-d5887dccf4aa | ITER: 164 END: OK
2018-08-14 22:56:52.327 9817 INFO rally.task.runner [-] Task 8a4ecdd6-d560-43c2-94c0-d5887dccf4aa | ITER: 174 START
2018-08-14 22:57:05.993 9805 INFO rally.task.runner [-] Task 8a4ecdd6-d560-43c2-94c0-d5887dccf4aa | ITER: 165 END: OK
2018-08-14 22:57:06.000 9805 INFO rally.task.runner [-] Task 8a4ecdd6-d560-43c2-94c0-d5887dccf4aa | ITER: 175 START
2018-08-14 22:57:33.357 9808 INFO rally.task.runner [-] Task 8a4ecdd6-d560-43c2-94c0-d5887dccf4aa | ITER: 167 END: OK
2018-08-14 22:57:33.363 9811 INFO rally.task.runner [-] Task 8a4ecdd6-d560-43c2-94c0-d5887dccf4aa | ITER: 168 END: OK
2018-08-14 22:57:33.365 9808 INFO rally.task.runner [-] Task 8a4ecdd6-d560-43c2-94c0-d5887dccf4aa | ITER: 176 START
2018-08-14 22:57:33.369 9811 INFO rally.task.runner [-] Task 8a4ecdd6-d560-43c2-94c0-d5887dccf4aa | ITER: 177 START
2018-08-14 22:57:33.777 9822 INFO rally.task.runner [-] Task 8a4ecdd6-d560-43c2-94c0-d5887dccf4aa | ITER: 166 END: OK
2018-08-14 22:57:33.789 9822 INFO rally.task.runner [-] Task 8a4ecdd6-d560-43c2-94c0-d5887dccf4aa | ITER: 178 START
2018-08-14 22:57:38.512 9807 INFO rally.task.runner [-] Task 8a4ecdd6-d560-43c2-94c0-d5887dccf4aa | ITER: 169 END: OK
2018-08-14 22:57:38.519 9807 INFO rally.task.runner [-] Task 8a4ecdd6-d560-43c2-94c0-d5887dccf4aa | ITER: 179 START
2018-08-14 22:57:49.434 9815 INFO rally.task.runner [-] Task 8a4ecdd6-d560-43c2-94c0-d5887dccf4aa | ITER: 170 END: OK
2018-08-14 22:57:49.440 9815 INFO rally.task.runner [-] Task 8a4ecdd6-d560-43c2-94c0-d5887dccf4aa | ITER: 180 START
2018-08-14 22:58:07.446 9818 INFO rally.task.runner [-] Task 8a4ecdd6-d560-43c2-94c0-d5887dccf4aa | ITER: 171 END: OK
2018-08-14 22:58:07.452 9818 INFO rally.task.runner [-] Task 8a4ecdd6-d560-43c2-94c0-d5887dccf4aa | ITER: 181 START
2018-08-14 22:58:07.709 9809 INFO rally.task.runner [-] Task 8a4ecdd6-d560-43c2-94c0-d5887dccf4aa | ITER: 172 END: OK
2018-08-14 22:58:07.715 9809 INFO rally.task.runner [-] Task 8a4ecdd6-d560-43c2-94c0-d5887dccf4aa | ITER: 182 START
2018-08-14 22:58:10.014 9806 INFO rally.task.runner [-] Task 8a4ecdd6-d560-43c2-94c0-d5887dccf4aa | ITER: 173 END: OK
2018-08-14 22:58:10.020 9806 INFO rally.task.runner [-] Task 8a4ecdd6-d560-43c2-94c0-d5887dccf4aa | ITER: 183 START
2018-08-14 22:58:12.166 9817 INFO rally.task.runner [-] Task 8a4ecdd6-d560-43c2-94c0-d5887dccf4aa | ITER: 174 END: OK
2018-08-14 22:58:12.172 9817 INFO rally.task.runner [-] Task 8a4ecdd6-d560-43c2-94c0-d5887dccf4aa | ITER: 184 START
2018-08-14 22:58:23.521 9805 INFO rally.task.runner [-] Task 8a4ecdd6-d560-43c2-94c0-d5887dccf4aa | ITER: 175 END: OK
2018-08-14 22:58:23.528 9805 INFO rally.task.runner [-] Task 8a4ecdd6-d560-43c2-94c0-d5887dccf4aa | ITER: 185 START
2018-08-14 22:58:45.307 9822 INFO rally.task.runner [-] Task 8a4ecdd6-d560-43c2-94c0-d5887dccf4aa | ITER: 178 END: OK
2018-08-14 22:58:45.314 9822 INFO rally.task.runner [-] Task 8a4ecdd6-d560-43c2-94c0-d5887dccf4aa | ITER: 186 START
2018-08-14 22:58:46.612 9811 INFO rally.task.runner [-] Task 8a4ecdd6-d560-43c2-94c0-d5887dccf4aa | ITER: 177 END: OK
2018-08-14 22:58:46.619 9811 INFO rally.task.runner [-] Task 8a4ecdd6-d560-43c2-94c0-d5887dccf4aa | ITER: 187 START
2018-08-14 22:58:46.629 9808 INFO rally.task.runner [-] Task 8a4ecdd6-d560-43c2-94c0-d5887dccf4aa | ITER: 176 END: OK
2018-08-14 22:58:46.634 9808 INFO rally.task.runner [-] Task 8a4ecdd6-d560-43c2-94c0-d5887dccf4aa | ITER: 188 START
2018-08-14 22:58:47.253 9807 INFO rally.task.runner [-] Task 8a4ecdd6-d560-43c2-94c0-d5887dccf4aa | ITER: 179 END: OK
2018-08-14 22:58:47.260 9807 INFO rally.task.runner [-] Task 8a4ecdd6-d560-43c2-94c0-d5887dccf4aa | ITER: 189 START
2018-08-14 22:58:48.780 9815 INFO rally.task.runner [-] Task 8a4ecdd6-d560-43c2-94c0-d5887dccf4aa | ITER: 180 END: OK
2018-08-14 22:58:48.787 9815 INFO rally.task.runner [-] Task 8a4ecdd6-d560-43c2-94c0-d5887dccf4aa | ITER: 190 START
2018-08-14 22:59:18.405 9809 INFO rally.task.runner [-] Task 8a4ecdd6-d560-43c2-94c0-d5887dccf4aa | ITER: 182 END: OK
2018-08-14 22:59:18.410 9809 INFO rally.task.runner [-] Task 8a4ecdd6-d560-43c2-94c0-d5887dccf4aa | ITER: 191 START
2018-08-14 22:59:18.835 9817 INFO rally.task.runner [-] Task 8a4ecdd6-d560-43c2-94c0-d5887dccf4aa | ITER: 184 END: OK
2018-08-14 22:59:18.842 9817 INFO rally.task.runner [-] Task 8a4ecdd6-d560-43c2-94c0-d5887dccf4aa | ITER: 192 START
2018-08-14 22:59:20.777 9806 INFO rally.task.runner [-] Task 8a4ecdd6-d560-43c2-94c0-d5887dccf4aa | ITER: 183 END: OK
2018-08-14 22:59:20.783 9806 INFO rally.task.runner [-] Task 8a4ecdd6-d560-43c2-94c0-d5887dccf4aa | ITER: 193 START
2018-08-14 22:59:20.812 9818 INFO rally.task.runner [-] Task 8a4ecdd6-d560-43c2-94c0-d5887dccf4aa | ITER: 181 END: OK
2018-08-14 22:59:20.819 9818 INFO rally.task.runner [-] Task 8a4ecdd6-d560-43c2-94c0-d5887dccf4aa | ITER: 194 START
2018-08-14 22:59:22.951 9805 INFO rally.task.runner [-] Task 8a4ecdd6-d560-43c2-94c0-d5887dccf4aa | ITER: 185 END: OK
2018-08-14 22:59:22.957 9805 INFO rally.task.runner [-] Task 8a4ecdd6-d560-43c2-94c0-d5887dccf4aa | ITER: 195 START
2018-08-14 22:59:52.552 9822 INFO rally.task.runner [-] Task 8a4ecdd6-d560-43c2-94c0-d5887dccf4aa | ITER: 186 END: OK
2018-08-14 22:59:52.559 9822 INFO rally.task.runner [-] Task 8a4ecdd6-d560-43c2-94c0-d5887dccf4aa | ITER: 196 START
2018-08-14 22:59:57.191 9811 INFO rally.task.runner [-] Task 8a4ecdd6-d560-43c2-94c0-d5887dccf4aa | ITER: 187 END: OK
2018-08-14 22:59:57.197 9811 INFO rally.task.runner [-] Task 8a4ecdd6-d560-43c2-94c0-d5887dccf4aa | ITER: 197 START
2018-08-14 22:59:58.787 9807 INFO rally.task.runner [-] Task 8a4ecdd6-d560-43c2-94c0-d5887dccf4aa | ITER: 189 END: OK
2018-08-14 22:59:58.793 9807 INFO rally.task.runner [-] Task 8a4ecdd6-d560-43c2-94c0-d5887dccf4aa | ITER: 198 START
2018-08-14 22:59:59.314 9808 INFO rally.task.runner [-] Task 8a4ecdd6-d560-43c2-94c0-d5887dccf4aa | ITER: 188 END: OK
2018-08-14 22:59:59.321 9808 INFO rally.task.runner [-] Task 8a4ecdd6-d560-43c2-94c0-d5887dccf4aa | ITER: 199 START
2018-08-14 22:59:59.887 9815 INFO rally.task.runner [-] Task 8a4ecdd6-d560-43c2-94c0-d5887dccf4aa | ITER: 190 END: OK
2018-08-14 22:59:59.893 9815 INFO rally.task.runner [-] Task 8a4ecdd6-d560-43c2-94c0-d5887dccf4aa | ITER: 200 START
2018-08-14 23:00:29.233 9806 INFO rally.task.runner [-] Task 8a4ecdd6-d560-43c2-94c0-d5887dccf4aa | ITER: 193 END: OK
2018-08-14 23:00:29.255 9818 INFO rally.task.runner [-] Task 8a4ecdd6-d560-43c2-94c0-d5887dccf4aa | ITER: 194 END: OK
2018-08-14 23:00:29.319 9809 INFO rally.task.runner [-] Task 8a4ecdd6-d560-43c2-94c0-d5887dccf4aa | ITER: 191 END: OK
2018-08-14 23:00:30.097 9817 INFO rally.task.runner [-] Task 8a4ecdd6-d560-43c2-94c0-d5887dccf4aa | ITER: 192 END: OK
2018-08-14 23:00:31.218 9805 INFO rally.task.runner [-] Task 8a4ecdd6-d560-43c2-94c0-d5887dccf4aa | ITER: 195 END: OK
2018-08-14 23:00:42.980 9822 INFO rally.task.runner [-] Task 8a4ecdd6-d560-43c2-94c0-d5887dccf4aa | ITER: 196 END: OK
2018-08-14 23:00:45.548 9811 INFO rally.task.runner [-] Task 8a4ecdd6-d560-43c2-94c0-d5887dccf4aa | ITER: 197 END: OK
2018-08-14 23:00:48.126 9815 INFO rally.task.runner [-] Task 8a4ecdd6-d560-43c2-94c0-d5887dccf4aa | ITER: 200 END: OK
2018-08-14 23:00:49.760 9807 INFO rally.task.runner [-] Task 8a4ecdd6-d560-43c2-94c0-d5887dccf4aa | ITER: 198 END: OK
2018-08-14 23:00:50.048 9808 INFO rally.task.runner [-] Task 8a4ecdd6-d560-43c2-94c0-d5887dccf4aa | ITER: 199 END: OK
2018-08-14 23:00:50.072 9256 INFO rally.task.context [-] Task 8a4ecdd6-d560-43c2-94c0-d5887dccf4aa | Context cleanup@openstack cleanup() started
2018-08-14 23:01:00.531 9256 INFO rally.task.context [-] Task 8a4ecdd6-d560-43c2-94c0-d5887dccf4aa | Context cleanup@openstack cleanup() finished in 10.46 sec
2018-08-14 23:01:00.532 9256 INFO rally.task.context [-] Task 8a4ecdd6-d560-43c2-94c0-d5887dccf4aa | Context network@openstack cleanup() started
2018-08-14 23:01:52.966 9256 INFO rally.task.context [-] Task 8a4ecdd6-d560-43c2-94c0-d5887dccf4aa | Context network@openstack cleanup() finished in 52.43 sec
2018-08-14 23:01:52.967 9256 INFO rally.task.context [-] Task 8a4ecdd6-d560-43c2-94c0-d5887dccf4aa | Context users@openstack cleanup() started
2018-08-14 23:01:58.268 9256 INFO rally.task.context [-] Task 8a4ecdd6-d560-43c2-94c0-d5887dccf4aa | Context users@openstack cleanup() finished in 5.30 sec
2018-08-14 23:01:59.112 9256 INFO rally.task.engine [-] Load duration is: 1345.956774
2018-08-14 23:01:59.112 9256 INFO rally.task.engine [-] Full runner duration is: 1347.003197
2018-08-14 23:01:59.112 9256 INFO rally.task.engine [-] Full duration is: 1446.791797
2018-08-14 23:01:59.272 9256 INFO rally.task.engine [-] Task 8a4ecdd6-d560-43c2-94c0-d5887dccf4aa | Completed: Running task.

--------------------------------------------------------------------------------
Task 8a4ecdd6-d560-43c2-94c0-d5887dccf4aa: finished
--------------------------------------------------------------------------------

test scenario NovaServers.boot_and_delete_server
args position 0
args values:
{
  "runner": {
    "times": 200, 
    "concurrency": 10
  }, 
  "contexts": {
    "users": {
      "tenants": 3, 
      "users_per_tenant": 5
    }
  }, 
  "args": {
    "flavor": {
      "name": "m1.medium"
    }, 
    "image": {
      "name": "Ubuntu 16.04"
    }, 
    "force_delete": false
  }, 
  "sla": {
    "failure_rate": {
      "max": 0
    }
  }, 
  "hooks": []
}

--------------------------------------------------------------------------------
Task 8a4ecdd6-d560-43c2-94c0-d5887dccf4aa has 0 error(s)
--------------------------------------------------------------------------------

+-----------------------------------------------------------------------------------------------------------------------+
|                                                 Response Times (sec)                                                  |
+--------------------+-----------+--------------+--------------+--------------+-----------+-----------+---------+-------+
| Action             | Min (sec) | Median (sec) | 90%ile (sec) | 95%ile (sec) | Max (sec) | Avg (sec) | Success | Count |
+--------------------+-----------+--------------+--------------+--------------+-----------+-----------+---------+-------+
| nova.boot_server   | 30.205    | 61.392       | 75.163       | 84.995       | 91.653    | 61.812    | 100.0%  | 200   |
| nova.delete_server | 2.426     | 13.84        | 18.635       | 20.574       | 27.484    | 13.018    | 100.0%  | 200   |
| total              | 32.847    | 75.402       | 86.751       | 91.527       | 110.119   | 74.831    | 100.0%  | 200   |
|  -> duration       | 31.847    | 74.402       | 85.751       | 90.527       | 109.119   | 73.831    | 100.0%  | 200   |
|  -> idle_duration  | 1.0       | 1.0          | 1.0          | 1.0          | 1.0       | 1.0       | 100.0%  | 200   |
+--------------------+-----------+--------------+--------------+--------------+-----------+-----------+---------+-------+

Load duration: 1505.034973
Full duration: 1528.319174
--------------------------------------------------------------------------------

test scenario NovaServers.boot_and_delete_server
args position 0
args values:
{
  "runner": {
    "times": 200, 
    "concurrency": 10
  }, 
  "contexts": {
    "users": {
      "tenants": 3, 
      "users_per_tenant": 5
    }, 
    "network": {
      "start_cidr": "192.168.74.0/24", 
      "networks_per_tenant": 2
    }
  }, 
  "args": {
    "flavor": {
      "name": "m1.medium"
    }, 
    "image": {
      "name": "Ubuntu 16.04"
    }, 
    "auto_assign_nic": true
  }, 
  "sla": {
    "failure_rate": {
      "max": 0
    }
  }, 
  "hooks": []
}

--------------------------------------------------------------------------------
Task 8a4ecdd6-d560-43c2-94c0-d5887dccf4aa has 0 error(s)
--------------------------------------------------------------------------------

+-----------------------------------------------------------------------------------------------------------------------+
|                                                 Response Times (sec)                                                  |
+--------------------+-----------+--------------+--------------+--------------+-----------+-----------+---------+-------+
| Action             | Min (sec) | Median (sec) | 90%ile (sec) | 95%ile (sec) | Max (sec) | Avg (sec) | Success | Count |
+--------------------+-----------+--------------+--------------+--------------+-----------+-----------+---------+-------+
| nova.boot_server   | 33.913    | 52.665       | 66.022       | 72.707       | 80.526    | 54.505    | 100.0%  | 200   |
| nova.delete_server | 2.437     | 13.669       | 16.264       | 18.644       | 20.923    | 12.26     | 100.0%  | 200   |
| total              | 48.232    | 64.519       | 78.382       | 82.016       | 101.128   | 66.765    | 100.0%  | 200   |
|  -> duration       | 47.232    | 63.519       | 77.382       | 81.016       | 100.128   | 65.765    | 100.0%  | 200   |
|  -> idle_duration  | 1.0       | 1.0          | 1.0          | 1.0          | 1.0       | 1.0       | 100.0%  | 200   |
+--------------------+-----------+--------------+--------------+--------------+-----------+-----------+---------+-------+

Load duration: 1345.956774
Full duration: 1446.791797

HINTS:
* To plot HTML graphics with this data, run:
	rally task report 8a4ecdd6-d560-43c2-94c0-d5887dccf4aa --out output.html

* To generate a JUnit report, run:
	rally task export 8a4ecdd6-d560-43c2-94c0-d5887dccf4aa --type junit --to output.xml

* To get raw JSON output of task results, run:
	rally task report 8a4ecdd6-d560-43c2-94c0-d5887dccf4aa --json --out output.json

--------------------------------------------------------------------------------
Preparing input task
--------------------------------------------------------------------------------

Task is:
{
    "NeutronNetworks.create_and_delete_ports": [
        {
            "args": {
                "network_create_args": {},
                "port_create_args": {},
                "ports_per_network": 10
            },
            "runner": {
                "type": "constant",
                "times": 20,
                "concurrency": 10
            },
            "context": {
                "network": {},
                "users": {
                    "tenants": 3,
                    "users_per_tenant": 3
                },
                "quotas": {
                    "neutron": {
                        "network": -1,
                        "port": -1
                    }
                }
            },
            "sla": {
                "failure_rate": {
                    "max": 0
                }
            }
        }
    ]
}

Task syntax is correct :)
Running Rally version 0.10.1~dev119
--------------------------------------------------------------------------------
Task  6f874c42-1655-496c-b110-088f138e69c8: started
--------------------------------------------------------------------------------

Running Task... This can take a while...

To track task status use:

	rally task status
	or
	rally task detailed

Using task: 6f874c42-1655-496c-b110-088f138e69c8
2018-08-14 23:02:01.194 10218 INFO rally.task.engine [-] Task 6f874c42-1655-496c-b110-088f138e69c8 | Starting:  Task validation.
2018-08-14 23:02:01.206 10218 INFO rally.task.engine [-] Task 6f874c42-1655-496c-b110-088f138e69c8 | Starting:  Task validation of syntax.
2018-08-14 23:02:01.231 10218 INFO rally.task.engine [-] Task 6f874c42-1655-496c-b110-088f138e69c8 | Completed: Task validation of syntax.
2018-08-14 23:02:01.231 10218 INFO rally.task.engine [-] Task 6f874c42-1655-496c-b110-088f138e69c8 | Starting:  Task validation of required platforms.
2018-08-14 23:02:01.239 10218 INFO rally.task.engine [-] Task 6f874c42-1655-496c-b110-088f138e69c8 | Completed: Task validation of required platforms.
2018-08-14 23:02:01.239 10218 INFO rally.task.engine [-] Task 6f874c42-1655-496c-b110-088f138e69c8 | Starting:  Task validation of semantic.
2018-08-14 23:02:04.251 10218 INFO rally.task.context [-] Task 6f874c42-1655-496c-b110-088f138e69c8 | Context users@openstack setup()  finished in 2.33 sec
2018-08-14 23:02:04.678 10218 INFO rally.task.context [-] Task 6f874c42-1655-496c-b110-088f138e69c8 | Context users@openstack cleanup() started
2018-08-14 23:02:07.923 10218 INFO rally.task.context [-] Task 6f874c42-1655-496c-b110-088f138e69c8 | Context users@openstack cleanup() finished in 3.25 sec
2018-08-14 23:02:07.924 10218 INFO rally.task.engine [-] Task 6f874c42-1655-496c-b110-088f138e69c8 | Completed: Task validation of semantic.
2018-08-14 23:02:07.924 10218 INFO rally.task.engine [-] Task 6f874c42-1655-496c-b110-088f138e69c8 | Completed: Task validation.
2018-08-14 23:02:07.925 10218 INFO rally.api [-] Task 6f874c42-1655-496c-b110-088f138e69c8 input file is valid.
2018-08-14 23:02:07.925 10218 INFO rally.api [-] Run Task 6f874c42-1655-496c-b110-088f138e69c8 against Deployment b4bb4828-a5c6-40c5-a936-034590fa9108
2018-08-14 23:02:07.925 10218 INFO rally.task.engine [-] Task 6f874c42-1655-496c-b110-088f138e69c8 | Starting:  Running task.
2018-08-14 23:02:07.971 10218 INFO rally.task.engine [-] Running workload: 
  position = 0
  config = {
   "version": 2, 
   "title": "A cropped version of a bigger task.", 
   "description": "Auto-generated task from a single workload (uuid=f92b2e75-fa8a-4800-b0cf-03d1dfd98f2d)", 
   "subtasks": [
      {
         "title": "NeutronNetworks.create_and_delete_ports", 
         "description": "Create and delete a port.", 
         "scenario": {
            "NeutronNetworks.create_and_delete_ports": {
               "network_create_args": {}, 
               "port_create_args": {}, 
               "ports_per_network": 10
            }
         }, 
         "contexts": {
            "network": {}, 
            "users": {
               "tenants": 3, 
               "users_per_tenant": 3
            }, 
            "quotas": {
               "neutron": {
                  "network": -1, 
                  "port": -1
               }
            }
         }, 
         "runner": {
            "constant": {
               "times": 20, 
               "concurrency": 10
            }
         }, 
         "hooks": [], 
         "sla": {
            "failure_rate": {
               "max": 0
            }
         }
      }
   ]
}
2018-08-14 23:02:10.907 10218 INFO rally.task.context [-] Task 6f874c42-1655-496c-b110-088f138e69c8 | Context users@openstack setup()  finished in 2.90 sec
2018-08-14 23:02:11.645 10218 INFO rally.task.context [-] Task 6f874c42-1655-496c-b110-088f138e69c8 | Context quotas@openstack setup()  finished in 0.74 sec
2018-08-14 23:02:26.009 10218 INFO rally.task.context [-] Task 6f874c42-1655-496c-b110-088f138e69c8 | Context network@openstack setup()  finished in 14.36 sec
2018-08-14 23:02:26.010 10218 INFO rally.task.context [-] Task 6f874c42-1655-496c-b110-088f138e69c8 | Context cleanup@openstack setup()  finished in 0.07 msec
2018-08-14 23:02:26.048 10346 INFO rally.task.runner [-] Task 6f874c42-1655-496c-b110-088f138e69c8 | ITER: 1 START
2018-08-14 23:02:26.051 10347 INFO rally.task.runner [-] Task 6f874c42-1655-496c-b110-088f138e69c8 | ITER: 2 START
2018-08-14 23:02:26.057 10349 INFO rally.task.runner [-] Task 6f874c42-1655-496c-b110-088f138e69c8 | ITER: 3 START
2018-08-14 23:02:26.058 10348 INFO rally.task.runner [-] Task 6f874c42-1655-496c-b110-088f138e69c8 | ITER: 4 START
2018-08-14 23:02:26.058 10351 INFO rally.task.runner [-] Task 6f874c42-1655-496c-b110-088f138e69c8 | ITER: 5 START
2018-08-14 23:02:26.063 10354 INFO rally.task.runner [-] Task 6f874c42-1655-496c-b110-088f138e69c8 | ITER: 6 START
2018-08-14 23:02:26.066 10356 INFO rally.task.runner [-] Task 6f874c42-1655-496c-b110-088f138e69c8 | ITER: 7 START
2018-08-14 23:02:26.068 10359 INFO rally.task.runner [-] Task 6f874c42-1655-496c-b110-088f138e69c8 | ITER: 8 START
2018-08-14 23:02:26.071 10367 INFO rally.task.runner [-] Task 6f874c42-1655-496c-b110-088f138e69c8 | ITER: 9 START
2018-08-14 23:02:26.074 10364 INFO rally.task.runner [-] Task 6f874c42-1655-496c-b110-088f138e69c8 | ITER: 10 START
2018-08-14 23:02:43.664 10348 INFO rally.task.runner [-] Task 6f874c42-1655-496c-b110-088f138e69c8 | ITER: 4 END: OK
2018-08-14 23:02:43.670 10348 INFO rally.task.runner [-] Task 6f874c42-1655-496c-b110-088f138e69c8 | ITER: 11 START
2018-08-14 23:02:43.812 10346 INFO rally.task.runner [-] Task 6f874c42-1655-496c-b110-088f138e69c8 | ITER: 1 END: OK
2018-08-14 23:02:43.819 10346 INFO rally.task.runner [-] Task 6f874c42-1655-496c-b110-088f138e69c8 | ITER: 12 START
2018-08-14 23:02:44.217 10367 INFO rally.task.runner [-] Task 6f874c42-1655-496c-b110-088f138e69c8 | ITER: 9 END: OK
2018-08-14 23:02:44.223 10367 INFO rally.task.runner [-] Task 6f874c42-1655-496c-b110-088f138e69c8 | ITER: 13 START
2018-08-14 23:02:44.258 10364 INFO rally.task.runner [-] Task 6f874c42-1655-496c-b110-088f138e69c8 | ITER: 10 END: OK
2018-08-14 23:02:44.264 10364 INFO rally.task.runner [-] Task 6f874c42-1655-496c-b110-088f138e69c8 | ITER: 14 START
2018-08-14 23:02:44.281 10351 INFO rally.task.runner [-] Task 6f874c42-1655-496c-b110-088f138e69c8 | ITER: 5 END: OK
2018-08-14 23:02:44.287 10351 INFO rally.task.runner [-] Task 6f874c42-1655-496c-b110-088f138e69c8 | ITER: 15 START
2018-08-14 23:02:44.692 10349 INFO rally.task.runner [-] Task 6f874c42-1655-496c-b110-088f138e69c8 | ITER: 3 END: OK
2018-08-14 23:02:44.697 10349 INFO rally.task.runner [-] Task 6f874c42-1655-496c-b110-088f138e69c8 | ITER: 16 START
2018-08-14 23:02:44.977 10359 INFO rally.task.runner [-] Task 6f874c42-1655-496c-b110-088f138e69c8 | ITER: 8 END: OK
2018-08-14 23:02:44.984 10359 INFO rally.task.runner [-] Task 6f874c42-1655-496c-b110-088f138e69c8 | ITER: 17 START
2018-08-14 23:02:45.336 10356 INFO rally.task.runner [-] Task 6f874c42-1655-496c-b110-088f138e69c8 | ITER: 7 END: OK
2018-08-14 23:02:45.342 10356 INFO rally.task.runner [-] Task 6f874c42-1655-496c-b110-088f138e69c8 | ITER: 18 START
2018-08-14 23:02:46.043 10354 INFO rally.task.runner [-] Task 6f874c42-1655-496c-b110-088f138e69c8 | ITER: 6 END: OK
2018-08-14 23:02:46.049 10354 INFO rally.task.runner [-] Task 6f874c42-1655-496c-b110-088f138e69c8 | ITER: 19 START
2018-08-14 23:02:46.568 10347 INFO rally.task.runner [-] Task 6f874c42-1655-496c-b110-088f138e69c8 | ITER: 2 END: OK
2018-08-14 23:02:46.574 10347 INFO rally.task.runner [-] Task 6f874c42-1655-496c-b110-088f138e69c8 | ITER: 20 START
2018-08-14 23:03:01.792 10346 INFO rally.task.runner [-] Task 6f874c42-1655-496c-b110-088f138e69c8 | ITER: 12 END: OK
2018-08-14 23:03:01.838 10364 INFO rally.task.runner [-] Task 6f874c42-1655-496c-b110-088f138e69c8 | ITER: 14 END: OK
2018-08-14 23:03:01.851 10367 INFO rally.task.runner [-] Task 6f874c42-1655-496c-b110-088f138e69c8 | ITER: 13 END: OK
2018-08-14 23:03:02.093 10351 INFO rally.task.runner [-] Task 6f874c42-1655-496c-b110-088f138e69c8 | ITER: 15 END: OK
2018-08-14 23:03:02.232 10348 INFO rally.task.runner [-] Task 6f874c42-1655-496c-b110-088f138e69c8 | ITER: 11 END: OK
2018-08-14 23:03:02.557 10356 INFO rally.task.runner [-] Task 6f874c42-1655-496c-b110-088f138e69c8 | ITER: 18 END: OK
2018-08-14 23:03:03.049 10349 INFO rally.task.runner [-] Task 6f874c42-1655-496c-b110-088f138e69c8 | ITER: 16 END: OK
2018-08-14 23:03:03.346 10354 INFO rally.task.runner [-] Task 6f874c42-1655-496c-b110-088f138e69c8 | ITER: 19 END: OK
2018-08-14 23:03:03.655 10359 INFO rally.task.runner [-] Task 6f874c42-1655-496c-b110-088f138e69c8 | ITER: 17 END: OK
2018-08-14 23:03:03.699 10347 INFO rally.task.runner [-] Task 6f874c42-1655-496c-b110-088f138e69c8 | ITER: 20 END: OK
2018-08-14 23:03:03.729 10218 INFO rally.task.context [-] Task 6f874c42-1655-496c-b110-088f138e69c8 | Context cleanup@openstack cleanup() started
2018-08-14 23:03:22.841 10218 INFO rally.task.context [-] Task 6f874c42-1655-496c-b110-088f138e69c8 | Context cleanup@openstack cleanup() finished in 19.11 sec
2018-08-14 23:03:22.842 10218 INFO rally.task.context [-] Task 6f874c42-1655-496c-b110-088f138e69c8 | Context network@openstack cleanup() started
2018-08-14 23:03:49.733 10218 INFO rally.task.context [-] Task 6f874c42-1655-496c-b110-088f138e69c8 | Context network@openstack cleanup() finished in 26.89 sec
2018-08-14 23:03:49.734 10218 INFO rally.task.context [-] Task 6f874c42-1655-496c-b110-088f138e69c8 | Context quotas@openstack cleanup() started
2018-08-14 23:03:49.812 10218 INFO rally.task.context [-] Task 6f874c42-1655-496c-b110-088f138e69c8 | Context quotas@openstack cleanup() finished in 78.25 msec
2018-08-14 23:03:49.812 10218 INFO rally.task.context [-] Task 6f874c42-1655-496c-b110-088f138e69c8 | Context users@openstack cleanup() started
2018-08-14 23:03:54.622 10218 INFO rally.task.context [-] Task 6f874c42-1655-496c-b110-088f138e69c8 | Context users@openstack cleanup() finished in 4.81 sec
2018-08-14 23:03:54.662 10218 INFO rally.task.engine [-] Load duration is: 37.648026
2018-08-14 23:03:54.663 10218 INFO rally.task.engine [-] Full runner duration is: 37.711764
2018-08-14 23:03:54.663 10218 INFO rally.task.engine [-] Full duration is: 106.641711
2018-08-14 23:03:54.778 10218 INFO rally.task.engine [-] Task 6f874c42-1655-496c-b110-088f138e69c8 | Completed: Running task.

--------------------------------------------------------------------------------
Task 6f874c42-1655-496c-b110-088f138e69c8: finished
--------------------------------------------------------------------------------

test scenario NeutronNetworks.create_and_delete_ports
args position 0
args values:
{
  "runner": {
    "times": 20, 
    "concurrency": 10
  }, 
  "contexts": {
    "network": {}, 
    "users": {
      "tenants": 3, 
      "users_per_tenant": 3
    }, 
    "quotas": {
      "neutron": {
        "network": -1, 
        "port": -1
      }
    }
  }, 
  "args": {
    "network_create_args": {}, 
    "port_create_args": {}, 
    "ports_per_network": 10
  }, 
  "sla": {
    "failure_rate": {
      "max": 0
    }
  }, 
  "hooks": []
}

--------------------------------------------------------------------------------
Task 6f874c42-1655-496c-b110-088f138e69c8 has 0 error(s)
--------------------------------------------------------------------------------

+------------------------------------------------------------------------------------------------------------------------------+
|                                                     Response Times (sec)                                                     |
+---------------------------+-----------+--------------+--------------+--------------+-----------+-----------+---------+-------+
| Action                    | Min (sec) | Median (sec) | 90%ile (sec) | 95%ile (sec) | Max (sec) | Avg (sec) | Success | Count |
+---------------------------+-----------+--------------+--------------+--------------+-----------+-----------+---------+-------+
| neutron.create_port (x10) | 10.66     | 11.189       | 12.412       | 12.456       | 12.955    | 11.346    | 100.0%  | 20    |
| neutron.delete_port (x10) | 6.299     | 6.891        | 7.548        | 7.568        | 7.753     | 6.923     | 100.0%  | 20    |
| total                     | 17.123    | 18.163       | 19.339       | 20.004       | 20.515    | 18.27     | 100.0%  | 20    |
|  -> duration              | 17.123    | 18.163       | 19.339       | 20.004       | 20.515    | 18.27     | 100.0%  | 20    |
|  -> idle_duration         | 0.0       | 0.0          | 0.0          | 0.0          | 0.0       | 0.0       | 100.0%  | 20    |
+---------------------------+-----------+--------------+--------------+--------------+-----------+-----------+---------+-------+

Load duration: 37.648026
Full duration: 106.641711

HINTS:
* To plot HTML graphics with this data, run:
	rally task report 6f874c42-1655-496c-b110-088f138e69c8 --out output.html

* To generate a JUnit report, run:
	rally task export 6f874c42-1655-496c-b110-088f138e69c8 --type junit --to output.xml

* To get raw JSON output of task results, run:
	rally task report 6f874c42-1655-496c-b110-088f138e69c8 --json --out output.json

--------------------------------------------------------------------------------
Preparing input task
--------------------------------------------------------------------------------

Task is:
{
    "CinderVolumes.create_and_extend_volume": [
        {
            "args": {
                "size": 20,
                "new_size": 50
            },
            "runner": {
                "type": "constant",
                "times": 20,
                "concurrency": 2
            },
            "context": {
                "users": {
                    "tenants": 1,
                    "users_per_tenant": 1
                }
            },
            "sla": {
                "failure_rate": {
                    "max": 0
                }
            }
        }
    ]
}

Task syntax is correct :)
Running Rally version 0.10.1~dev119
--------------------------------------------------------------------------------
Task  27a326e2-ac8a-4009-a46f-08d35963f644: started
--------------------------------------------------------------------------------

Running Task... This can take a while...

To track task status use:

	rally task status
	or
	rally task detailed

Using task: 27a326e2-ac8a-4009-a46f-08d35963f644
2018-08-14 23:03:56.618 10637 INFO rally.task.engine [-] Task 27a326e2-ac8a-4009-a46f-08d35963f644 | Starting:  Task validation.
2018-08-14 23:03:56.624 10637 INFO rally.task.engine [-] Task 27a326e2-ac8a-4009-a46f-08d35963f644 | Starting:  Task validation of syntax.
2018-08-14 23:03:56.633 10637 INFO rally.task.engine [-] Task 27a326e2-ac8a-4009-a46f-08d35963f644 | Completed: Task validation of syntax.
2018-08-14 23:03:56.634 10637 INFO rally.task.engine [-] Task 27a326e2-ac8a-4009-a46f-08d35963f644 | Starting:  Task validation of required platforms.
2018-08-14 23:03:56.638 10637 INFO rally.task.engine [-] Task 27a326e2-ac8a-4009-a46f-08d35963f644 | Completed: Task validation of required platforms.
2018-08-14 23:03:56.638 10637 INFO rally.task.engine [-] Task 27a326e2-ac8a-4009-a46f-08d35963f644 | Starting:  Task validation of semantic.
2018-08-14 23:03:59.842 10637 INFO rally.task.context [-] Task 27a326e2-ac8a-4009-a46f-08d35963f644 | Context users@openstack setup()  finished in 2.47 sec
2018-08-14 23:04:00.286 10637 INFO rally.task.context [-] Task 27a326e2-ac8a-4009-a46f-08d35963f644 | Context users@openstack cleanup() started
2018-08-14 23:04:03.749 10637 INFO rally.task.context [-] Task 27a326e2-ac8a-4009-a46f-08d35963f644 | Context users@openstack cleanup() finished in 3.46 sec
2018-08-14 23:04:03.750 10637 INFO rally.task.engine [-] Task 27a326e2-ac8a-4009-a46f-08d35963f644 | Completed: Task validation of semantic.
2018-08-14 23:04:03.750 10637 INFO rally.task.engine [-] Task 27a326e2-ac8a-4009-a46f-08d35963f644 | Completed: Task validation.
2018-08-14 23:04:03.751 10637 INFO rally.api [-] Task 27a326e2-ac8a-4009-a46f-08d35963f644 input file is valid.
2018-08-14 23:04:03.751 10637 INFO rally.api [-] Run Task 27a326e2-ac8a-4009-a46f-08d35963f644 against Deployment b4bb4828-a5c6-40c5-a936-034590fa9108
2018-08-14 23:04:03.751 10637 INFO rally.task.engine [-] Task 27a326e2-ac8a-4009-a46f-08d35963f644 | Starting:  Running task.
2018-08-14 23:04:03.792 10637 INFO rally.task.engine [-] Running workload: 
  position = 0
  config = {
   "version": 2, 
   "title": "A cropped version of a bigger task.", 
   "description": "Auto-generated task from a single workload (uuid=26ee0dc0-ba69-4a7c-a9da-093edc04b0d8)", 
   "subtasks": [
      {
         "title": "CinderVolumes.create_and_extend_volume", 
         "description": "Create and extend a volume and then delete it.", 
         "scenario": {
            "CinderVolumes.create_and_extend_volume": {
               "size": 20, 
               "new_size": 50
            }
         }, 
         "contexts": {
            "users": {
               "tenants": 1, 
               "users_per_tenant": 1
            }
         }, 
         "runner": {
            "constant": {
               "times": 20, 
               "concurrency": 2
            }
         }, 
         "hooks": [], 
         "sla": {
            "failure_rate": {
               "max": 0
            }
         }
      }
   ]
}
2018-08-14 23:04:06.158 10637 INFO rally.task.context [-] Task 27a326e2-ac8a-4009-a46f-08d35963f644 | Context users@openstack setup()  finished in 2.34 sec
2018-08-14 23:04:06.159 10637 INFO rally.task.context [-] Task 27a326e2-ac8a-4009-a46f-08d35963f644 | Context cleanup@openstack setup()  finished in 0.00 msec
2018-08-14 23:04:06.185 10765 INFO rally.task.runner [-] Task 27a326e2-ac8a-4009-a46f-08d35963f644 | ITER: 1 START
2018-08-14 23:04:06.190 10766 INFO rally.task.runner [-] Task 27a326e2-ac8a-4009-a46f-08d35963f644 | ITER: 2 START
2018-08-14 23:04:11.857 10766 INFO rally.task.runner [-] Task 27a326e2-ac8a-4009-a46f-08d35963f644 | ITER: 2 END: OK
2018-08-14 23:04:11.861 10766 INFO rally.task.runner [-] Task 27a326e2-ac8a-4009-a46f-08d35963f644 | ITER: 3 START
2018-08-14 23:04:13.850 10765 INFO rally.task.runner [-] Task 27a326e2-ac8a-4009-a46f-08d35963f644 | ITER: 1 END: OK
2018-08-14 23:04:13.854 10765 INFO rally.task.runner [-] Task 27a326e2-ac8a-4009-a46f-08d35963f644 | ITER: 4 START
2018-08-14 23:04:19.360 10766 INFO rally.task.runner [-] Task 27a326e2-ac8a-4009-a46f-08d35963f644 | ITER: 3 END: OK
2018-08-14 23:04:19.364 10766 INFO rally.task.runner [-] Task 27a326e2-ac8a-4009-a46f-08d35963f644 | ITER: 5 START
2018-08-14 23:04:21.471 10765 INFO rally.task.runner [-] Task 27a326e2-ac8a-4009-a46f-08d35963f644 | ITER: 4 END: OK
2018-08-14 23:04:21.474 10765 INFO rally.task.runner [-] Task 27a326e2-ac8a-4009-a46f-08d35963f644 | ITER: 6 START
2018-08-14 23:04:26.843 10766 INFO rally.task.runner [-] Task 27a326e2-ac8a-4009-a46f-08d35963f644 | ITER: 5 END: OK
2018-08-14 23:04:26.846 10766 INFO rally.task.runner [-] Task 27a326e2-ac8a-4009-a46f-08d35963f644 | ITER: 7 START
2018-08-14 23:04:28.954 10765 INFO rally.task.runner [-] Task 27a326e2-ac8a-4009-a46f-08d35963f644 | ITER: 6 END: OK
2018-08-14 23:04:28.957 10765 INFO rally.task.runner [-] Task 27a326e2-ac8a-4009-a46f-08d35963f644 | ITER: 8 START
2018-08-14 23:04:34.416 10766 INFO rally.task.runner [-] Task 27a326e2-ac8a-4009-a46f-08d35963f644 | ITER: 7 END: OK
2018-08-14 23:04:34.422 10766 INFO rally.task.runner [-] Task 27a326e2-ac8a-4009-a46f-08d35963f644 | ITER: 9 START
2018-08-14 23:04:36.625 10765 INFO rally.task.runner [-] Task 27a326e2-ac8a-4009-a46f-08d35963f644 | ITER: 8 END: OK
2018-08-14 23:04:36.630 10765 INFO rally.task.runner [-] Task 27a326e2-ac8a-4009-a46f-08d35963f644 | ITER: 10 START
2018-08-14 23:04:42.122 10766 INFO rally.task.runner [-] Task 27a326e2-ac8a-4009-a46f-08d35963f644 | ITER: 9 END: OK
2018-08-14 23:04:42.125 10766 INFO rally.task.runner [-] Task 27a326e2-ac8a-4009-a46f-08d35963f644 | ITER: 11 START
2018-08-14 23:04:44.389 10765 INFO rally.task.runner [-] Task 27a326e2-ac8a-4009-a46f-08d35963f644 | ITER: 10 END: OK
2018-08-14 23:04:44.392 10765 INFO rally.task.runner [-] Task 27a326e2-ac8a-4009-a46f-08d35963f644 | ITER: 12 START
2018-08-14 23:04:49.669 10766 INFO rally.task.runner [-] Task 27a326e2-ac8a-4009-a46f-08d35963f644 | ITER: 11 END: OK
2018-08-14 23:04:49.672 10766 INFO rally.task.runner [-] Task 27a326e2-ac8a-4009-a46f-08d35963f644 | ITER: 13 START
2018-08-14 23:04:51.960 10765 INFO rally.task.runner [-] Task 27a326e2-ac8a-4009-a46f-08d35963f644 | ITER: 12 END: OK
2018-08-14 23:04:51.963 10765 INFO rally.task.runner [-] Task 27a326e2-ac8a-4009-a46f-08d35963f644 | ITER: 14 START
2018-08-14 23:04:57.255 10766 INFO rally.task.runner [-] Task 27a326e2-ac8a-4009-a46f-08d35963f644 | ITER: 13 END: OK
2018-08-14 23:04:57.259 10766 INFO rally.task.runner [-] Task 27a326e2-ac8a-4009-a46f-08d35963f644 | ITER: 15 START
2018-08-14 23:04:59.446 10765 INFO rally.task.runner [-] Task 27a326e2-ac8a-4009-a46f-08d35963f644 | ITER: 14 END: OK
2018-08-14 23:04:59.449 10765 INFO rally.task.runner [-] Task 27a326e2-ac8a-4009-a46f-08d35963f644 | ITER: 16 START
2018-08-14 23:05:04.755 10766 INFO rally.task.runner [-] Task 27a326e2-ac8a-4009-a46f-08d35963f644 | ITER: 15 END: OK
2018-08-14 23:05:04.758 10766 INFO rally.task.runner [-] Task 27a326e2-ac8a-4009-a46f-08d35963f644 | ITER: 17 START
2018-08-14 23:05:06.962 10765 INFO rally.task.runner [-] Task 27a326e2-ac8a-4009-a46f-08d35963f644 | ITER: 16 END: OK
2018-08-14 23:05:06.966 10765 INFO rally.task.runner [-] Task 27a326e2-ac8a-4009-a46f-08d35963f644 | ITER: 18 START
2018-08-14 23:05:12.257 10766 INFO rally.task.runner [-] Task 27a326e2-ac8a-4009-a46f-08d35963f644 | ITER: 17 END: OK
2018-08-14 23:05:12.261 10766 INFO rally.task.runner [-] Task 27a326e2-ac8a-4009-a46f-08d35963f644 | ITER: 19 START
2018-08-14 23:05:14.497 10765 INFO rally.task.runner [-] Task 27a326e2-ac8a-4009-a46f-08d35963f644 | ITER: 18 END: OK
2018-08-14 23:05:14.500 10765 INFO rally.task.runner [-] Task 27a326e2-ac8a-4009-a46f-08d35963f644 | ITER: 20 START
2018-08-14 23:05:19.778 10766 INFO rally.task.runner [-] Task 27a326e2-ac8a-4009-a46f-08d35963f644 | ITER: 19 END: OK
2018-08-14 23:05:22.004 10765 INFO rally.task.runner [-] Task 27a326e2-ac8a-4009-a46f-08d35963f644 | ITER: 20 END: OK
2018-08-14 23:05:22.026 10637 INFO rally.task.context [-] Task 27a326e2-ac8a-4009-a46f-08d35963f644 | Context cleanup@openstack cleanup() started
2018-08-14 23:05:23.956 10637 INFO rally.task.context [-] Task 27a326e2-ac8a-4009-a46f-08d35963f644 | Context cleanup@openstack cleanup() finished in 1.93 sec
2018-08-14 23:05:23.956 10637 INFO rally.task.context [-] Task 27a326e2-ac8a-4009-a46f-08d35963f644 | Context users@openstack cleanup() started
2018-08-14 23:05:27.429 10637 INFO rally.task.context [-] Task 27a326e2-ac8a-4009-a46f-08d35963f644 | Context users@openstack cleanup() finished in 3.47 sec
2018-08-14 23:05:28.264 10637 INFO rally.task.engine [-] Load duration is: 75.814269
2018-08-14 23:05:28.264 10637 INFO rally.task.engine [-] Full runner duration is: 75.859762
2018-08-14 23:05:28.265 10637 INFO rally.task.engine [-] Full duration is: 83.630949
2018-08-14 23:05:28.338 10637 INFO rally.task.engine [-] Task 27a326e2-ac8a-4009-a46f-08d35963f644 | Completed: Running task.

--------------------------------------------------------------------------------
Task 27a326e2-ac8a-4009-a46f-08d35963f644: finished
--------------------------------------------------------------------------------

test scenario CinderVolumes.create_and_extend_volume
args position 0
args values:
{
  "runner": {
    "times": 20, 
    "concurrency": 2
  }, 
  "contexts": {
    "users": {
      "tenants": 1, 
      "users_per_tenant": 1
    }
  }, 
  "args": {
    "size": 20, 
    "new_size": 50
  }, 
  "sla": {
    "failure_rate": {
      "max": 0
    }
  }, 
  "hooks": []
}

--------------------------------------------------------------------------------
Task 27a326e2-ac8a-4009-a46f-08d35963f644 has 0 error(s)
--------------------------------------------------------------------------------

+----------------------------------------------------------------------------------------------------------------------------+
|                                                    Response Times (sec)                                                    |
+-------------------------+-----------+--------------+--------------+--------------+-----------+-----------+---------+-------+
| Action                  | Min (sec) | Median (sec) | 90%ile (sec) | 95%ile (sec) | Max (sec) | Avg (sec) | Success | Count |
+-------------------------+-----------+--------------+--------------+--------------+-----------+-----------+---------+-------+
| cinder_v2.create_volume | 2.875     | 2.953        | 3.083        | 3.088        | 3.095     | 2.971     | 100.0%  | 20    |
| cinder_v2.extend_volume | 0.304     | 2.321        | 2.371        | 2.409        | 2.416     | 2.231     | 100.0%  | 20    |
| cinder_v2.delete_volume | 2.214     | 2.26         | 2.313        | 2.32         | 2.329     | 2.262     | 100.0%  | 20    |
| total                   | 5.664     | 7.523        | 7.67         | 7.7          | 7.756     | 7.465     | 100.0%  | 20    |
|  -> duration            | 5.664     | 7.523        | 7.67         | 7.7          | 7.756     | 7.465     | 100.0%  | 20    |
|  -> idle_duration       | 0.0       | 0.0          | 0.0          | 0.0          | 0.0       | 0.0       | 100.0%  | 20    |
+-------------------------+-----------+--------------+--------------+--------------+-----------+-----------+---------+-------+

Load duration: 75.814269
Full duration: 83.630949

HINTS:
* To plot HTML graphics with this data, run:
	rally task report 27a326e2-ac8a-4009-a46f-08d35963f644 --out output.html

* To generate a JUnit report, run:
	rally task export 27a326e2-ac8a-4009-a46f-08d35963f644 --type junit --to output.xml

* To get raw JSON output of task results, run:
	rally task report 27a326e2-ac8a-4009-a46f-08d35963f644 --json --out output.json

--------------------------------------------------------------------------------
Preparing input task
--------------------------------------------------------------------------------

Task is:
{
   "NovaServers.boot_and_rebuild_server": [
        {
            "args": {
                "flavor": {
                    "name": "m1.large"
                },
                "from_image": {
                    "name": "Debian 9"
                },
                "to_image": {
                    "name": "Ubuntu 14.04 LTS"
                }
            },
            "runner": {
                "type": "constant",
                "times": 4,
                "concurrency": 2
            },
            "context": {
                "users": {
                    "tenants": 1,
                    "users_per_tenant": 1
                }
            },
            "sla": {
                "failure_rate": {
                    "max": 0
                }
            }
        }
    ]
}

Task syntax is correct :)
Running Rally version 0.10.1~dev119
--------------------------------------------------------------------------------
Task  a372ebab-62f0-4f13-998a-e5fe8f6c8349: started
--------------------------------------------------------------------------------

Running Task... This can take a while...

To track task status use:

	rally task status
	or
	rally task detailed

Using task: a372ebab-62f0-4f13-998a-e5fe8f6c8349
2018-08-14 23:05:30.147 10912 INFO rally.task.engine [-] Task a372ebab-62f0-4f13-998a-e5fe8f6c8349 | Starting:  Task validation.
2018-08-14 23:05:30.159 10912 INFO rally.task.engine [-] Task a372ebab-62f0-4f13-998a-e5fe8f6c8349 | Starting:  Task validation of syntax.
2018-08-14 23:05:30.175 10912 INFO rally.task.engine [-] Task a372ebab-62f0-4f13-998a-e5fe8f6c8349 | Completed: Task validation of syntax.
2018-08-14 23:05:30.175 10912 INFO rally.task.engine [-] Task a372ebab-62f0-4f13-998a-e5fe8f6c8349 | Starting:  Task validation of required platforms.
2018-08-14 23:05:30.183 10912 INFO rally.task.engine [-] Task a372ebab-62f0-4f13-998a-e5fe8f6c8349 | Completed: Task validation of required platforms.
2018-08-14 23:05:30.183 10912 INFO rally.task.engine [-] Task a372ebab-62f0-4f13-998a-e5fe8f6c8349 | Starting:  Task validation of semantic.
