2018-06-28 21:34:37.850 19188 INFO rally.task.runner [-] Task 3b7a8976-b2ca-41b4-988a-62963a22c503 | ITER: 1 START
2018-06-28 21:34:37.852 19189 INFO rally.task.runner [-] Task 3b7a8976-b2ca-41b4-988a-62963a22c503 | ITER: 2 START
2018-06-28 21:34:37.854 19190 INFO rally.task.runner [-] Task 3b7a8976-b2ca-41b4-988a-62963a22c503 | ITER: 3 START
2018-06-28 21:34:37.856 19191 INFO rally.task.runner [-] Task 3b7a8976-b2ca-41b4-988a-62963a22c503 | ITER: 4 START
2018-06-28 21:34:37.858 19192 INFO rally.task.runner [-] Task 3b7a8976-b2ca-41b4-988a-62963a22c503 | ITER: 5 START
2018-06-28 21:34:37.863 19199 INFO rally.task.runner [-] Task 3b7a8976-b2ca-41b4-988a-62963a22c503 | ITER: 7 START
2018-06-28 21:34:37.864 19196 INFO rally.task.runner [-] Task 3b7a8976-b2ca-41b4-988a-62963a22c503 | ITER: 6 START
2018-06-28 21:34:37.867 19203 INFO rally.task.runner [-] Task 3b7a8976-b2ca-41b4-988a-62963a22c503 | ITER: 8 START
2018-06-28 21:34:37.874 19206 INFO rally.task.runner [-] Task 3b7a8976-b2ca-41b4-988a-62963a22c503 | ITER: 9 START
2018-06-28 21:34:37.875 19211 INFO rally.task.runner [-] Task 3b7a8976-b2ca-41b4-988a-62963a22c503 | ITER: 10 START
2018-06-28 21:34:39.099 19192 INFO rally.task.runner [-] Task 3b7a8976-b2ca-41b4-988a-62963a22c503 | ITER: 5 END: OK
2018-06-28 21:34:39.105 19192 INFO rally.task.runner [-] Task 3b7a8976-b2ca-41b4-988a-62963a22c503 | ITER: 11 START
2018-06-28 21:34:39.142 19206 INFO rally.task.runner [-] Task 3b7a8976-b2ca-41b4-988a-62963a22c503 | ITER: 9 END: OK
2018-06-28 21:34:39.148 19206 INFO rally.task.runner [-] Task 3b7a8976-b2ca-41b4-988a-62963a22c503 | ITER: 12 START
2018-06-28 21:34:39.250 19191 INFO rally.task.runner [-] Task 3b7a8976-b2ca-41b4-988a-62963a22c503 | ITER: 4 END: OK
2018-06-28 21:34:39.257 19191 INFO rally.task.runner [-] Task 3b7a8976-b2ca-41b4-988a-62963a22c503 | ITER: 13 START
2018-06-28 21:34:39.260 19196 INFO rally.task.runner [-] Task 3b7a8976-b2ca-41b4-988a-62963a22c503 | ITER: 6 END: OK
2018-06-28 21:34:39.265 19196 INFO rally.task.runner [-] Task 3b7a8976-b2ca-41b4-988a-62963a22c503 | ITER: 14 START
2018-06-28 21:34:39.430 19190 INFO rally.task.runner [-] Task 3b7a8976-b2ca-41b4-988a-62963a22c503 | ITER: 3 END: OK
2018-06-28 21:34:39.437 19190 INFO rally.task.runner [-] Task 3b7a8976-b2ca-41b4-988a-62963a22c503 | ITER: 15 START
2018-06-28 21:34:39.438 19199 INFO rally.task.runner [-] Task 3b7a8976-b2ca-41b4-988a-62963a22c503 | ITER: 7 END: OK
2018-06-28 21:34:39.444 19199 INFO rally.task.runner [-] Task 3b7a8976-b2ca-41b4-988a-62963a22c503 | ITER: 16 START
2018-06-28 21:34:39.451 19189 INFO rally.task.runner [-] Task 3b7a8976-b2ca-41b4-988a-62963a22c503 | ITER: 2 END: OK
2018-06-28 21:34:39.452 19188 INFO rally.task.runner [-] Task 3b7a8976-b2ca-41b4-988a-62963a22c503 | ITER: 1 END: OK
2018-06-28 21:34:39.456 19189 INFO rally.task.runner [-] Task 3b7a8976-b2ca-41b4-988a-62963a22c503 | ITER: 17 START
2018-06-28 21:34:39.457 19188 INFO rally.task.runner [-] Task 3b7a8976-b2ca-41b4-988a-62963a22c503 | ITER: 18 START
2018-06-28 21:34:39.501 19211 INFO rally.task.runner [-] Task 3b7a8976-b2ca-41b4-988a-62963a22c503 | ITER: 10 END: OK
2018-06-28 21:34:39.505 19211 INFO rally.task.runner [-] Task 3b7a8976-b2ca-41b4-988a-62963a22c503 | ITER: 19 START
2018-06-28 21:34:39.511 19203 INFO rally.task.runner [-] Task 3b7a8976-b2ca-41b4-988a-62963a22c503 | ITER: 8 END: OK
2018-06-28 21:34:39.516 19203 INFO rally.task.runner [-] Task 3b7a8976-b2ca-41b4-988a-62963a22c503 | ITER: 20 START
2018-06-28 21:34:40.062 19206 INFO rally.task.runner [-] Task 3b7a8976-b2ca-41b4-988a-62963a22c503 | ITER: 12 END: OK
2018-06-28 21:34:40.067 19206 INFO rally.task.runner [-] Task 3b7a8976-b2ca-41b4-988a-62963a22c503 | ITER: 21 START
2018-06-28 21:34:40.191 19191 INFO rally.task.runner [-] Task 3b7a8976-b2ca-41b4-988a-62963a22c503 | ITER: 13 END: OK
2018-06-28 21:34:40.195 19192 INFO rally.task.runner [-] Task 3b7a8976-b2ca-41b4-988a-62963a22c503 | ITER: 11 END: OK
2018-06-28 21:34:40.196 19191 INFO rally.task.runner [-] Task 3b7a8976-b2ca-41b4-988a-62963a22c503 | ITER: 22 START
2018-06-28 21:34:40.200 19192 INFO rally.task.runner [-] Task 3b7a8976-b2ca-41b4-988a-62963a22c503 | ITER: 23 START
2018-06-28 21:34:40.389 19189 INFO rally.task.runner [-] Task 3b7a8976-b2ca-41b4-988a-62963a22c503 | ITER: 17 END: OK
2018-06-28 21:34:40.395 19189 INFO rally.task.runner [-] Task 3b7a8976-b2ca-41b4-988a-62963a22c503 | ITER: 24 START
2018-06-28 21:34:40.413 19196 INFO rally.task.runner [-] Task 3b7a8976-b2ca-41b4-988a-62963a22c503 | ITER: 14 END: OK
2018-06-28 21:34:40.418 19196 INFO rally.task.runner [-] Task 3b7a8976-b2ca-41b4-988a-62963a22c503 | ITER: 25 START
2018-06-28 21:34:40.419 19211 INFO rally.task.runner [-] Task 3b7a8976-b2ca-41b4-988a-62963a22c503 | ITER: 19 END: OK
2018-06-28 21:34:40.424 19211 INFO rally.task.runner [-] Task 3b7a8976-b2ca-41b4-988a-62963a22c503 | ITER: 26 START
2018-06-28 21:34:40.467 19199 INFO rally.task.runner [-] Task 3b7a8976-b2ca-41b4-988a-62963a22c503 | ITER: 16 END: OK
2018-06-28 21:34:40.472 19199 INFO rally.task.runner [-] Task 3b7a8976-b2ca-41b4-988a-62963a22c503 | ITER: 27 START
2018-06-28 21:34:40.490 19188 INFO rally.task.runner [-] Task 3b7a8976-b2ca-41b4-988a-62963a22c503 | ITER: 18 END: OK
2018-06-28 21:34:40.494 19188 INFO rally.task.runner [-] Task 3b7a8976-b2ca-41b4-988a-62963a22c503 | ITER: 28 START
2018-06-28 21:34:40.598 19203 INFO rally.task.runner [-] Task 3b7a8976-b2ca-41b4-988a-62963a22c503 | ITER: 20 END: OK
2018-06-28 21:34:40.603 19203 INFO rally.task.runner [-] Task 3b7a8976-b2ca-41b4-988a-62963a22c503 | ITER: 29 START
2018-06-28 21:34:40.843 19190 INFO rally.task.runner [-] Task 3b7a8976-b2ca-41b4-988a-62963a22c503 | ITER: 15 END: OK
2018-06-28 21:34:40.849 19190 INFO rally.task.runner [-] Task 3b7a8976-b2ca-41b4-988a-62963a22c503 | ITER: 30 START
2018-06-28 21:34:41.072 19191 INFO rally.task.runner [-] Task 3b7a8976-b2ca-41b4-988a-62963a22c503 | ITER: 22 END: OK
2018-06-28 21:34:41.077 19191 INFO rally.task.runner [-] Task 3b7a8976-b2ca-41b4-988a-62963a22c503 | ITER: 31 START
2018-06-28 21:34:41.110 19192 INFO rally.task.runner [-] Task 3b7a8976-b2ca-41b4-988a-62963a22c503 | ITER: 23 END: OK
2018-06-28 21:34:41.116 19192 INFO rally.task.runner [-] Task 3b7a8976-b2ca-41b4-988a-62963a22c503 | ITER: 32 START
2018-06-28 21:34:41.155 19206 INFO rally.task.runner [-] Task 3b7a8976-b2ca-41b4-988a-62963a22c503 | ITER: 21 END: OK
2018-06-28 21:34:41.160 19206 INFO rally.task.runner [-] Task 3b7a8976-b2ca-41b4-988a-62963a22c503 | ITER: 33 START
2018-06-28 21:34:41.385 19189 INFO rally.task.runner [-] Task 3b7a8976-b2ca-41b4-988a-62963a22c503 | ITER: 24 END: OK
2018-06-28 21:34:41.390 19189 INFO rally.task.runner [-] Task 3b7a8976-b2ca-41b4-988a-62963a22c503 | ITER: 34 START
2018-06-28 21:34:41.475 19196 INFO rally.task.runner [-] Task 3b7a8976-b2ca-41b4-988a-62963a22c503 | ITER: 25 END: OK
2018-06-28 21:34:41.480 19196 INFO rally.task.runner [-] Task 3b7a8976-b2ca-41b4-988a-62963a22c503 | ITER: 35 START
2018-06-28 21:34:41.518 19203 INFO rally.task.runner [-] Task 3b7a8976-b2ca-41b4-988a-62963a22c503 | ITER: 29 END: OK
2018-06-28 21:34:41.524 19203 INFO rally.task.runner [-] Task 3b7a8976-b2ca-41b4-988a-62963a22c503 | ITER: 36 START
2018-06-28 21:34:41.531 19211 INFO rally.task.runner [-] Task 3b7a8976-b2ca-41b4-988a-62963a22c503 | ITER: 26 END: OK
2018-06-28 21:34:41.536 19211 INFO rally.task.runner [-] Task 3b7a8976-b2ca-41b4-988a-62963a22c503 | ITER: 37 START
2018-06-28 21:34:41.562 19199 INFO rally.task.runner [-] Task 3b7a8976-b2ca-41b4-988a-62963a22c503 | ITER: 27 END: OK
2018-06-28 21:34:41.566 19199 INFO rally.task.runner [-] Task 3b7a8976-b2ca-41b4-988a-62963a22c503 | ITER: 38 START
2018-06-28 21:34:41.625 19188 INFO rally.task.runner [-] Task 3b7a8976-b2ca-41b4-988a-62963a22c503 | ITER: 28 END: OK
2018-06-28 21:34:41.629 19188 INFO rally.task.runner [-] Task 3b7a8976-b2ca-41b4-988a-62963a22c503 | ITER: 39 START
2018-06-28 21:34:41.789 19190 INFO rally.task.runner [-] Task 3b7a8976-b2ca-41b4-988a-62963a22c503 | ITER: 30 END: OK
2018-06-28 21:34:41.794 19190 INFO rally.task.runner [-] Task 3b7a8976-b2ca-41b4-988a-62963a22c503 | ITER: 40 START
2018-06-28 21:34:42.097 19206 INFO rally.task.runner [-] Task 3b7a8976-b2ca-41b4-988a-62963a22c503 | ITER: 33 END: OK
2018-06-28 21:34:42.103 19206 INFO rally.task.runner [-] Task 3b7a8976-b2ca-41b4-988a-62963a22c503 | ITER: 41 START
2018-06-28 21:34:42.218 19192 INFO rally.task.runner [-] Task 3b7a8976-b2ca-41b4-988a-62963a22c503 | ITER: 32 END: OK
2018-06-28 21:34:42.223 19192 INFO rally.task.runner [-] Task 3b7a8976-b2ca-41b4-988a-62963a22c503 | ITER: 42 START
2018-06-28 21:34:42.456 19191 INFO rally.task.runner [-] Task 3b7a8976-b2ca-41b4-988a-62963a22c503 | ITER: 31 END: OK
2018-06-28 21:34:42.461 19191 INFO rally.task.runner [-] Task 3b7a8976-b2ca-41b4-988a-62963a22c503 | ITER: 43 START
2018-06-28 21:34:42.613 19199 INFO rally.task.runner [-] Task 3b7a8976-b2ca-41b4-988a-62963a22c503 | ITER: 38 END: OK
2018-06-28 21:34:42.618 19199 INFO rally.task.runner [-] Task 3b7a8976-b2ca-41b4-988a-62963a22c503 | ITER: 44 START
2018-06-28 21:34:42.701 19189 INFO rally.task.runner [-] Task 3b7a8976-b2ca-41b4-988a-62963a22c503 | ITER: 34 END: OK
2018-06-28 21:34:42.708 19189 INFO rally.task.runner [-] Task 3b7a8976-b2ca-41b4-988a-62963a22c503 | ITER: 45 START
2018-06-28 21:34:42.715 19203 INFO rally.task.runner [-] Task 3b7a8976-b2ca-41b4-988a-62963a22c503 | ITER: 36 END: OK
2018-06-28 21:34:42.720 19203 INFO rally.task.runner [-] Task 3b7a8976-b2ca-41b4-988a-62963a22c503 | ITER: 46 START
2018-06-28 21:34:42.761 19196 INFO rally.task.runner [-] Task 3b7a8976-b2ca-41b4-988a-62963a22c503 | ITER: 35 END: OK
2018-06-28 21:34:42.766 19196 INFO rally.task.runner [-] Task 3b7a8976-b2ca-41b4-988a-62963a22c503 | ITER: 47 START
2018-06-28 21:34:42.843 19211 INFO rally.task.runner [-] Task 3b7a8976-b2ca-41b4-988a-62963a22c503 | ITER: 37 END: OK
2018-06-28 21:34:42.847 19211 INFO rally.task.runner [-] Task 3b7a8976-b2ca-41b4-988a-62963a22c503 | ITER: 48 START
2018-06-28 21:34:42.923 19188 INFO rally.task.runner [-] Task 3b7a8976-b2ca-41b4-988a-62963a22c503 | ITER: 39 END: OK
2018-06-28 21:34:42.928 19188 INFO rally.task.runner [-] Task 3b7a8976-b2ca-41b4-988a-62963a22c503 | ITER: 49 START
2018-06-28 21:34:43.075 19206 INFO rally.task.runner [-] Task 3b7a8976-b2ca-41b4-988a-62963a22c503 | ITER: 41 END: OK
2018-06-28 21:34:43.080 19206 INFO rally.task.runner [-] Task 3b7a8976-b2ca-41b4-988a-62963a22c503 | ITER: 50 START
2018-06-28 21:34:43.162 19190 INFO rally.task.runner [-] Task 3b7a8976-b2ca-41b4-988a-62963a22c503 | ITER: 40 END: OK
2018-06-28 21:34:43.166 19190 INFO rally.task.runner [-] Task 3b7a8976-b2ca-41b4-988a-62963a22c503 | ITER: 51 START
2018-06-28 21:34:43.458 19192 INFO rally.task.runner [-] Task 3b7a8976-b2ca-41b4-988a-62963a22c503 | ITER: 42 END: OK
2018-06-28 21:34:43.463 19192 INFO rally.task.runner [-] Task 3b7a8976-b2ca-41b4-988a-62963a22c503 | ITER: 52 START
2018-06-28 21:34:43.467 19191 INFO rally.task.runner [-] Task 3b7a8976-b2ca-41b4-988a-62963a22c503 | ITER: 43 END: OK
2018-06-28 21:34:43.472 19191 INFO rally.task.runner [-] Task 3b7a8976-b2ca-41b4-988a-62963a22c503 | ITER: 53 START
2018-06-28 21:34:43.581 19199 INFO rally.task.runner [-] Task 3b7a8976-b2ca-41b4-988a-62963a22c503 | ITER: 44 END: OK
2018-06-28 21:34:43.586 19199 INFO rally.task.runner [-] Task 3b7a8976-b2ca-41b4-988a-62963a22c503 | ITER: 54 START
2018-06-28 21:34:43.658 19203 INFO rally.task.runner [-] Task 3b7a8976-b2ca-41b4-988a-62963a22c503 | ITER: 46 END: OK
2018-06-28 21:34:43.663 19203 INFO rally.task.runner [-] Task 3b7a8976-b2ca-41b4-988a-62963a22c503 | ITER: 55 START
2018-06-28 21:34:43.763 19189 INFO rally.task.runner [-] Task 3b7a8976-b2ca-41b4-988a-62963a22c503 | ITER: 45 END: OK
2018-06-28 21:34:43.769 19189 INFO rally.task.runner [-] Task 3b7a8976-b2ca-41b4-988a-62963a22c503 | ITER: 56 START
2018-06-28 21:34:43.839 19211 INFO rally.task.runner [-] Task 3b7a8976-b2ca-41b4-988a-62963a22c503 | ITER: 48 END: OK
2018-06-28 21:34:43.844 19211 INFO rally.task.runner [-] Task 3b7a8976-b2ca-41b4-988a-62963a22c503 | ITER: 57 START
2018-06-28 21:34:43.854 19188 INFO rally.task.runner [-] Task 3b7a8976-b2ca-41b4-988a-62963a22c503 | ITER: 49 END: OK
2018-06-28 21:34:43.860 19188 INFO rally.task.runner [-] Task 3b7a8976-b2ca-41b4-988a-62963a22c503 | ITER: 58 START
2018-06-28 21:34:44.060 19196 INFO rally.task.runner [-] Task 3b7a8976-b2ca-41b4-988a-62963a22c503 | ITER: 47 END: OK
2018-06-28 21:34:44.066 19196 INFO rally.task.runner [-] Task 3b7a8976-b2ca-41b4-988a-62963a22c503 | ITER: 59 START
2018-06-28 21:34:44.268 19206 INFO rally.task.runner [-] Task 3b7a8976-b2ca-41b4-988a-62963a22c503 | ITER: 50 END: OK
2018-06-28 21:34:44.275 19206 INFO rally.task.runner [-] Task 3b7a8976-b2ca-41b4-988a-62963a22c503 | ITER: 60 START
2018-06-28 21:34:44.318 19190 INFO rally.task.runner [-] Task 3b7a8976-b2ca-41b4-988a-62963a22c503 | ITER: 51 END: OK
2018-06-28 21:34:44.323 19190 INFO rally.task.runner [-] Task 3b7a8976-b2ca-41b4-988a-62963a22c503 | ITER: 61 START
2018-06-28 21:34:44.503 19191 INFO rally.task.runner [-] Task 3b7a8976-b2ca-41b4-988a-62963a22c503 | ITER: 53 END: OK
2018-06-28 21:34:44.508 19191 INFO rally.task.runner [-] Task 3b7a8976-b2ca-41b4-988a-62963a22c503 | ITER: 62 START
2018-06-28 21:34:44.573 19192 INFO rally.task.runner [-] Task 3b7a8976-b2ca-41b4-988a-62963a22c503 | ITER: 52 END: OK
2018-06-28 21:34:44.578 19192 INFO rally.task.runner [-] Task 3b7a8976-b2ca-41b4-988a-62963a22c503 | ITER: 63 START
2018-06-28 21:34:44.609 19199 INFO rally.task.runner [-] Task 3b7a8976-b2ca-41b4-988a-62963a22c503 | ITER: 54 END: OK
2018-06-28 21:34:44.614 19199 INFO rally.task.runner [-] Task 3b7a8976-b2ca-41b4-988a-62963a22c503 | ITER: 64 START
2018-06-28 21:34:44.694 19203 INFO rally.task.runner [-] Task 3b7a8976-b2ca-41b4-988a-62963a22c503 | ITER: 55 END: OK
2018-06-28 21:34:44.699 19203 INFO rally.task.runner [-] Task 3b7a8976-b2ca-41b4-988a-62963a22c503 | ITER: 65 START
2018-06-28 21:34:44.724 19189 INFO rally.task.runner [-] Task 3b7a8976-b2ca-41b4-988a-62963a22c503 | ITER: 56 END: OK
2018-06-28 21:34:44.730 19189 INFO rally.task.runner [-] Task 3b7a8976-b2ca-41b4-988a-62963a22c503 | ITER: 66 START
2018-06-28 21:34:44.871 19188 INFO rally.task.runner [-] Task 3b7a8976-b2ca-41b4-988a-62963a22c503 | ITER: 58 END: OK
2018-06-28 21:34:44.876 19188 INFO rally.task.runner [-] Task 3b7a8976-b2ca-41b4-988a-62963a22c503 | ITER: 67 START
2018-06-28 21:34:45.049 19211 INFO rally.task.runner [-] Task 3b7a8976-b2ca-41b4-988a-62963a22c503 | ITER: 57 END: OK
2018-06-28 21:34:45.054 19211 INFO rally.task.runner [-] Task 3b7a8976-b2ca-41b4-988a-62963a22c503 | ITER: 68 START
2018-06-28 21:34:45.056 19196 INFO rally.task.runner [-] Task 3b7a8976-b2ca-41b4-988a-62963a22c503 | ITER: 59 END: OK
2018-06-28 21:34:45.060 19196 INFO rally.task.runner [-] Task 3b7a8976-b2ca-41b4-988a-62963a22c503 | ITER: 69 START
2018-06-28 21:34:45.341 19206 INFO rally.task.runner [-] Task 3b7a8976-b2ca-41b4-988a-62963a22c503 | ITER: 60 END: OK
2018-06-28 21:34:45.347 19206 INFO rally.task.runner [-] Task 3b7a8976-b2ca-41b4-988a-62963a22c503 | ITER: 70 START
2018-06-28 21:34:45.477 19190 INFO rally.task.runner [-] Task 3b7a8976-b2ca-41b4-988a-62963a22c503 | ITER: 61 END: OK
2018-06-28 21:34:45.482 19190 INFO rally.task.runner [-] Task 3b7a8976-b2ca-41b4-988a-62963a22c503 | ITER: 71 START
2018-06-28 21:34:45.833 19191 INFO rally.task.runner [-] Task 3b7a8976-b2ca-41b4-988a-62963a22c503 | ITER: 62 END: OK
2018-06-28 21:34:45.834 19203 INFO rally.task.runner [-] Task 3b7a8976-b2ca-41b4-988a-62963a22c503 | ITER: 65 END: OK
2018-06-28 21:34:45.838 19191 INFO rally.task.runner [-] Task 3b7a8976-b2ca-41b4-988a-62963a22c503 | ITER: 72 START
2018-06-28 21:34:45.839 19203 INFO rally.task.runner [-] Task 3b7a8976-b2ca-41b4-988a-62963a22c503 | ITER: 73 START
2018-06-28 21:34:45.869 19192 INFO rally.task.runner [-] Task 3b7a8976-b2ca-41b4-988a-62963a22c503 | ITER: 63 END: OK
2018-06-28 21:34:45.874 19192 INFO rally.task.runner [-] Task 3b7a8976-b2ca-41b4-988a-62963a22c503 | ITER: 74 START
2018-06-28 21:34:45.898 19199 INFO rally.task.runner [-] Task 3b7a8976-b2ca-41b4-988a-62963a22c503 | ITER: 64 END: OK
2018-06-28 21:34:45.901 19199 INFO rally.task.runner [-] Task 3b7a8976-b2ca-41b4-988a-62963a22c503 | ITER: 75 START
2018-06-28 21:34:45.930 19189 INFO rally.task.runner [-] Task 3b7a8976-b2ca-41b4-988a-62963a22c503 | ITER: 66 END: OK
2018-06-28 21:34:45.935 19189 INFO rally.task.runner [-] Task 3b7a8976-b2ca-41b4-988a-62963a22c503 | ITER: 76 START
2018-06-28 21:34:46.109 19211 INFO rally.task.runner [-] Task 3b7a8976-b2ca-41b4-988a-62963a22c503 | ITER: 68 END: OK
2018-06-28 21:34:46.114 19211 INFO rally.task.runner [-] Task 3b7a8976-b2ca-41b4-988a-62963a22c503 | ITER: 77 START
2018-06-28 21:34:46.140 19188 INFO rally.task.runner [-] Task 3b7a8976-b2ca-41b4-988a-62963a22c503 | ITER: 67 END: OK
2018-06-28 21:34:46.145 19188 INFO rally.task.runner [-] Task 3b7a8976-b2ca-41b4-988a-62963a22c503 | ITER: 78 START
2018-06-28 21:34:46.238 19196 INFO rally.task.runner [-] Task 3b7a8976-b2ca-41b4-988a-62963a22c503 | ITER: 69 END: OK
2018-06-28 21:34:46.244 19196 INFO rally.task.runner [-] Task 3b7a8976-b2ca-41b4-988a-62963a22c503 | ITER: 79 START
2018-06-28 21:34:46.440 19206 INFO rally.task.runner [-] Task 3b7a8976-b2ca-41b4-988a-62963a22c503 | ITER: 70 END: OK
2018-06-28 21:34:46.446 19206 INFO rally.task.runner [-] Task 3b7a8976-b2ca-41b4-988a-62963a22c503 | ITER: 80 START
2018-06-28 21:34:46.523 19190 INFO rally.task.runner [-] Task 3b7a8976-b2ca-41b4-988a-62963a22c503 | ITER: 71 END: OK
2018-06-28 21:34:46.529 19190 INFO rally.task.runner [-] Task 3b7a8976-b2ca-41b4-988a-62963a22c503 | ITER: 81 START
2018-06-28 21:34:46.822 19203 INFO rally.task.runner [-] Task 3b7a8976-b2ca-41b4-988a-62963a22c503 | ITER: 73 END: OK
2018-06-28 21:34:46.827 19203 INFO rally.task.runner [-] Task 3b7a8976-b2ca-41b4-988a-62963a22c503 | ITER: 82 START
2018-06-28 21:34:46.827 19191 INFO rally.task.runner [-] Task 3b7a8976-b2ca-41b4-988a-62963a22c503 | ITER: 72 END: OK
2018-06-28 21:34:46.832 19191 INFO rally.task.runner [-] Task 3b7a8976-b2ca-41b4-988a-62963a22c503 | ITER: 83 START
2018-06-28 21:34:47.105 19189 INFO rally.task.runner [-] Task 3b7a8976-b2ca-41b4-988a-62963a22c503 | ITER: 76 END: OK
2018-06-28 21:34:47.111 19189 INFO rally.task.runner [-] Task 3b7a8976-b2ca-41b4-988a-62963a22c503 | ITER: 84 START
2018-06-28 21:34:47.130 19199 INFO rally.task.runner [-] Task 3b7a8976-b2ca-41b4-988a-62963a22c503 | ITER: 75 END: OK
2018-06-28 21:34:47.135 19199 INFO rally.task.runner [-] Task 3b7a8976-b2ca-41b4-988a-62963a22c503 | ITER: 85 START
2018-06-28 21:34:47.436 19188 INFO rally.task.runner [-] Task 3b7a8976-b2ca-41b4-988a-62963a22c503 | ITER: 78 END: OK
2018-06-28 21:34:47.442 19188 INFO rally.task.runner [-] Task 3b7a8976-b2ca-41b4-988a-62963a22c503 | ITER: 86 START
2018-06-28 21:34:47.537 19196 INFO rally.task.runner [-] Task 3b7a8976-b2ca-41b4-988a-62963a22c503 | ITER: 79 END: OK
2018-06-28 21:34:47.542 19196 INFO rally.task.runner [-] Task 3b7a8976-b2ca-41b4-988a-62963a22c503 | ITER: 87 START
2018-06-28 21:34:47.543 19206 INFO rally.task.runner [-] Task 3b7a8976-b2ca-41b4-988a-62963a22c503 | ITER: 80 END: OK
2018-06-28 21:34:47.548 19206 INFO rally.task.runner [-] Task 3b7a8976-b2ca-41b4-988a-62963a22c503 | ITER: 88 START
2018-06-28 21:34:47.557 19211 INFO rally.task.runner [-] Task 3b7a8976-b2ca-41b4-988a-62963a22c503 | ITER: 77 END: OK
2018-06-28 21:34:47.562 19211 INFO rally.task.runner [-] Task 3b7a8976-b2ca-41b4-988a-62963a22c503 | ITER: 89 START
2018-06-28 21:34:47.580 19192 INFO rally.task.runner [-] Task 3b7a8976-b2ca-41b4-988a-62963a22c503 | ITER: 74 END: OK
2018-06-28 21:34:47.584 19192 INFO rally.task.runner [-] Task 3b7a8976-b2ca-41b4-988a-62963a22c503 | ITER: 90 START
2018-06-28 21:34:47.790 19191 INFO rally.task.runner [-] Task 3b7a8976-b2ca-41b4-988a-62963a22c503 | ITER: 83 END: OK
2018-06-28 21:34:47.795 19191 INFO rally.task.runner [-] Task 3b7a8976-b2ca-41b4-988a-62963a22c503 | ITER: 91 START
2018-06-28 21:34:47.834 19190 INFO rally.task.runner [-] Task 3b7a8976-b2ca-41b4-988a-62963a22c503 | ITER: 81 END: OK
2018-06-28 21:34:47.840 19190 INFO rally.task.runner [-] Task 3b7a8976-b2ca-41b4-988a-62963a22c503 | ITER: 92 START
2018-06-28 21:34:47.925 19203 INFO rally.task.runner [-] Task 3b7a8976-b2ca-41b4-988a-62963a22c503 | ITER: 82 END: OK
2018-06-28 21:34:47.931 19203 INFO rally.task.runner [-] Task 3b7a8976-b2ca-41b4-988a-62963a22c503 | ITER: 93 START
2018-06-28 21:34:48.095 19199 INFO rally.task.runner [-] Task 3b7a8976-b2ca-41b4-988a-62963a22c503 | ITER: 85 END: OK
2018-06-28 21:34:48.101 19199 INFO rally.task.runner [-] Task 3b7a8976-b2ca-41b4-988a-62963a22c503 | ITER: 94 START
2018-06-28 21:34:48.507 19196 INFO rally.task.runner [-] Task 3b7a8976-b2ca-41b4-988a-62963a22c503 | ITER: 87 END: OK
2018-06-28 21:34:48.511 19196 INFO rally.task.runner [-] Task 3b7a8976-b2ca-41b4-988a-62963a22c503 | ITER: 95 START
2018-06-28 21:34:48.534 19189 INFO rally.task.runner [-] Task 3b7a8976-b2ca-41b4-988a-62963a22c503 | ITER: 84 END: OK
2018-06-28 21:34:48.539 19189 INFO rally.task.runner [-] Task 3b7a8976-b2ca-41b4-988a-62963a22c503 | ITER: 96 START
2018-06-28 21:34:48.541 19188 INFO rally.task.runner [-] Task 3b7a8976-b2ca-41b4-988a-62963a22c503 | ITER: 86 END: OK
2018-06-28 21:34:48.545 19188 INFO rally.task.runner [-] Task 3b7a8976-b2ca-41b4-988a-62963a22c503 | ITER: 97 START
2018-06-28 21:34:48.557 19211 INFO rally.task.runner [-] Task 3b7a8976-b2ca-41b4-988a-62963a22c503 | ITER: 89 END: OK
2018-06-28 21:34:48.561 19211 INFO rally.task.runner [-] Task 3b7a8976-b2ca-41b4-988a-62963a22c503 | ITER: 98 START
2018-06-28 21:34:48.759 19206 INFO rally.task.runner [-] Task 3b7a8976-b2ca-41b4-988a-62963a22c503 | ITER: 88 END: OK
2018-06-28 21:34:48.765 19206 INFO rally.task.runner [-] Task 3b7a8976-b2ca-41b4-988a-62963a22c503 | ITER: 99 START
2018-06-28 21:34:48.804 19192 INFO rally.task.runner [-] Task 3b7a8976-b2ca-41b4-988a-62963a22c503 | ITER: 90 END: OK
2018-06-28 21:34:48.810 19192 INFO rally.task.runner [-] Task 3b7a8976-b2ca-41b4-988a-62963a22c503 | ITER: 100 START
2018-06-28 21:34:49.086 19203 INFO rally.task.runner [-] Task 3b7a8976-b2ca-41b4-988a-62963a22c503 | ITER: 93 END: OK
2018-06-28 21:34:49.120 19191 INFO rally.task.runner [-] Task 3b7a8976-b2ca-41b4-988a-62963a22c503 | ITER: 91 END: OK
2018-06-28 21:34:49.169 19190 INFO rally.task.runner [-] Task 3b7a8976-b2ca-41b4-988a-62963a22c503 | ITER: 92 END: OK
2018-06-28 21:34:49.242 19199 INFO rally.task.runner [-] Task 3b7a8976-b2ca-41b4-988a-62963a22c503 | ITER: 94 END: OK
2018-06-28 21:34:49.484 19189 INFO rally.task.runner [-] Task 3b7a8976-b2ca-41b4-988a-62963a22c503 | ITER: 96 END: OK
2018-06-28 21:34:49.519 19196 INFO rally.task.runner [-] Task 3b7a8976-b2ca-41b4-988a-62963a22c503 | ITER: 95 END: OK
2018-06-28 21:34:49.688 19211 INFO rally.task.runner [-] Task 3b7a8976-b2ca-41b4-988a-62963a22c503 | ITER: 98 END: OK
2018-06-28 21:34:49.765 19188 INFO rally.task.runner [-] Task 3b7a8976-b2ca-41b4-988a-62963a22c503 | ITER: 97 END: OK
2018-06-28 21:34:49.797 19206 INFO rally.task.runner [-] Task 3b7a8976-b2ca-41b4-988a-62963a22c503 | ITER: 99 END: OK
2018-06-28 21:34:50.258 19192 INFO rally.task.runner [-] Task 3b7a8976-b2ca-41b4-988a-62963a22c503 | ITER: 100 END: OK
2018-06-28 21:34:50.288 18149 INFO rally.task.context [-] Task 3b7a8976-b2ca-41b4-988a-62963a22c503 | Context cleanup@openstack cleanup() started
2018-06-28 21:35:19.924 18149 INFO rally.task.context [-] Task 3b7a8976-b2ca-41b4-988a-62963a22c503 | Context cleanup@openstack cleanup() finished in 29.64 sec
2018-06-28 21:35:19.924 18149 INFO rally.task.context [-] Task 3b7a8976-b2ca-41b4-988a-62963a22c503 | Context roles@openstack cleanup() started
2018-06-28 21:35:21.114 18149 INFO rally.task.context [-] Task 3b7a8976-b2ca-41b4-988a-62963a22c503 | Context roles@openstack cleanup() finished in 1.19 sec
2018-06-28 21:35:21.119 18149 INFO rally.task.context [-] Task 3b7a8976-b2ca-41b4-988a-62963a22c503 | Context quotas@openstack cleanup() started
2018-06-28 21:35:21.208 18149 INFO rally.task.context [-] Task 3b7a8976-b2ca-41b4-988a-62963a22c503 | Context quotas@openstack cleanup() finished in 89.26 msec
2018-06-28 21:35:21.209 18149 INFO rally.task.context [-] Task 3b7a8976-b2ca-41b4-988a-62963a22c503 | Context users@openstack cleanup() started
2018-06-28 21:35:26.170 18149 INFO rally.task.context [-] Task 3b7a8976-b2ca-41b4-988a-62963a22c503 | Context users@openstack cleanup() finished in 4.96 sec
2018-06-28 21:35:27.623 18149 INFO rally.task.engine [-] Load duration is: 12.406376
2018-06-28 21:35:27.624 18149 INFO rally.task.engine [-] Full runner duration is: 12.45739
2018-06-28 21:35:27.624 18149 INFO rally.task.engine [-] Full duration is: 61.156838
2018-06-28 21:35:27.824 18149 INFO rally.task.engine [-] Task 3b7a8976-b2ca-41b4-988a-62963a22c503 | Completed: Running task.

--------------------------------------------------------------------------------
Task 3b7a8976-b2ca-41b4-988a-62963a22c503: finished
--------------------------------------------------------------------------------

test scenario NeutronNetworks.create_and_list_networks
args position 0
args values:
{
  "runner": {
    "times": 100, 
    "concurrency": 10
  }, 
  "contexts": {
    "users": {
      "tenants": 3, 
      "users_per_tenant": 3
    }, 
    "quotas": {
      "neutron": {
        "network": -1
      }
    }
  }, 
  "args": {
    "network_create_args": {}
  }, 
  "sla": {
    "failure_rate": {
      "max": 0
    }
  }, 
  "hooks": []
}

--------------------------------------------------------------------------------
Task 3b7a8976-b2ca-41b4-988a-62963a22c503 has 0 error(s)
--------------------------------------------------------------------------------

+---------------------------------------------------------------------------------------------------------------------------+
|                                                   Response Times (sec)                                                    |
+------------------------+-----------+--------------+--------------+--------------+-----------+-----------+---------+-------+
| Action                 | Min (sec) | Median (sec) | 90%ile (sec) | 95%ile (sec) | Max (sec) | Avg (sec) | Success | Count |
+------------------------+-----------+--------------+--------------+--------------+-----------+-----------+---------+-------+
| neutron.create_network | 0.662     | 0.767        | 1.187        | 1.455        | 1.558     | 0.856     | 100.0%  | 100   |
| neutron.list_networks  | 0.161     | 0.462        | 0.717        | 0.744        | 0.872     | 0.471     | 100.0%  | 100   |
| total                  | 0.862     | 1.26         | 1.631        | 2.098        | 2.306     | 1.327     | 100.0%  | 100   |
|  -> duration           | 0.862     | 1.26         | 1.631        | 2.098        | 2.306     | 1.327     | 100.0%  | 100   |
|  -> idle_duration      | 0.0       | 0.0          | 0.0          | 0.0          | 0.0       | 0.0       | 100.0%  | 100   |
+------------------------+-----------+--------------+--------------+--------------+-----------+-----------+---------+-------+

Load duration: 14.347586
Full duration: 52.886945
--------------------------------------------------------------------------------

test scenario NeutronNetworks.create_and_list_networks
args position 0
args values:
{
  "runner": {
    "times": 100, 
    "concurrency": 10
  }, 
  "contexts": {
    "users": {
      "tenants": 3, 
      "users_per_tenant": 3
    }, 
    "quotas": {
      "neutron": {
        "network": -1
      }
    }, 
    "roles": [
      "admin"
    ]
  }, 
  "args": {
    "network_create_args": {
      "provider:network_type": "vxlan"
    }
  }, 
  "sla": {
    "failure_rate": {
      "max": 0
    }
  }, 
  "hooks": []
}

--------------------------------------------------------------------------------
Task 3b7a8976-b2ca-41b4-988a-62963a22c503 has 0 error(s)
--------------------------------------------------------------------------------

+---------------------------------------------------------------------------------------------------------------------------+
|                                                   Response Times (sec)                                                    |
+------------------------+-----------+--------------+--------------+--------------+-----------+-----------+---------+-------+
| Action                 | Min (sec) | Median (sec) | 90%ile (sec) | 95%ile (sec) | Max (sec) | Avg (sec) | Success | Count |
+------------------------+-----------+--------------+--------------+--------------+-----------+-----------+---------+-------+
| neutron.create_network | 0.685     | 0.8          | 1.103        | 1.381        | 1.465     | 0.877     | 100.0%  | 100   |
| neutron.list_networks  | 0.141     | 0.253        | 0.426        | 0.481        | 0.613     | 0.282     | 100.0%  | 100   |
| total                  | 0.875     | 1.117        | 1.407        | 1.575        | 1.705     | 1.16      | 100.0%  | 100   |
|  -> duration           | 0.875     | 1.117        | 1.407        | 1.575        | 1.705     | 1.16      | 100.0%  | 100   |
|  -> idle_duration      | 0.0       | 0.0          | 0.0          | 0.0          | 0.0       | 0.0       | 100.0%  | 100   |
+------------------------+-----------+--------------+--------------+--------------+-----------+-----------+---------+-------+

Load duration: 12.406376
Full duration: 61.156838

HINTS:
* To plot HTML graphics with this data, run:
	rally task report 3b7a8976-b2ca-41b4-988a-62963a22c503 --out output.html

* To generate a JUnit report, run:
	rally task export 3b7a8976-b2ca-41b4-988a-62963a22c503 --type junit --to output.xml

* To get raw JSON output of task results, run:
	rally task report 3b7a8976-b2ca-41b4-988a-62963a22c503 --json --out output.json

--------------------------------------------------------------------------------
Preparing input task
--------------------------------------------------------------------------------

Task is:
{
   "NovaServers.boot_and_migrate_server": [
        {
            "args": {
                "flavor": {
                    "name": "m1.medium"
                },
                "image": {
                    "name": "Ubuntu 16.04"
                }
            },
            "runner": {
                "type": "constant",
                "times": 10,
                "concurrency": 2
            },
            "context": {
                "users": {
                    "tenants": 1,
                    "users_per_tenant": 1
                }
            },
            "sla": {
                "failure_rate": {
                    "max": 0
                }
            }
        }
    ]
}

Task syntax is correct :)
Running Rally version 0.10.1~dev119
--------------------------------------------------------------------------------
Task  f452839f-7c2f-40b9-b120-cf522ae0261d: started
--------------------------------------------------------------------------------

Running Task... This can take a while...

To track task status use:

	rally task status
	or
	rally task detailed

Using task: f452839f-7c2f-40b9-b120-cf522ae0261d
2018-06-28 21:35:29.798 19749 INFO rally.task.engine [-] Task f452839f-7c2f-40b9-b120-cf522ae0261d | Starting:  Task validation.
2018-06-28 21:35:29.806 19749 INFO rally.task.engine [-] Task f452839f-7c2f-40b9-b120-cf522ae0261d | Starting:  Task validation of syntax.
2018-06-28 21:35:29.818 19749 INFO rally.task.engine [-] Task f452839f-7c2f-40b9-b120-cf522ae0261d | Completed: Task validation of syntax.
2018-06-28 21:35:29.818 19749 INFO rally.task.engine [-] Task f452839f-7c2f-40b9-b120-cf522ae0261d | Starting:  Task validation of required platforms.
2018-06-28 21:35:29.824 19749 INFO rally.task.engine [-] Task f452839f-7c2f-40b9-b120-cf522ae0261d | Completed: Task validation of required platforms.
2018-06-28 21:35:29.824 19749 INFO rally.task.engine [-] Task f452839f-7c2f-40b9-b120-cf522ae0261d | Starting:  Task validation of semantic.
2018-06-28 21:35:32.541 19749 INFO rally.task.context [-] Task f452839f-7c2f-40b9-b120-cf522ae0261d | Context users@openstack setup()  finished in 2.11 sec
2018-06-28 21:35:33.813 19749 INFO rally.task.context [-] Task f452839f-7c2f-40b9-b120-cf522ae0261d | Context users@openstack cleanup() started
2018-06-28 21:35:37.082 19749 INFO rally.task.context [-] Task f452839f-7c2f-40b9-b120-cf522ae0261d | Context users@openstack cleanup() finished in 3.27 sec
2018-06-28 21:35:37.082 19749 INFO rally.task.engine [-] Task f452839f-7c2f-40b9-b120-cf522ae0261d | Completed: Task validation of semantic.
2018-06-28 21:35:37.083 19749 INFO rally.task.engine [-] Task f452839f-7c2f-40b9-b120-cf522ae0261d | Completed: Task validation.
2018-06-28 21:35:37.083 19749 INFO rally.api [-] Task f452839f-7c2f-40b9-b120-cf522ae0261d input file is valid.
2018-06-28 21:35:37.083 19749 INFO rally.api [-] Run Task f452839f-7c2f-40b9-b120-cf522ae0261d against Deployment 7a37a5af-20ae-460e-97c7-4fdb337cc0b6
2018-06-28 21:35:37.084 19749 INFO rally.task.engine [-] Task f452839f-7c2f-40b9-b120-cf522ae0261d | Starting:  Running task.
2018-06-28 21:35:37.135 19749 INFO rally.task.engine [-] Running workload: 
  position = 0
  config = {
   "version": 2, 
   "title": "A cropped version of a bigger task.", 
   "description": "Auto-generated task from a single workload (uuid=cdb1baef-3d2d-444a-be05-c15d1bf98e7c)", 
   "subtasks": [
      {
         "title": "NovaServers.boot_and_migrate_server", 
         "description": "Migrate a server.", 
         "scenario": {
            "NovaServers.boot_and_migrate_server": {
               "flavor": {
                  "name": "m1.medium"
               }, 
               "image": {
                  "name": "Ubuntu 16.04"
               }
            }
         }, 
         "contexts": {
            "users": {
               "tenants": 1, 
               "users_per_tenant": 1
            }
         }, 
         "runner": {
            "constant": {
               "times": 10, 
               "concurrency": 2
            }
         }, 
         "hooks": [], 
         "sla": {
            "failure_rate": {
               "max": 0
            }
         }
      }
   ]
}
2018-06-28 21:35:39.435 19749 INFO rally.task.context [-] Task f452839f-7c2f-40b9-b120-cf522ae0261d | Context users@openstack setup()  finished in 2.27 sec
2018-06-28 21:35:39.435 19749 INFO rally.task.context [-] Task f452839f-7c2f-40b9-b120-cf522ae0261d | Context cleanup@openstack setup()  finished in 0.00 msec
2018-06-28 21:35:40.258 19937 INFO rally.task.runner [-] Task f452839f-7c2f-40b9-b120-cf522ae0261d | ITER: 1 START
2018-06-28 21:35:40.260 19938 INFO rally.task.runner [-] Task f452839f-7c2f-40b9-b120-cf522ae0261d | ITER: 2 START
2018-06-28 21:36:13.782 19938 INFO rally.task.runner [-] Task f452839f-7c2f-40b9-b120-cf522ae0261d | ITER: 2 END: Error GetResourceErrorStatus: Resource <Server: s_rally_cdb1baef_MtyGG4hd> has ERROR status.
 Fault: {u'message': u'list index out of range', u'code': 500, u'created': u'2018-06-28T21:36:12Z'}
2018-06-28 21:36:13.788 19938 INFO rally.task.runner [-] Task f452839f-7c2f-40b9-b120-cf522ae0261d | ITER: 3 START
2018-06-28 21:36:13.822 19937 INFO rally.task.runner [-] Task f452839f-7c2f-40b9-b120-cf522ae0261d | ITER: 1 END: Error GetResourceErrorStatus: Resource <Server: s_rally_cdb1baef_Y8AXiDvO> has ERROR status.
 Fault: {u'message': u"Conflict updating instance 932c5b09-8aa5-4426-962b-f8614de4ca53. Expected: {'task_state': [u'resize_prep']}. Actual: {'task_state': None}", u'code': 500, u'created': u'2018-06-28T21:36:13Z'}
2018-06-28 21:36:13.828 19937 INFO rally.task.runner [-] Task f452839f-7c2f-40b9-b120-cf522ae0261d | ITER: 4 START
2018-06-28 21:37:45.088 19937 INFO rally.task.runner [-] Task f452839f-7c2f-40b9-b120-cf522ae0261d | ITER: 4 END: OK
2018-06-28 21:37:45.092 19937 INFO rally.task.runner [-] Task f452839f-7c2f-40b9-b120-cf522ae0261d | ITER: 5 START
2018-06-28 21:37:45.152 19938 INFO rally.task.runner [-] Task f452839f-7c2f-40b9-b120-cf522ae0261d | ITER: 3 END: OK
2018-06-28 21:37:45.157 19938 INFO rally.task.runner [-] Task f452839f-7c2f-40b9-b120-cf522ae0261d | ITER: 6 START
2018-06-28 21:38:16.750 19937 INFO rally.task.runner [-] Task f452839f-7c2f-40b9-b120-cf522ae0261d | ITER: 5 END: Error GetResourceErrorStatus: Resource <Server: s_rally_cdb1baef_k1ibbx5U> has ERROR status.
 Fault: {u'message': u'list index out of range', u'code': 500, u'created': u'2018-06-28T21:38:15Z'}
2018-06-28 21:38:16.753 19937 INFO rally.task.runner [-] Task f452839f-7c2f-40b9-b120-cf522ae0261d | ITER: 7 START
2018-06-28 21:38:16.820 19938 INFO rally.task.runner [-] Task f452839f-7c2f-40b9-b120-cf522ae0261d | ITER: 6 END: Error GetResourceErrorStatus: Resource <Server: s_rally_cdb1baef_mf7oMUZ7> has ERROR status.
 Fault: {u'message': u'list index out of range', u'code': 500, u'created': u'2018-06-28T21:38:15Z'}
2018-06-28 21:38:16.824 19938 INFO rally.task.runner [-] Task f452839f-7c2f-40b9-b120-cf522ae0261d | ITER: 8 START
2018-06-28 21:38:48.349 19938 INFO rally.task.runner [-] Task f452839f-7c2f-40b9-b120-cf522ae0261d | ITER: 8 END: Error GetResourceErrorStatus: Resource <Server: s_rally_cdb1baef_snukelu6> has ERROR status.
 Fault: {u'message': u"Conflict updating instance 840f41fc-83ca-47bf-91a6-d8655609ae46. Expected: {'task_state': [u'resize_prep']}. Actual: {'task_state': None}", u'code': 500, u'created': u'2018-06-28T21:38:48Z'}
2018-06-28 21:38:48.353 19938 INFO rally.task.runner [-] Task f452839f-7c2f-40b9-b120-cf522ae0261d | ITER: 9 START
2018-06-28 21:39:38.186 19937 INFO rally.task.runner [-] Task f452839f-7c2f-40b9-b120-cf522ae0261d | ITER: 7 END: OK
2018-06-28 21:39:38.191 19937 INFO rally.task.runner [-] Task f452839f-7c2f-40b9-b120-cf522ae0261d | ITER: 10 START
2018-06-28 21:39:51.419 19938 INFO rally.task.runner [-] Task f452839f-7c2f-40b9-b120-cf522ae0261d | ITER: 9 END: OK
2018-06-28 21:40:03.531 19937 INFO rally.task.runner [-] Task f452839f-7c2f-40b9-b120-cf522ae0261d | ITER: 10 END: Error GetResourceErrorStatus: Resource <Server: s_rally_cdb1baef_cfj8kOt3> has ERROR status.
 Fault: {u'message': u"Conflict updating instance 21d21423-0b85-4665-874b-5efca614deeb. Expected: {'task_state': [u'resize_prep']}. Actual: {'task_state': None}", u'code': 500, u'created': u'2018-06-28T21:40:03Z'}
2018-06-28 21:40:03.552 19749 INFO rally.task.context [-] Task f452839f-7c2f-40b9-b120-cf522ae0261d | Context cleanup@openstack cleanup() started
2018-06-28 21:40:11.592 19749 INFO rally.task.context [-] Task f452839f-7c2f-40b9-b120-cf522ae0261d | Context cleanup@openstack cleanup() finished in 8.04 sec
2018-06-28 21:40:11.593 19749 INFO rally.task.context [-] Task f452839f-7c2f-40b9-b120-cf522ae0261d | Context users@openstack cleanup() started
2018-06-28 21:40:14.512 19749 INFO rally.task.context [-] Task f452839f-7c2f-40b9-b120-cf522ae0261d | Context users@openstack cleanup() finished in 2.92 sec
2018-06-28 21:40:14.655 19749 INFO rally.task.engine [-] Load duration is: 262.270038
2018-06-28 21:40:14.655 19749 INFO rally.task.engine [-] Full runner duration is: 263.313532
2018-06-28 21:40:14.656 19749 INFO rally.task.engine [-] Full duration is: 277.369582
2018-06-28 21:40:14.735 19749 INFO rally.task.engine [-] Task f452839f-7c2f-40b9-b120-cf522ae0261d | Completed: Running task.

--------------------------------------------------------------------------------
Task f452839f-7c2f-40b9-b120-cf522ae0261d: finished
--------------------------------------------------------------------------------

test scenario NovaServers.boot_and_migrate_server
args position 0
args values:
{
  "runner": {
    "times": 10, 
    "concurrency": 2
  }, 
  "contexts": {
    "users": {
      "tenants": 1, 
      "users_per_tenant": 1
    }
  }, 
  "args": {
    "flavor": {
      "name": "m1.medium"
    }, 
    "image": {
      "name": "Ubuntu 16.04"
    }
  }, 
  "sla": {
    "failure_rate": {
      "max": 0
    }
  }, 
  "hooks": []
}

--------------------------------------------------------------------------------
Task f452839f-7c2f-40b9-b120-cf522ae0261d has 6 error(s)
--------------------------------------------------------------------------------

GetResourceErrorStatus: Resource <Server: s_rally_cdb1baef_Y8AXiDvO> has ERROR status.
 Fault: {u'message': u"Conflict updating instance 932c5b09-8aa5-4426-962b-f8614de4ca53. Expected: {'task_state': [u'resize_prep']}. Actual: {'task_state': None}", u'code': 500, u'created': u'2018-06-28T21:36:13Z'}

Traceback (most recent call last):
  File "/home/leon0944/rally/local/lib/python2.7/site-packages/rally/task/runner.py", line 71, in _run_scenario_once
    getattr(scenario_inst, method_name)(**scenario_kwargs)
  File "/home/leon0944/rally/local/lib/python2.7/site-packages/rally/plugins/openstack/scenarios/nova/servers.py", line 863, in run
    self._migrate(server)
  File "/home/leon0944/rally/local/lib/python2.7/site-packages/rally/task/atomic.py", line 91, in func_atomic_actions
    f = func(self, *args, **kwargs)
  File "/home/leon0944/rally/local/lib/python2.7/site-packages/rally/plugins/openstack/scenarios/nova/utils.py", line 786, in _migrate
    CONF.openstack.nova_server_migrate_poll_interval)
  File "/home/leon0944/rally/local/lib/python2.7/site-packages/rally/task/utils.py", line 215, in wait_for_status
    resource = update_resource(resource)
  File "/home/leon0944/rally/local/lib/python2.7/site-packages/rally/task/utils.py", line 90, in _get_from_manager
    fault=getattr(res, "fault", "n/a"))
GetResourceErrorStatus: Resource <Server: s_rally_cdb1baef_Y8AXiDvO> has ERROR status.
 Fault: {u'message': u"Conflict updating instance 932c5b09-8aa5-4426-962b-f8614de4ca53. Expected: {'task_state': [u'resize_prep']}. Actual: {'task_state': None}", u'code': 500, u'created': u'2018-06-28T21:36:13Z'}

--------------------------------------------------------------------------------
GetResourceErrorStatus: Resource <Server: s_rally_cdb1baef_MtyGG4hd> has ERROR status.
 Fault: {u'message': u'list index out of range', u'code': 500, u'created': u'2018-06-28T21:36:12Z'}

Traceback (most recent call last):
  File "/home/leon0944/rally/local/lib/python2.7/site-packages/rally/task/runner.py", line 71, in _run_scenario_once
    getattr(scenario_inst, method_name)(**scenario_kwargs)
  File "/home/leon0944/rally/local/lib/python2.7/site-packages/rally/plugins/openstack/scenarios/nova/servers.py", line 863, in run
    self._migrate(server)
  File "/home/leon0944/rally/local/lib/python2.7/site-packages/rally/task/atomic.py", line 91, in func_atomic_actions
    f = func(self, *args, **kwargs)
  File "/home/leon0944/rally/local/lib/python2.7/site-packages/rally/plugins/openstack/scenarios/nova/utils.py", line 786, in _migrate
    CONF.openstack.nova_server_migrate_poll_interval)
  File "/home/leon0944/rally/local/lib/python2.7/site-packages/rally/task/utils.py", line 215, in wait_for_status
    resource = update_resource(resource)
  File "/home/leon0944/rally/local/lib/python2.7/site-packages/rally/task/utils.py", line 90, in _get_from_manager
    fault=getattr(res, "fault", "n/a"))
GetResourceErrorStatus: Resource <Server: s_rally_cdb1baef_MtyGG4hd> has ERROR status.
 Fault: {u'message': u'list index out of range', u'code': 500, u'created': u'2018-06-28T21:36:12Z'}

--------------------------------------------------------------------------------
GetResourceErrorStatus: Resource <Server: s_rally_cdb1baef_k1ibbx5U> has ERROR status.
 Fault: {u'message': u'list index out of range', u'code': 500, u'created': u'2018-06-28T21:38:15Z'}

Traceback (most recent call last):
  File "/home/leon0944/rally/local/lib/python2.7/site-packages/rally/task/runner.py", line 71, in _run_scenario_once
    getattr(scenario_inst, method_name)(**scenario_kwargs)
  File "/home/leon0944/rally/local/lib/python2.7/site-packages/rally/plugins/openstack/scenarios/nova/servers.py", line 863, in run
    self._migrate(server)
  File "/home/leon0944/rally/local/lib/python2.7/site-packages/rally/task/atomic.py", line 91, in func_atomic_actions
    f = func(self, *args, **kwargs)
  File "/home/leon0944/rally/local/lib/python2.7/site-packages/rally/plugins/openstack/scenarios/nova/utils.py", line 786, in _migrate
    CONF.openstack.nova_server_migrate_poll_interval)
  File "/home/leon0944/rally/local/lib/python2.7/site-packages/rally/task/utils.py", line 215, in wait_for_status
    resource = update_resource(resource)
  File "/home/leon0944/rally/local/lib/python2.7/site-packages/rally/task/utils.py", line 90, in _get_from_manager
    fault=getattr(res, "fault", "n/a"))
GetResourceErrorStatus: Resource <Server: s_rally_cdb1baef_k1ibbx5U> has ERROR status.
 Fault: {u'message': u'list index out of range', u'code': 500, u'created': u'2018-06-28T21:38:15Z'}

--------------------------------------------------------------------------------
GetResourceErrorStatus: Resource <Server: s_rally_cdb1baef_mf7oMUZ7> has ERROR status.
 Fault: {u'message': u'list index out of range', u'code': 500, u'created': u'2018-06-28T21:38:15Z'}

Traceback (most recent call last):
  File "/home/leon0944/rally/local/lib/python2.7/site-packages/rally/task/runner.py", line 71, in _run_scenario_once
    getattr(scenario_inst, method_name)(**scenario_kwargs)
  File "/home/leon0944/rally/local/lib/python2.7/site-packages/rally/plugins/openstack/scenarios/nova/servers.py", line 863, in run
    self._migrate(server)
  File "/home/leon0944/rally/local/lib/python2.7/site-packages/rally/task/atomic.py", line 91, in func_atomic_actions
    f = func(self, *args, **kwargs)
  File "/home/leon0944/rally/local/lib/python2.7/site-packages/rally/plugins/openstack/scenarios/nova/utils.py", line 786, in _migrate
    CONF.openstack.nova_server_migrate_poll_interval)
  File "/home/leon0944/rally/local/lib/python2.7/site-packages/rally/task/utils.py", line 215, in wait_for_status
    resource = update_resource(resource)
  File "/home/leon0944/rally/local/lib/python2.7/site-packages/rally/task/utils.py", line 90, in _get_from_manager
    fault=getattr(res, "fault", "n/a"))
GetResourceErrorStatus: Resource <Server: s_rally_cdb1baef_mf7oMUZ7> has ERROR status.
 Fault: {u'message': u'list index out of range', u'code': 500, u'created': u'2018-06-28T21:38:15Z'}

--------------------------------------------------------------------------------
GetResourceErrorStatus: Resource <Server: s_rally_cdb1baef_snukelu6> has ERROR status.
 Fault: {u'message': u"Conflict updating instance 840f41fc-83ca-47bf-91a6-d8655609ae46. Expected: {'task_state': [u'resize_prep']}. Actual: {'task_state': None}", u'code': 500, u'created': u'2018-06-28T21:38:48Z'}

Traceback (most recent call last):
  File "/home/leon0944/rally/local/lib/python2.7/site-packages/rally/task/runner.py", line 71, in _run_scenario_once
    getattr(scenario_inst, method_name)(**scenario_kwargs)
  File "/home/leon0944/rally/local/lib/python2.7/site-packages/rally/plugins/openstack/scenarios/nova/servers.py", line 863, in run
    self._migrate(server)
  File "/home/leon0944/rally/local/lib/python2.7/site-packages/rally/task/atomic.py", line 91, in func_atomic_actions
    f = func(self, *args, **kwargs)
  File "/home/leon0944/rally/local/lib/python2.7/site-packages/rally/plugins/openstack/scenarios/nova/utils.py", line 786, in _migrate
    CONF.openstack.nova_server_migrate_poll_interval)
  File "/home/leon0944/rally/local/lib/python2.7/site-packages/rally/task/utils.py", line 215, in wait_for_status
    resource = update_resource(resource)
  File "/home/leon0944/rally/local/lib/python2.7/site-packages/rally/task/utils.py", line 90, in _get_from_manager
    fault=getattr(res, "fault", "n/a"))
GetResourceErrorStatus: Resource <Server: s_rally_cdb1baef_snukelu6> has ERROR status.
 Fault: {u'message': u"Conflict updating instance 840f41fc-83ca-47bf-91a6-d8655609ae46. Expected: {'task_state': [u'resize_prep']}. Actual: {'task_state': None}", u'code': 500, u'created': u'2018-06-28T21:38:48Z'}

--------------------------------------------------------------------------------
GetResourceErrorStatus: Resource <Server: s_rally_cdb1baef_cfj8kOt3> has ERROR status.
 Fault: {u'message': u"Conflict updating instance 21d21423-0b85-4665-874b-5efca614deeb. Expected: {'task_state': [u'resize_prep']}. Actual: {'task_state': None}", u'code': 500, u'created': u'2018-06-28T21:40:03Z'}

Traceback (most recent call last):
  File "/home/leon0944/rally/local/lib/python2.7/site-packages/rally/task/runner.py", line 71, in _run_scenario_once
    getattr(scenario_inst, method_name)(**scenario_kwargs)
  File "/home/leon0944/rally/local/lib/python2.7/site-packages/rally/plugins/openstack/scenarios/nova/servers.py", line 863, in run
    self._migrate(server)
  File "/home/leon0944/rally/local/lib/python2.7/site-packages/rally/task/atomic.py", line 91, in func_atomic_actions
    f = func(self, *args, **kwargs)
  File "/home/leon0944/rally/local/lib/python2.7/site-packages/rally/plugins/openstack/scenarios/nova/utils.py", line 786, in _migrate
    CONF.openstack.nova_server_migrate_poll_interval)
  File "/home/leon0944/rally/local/lib/python2.7/site-packages/rally/task/utils.py", line 215, in wait_for_status
    resource = update_resource(resource)
  File "/home/leon0944/rally/local/lib/python2.7/site-packages/rally/task/utils.py", line 90, in _get_from_manager
    fault=getattr(res, "fault", "n/a"))
GetResourceErrorStatus: Resource <Server: s_rally_cdb1baef_cfj8kOt3> has ERROR status.
 Fault: {u'message': u"Conflict updating instance 21d21423-0b85-4665-874b-5efca614deeb. Expected: {'task_state': [u'resize_prep']}. Actual: {'task_state': None}", u'code': 500, u'created': u'2018-06-28T21:40:03Z'}

--------------------------------------------------------------------------------
+------------------------------------------------------------------------------------------------------------------------+
