    source_replica=source_replica, multiattach=multiattach))
  File "/home/leon0944/rally/local/lib/python2.7/site-packages/rally/task/service.py", line 116, in wrapper
    return func(instance, *args, **kwargs)
  File "/home/leon0944/rally/local/lib/python2.7/site-packages/rally/task/atomic.py", line 91, in func_atomic_actions
    f = func(self, *args, **kwargs)
  File "/home/leon0944/rally/local/lib/python2.7/site-packages/rally/plugins/openstack/services/storage/cinder_v2.py", line 83, in create_volume
    return self._wait_available_volume(volume)
  File "/home/leon0944/rally/local/lib/python2.7/site-packages/rally/plugins/openstack/services/storage/cinder_common.py", line 56, in _wait_available_volume
    check_interval=CONF.openstack.cinder_volume_create_poll_interval
  File "/home/leon0944/rally/local/lib/python2.7/site-packages/rally/task/utils.py", line 253, in wait_for_status
    timeout=timeout)
TimeoutException: Rally tired waiting 600.00 seconds for Volume s_rally_6e6d62a9_GpH1aQCh:943db5c3-d409-4c79-bfca-59a194530fea to become ('AVAILABLE') current status ERROR

--------------------------------------------------------------------------------
TimeoutException: Rally tired waiting 600.00 seconds for Volume s_rally_6e6d62a9_NbJMrOzF:4a21891a-7f3d-4174-b535-37ebd57c443c to become ('AVAILABLE') current status ERROR

Traceback (most recent call last):
  File "/home/leon0944/rally/local/lib/python2.7/site-packages/rally/task/runner.py", line 71, in _run_scenario_once
    getattr(scenario_inst, method_name)(**scenario_kwargs)
  File "/home/leon0944/rally/local/lib/python2.7/site-packages/rally/plugins/openstack/scenarios/nova/servers.py", line 189, in run
    volume_type=volume_type)
  File "/home/leon0944/rally/local/lib/python2.7/site-packages/rally/task/service.py", line 116, in wrapper
    return func(instance, *args, **kwargs)
  File "/home/leon0944/rally/local/lib/python2.7/site-packages/rally/plugins/openstack/services/storage/block.py", line 77, in create_volume
    source_replica=source_replica, multiattach=multiattach)
  File "/home/leon0944/rally/local/lib/python2.7/site-packages/rally/task/service.py", line 116, in wrapper
    return func(instance, *args, **kwargs)
  File "/home/leon0944/rally/local/lib/python2.7/site-packages/rally/plugins/openstack/services/storage/cinder_v2.py", line 274, in create_volume
    source_replica=source_replica, multiattach=multiattach))
  File "/home/leon0944/rally/local/lib/python2.7/site-packages/rally/task/service.py", line 116, in wrapper
    return func(instance, *args, **kwargs)
  File "/home/leon0944/rally/local/lib/python2.7/site-packages/rally/task/atomic.py", line 91, in func_atomic_actions
    f = func(self, *args, **kwargs)
  File "/home/leon0944/rally/local/lib/python2.7/site-packages/rally/plugins/openstack/services/storage/cinder_v2.py", line 83, in create_volume
    return self._wait_available_volume(volume)
  File "/home/leon0944/rally/local/lib/python2.7/site-packages/rally/plugins/openstack/services/storage/cinder_common.py", line 56, in _wait_available_volume
    check_interval=CONF.openstack.cinder_volume_create_poll_interval
  File "/home/leon0944/rally/local/lib/python2.7/site-packages/rally/task/utils.py", line 253, in wait_for_status
    timeout=timeout)
TimeoutException: Rally tired waiting 600.00 seconds for Volume s_rally_6e6d62a9_NbJMrOzF:4a21891a-7f3d-4174-b535-37ebd57c443c to become ('AVAILABLE') current status ERROR

--------------------------------------------------------------------------------
+----------------------------------------------------------------------------------------------------------------------------+
|                                                    Response Times (sec)                                                    |
+-------------------------+-----------+--------------+--------------+--------------+-----------+-----------+---------+-------+
| Action                  | Min (sec) | Median (sec) | 90%ile (sec) | 95%ile (sec) | Max (sec) | Avg (sec) | Success | Count |
+-------------------------+-----------+--------------+--------------+--------------+-----------+-----------+---------+-------+
| cinder_v2.create_volume | 19.714    | 25.047       | 77.52        | 603.794      | 604.794   | 77.996    | 92.0%   | 50    |
| nova.boot_server        | 0.074     | 16.819       | 22.781       | 24.113       | 28.531    | 17.598    | 87.0%   | 46    |
| nova.delete_server      | 2.455     | 2.618        | 4.698        | 4.868        | 6.768     | 3.358     | 100.0%  | 40    |
| total                   | 40.429    | 45.376       | 100.686      | 603.794      | 604.794   | 96.872    | 80.0%   | 50    |
|  -> duration            | 39.429    | 44.376       | 99.686       | 603.794      | 604.794   | 95.992    | 80.0%   | 50    |
|  -> idle_duration       | 0.0       | 1.0          | 1.0          | 1.0          | 1.0       | 0.88      | 80.0%   | 50    |
+-------------------------+-----------+--------------+--------------+--------------+-----------+-----------+---------+-------+

Load duration: 1258.116347
Full duration: 1278.012216

HINTS:
* To plot HTML graphics with this data, run:
	rally task report 49eb56c3-9c41-4577-af75-1b40c9dfe3f7 --out output.html

* To generate a JUnit report, run:
	rally task export 49eb56c3-9c41-4577-af75-1b40c9dfe3f7 --type junit --to output.xml

* To get raw JSON output of task results, run:
	rally task report 49eb56c3-9c41-4577-af75-1b40c9dfe3f7 --json --out output.json

At least one workload did not pass SLA criteria.

--------------------------------------------------------------------------------
Preparing input task
--------------------------------------------------------------------------------

Task is:
{
    "NeutronNetworks.create_and_delete_subnets": [
        {
            "args": {
                "network_create_args": {},
                "subnet_create_args": {},
                "subnet_cidr_start": "1.1.0.0/30",
                "subnets_per_network": 2
            },
            "runner": {
                "type": "constant",
                "times": 10,
                "concurrency": 10
            },
            "context": {
                "network": {},
                "users": {
                    "tenants": 3,
                    "users_per_tenant": 3
                },
                "quotas": {
                    "neutron": {
                        "network": -1,
                        "subnet": -1
                    }
                }
            },
            "sla": {
                "failure_rate": {
                    "max": 0
                }
            }
        }
    ]
}

Task syntax is correct :)
Running Rally version 0.10.1~dev119
--------------------------------------------------------------------------------
Task  40f01455-6c63-4e8c-9d90-5477b3376667: started
--------------------------------------------------------------------------------

Running Task... This can take a while...

To track task status use:

	rally task status
	or
	rally task detailed

Using task: 40f01455-6c63-4e8c-9d90-5477b3376667
2018-06-28 21:31:56.133 17035 INFO rally.task.engine [-] Task 40f01455-6c63-4e8c-9d90-5477b3376667 | Starting:  Task validation.
2018-06-28 21:31:56.145 17035 INFO rally.task.engine [-] Task 40f01455-6c63-4e8c-9d90-5477b3376667 | Starting:  Task validation of syntax.
2018-06-28 21:31:56.167 17035 INFO rally.task.engine [-] Task 40f01455-6c63-4e8c-9d90-5477b3376667 | Completed: Task validation of syntax.
2018-06-28 21:31:56.168 17035 INFO rally.task.engine [-] Task 40f01455-6c63-4e8c-9d90-5477b3376667 | Starting:  Task validation of required platforms.
2018-06-28 21:31:56.175 17035 INFO rally.task.engine [-] Task 40f01455-6c63-4e8c-9d90-5477b3376667 | Completed: Task validation of required platforms.
2018-06-28 21:31:56.176 17035 INFO rally.task.engine [-] Task 40f01455-6c63-4e8c-9d90-5477b3376667 | Starting:  Task validation of semantic.
2018-06-28 21:31:59.060 17035 INFO rally.task.context [-] Task 40f01455-6c63-4e8c-9d90-5477b3376667 | Context users@openstack setup()  finished in 2.18 sec
2018-06-28 21:31:59.454 17035 INFO rally.task.context [-] Task 40f01455-6c63-4e8c-9d90-5477b3376667 | Context users@openstack cleanup() started
2018-06-28 21:32:02.683 17035 INFO rally.task.context [-] Task 40f01455-6c63-4e8c-9d90-5477b3376667 | Context users@openstack cleanup() finished in 3.23 sec
2018-06-28 21:32:02.684 17035 INFO rally.task.engine [-] Task 40f01455-6c63-4e8c-9d90-5477b3376667 | Completed: Task validation of semantic.
2018-06-28 21:32:02.684 17035 INFO rally.task.engine [-] Task 40f01455-6c63-4e8c-9d90-5477b3376667 | Completed: Task validation.
2018-06-28 21:32:02.685 17035 INFO rally.api [-] Task 40f01455-6c63-4e8c-9d90-5477b3376667 input file is valid.
2018-06-28 21:32:02.685 17035 INFO rally.api [-] Run Task 40f01455-6c63-4e8c-9d90-5477b3376667 against Deployment 7a37a5af-20ae-460e-97c7-4fdb337cc0b6
2018-06-28 21:32:02.686 17035 INFO rally.task.engine [-] Task 40f01455-6c63-4e8c-9d90-5477b3376667 | Starting:  Running task.
2018-06-28 21:32:02.720 17035 INFO rally.task.engine [-] Running workload: 
  position = 0
  config = {
   "version": 2, 
   "title": "A cropped version of a bigger task.", 
   "description": "Auto-generated task from a single workload (uuid=0b0166bf-70b8-479f-b172-4a8c7f1ac31e)", 
   "subtasks": [
      {
         "title": "NeutronNetworks.create_and_delete_subnets", 
         "description": "Create and delete a given number of subnets.", 
         "scenario": {
            "NeutronNetworks.create_and_delete_subnets": {
               "network_create_args": {}, 
               "subnet_create_args": {}, 
               "subnet_cidr_start": "1.1.0.0/30", 
               "subnets_per_network": 2
            }
         }, 
         "contexts": {
            "network": {}, 
            "users": {
               "tenants": 3, 
               "users_per_tenant": 3
            }, 
            "quotas": {
               "neutron": {
                  "network": -1, 
                  "subnet": -1
               }
            }
         }, 
         "runner": {
            "constant": {
               "times": 10, 
               "concurrency": 10
            }
         }, 
         "hooks": [], 
         "sla": {
            "failure_rate": {
               "max": 0
            }
         }
      }
   ]
}
2018-06-28 21:32:05.553 17035 INFO rally.task.context [-] Task 40f01455-6c63-4e8c-9d90-5477b3376667 | Context users@openstack setup()  finished in 2.80 sec
2018-06-28 21:32:06.205 17035 INFO rally.task.context [-] Task 40f01455-6c63-4e8c-9d90-5477b3376667 | Context quotas@openstack setup()  finished in 0.65 sec
2018-06-28 21:32:21.923 17035 INFO rally.task.context [-] Task 40f01455-6c63-4e8c-9d90-5477b3376667 | Context network@openstack setup()  finished in 15.72 sec
2018-06-28 21:32:21.924 17035 INFO rally.task.context [-] Task 40f01455-6c63-4e8c-9d90-5477b3376667 | Context cleanup@openstack setup()  finished in 0.05 msec
2018-06-28 21:32:21.951 17435 INFO rally.task.runner [-] Task 40f01455-6c63-4e8c-9d90-5477b3376667 | ITER: 1 START
2018-06-28 21:32:21.953 17436 INFO rally.task.runner [-] Task 40f01455-6c63-4e8c-9d90-5477b3376667 | ITER: 2 START
2018-06-28 21:32:21.955 17438 INFO rally.task.runner [-] Task 40f01455-6c63-4e8c-9d90-5477b3376667 | ITER: 3 START
2018-06-28 21:32:21.958 17439 INFO rally.task.runner [-] Task 40f01455-6c63-4e8c-9d90-5477b3376667 | ITER: 4 START
2018-06-28 21:32:21.962 17440 INFO rally.task.runner [-] Task 40f01455-6c63-4e8c-9d90-5477b3376667 | ITER: 5 START
2018-06-28 21:32:21.963 17444 INFO rally.task.runner [-] Task 40f01455-6c63-4e8c-9d90-5477b3376667 | ITER: 6 START
2018-06-28 21:32:21.965 17448 INFO rally.task.runner [-] Task 40f01455-6c63-4e8c-9d90-5477b3376667 | ITER: 7 START
2018-06-28 21:32:21.968 17451 INFO rally.task.runner [-] Task 40f01455-6c63-4e8c-9d90-5477b3376667 | ITER: 8 START
2018-06-28 21:32:21.968 17452 INFO rally.task.runner [-] Task 40f01455-6c63-4e8c-9d90-5477b3376667 | ITER: 9 START
2018-06-28 21:32:21.976 17457 INFO rally.task.runner [-] Task 40f01455-6c63-4e8c-9d90-5477b3376667 | ITER: 10 START
2018-06-28 21:32:26.628 17457 INFO rally.task.runner [-] Task 40f01455-6c63-4e8c-9d90-5477b3376667 | ITER: 10 END: OK
2018-06-28 21:32:27.246 17440 INFO rally.task.runner [-] Task 40f01455-6c63-4e8c-9d90-5477b3376667 | ITER: 5 END: OK
2018-06-28 21:32:27.771 17439 INFO rally.task.runner [-] Task 40f01455-6c63-4e8c-9d90-5477b3376667 | ITER: 4 END: OK
2018-06-28 21:32:28.000 17444 INFO rally.task.runner [-] Task 40f01455-6c63-4e8c-9d90-5477b3376667 | ITER: 6 END: OK
2018-06-28 21:32:28.184 17448 INFO rally.task.runner [-] Task 40f01455-6c63-4e8c-9d90-5477b3376667 | ITER: 7 END: OK
2018-06-28 21:32:29.044 17451 INFO rally.task.runner [-] Task 40f01455-6c63-4e8c-9d90-5477b3376667 | ITER: 8 END: OK
2018-06-28 21:32:29.449 17452 INFO rally.task.runner [-] Task 40f01455-6c63-4e8c-9d90-5477b3376667 | ITER: 9 END: OK
2018-06-28 21:32:29.505 17436 INFO rally.task.runner [-] Task 40f01455-6c63-4e8c-9d90-5477b3376667 | ITER: 2 END: OK
2018-06-28 21:32:30.864 17438 INFO rally.task.runner [-] Task 40f01455-6c63-4e8c-9d90-5477b3376667 | ITER: 3 END: OK
2018-06-28 21:32:33.613 17435 INFO rally.task.runner [-] Task 40f01455-6c63-4e8c-9d90-5477b3376667 | ITER: 1 END: OK
2018-06-28 21:32:33.640 17035 INFO rally.task.context [-] Task 40f01455-6c63-4e8c-9d90-5477b3376667 | Context cleanup@openstack cleanup() started
2018-06-28 21:32:52.611 17035 INFO rally.task.context [-] Task 40f01455-6c63-4e8c-9d90-5477b3376667 | Context cleanup@openstack cleanup() finished in 18.97 sec
2018-06-28 21:32:52.612 17035 INFO rally.task.context [-] Task 40f01455-6c63-4e8c-9d90-5477b3376667 | Context network@openstack cleanup() started
2018-06-28 21:33:14.352 17035 INFO rally.task.context [-] Task 40f01455-6c63-4e8c-9d90-5477b3376667 | Context network@openstack cleanup() finished in 21.74 sec
2018-06-28 21:33:14.352 17035 INFO rally.task.context [-] Task 40f01455-6c63-4e8c-9d90-5477b3376667 | Context quotas@openstack cleanup() started
2018-06-28 21:33:14.423 17035 INFO rally.task.context [-] Task 40f01455-6c63-4e8c-9d90-5477b3376667 | Context quotas@openstack cleanup() finished in 70.59 msec
2018-06-28 21:33:14.423 17035 INFO rally.task.context [-] Task 40f01455-6c63-4e8c-9d90-5477b3376667 | Context users@openstack cleanup() started
2018-06-28 21:33:19.320 17035 INFO rally.task.context [-] Task 40f01455-6c63-4e8c-9d90-5477b3376667 | Context users@openstack cleanup() finished in 4.90 sec
2018-06-28 21:33:21.254 17035 INFO rally.task.engine [-] Load duration is: 11.658939
2018-06-28 21:33:21.254 17035 INFO rally.task.engine [-] Full runner duration is: 11.708703
2018-06-28 21:33:21.255 17035 INFO rally.task.engine [-] Full duration is: 76.593634
2018-06-28 21:33:21.318 17035 INFO rally.task.engine [-] Task 40f01455-6c63-4e8c-9d90-5477b3376667 | Completed: Running task.

--------------------------------------------------------------------------------
Task 40f01455-6c63-4e8c-9d90-5477b3376667: finished
--------------------------------------------------------------------------------

test scenario NeutronNetworks.create_and_delete_subnets
args position 0
args values:
{
  "runner": {
    "times": 10, 
    "concurrency": 10
  }, 
  "contexts": {
    "network": {}, 
    "users": {
      "tenants": 3, 
      "users_per_tenant": 3
    }, 
    "quotas": {
      "neutron": {
        "network": -1, 
        "subnet": -1
      }
    }
  }, 
  "args": {
    "network_create_args": {}, 
    "subnet_create_args": {}, 
    "subnet_cidr_start": "1.1.0.0/30", 
    "subnets_per_network": 2
  }, 
  "sla": {
    "failure_rate": {
      "max": 0
    }
  }, 
  "hooks": []
}

--------------------------------------------------------------------------------
Task 40f01455-6c63-4e8c-9d90-5477b3376667 has 0 error(s)
--------------------------------------------------------------------------------

+-------------------------------------------------------------------------------------------------------------------------------+
|                                                     Response Times (sec)                                                      |
+----------------------------+-----------+--------------+--------------+--------------+-----------+-----------+---------+-------+
| Action                     | Min (sec) | Median (sec) | 90%ile (sec) | 95%ile (sec) | Max (sec) | Avg (sec) | Success | Count |
+----------------------------+-----------+--------------+--------------+--------------+-----------+-----------+---------+-------+
| neutron.create_subnet (x2) | 2.084     | 3.263        | 4.762        | 5.644        | 6.526     | 3.553     | 100.0%  | 10    |
| neutron.delete_subnet (x2) | 2.32      | 2.96         | 5.181        | 6.137        | 7.092     | 3.513     | 100.0%  | 10    |
| total                      | 4.651     | 6.646        | 9.181        | 10.42        | 11.659    | 7.066     | 100.0%  | 10    |
|  -> duration               | 4.651     | 6.646        | 9.181        | 10.42        | 11.659    | 7.066     | 100.0%  | 10    |
|  -> idle_duration          | 0.0       | 0.0          | 0.0          | 0.0          | 0.0       | 0.0       | 100.0%  | 10    |
+----------------------------+-----------+--------------+--------------+--------------+-----------+-----------+---------+-------+

Load duration: 11.658939
Full duration: 76.593634

HINTS:
* To plot HTML graphics with this data, run:
	rally task report 40f01455-6c63-4e8c-9d90-5477b3376667 --out output.html

* To generate a JUnit report, run:
	rally task export 40f01455-6c63-4e8c-9d90-5477b3376667 --type junit --to output.xml

* To get raw JSON output of task results, run:
	rally task report 40f01455-6c63-4e8c-9d90-5477b3376667 --json --out output.json

--------------------------------------------------------------------------------
Preparing input task
--------------------------------------------------------------------------------

Task is:
{
    "NeutronNetworks.create_and_list_networks": [
        {
            "args": {
                "network_create_args": {}
            },
            "runner": {
                "type": "constant",
                "times": 100,
                "concurrency": 10
            },
            "context": {
                "users": {
                    "tenants": 3,
                    "users_per_tenant": 3
                },
                "quotas": {
                    "neutron": {
                        "network": -1
                    }
                }
            },
            "sla": {
                "failure_rate": {
                    "max": 0
                }
            }
        },
        {
            "args": {
                "network_create_args": {
                    "provider:network_type": "vxlan"
                }
            },
            "runner": {
                "type": "constant",
                "times": 100,
                "concurrency": 10
            },
            "context": {
                "users": {
                    "tenants": 3,
                    "users_per_tenant": 3
                },
                "quotas": {
                    "neutron": {
                        "network": -1
                    }
                },
                "roles": ["admin"]
            },
            "sla": {
                "failure_rate": {
                    "max": 0
                }
            }
        }
    ]
}

Task syntax is correct :)
Running Rally version 0.10.1~dev119
--------------------------------------------------------------------------------
Task  3b7a8976-b2ca-41b4-988a-62963a22c503: started
--------------------------------------------------------------------------------

Running Task... This can take a while...

To track task status use:

	rally task status
	or
	rally task detailed

Using task: 3b7a8976-b2ca-41b4-988a-62963a22c503
2018-06-28 21:33:23.392 18149 INFO rally.task.engine [-] Task 3b7a8976-b2ca-41b4-988a-62963a22c503 | Starting:  Task validation.
2018-06-28 21:33:23.402 18149 INFO rally.task.engine [-] Task 3b7a8976-b2ca-41b4-988a-62963a22c503 | Starting:  Task validation of syntax.
2018-06-28 21:33:23.434 18149 INFO rally.task.engine [-] Task 3b7a8976-b2ca-41b4-988a-62963a22c503 | Completed: Task validation of syntax.
2018-06-28 21:33:23.435 18149 INFO rally.task.engine [-] Task 3b7a8976-b2ca-41b4-988a-62963a22c503 | Starting:  Task validation of required platforms.
2018-06-28 21:33:23.446 18149 INFO rally.task.engine [-] Task 3b7a8976-b2ca-41b4-988a-62963a22c503 | Completed: Task validation of required platforms.
2018-06-28 21:33:23.447 18149 INFO rally.task.engine [-] Task 3b7a8976-b2ca-41b4-988a-62963a22c503 | Starting:  Task validation of semantic.
2018-06-28 21:33:26.218 18149 INFO rally.task.context [-] Task 3b7a8976-b2ca-41b4-988a-62963a22c503 | Context users@openstack setup()  finished in 2.17 sec
2018-06-28 21:33:27.031 18149 INFO rally.task.context [-] Task 3b7a8976-b2ca-41b4-988a-62963a22c503 | Context users@openstack cleanup() started
2018-06-28 21:33:30.348 18149 INFO rally.task.context [-] Task 3b7a8976-b2ca-41b4-988a-62963a22c503 | Context users@openstack cleanup() finished in 3.32 sec
2018-06-28 21:33:30.349 18149 INFO rally.task.engine [-] Task 3b7a8976-b2ca-41b4-988a-62963a22c503 | Completed: Task validation of semantic.
2018-06-28 21:33:30.349 18149 INFO rally.task.engine [-] Task 3b7a8976-b2ca-41b4-988a-62963a22c503 | Completed: Task validation.
2018-06-28 21:33:30.349 18149 INFO rally.api [-] Task 3b7a8976-b2ca-41b4-988a-62963a22c503 input file is valid.
2018-06-28 21:33:30.350 18149 INFO rally.api [-] Run Task 3b7a8976-b2ca-41b4-988a-62963a22c503 against Deployment 7a37a5af-20ae-460e-97c7-4fdb337cc0b6
2018-06-28 21:33:30.350 18149 INFO rally.task.engine [-] Task 3b7a8976-b2ca-41b4-988a-62963a22c503 | Starting:  Running task.
2018-06-28 21:33:30.395 18149 INFO rally.task.engine [-] Running workload: 
  position = 0
  config = {
   "version": 2, 
   "title": "A cropped version of a bigger task.", 
   "description": "Auto-generated task from a single workload (uuid=14d8d75d-5311-4b92-acde-07937db2d354)", 
   "subtasks": [
      {
         "title": "NeutronNetworks.create_and_list_networks", 
         "description": "Create a network and then list all networks.", 
         "scenario": {
            "NeutronNetworks.create_and_list_networks": {
               "network_create_args": {}
            }
         }, 
         "contexts": {
            "users": {
               "tenants": 3, 
               "users_per_tenant": 3
            }, 
            "quotas": {
               "neutron": {
                  "network": -1
               }
            }
         }, 
         "runner": {
            "constant": {
               "times": 100, 
               "concurrency": 10
            }
         }, 
         "hooks": [], 
         "sla": {
            "failure_rate": {
               "max": 0
            }
         }
      }
   ]
}
2018-06-28 21:33:33.204 18149 INFO rally.task.context [-] Task 3b7a8976-b2ca-41b4-988a-62963a22c503 | Context users@openstack setup()  finished in 2.78 sec
2018-06-28 21:33:33.823 18149 INFO rally.task.context [-] Task 3b7a8976-b2ca-41b4-988a-62963a22c503 | Context quotas@openstack setup()  finished in 0.62 sec
2018-06-28 21:33:33.824 18149 INFO rally.task.context [-] Task 3b7a8976-b2ca-41b4-988a-62963a22c503 | Context cleanup@openstack setup()  finished in 0.01 msec
2018-06-28 21:33:33.858 18395 INFO rally.task.runner [-] Task 3b7a8976-b2ca-41b4-988a-62963a22c503 | ITER: 1 START
2018-06-28 21:33:33.860 18396 INFO rally.task.runner [-] Task 3b7a8976-b2ca-41b4-988a-62963a22c503 | ITER: 2 START
2018-06-28 21:33:33.861 18397 INFO rally.task.runner [-] Task 3b7a8976-b2ca-41b4-988a-62963a22c503 | ITER: 3 START
2018-06-28 21:33:33.861 18398 INFO rally.task.runner [-] Task 3b7a8976-b2ca-41b4-988a-62963a22c503 | ITER: 4 START
2018-06-28 21:33:33.865 18399 INFO rally.task.runner [-] Task 3b7a8976-b2ca-41b4-988a-62963a22c503 | ITER: 5 START
2018-06-28 21:33:33.869 18400 INFO rally.task.runner [-] Task 3b7a8976-b2ca-41b4-988a-62963a22c503 | ITER: 6 START
2018-06-28 21:33:33.871 18407 INFO rally.task.runner [-] Task 3b7a8976-b2ca-41b4-988a-62963a22c503 | ITER: 8 START
2018-06-28 21:33:33.872 18405 INFO rally.task.runner [-] Task 3b7a8976-b2ca-41b4-988a-62963a22c503 | ITER: 9 START
2018-06-28 21:33:33.872 18402 INFO rally.task.runner [-] Task 3b7a8976-b2ca-41b4-988a-62963a22c503 | ITER: 7 START
2018-06-28 21:33:33.872 18412 INFO rally.task.runner [-] Task 3b7a8976-b2ca-41b4-988a-62963a22c503 | ITER: 10 START
2018-06-28 21:33:34.927 18400 INFO rally.task.runner [-] Task 3b7a8976-b2ca-41b4-988a-62963a22c503 | ITER: 6 END: OK
2018-06-28 21:33:34.934 18400 INFO rally.task.runner [-] Task 3b7a8976-b2ca-41b4-988a-62963a22c503 | ITER: 11 START
2018-06-28 21:33:34.976 18402 INFO rally.task.runner [-] Task 3b7a8976-b2ca-41b4-988a-62963a22c503 | ITER: 7 END: OK
2018-06-28 21:33:34.981 18402 INFO rally.task.runner [-] Task 3b7a8976-b2ca-41b4-988a-62963a22c503 | ITER: 12 START
2018-06-28 21:33:35.066 18399 INFO rally.task.runner [-] Task 3b7a8976-b2ca-41b4-988a-62963a22c503 | ITER: 5 END: OK
2018-06-28 21:33:35.072 18399 INFO rally.task.runner [-] Task 3b7a8976-b2ca-41b4-988a-62963a22c503 | ITER: 13 START
2018-06-28 21:33:35.133 18407 INFO rally.task.runner [-] Task 3b7a8976-b2ca-41b4-988a-62963a22c503 | ITER: 8 END: OK
2018-06-28 21:33:35.134 18398 INFO rally.task.runner [-] Task 3b7a8976-b2ca-41b4-988a-62963a22c503 | ITER: 4 END: OK
2018-06-28 21:33:35.137 18407 INFO rally.task.runner [-] Task 3b7a8976-b2ca-41b4-988a-62963a22c503 | ITER: 14 START
2018-06-28 21:33:35.138 18405 INFO rally.task.runner [-] Task 3b7a8976-b2ca-41b4-988a-62963a22c503 | ITER: 9 END: OK
2018-06-28 21:33:35.138 18398 INFO rally.task.runner [-] Task 3b7a8976-b2ca-41b4-988a-62963a22c503 | ITER: 15 START
2018-06-28 21:33:35.142 18405 INFO rally.task.runner [-] Task 3b7a8976-b2ca-41b4-988a-62963a22c503 | ITER: 16 START
2018-06-28 21:33:35.236 18397 INFO rally.task.runner [-] Task 3b7a8976-b2ca-41b4-988a-62963a22c503 | ITER: 3 END: OK
2018-06-28 21:33:35.242 18397 INFO rally.task.runner [-] Task 3b7a8976-b2ca-41b4-988a-62963a22c503 | ITER: 17 START
2018-06-28 21:33:35.242 18396 INFO rally.task.runner [-] Task 3b7a8976-b2ca-41b4-988a-62963a22c503 | ITER: 2 END: OK
2018-06-28 21:33:35.247 18396 INFO rally.task.runner [-] Task 3b7a8976-b2ca-41b4-988a-62963a22c503 | ITER: 18 START
2018-06-28 21:33:35.284 18395 INFO rally.task.runner [-] Task 3b7a8976-b2ca-41b4-988a-62963a22c503 | ITER: 1 END: OK
2018-06-28 21:33:35.289 18395 INFO rally.task.runner [-] Task 3b7a8976-b2ca-41b4-988a-62963a22c503 | ITER: 19 START
2018-06-28 21:33:35.425 18412 INFO rally.task.runner [-] Task 3b7a8976-b2ca-41b4-988a-62963a22c503 | ITER: 10 END: OK
2018-06-28 21:33:35.429 18412 INFO rally.task.runner [-] Task 3b7a8976-b2ca-41b4-988a-62963a22c503 | ITER: 20 START
2018-06-28 21:33:35.859 18400 INFO rally.task.runner [-] Task 3b7a8976-b2ca-41b4-988a-62963a22c503 | ITER: 11 END: OK
2018-06-28 21:33:35.864 18400 INFO rally.task.runner [-] Task 3b7a8976-b2ca-41b4-988a-62963a22c503 | ITER: 21 START
2018-06-28 21:33:35.981 18402 INFO rally.task.runner [-] Task 3b7a8976-b2ca-41b4-988a-62963a22c503 | ITER: 12 END: OK
2018-06-28 21:33:35.986 18402 INFO rally.task.runner [-] Task 3b7a8976-b2ca-41b4-988a-62963a22c503 | ITER: 22 START
2018-06-28 21:33:36.000 18398 INFO rally.task.runner [-] Task 3b7a8976-b2ca-41b4-988a-62963a22c503 | ITER: 15 END: OK
2018-06-28 21:33:36.005 18398 INFO rally.task.runner [-] Task 3b7a8976-b2ca-41b4-988a-62963a22c503 | ITER: 23 START
2018-06-28 21:33:36.124 18399 INFO rally.task.runner [-] Task 3b7a8976-b2ca-41b4-988a-62963a22c503 | ITER: 13 END: OK
2018-06-28 21:33:36.128 18399 INFO rally.task.runner [-] Task 3b7a8976-b2ca-41b4-988a-62963a22c503 | ITER: 24 START
2018-06-28 21:33:36.146 18405 INFO rally.task.runner [-] Task 3b7a8976-b2ca-41b4-988a-62963a22c503 | ITER: 16 END: OK
2018-06-28 21:33:36.150 18405 INFO rally.task.runner [-] Task 3b7a8976-b2ca-41b4-988a-62963a22c503 | ITER: 25 START
2018-06-28 21:33:36.209 18407 INFO rally.task.runner [-] Task 3b7a8976-b2ca-41b4-988a-62963a22c503 | ITER: 14 END: OK
2018-06-28 21:33:36.214 18407 INFO rally.task.runner [-] Task 3b7a8976-b2ca-41b4-988a-62963a22c503 | ITER: 26 START
2018-06-28 21:33:36.254 18396 INFO rally.task.runner [-] Task 3b7a8976-b2ca-41b4-988a-62963a22c503 | ITER: 18 END: OK
2018-06-28 21:33:36.259 18396 INFO rally.task.runner [-] Task 3b7a8976-b2ca-41b4-988a-62963a22c503 | ITER: 27 START
2018-06-28 21:33:36.381 18395 INFO rally.task.runner [-] Task 3b7a8976-b2ca-41b4-988a-62963a22c503 | ITER: 19 END: OK
2018-06-28 21:33:36.385 18395 INFO rally.task.runner [-] Task 3b7a8976-b2ca-41b4-988a-62963a22c503 | ITER: 28 START
2018-06-28 21:33:36.397 18397 INFO rally.task.runner [-] Task 3b7a8976-b2ca-41b4-988a-62963a22c503 | ITER: 17 END: OK
2018-06-28 21:33:36.402 18397 INFO rally.task.runner [-] Task 3b7a8976-b2ca-41b4-988a-62963a22c503 | ITER: 29 START
2018-06-28 21:33:36.410 18412 INFO rally.task.runner [-] Task 3b7a8976-b2ca-41b4-988a-62963a22c503 | ITER: 20 END: OK
2018-06-28 21:33:36.415 18412 INFO rally.task.runner [-] Task 3b7a8976-b2ca-41b4-988a-62963a22c503 | ITER: 30 START
2018-06-28 21:33:36.770 18400 INFO rally.task.runner [-] Task 3b7a8976-b2ca-41b4-988a-62963a22c503 | ITER: 21 END: OK
2018-06-28 21:33:36.775 18400 INFO rally.task.runner [-] Task 3b7a8976-b2ca-41b4-988a-62963a22c503 | ITER: 31 START
2018-06-28 21:33:36.983 18402 INFO rally.task.runner [-] Task 3b7a8976-b2ca-41b4-988a-62963a22c503 | ITER: 22 END: OK
2018-06-28 21:33:36.988 18402 INFO rally.task.runner [-] Task 3b7a8976-b2ca-41b4-988a-62963a22c503 | ITER: 32 START
2018-06-28 21:33:37.103 18398 INFO rally.task.runner [-] Task 3b7a8976-b2ca-41b4-988a-62963a22c503 | ITER: 23 END: OK
2018-06-28 21:33:37.108 18398 INFO rally.task.runner [-] Task 3b7a8976-b2ca-41b4-988a-62963a22c503 | ITER: 33 START
2018-06-28 21:33:37.252 18405 INFO rally.task.runner [-] Task 3b7a8976-b2ca-41b4-988a-62963a22c503 | ITER: 25 END: OK
2018-06-28 21:33:37.257 18405 INFO rally.task.runner [-] Task 3b7a8976-b2ca-41b4-988a-62963a22c503 | ITER: 34 START
2018-06-28 21:33:37.353 18396 INFO rally.task.runner [-] Task 3b7a8976-b2ca-41b4-988a-62963a22c503 | ITER: 27 END: OK
2018-06-28 21:33:37.359 18396 INFO rally.task.runner [-] Task 3b7a8976-b2ca-41b4-988a-62963a22c503 | ITER: 35 START
2018-06-28 21:33:37.373 18399 INFO rally.task.runner [-] Task 3b7a8976-b2ca-41b4-988a-62963a22c503 | ITER: 24 END: OK
2018-06-28 21:33:37.377 18399 INFO rally.task.runner [-] Task 3b7a8976-b2ca-41b4-988a-62963a22c503 | ITER: 36 START
2018-06-28 21:33:37.553 18412 INFO rally.task.runner [-] Task 3b7a8976-b2ca-41b4-988a-62963a22c503 | ITER: 30 END: OK
2018-06-28 21:33:37.558 18412 INFO rally.task.runner [-] Task 3b7a8976-b2ca-41b4-988a-62963a22c503 | ITER: 37 START
2018-06-28 21:33:37.559 18395 INFO rally.task.runner [-] Task 3b7a8976-b2ca-41b4-988a-62963a22c503 | ITER: 28 END: OK
2018-06-28 21:33:37.564 18395 INFO rally.task.runner [-] Task 3b7a8976-b2ca-41b4-988a-62963a22c503 | ITER: 38 START
2018-06-28 21:33:37.604 18397 INFO rally.task.runner [-] Task 3b7a8976-b2ca-41b4-988a-62963a22c503 | ITER: 29 END: OK
2018-06-28 21:33:37.609 18397 INFO rally.task.runner [-] Task 3b7a8976-b2ca-41b4-988a-62963a22c503 | ITER: 39 START
2018-06-28 21:33:37.659 18407 INFO rally.task.runner [-] Task 3b7a8976-b2ca-41b4-988a-62963a22c503 | ITER: 26 END: OK
2018-06-28 21:33:37.664 18407 INFO rally.task.runner [-] Task 3b7a8976-b2ca-41b4-988a-62963a22c503 | ITER: 40 START
2018-06-28 21:33:37.973 18402 INFO rally.task.runner [-] Task 3b7a8976-b2ca-41b4-988a-62963a22c503 | ITER: 32 END: OK
2018-06-28 21:33:37.979 18402 INFO rally.task.runner [-] Task 3b7a8976-b2ca-41b4-988a-62963a22c503 | ITER: 41 START
2018-06-28 21:33:38.120 18400 INFO rally.task.runner [-] Task 3b7a8976-b2ca-41b4-988a-62963a22c503 | ITER: 31 END: OK
2018-06-28 21:33:38.125 18400 INFO rally.task.runner [-] Task 3b7a8976-b2ca-41b4-988a-62963a22c503 | ITER: 42 START
2018-06-28 21:33:38.296 18405 INFO rally.task.runner [-] Task 3b7a8976-b2ca-41b4-988a-62963a22c503 | ITER: 34 END: OK
2018-06-28 21:33:38.302 18405 INFO rally.task.runner [-] Task 3b7a8976-b2ca-41b4-988a-62963a22c503 | ITER: 43 START
2018-06-28 21:33:38.364 18398 INFO rally.task.runner [-] Task 3b7a8976-b2ca-41b4-988a-62963a22c503 | ITER: 33 END: OK
2018-06-28 21:33:38.368 18398 INFO rally.task.runner [-] Task 3b7a8976-b2ca-41b4-988a-62963a22c503 | ITER: 44 START
2018-06-28 21:33:38.421 18396 INFO rally.task.runner [-] Task 3b7a8976-b2ca-41b4-988a-62963a22c503 | ITER: 35 END: OK
2018-06-28 21:33:38.426 18396 INFO rally.task.runner [-] Task 3b7a8976-b2ca-41b4-988a-62963a22c503 | ITER: 45 START
2018-06-28 21:33:38.576 18399 INFO rally.task.runner [-] Task 3b7a8976-b2ca-41b4-988a-62963a22c503 | ITER: 36 END: OK
2018-06-28 21:33:38.581 18399 INFO rally.task.runner [-] Task 3b7a8976-b2ca-41b4-988a-62963a22c503 | ITER: 46 START
2018-06-28 21:33:38.667 18395 INFO rally.task.runner [-] Task 3b7a8976-b2ca-41b4-988a-62963a22c503 | ITER: 38 END: OK
2018-06-28 21:33:38.672 18395 INFO rally.task.runner [-] Task 3b7a8976-b2ca-41b4-988a-62963a22c503 | ITER: 47 START
2018-06-28 21:33:38.678 18412 INFO rally.task.runner [-] Task 3b7a8976-b2ca-41b4-988a-62963a22c503 | ITER: 37 END: OK
2018-06-28 21:33:38.682 18412 INFO rally.task.runner [-] Task 3b7a8976-b2ca-41b4-988a-62963a22c503 | ITER: 48 START
2018-06-28 21:33:38.864 18397 INFO rally.task.runner [-] Task 3b7a8976-b2ca-41b4-988a-62963a22c503 | ITER: 39 END: OK
2018-06-28 21:33:38.869 18397 INFO rally.task.runner [-] Task 3b7a8976-b2ca-41b4-988a-62963a22c503 | ITER: 49 START
2018-06-28 21:33:38.921 18407 INFO rally.task.runner [-] Task 3b7a8976-b2ca-41b4-988a-62963a22c503 | ITER: 40 END: OK
2018-06-28 21:33:38.926 18407 INFO rally.task.runner [-] Task 3b7a8976-b2ca-41b4-988a-62963a22c503 | ITER: 50 START
2018-06-28 21:33:39.246 18402 INFO rally.task.runner [-] Task 3b7a8976-b2ca-41b4-988a-62963a22c503 | ITER: 41 END: OK
2018-06-28 21:33:39.251 18402 INFO rally.task.runner [-] Task 3b7a8976-b2ca-41b4-988a-62963a22c503 | ITER: 51 START
2018-06-28 21:33:39.254 18400 INFO rally.task.runner [-] Task 3b7a8976-b2ca-41b4-988a-62963a22c503 | ITER: 42 END: OK
2018-06-28 21:33:39.259 18400 INFO rally.task.runner [-] Task 3b7a8976-b2ca-41b4-988a-62963a22c503 | ITER: 52 START
2018-06-28 21:33:39.380 18405 INFO rally.task.runner [-] Task 3b7a8976-b2ca-41b4-988a-62963a22c503 | ITER: 43 END: OK
2018-06-28 21:33:39.384 18405 INFO rally.task.runner [-] Task 3b7a8976-b2ca-41b4-988a-62963a22c503 | ITER: 53 START
2018-06-28 21:33:39.532 18396 INFO rally.task.runner [-] Task 3b7a8976-b2ca-41b4-988a-62963a22c503 | ITER: 45 END: OK
2018-06-28 21:33:39.537 18396 INFO rally.task.runner [-] Task 3b7a8976-b2ca-41b4-988a-62963a22c503 | ITER: 54 START
2018-06-28 21:33:39.554 18398 INFO rally.task.runner [-] Task 3b7a8976-b2ca-41b4-988a-62963a22c503 | ITER: 44 END: OK
2018-06-28 21:33:39.558 18398 INFO rally.task.runner [-] Task 3b7a8976-b2ca-41b4-988a-62963a22c503 | ITER: 55 START
2018-06-28 21:33:39.837 18395 INFO rally.task.runner [-] Task 3b7a8976-b2ca-41b4-988a-62963a22c503 | ITER: 47 END: OK
2018-06-28 21:33:39.842 18395 INFO rally.task.runner [-] Task 3b7a8976-b2ca-41b4-988a-62963a22c503 | ITER: 56 START
2018-06-28 21:33:39.855 18412 INFO rally.task.runner [-] Task 3b7a8976-b2ca-41b4-988a-62963a22c503 | ITER: 48 END: OK
2018-06-28 21:33:39.859 18412 INFO rally.task.runner [-] Task 3b7a8976-b2ca-41b4-988a-62963a22c503 | ITER: 57 START
2018-06-28 21:33:39.881 18399 INFO rally.task.runner [-] Task 3b7a8976-b2ca-41b4-988a-62963a22c503 | ITER: 46 END: OK
2018-06-28 21:33:39.885 18399 INFO rally.task.runner [-] Task 3b7a8976-b2ca-41b4-988a-62963a22c503 | ITER: 58 START
2018-06-28 21:33:40.086 18407 INFO rally.task.runner [-] Task 3b7a8976-b2ca-41b4-988a-62963a22c503 | ITER: 50 END: OK
2018-06-28 21:33:40.092 18407 INFO rally.task.runner [-] Task 3b7a8976-b2ca-41b4-988a-62963a22c503 | ITER: 59 START
2018-06-28 21:33:40.338 18402 INFO rally.task.runner [-] Task 3b7a8976-b2ca-41b4-988a-62963a22c503 | ITER: 51 END: OK
2018-06-28 21:33:40.343 18402 INFO rally.task.runner [-] Task 3b7a8976-b2ca-41b4-988a-62963a22c503 | ITER: 60 START
2018-06-28 21:33:40.347 18397 INFO rally.task.runner [-] Task 3b7a8976-b2ca-41b4-988a-62963a22c503 | ITER: 49 END: OK
2018-06-28 21:33:40.353 18397 INFO rally.task.runner [-] Task 3b7a8976-b2ca-41b4-988a-62963a22c503 | ITER: 61 START
2018-06-28 21:33:40.817 18396 INFO rally.task.runner [-] Task 3b7a8976-b2ca-41b4-988a-62963a22c503 | ITER: 54 END: OK
2018-06-28 21:33:40.822 18396 INFO rally.task.runner [-] Task 3b7a8976-b2ca-41b4-988a-62963a22c503 | ITER: 62 START
2018-06-28 21:33:40.850 18400 INFO rally.task.runner [-] Task 3b7a8976-b2ca-41b4-988a-62963a22c503 | ITER: 52 END: OK
2018-06-28 21:33:40.855 18400 INFO rally.task.runner [-] Task 3b7a8976-b2ca-41b4-988a-62963a22c503 | ITER: 63 START
2018-06-28 21:33:40.932 18398 INFO rally.task.runner [-] Task 3b7a8976-b2ca-41b4-988a-62963a22c503 | ITER: 55 END: OK
2018-06-28 21:33:40.938 18398 INFO rally.task.runner [-] Task 3b7a8976-b2ca-41b4-988a-62963a22c503 | ITER: 64 START
2018-06-28 21:33:41.118 18412 INFO rally.task.runner [-] Task 3b7a8976-b2ca-41b4-988a-62963a22c503 | ITER: 57 END: OK
2018-06-28 21:33:41.123 18412 INFO rally.task.runner [-] Task 3b7a8976-b2ca-41b4-988a-62963a22c503 | ITER: 65 START
2018-06-28 21:33:41.129 18395 INFO rally.task.runner [-] Task 3b7a8976-b2ca-41b4-988a-62963a22c503 | ITER: 56 END: OK
2018-06-28 21:33:41.133 18395 INFO rally.task.runner [-] Task 3b7a8976-b2ca-41b4-988a-62963a22c503 | ITER: 66 START
2018-06-28 21:33:41.168 18399 INFO rally.task.runner [-] Task 3b7a8976-b2ca-41b4-988a-62963a22c503 | ITER: 58 END: OK
2018-06-28 21:33:41.173 18399 INFO rally.task.runner [-] Task 3b7a8976-b2ca-41b4-988a-62963a22c503 | ITER: 67 START
2018-06-28 21:33:41.326 18407 INFO rally.task.runner [-] Task 3b7a8976-b2ca-41b4-988a-62963a22c503 | ITER: 59 END: OK
2018-06-28 21:33:41.331 18407 INFO rally.task.runner [-] Task 3b7a8976-b2ca-41b4-988a-62963a22c503 | ITER: 68 START
2018-06-28 21:33:41.391 18405 INFO rally.task.runner [-] Task 3b7a8976-b2ca-41b4-988a-62963a22c503 | ITER: 53 END: OK
2018-06-28 21:33:41.396 18405 INFO rally.task.runner [-] Task 3b7a8976-b2ca-41b4-988a-62963a22c503 | ITER: 69 START
2018-06-28 21:33:41.562 18402 INFO rally.task.runner [-] Task 3b7a8976-b2ca-41b4-988a-62963a22c503 | ITER: 60 END: OK
2018-06-28 21:33:41.567 18402 INFO rally.task.runner [-] Task 3b7a8976-b2ca-41b4-988a-62963a22c503 | ITER: 70 START
2018-06-28 21:33:41.628 18397 INFO rally.task.runner [-] Task 3b7a8976-b2ca-41b4-988a-62963a22c503 | ITER: 61 END: OK
2018-06-28 21:33:41.632 18397 INFO rally.task.runner [-] Task 3b7a8976-b2ca-41b4-988a-62963a22c503 | ITER: 71 START
2018-06-28 21:33:41.968 18400 INFO rally.task.runner [-] Task 3b7a8976-b2ca-41b4-988a-62963a22c503 | ITER: 63 END: OK
2018-06-28 21:33:41.972 18400 INFO rally.task.runner [-] Task 3b7a8976-b2ca-41b4-988a-62963a22c503 | ITER: 72 START
2018-06-28 21:33:42.045 18396 INFO rally.task.runner [-] Task 3b7a8976-b2ca-41b4-988a-62963a22c503 | ITER: 62 END: OK
2018-06-28 21:33:42.049 18396 INFO rally.task.runner [-] Task 3b7a8976-b2ca-41b4-988a-62963a22c503 | ITER: 73 START
2018-06-28 21:33:42.296 18412 INFO rally.task.runner [-] Task 3b7a8976-b2ca-41b4-988a-62963a22c503 | ITER: 65 END: OK
2018-06-28 21:33:42.302 18412 INFO rally.task.runner [-] Task 3b7a8976-b2ca-41b4-988a-62963a22c503 | ITER: 74 START
2018-06-28 21:33:42.332 18398 INFO rally.task.runner [-] Task 3b7a8976-b2ca-41b4-988a-62963a22c503 | ITER: 64 END: OK
2018-06-28 21:33:42.336 18398 INFO rally.task.runner [-] Task 3b7a8976-b2ca-41b4-988a-62963a22c503 | ITER: 75 START
2018-06-28 21:33:42.579 18407 INFO rally.task.runner [-] Task 3b7a8976-b2ca-41b4-988a-62963a22c503 | ITER: 68 END: OK
2018-06-28 21:33:42.583 18407 INFO rally.task.runner [-] Task 3b7a8976-b2ca-41b4-988a-62963a22c503 | ITER: 76 START
2018-06-28 21:33:42.703 18399 INFO rally.task.runner [-] Task 3b7a8976-b2ca-41b4-988a-62963a22c503 | ITER: 67 END: OK
2018-06-28 21:33:42.708 18399 INFO rally.task.runner [-] Task 3b7a8976-b2ca-41b4-988a-62963a22c503 | ITER: 77 START
2018-06-28 21:33:42.785 18405 INFO rally.task.runner [-] Task 3b7a8976-b2ca-41b4-988a-62963a22c503 | ITER: 69 END: OK
2018-06-28 21:33:42.790 18405 INFO rally.task.runner [-] Task 3b7a8976-b2ca-41b4-988a-62963a22c503 | ITER: 78 START
2018-06-28 21:33:42.984 18402 INFO rally.task.runner [-] Task 3b7a8976-b2ca-41b4-988a-62963a22c503 | ITER: 70 END: OK
2018-06-28 21:33:42.990 18402 INFO rally.task.runner [-] Task 3b7a8976-b2ca-41b4-988a-62963a22c503 | ITER: 79 START
2018-06-28 21:33:43.307 18396 INFO rally.task.runner [-] Task 3b7a8976-b2ca-41b4-988a-62963a22c503 | ITER: 73 END: OK
2018-06-28 21:33:43.312 18396 INFO rally.task.runner [-] Task 3b7a8976-b2ca-41b4-988a-62963a22c503 | ITER: 80 START
2018-06-28 21:33:43.318 18395 INFO rally.task.runner [-] Task 3b7a8976-b2ca-41b4-988a-62963a22c503 | ITER: 66 END: OK
2018-06-28 21:33:43.323 18395 INFO rally.task.runner [-] Task 3b7a8976-b2ca-41b4-988a-62963a22c503 | ITER: 81 START
2018-06-28 21:33:43.360 18400 INFO rally.task.runner [-] Task 3b7a8976-b2ca-41b4-988a-62963a22c503 | ITER: 72 END: OK
2018-06-28 21:33:43.365 18400 INFO rally.task.runner [-] Task 3b7a8976-b2ca-41b4-988a-62963a22c503 | ITER: 82 START
2018-06-28 21:33:43.557 18412 INFO rally.task.runner [-] Task 3b7a8976-b2ca-41b4-988a-62963a22c503 | ITER: 74 END: OK
2018-06-28 21:33:43.562 18412 INFO rally.task.runner [-] Task 3b7a8976-b2ca-41b4-988a-62963a22c503 | ITER: 83 START
2018-06-28 21:33:43.884 18399 INFO rally.task.runner [-] Task 3b7a8976-b2ca-41b4-988a-62963a22c503 | ITER: 77 END: OK
2018-06-28 21:33:43.889 18399 INFO rally.task.runner [-] Task 3b7a8976-b2ca-41b4-988a-62963a22c503 | ITER: 84 START
2018-06-28 21:33:43.935 18407 INFO rally.task.runner [-] Task 3b7a8976-b2ca-41b4-988a-62963a22c503 | ITER: 76 END: OK
2018-06-28 21:33:43.938 18397 INFO rally.task.runner [-] Task 3b7a8976-b2ca-41b4-988a-62963a22c503 | ITER: 71 END: OK
2018-06-28 21:33:43.940 18407 INFO rally.task.runner [-] Task 3b7a8976-b2ca-41b4-988a-62963a22c503 | ITER: 85 START
2018-06-28 21:33:43.943 18397 INFO rally.task.runner [-] Task 3b7a8976-b2ca-41b4-988a-62963a22c503 | ITER: 86 START
2018-06-28 21:33:44.332 18402 INFO rally.task.runner [-] Task 3b7a8976-b2ca-41b4-988a-62963a22c503 | ITER: 79 END: OK
2018-06-28 21:33:44.336 18402 INFO rally.task.runner [-] Task 3b7a8976-b2ca-41b4-988a-62963a22c503 | ITER: 87 START
2018-06-28 21:33:44.612 18405 INFO rally.task.runner [-] Task 3b7a8976-b2ca-41b4-988a-62963a22c503 | ITER: 78 END: OK
2018-06-28 21:33:44.614 18395 INFO rally.task.runner [-] Task 3b7a8976-b2ca-41b4-988a-62963a22c503 | ITER: 81 END: OK
2018-06-28 21:33:44.616 18398 INFO rally.task.runner [-] Task 3b7a8976-b2ca-41b4-988a-62963a22c503 | ITER: 75 END: OK
2018-06-28 21:33:44.617 18405 INFO rally.task.runner [-] Task 3b7a8976-b2ca-41b4-988a-62963a22c503 | ITER: 88 START
2018-06-28 21:33:44.619 18395 INFO rally.task.runner [-] Task 3b7a8976-b2ca-41b4-988a-62963a22c503 | ITER: 89 START
2018-06-28 21:33:44.622 18398 INFO rally.task.runner [-] Task 3b7a8976-b2ca-41b4-988a-62963a22c503 | ITER: 90 START
2018-06-28 21:33:44.695 18400 INFO rally.task.runner [-] Task 3b7a8976-b2ca-41b4-988a-62963a22c503 | ITER: 82 END: OK
2018-06-28 21:33:44.699 18400 INFO rally.task.runner [-] Task 3b7a8976-b2ca-41b4-988a-62963a22c503 | ITER: 91 START
2018-06-28 21:33:44.747 18396 INFO rally.task.runner [-] Task 3b7a8976-b2ca-41b4-988a-62963a22c503 | ITER: 80 END: OK
2018-06-28 21:33:44.751 18396 INFO rally.task.runner [-] Task 3b7a8976-b2ca-41b4-988a-62963a22c503 | ITER: 92 START
2018-06-28 21:33:45.046 18412 INFO rally.task.runner [-] Task 3b7a8976-b2ca-41b4-988a-62963a22c503 | ITER: 83 END: OK
2018-06-28 21:33:45.051 18412 INFO rally.task.runner [-] Task 3b7a8976-b2ca-41b4-988a-62963a22c503 | ITER: 93 START
2018-06-28 21:33:45.250 18407 INFO rally.task.runner [-] Task 3b7a8976-b2ca-41b4-988a-62963a22c503 | ITER: 85 END: OK
2018-06-28 21:33:45.254 18407 INFO rally.task.runner [-] Task 3b7a8976-b2ca-41b4-988a-62963a22c503 | ITER: 94 START
2018-06-28 21:33:45.322 18399 INFO rally.task.runner [-] Task 3b7a8976-b2ca-41b4-988a-62963a22c503 | ITER: 84 END: OK
2018-06-28 21:33:45.327 18399 INFO rally.task.runner [-] Task 3b7a8976-b2ca-41b4-988a-62963a22c503 | ITER: 95 START
2018-06-28 21:33:45.575 18397 INFO rally.task.runner [-] Task 3b7a8976-b2ca-41b4-988a-62963a22c503 | ITER: 86 END: OK
2018-06-28 21:33:45.580 18397 INFO rally.task.runner [-] Task 3b7a8976-b2ca-41b4-988a-62963a22c503 | ITER: 96 START
2018-06-28 21:33:45.770 18402 INFO rally.task.runner [-] Task 3b7a8976-b2ca-41b4-988a-62963a22c503 | ITER: 87 END: OK
2018-06-28 21:33:45.775 18402 INFO rally.task.runner [-] Task 3b7a8976-b2ca-41b4-988a-62963a22c503 | ITER: 97 START
2018-06-28 21:33:46.045 18405 INFO rally.task.runner [-] Task 3b7a8976-b2ca-41b4-988a-62963a22c503 | ITER: 88 END: OK
2018-06-28 21:33:46.051 18405 INFO rally.task.runner [-] Task 3b7a8976-b2ca-41b4-988a-62963a22c503 | ITER: 98 START
2018-06-28 21:33:46.069 18395 INFO rally.task.runner [-] Task 3b7a8976-b2ca-41b4-988a-62963a22c503 | ITER: 89 END: OK
2018-06-28 21:33:46.075 18395 INFO rally.task.runner [-] Task 3b7a8976-b2ca-41b4-988a-62963a22c503 | ITER: 99 START
2018-06-28 21:33:46.100 18398 INFO rally.task.runner [-] Task 3b7a8976-b2ca-41b4-988a-62963a22c503 | ITER: 90 END: OK
2018-06-28 21:33:46.105 18398 INFO rally.task.runner [-] Task 3b7a8976-b2ca-41b4-988a-62963a22c503 | ITER: 100 START
2018-06-28 21:33:46.388 18396 INFO rally.task.runner [-] Task 3b7a8976-b2ca-41b4-988a-62963a22c503 | ITER: 92 END: OK
2018-06-28 21:33:46.702 18399 INFO rally.task.runner [-] Task 3b7a8976-b2ca-41b4-988a-62963a22c503 | ITER: 95 END: OK
2018-06-28 21:33:46.772 18407 INFO rally.task.runner [-] Task 3b7a8976-b2ca-41b4-988a-62963a22c503 | ITER: 94 END: OK
2018-06-28 21:33:46.795 18400 INFO rally.task.runner [-] Task 3b7a8976-b2ca-41b4-988a-62963a22c503 | ITER: 91 END: OK
2018-06-28 21:33:47.217 18412 INFO rally.task.runner [-] Task 3b7a8976-b2ca-41b4-988a-62963a22c503 | ITER: 93 END: OK
2018-06-28 21:33:47.331 18398 INFO rally.task.runner [-] Task 3b7a8976-b2ca-41b4-988a-62963a22c503 | ITER: 100 END: OK
2018-06-28 21:33:47.336 18402 INFO rally.task.runner [-] Task 3b7a8976-b2ca-41b4-988a-62963a22c503 | ITER: 97 END: OK
2018-06-28 21:33:47.506 18395 INFO rally.task.runner [-] Task 3b7a8976-b2ca-41b4-988a-62963a22c503 | ITER: 99 END: OK
2018-06-28 21:33:47.628 18397 INFO rally.task.runner [-] Task 3b7a8976-b2ca-41b4-988a-62963a22c503 | ITER: 96 END: OK
2018-06-28 21:33:48.209 18405 INFO rally.task.runner [-] Task 3b7a8976-b2ca-41b4-988a-62963a22c503 | ITER: 98 END: OK
2018-06-28 21:33:48.230 18149 INFO rally.task.context [-] Task 3b7a8976-b2ca-41b4-988a-62963a22c503 | Context cleanup@openstack cleanup() started
2018-06-28 21:34:18.436 18149 INFO rally.task.context [-] Task 3b7a8976-b2ca-41b4-988a-62963a22c503 | Context cleanup@openstack cleanup() finished in 30.21 sec
2018-06-28 21:34:18.437 18149 INFO rally.task.context [-] Task 3b7a8976-b2ca-41b4-988a-62963a22c503 | Context quotas@openstack cleanup() started
2018-06-28 21:34:18.513 18149 INFO rally.task.context [-] Task 3b7a8976-b2ca-41b4-988a-62963a22c503 | Context quotas@openstack cleanup() finished in 76.34 msec
2018-06-28 21:34:18.514 18149 INFO rally.task.context [-] Task 3b7a8976-b2ca-41b4-988a-62963a22c503 | Context users@openstack cleanup() started
2018-06-28 21:34:23.288 18149 INFO rally.task.context [-] Task 3b7a8976-b2ca-41b4-988a-62963a22c503 | Context users@openstack cleanup() finished in 4.77 sec
2018-06-28 21:34:24.824 18149 INFO rally.task.engine [-] Load duration is: 14.347586
2018-06-28 21:34:24.825 18149 INFO rally.task.engine [-] Full runner duration is: 14.39897
2018-06-28 21:34:24.825 18149 INFO rally.task.engine [-] Full duration is: 52.886945
2018-06-28 21:34:25.009 18149 INFO rally.task.engine [-] Running workload: 
  position = 0
  config = {
   "version": 2, 
   "title": "A cropped version of a bigger task.", 
   "description": "Auto-generated task from a single workload (uuid=09351d3d-b1b7-4511-ac1b-9598fe2d7064)", 
   "subtasks": [
      {
         "title": "NeutronNetworks.create_and_list_networks", 
         "description": "Create a network and then list all networks.", 
         "scenario": {
            "NeutronNetworks.create_and_list_networks": {
               "network_create_args": {
                  "provider:network_type": "vxlan"
               }
            }
         }, 
         "contexts": {
            "users": {
               "tenants": 3, 
               "users_per_tenant": 3
            }, 
            "quotas": {
               "neutron": {
                  "network": -1
               }
            }, 
            "roles": [
               "admin"
            ]
         }, 
         "runner": {
            "constant": {
               "times": 100, 
               "concurrency": 10
            }
         }, 
         "hooks": [], 
         "sla": {
            "failure_rate": {
               "max": 0
            }
         }
      }
   ]
}
2018-06-28 21:34:27.942 18149 INFO rally.task.context [-] Task 3b7a8976-b2ca-41b4-988a-62963a22c503 | Context users@openstack setup()  finished in 2.90 sec
2018-06-28 21:34:28.532 18149 INFO rally.task.context [-] Task 3b7a8976-b2ca-41b4-988a-62963a22c503 | Context quotas@openstack setup()  finished in 0.59 sec
2018-06-28 21:34:37.822 18149 INFO rally.task.context [-] Task 3b7a8976-b2ca-41b4-988a-62963a22c503 | Context roles@openstack setup()  finished in 9.29 sec
2018-06-28 21:34:37.823 18149 INFO rally.task.context [-] Task 3b7a8976-b2ca-41b4-988a-62963a22c503 | Context cleanup@openstack setup()  finished in 0.01 msec
