2018-04-26 00:44:23.596 24004 INFO rally.task.runner [-] Task 18e2093a-33e6-49f4-9837-2659309a8f73 | ITER: 21 START
2018-04-26 00:44:35.005 24005 INFO rally.task.runner [-] Task 18e2093a-33e6-49f4-9837-2659309a8f73 | ITER: 17 END: OK
2018-04-26 00:44:35.010 24005 INFO rally.task.runner [-] Task 18e2093a-33e6-49f4-9837-2659309a8f73 | ITER: 22 START
2018-04-26 00:44:46.022 24009 INFO rally.task.runner [-] Task 18e2093a-33e6-49f4-9837-2659309a8f73 | ITER: 18 END: OK
2018-04-26 00:44:46.026 24009 INFO rally.task.runner [-] Task 18e2093a-33e6-49f4-9837-2659309a8f73 | ITER: 23 START
2018-04-26 00:45:04.469 24006 INFO rally.task.runner [-] Task 18e2093a-33e6-49f4-9837-2659309a8f73 | ITER: 20 END: OK
2018-04-26 00:45:04.473 24006 INFO rally.task.runner [-] Task 18e2093a-33e6-49f4-9837-2659309a8f73 | ITER: 24 START
2018-04-26 00:45:04.473 24012 INFO rally.task.runner [-] Task 18e2093a-33e6-49f4-9837-2659309a8f73 | ITER: 19 END: OK
2018-04-26 00:45:04.476 24012 INFO rally.task.runner [-] Task 18e2093a-33e6-49f4-9837-2659309a8f73 | ITER: 25 START
2018-04-26 00:45:05.715 24004 INFO rally.task.runner [-] Task 18e2093a-33e6-49f4-9837-2659309a8f73 | ITER: 21 END: OK
2018-04-26 00:45:05.719 24004 INFO rally.task.runner [-] Task 18e2093a-33e6-49f4-9837-2659309a8f73 | ITER: 26 START
2018-04-26 00:45:19.551 24005 INFO rally.task.runner [-] Task 18e2093a-33e6-49f4-9837-2659309a8f73 | ITER: 22 END: OK
2018-04-26 00:45:19.556 24005 INFO rally.task.runner [-] Task 18e2093a-33e6-49f4-9837-2659309a8f73 | ITER: 27 START
2018-04-26 00:45:34.724 24009 INFO rally.task.runner [-] Task 18e2093a-33e6-49f4-9837-2659309a8f73 | ITER: 23 END: OK
2018-04-26 00:45:34.728 24009 INFO rally.task.runner [-] Task 18e2093a-33e6-49f4-9837-2659309a8f73 | ITER: 28 START
2018-04-26 00:45:52.112 24006 INFO rally.task.runner [-] Task 18e2093a-33e6-49f4-9837-2659309a8f73 | ITER: 24 END: OK
2018-04-26 00:45:52.114 24006 INFO rally.task.runner [-] Task 18e2093a-33e6-49f4-9837-2659309a8f73 | ITER: 29 START
2018-04-26 00:46:08.002 24005 INFO rally.task.runner [-] Task 18e2093a-33e6-49f4-9837-2659309a8f73 | ITER: 27 END: OK
2018-04-26 00:46:08.006 24005 INFO rally.task.runner [-] Task 18e2093a-33e6-49f4-9837-2659309a8f73 | ITER: 30 START
2018-04-26 00:46:14.307 24012 INFO rally.task.runner [-] Task 18e2093a-33e6-49f4-9837-2659309a8f73 | ITER: 25 END: OK
2018-04-26 00:46:14.311 24012 INFO rally.task.runner [-] Task 18e2093a-33e6-49f4-9837-2659309a8f73 | ITER: 31 START
2018-04-26 00:46:25.461 24004 INFO rally.task.runner [-] Task 18e2093a-33e6-49f4-9837-2659309a8f73 | ITER: 26 END: OK
2018-04-26 00:46:25.465 24004 INFO rally.task.runner [-] Task 18e2093a-33e6-49f4-9837-2659309a8f73 | ITER: 32 START
2018-04-26 00:46:29.289 24009 INFO rally.task.runner [-] Task 18e2093a-33e6-49f4-9837-2659309a8f73 | ITER: 28 END: OK
2018-04-26 00:46:29.293 24009 INFO rally.task.runner [-] Task 18e2093a-33e6-49f4-9837-2659309a8f73 | ITER: 33 START
2018-04-26 00:46:42.749 24006 INFO rally.task.runner [-] Task 18e2093a-33e6-49f4-9837-2659309a8f73 | ITER: 29 END: OK
2018-04-26 00:46:42.753 24006 INFO rally.task.runner [-] Task 18e2093a-33e6-49f4-9837-2659309a8f73 | ITER: 34 START
2018-04-26 00:46:52.753 24005 INFO rally.task.runner [-] Task 18e2093a-33e6-49f4-9837-2659309a8f73 | ITER: 30 END: OK
2018-04-26 00:46:52.758 24005 INFO rally.task.runner [-] Task 18e2093a-33e6-49f4-9837-2659309a8f73 | ITER: 35 START
2018-04-26 00:47:08.279 24004 INFO rally.task.runner [-] Task 18e2093a-33e6-49f4-9837-2659309a8f73 | ITER: 32 END: OK
2018-04-26 00:47:08.284 24004 INFO rally.task.runner [-] Task 18e2093a-33e6-49f4-9837-2659309a8f73 | ITER: 36 START
2018-04-26 00:47:15.499 24009 INFO rally.task.runner [-] Task 18e2093a-33e6-49f4-9837-2659309a8f73 | ITER: 33 END: OK
2018-04-26 00:47:15.504 24009 INFO rally.task.runner [-] Task 18e2093a-33e6-49f4-9837-2659309a8f73 | ITER: 37 START
2018-04-26 00:47:17.712 24012 INFO rally.task.runner [-] Task 18e2093a-33e6-49f4-9837-2659309a8f73 | ITER: 31 END: OK
2018-04-26 00:47:17.716 24012 INFO rally.task.runner [-] Task 18e2093a-33e6-49f4-9837-2659309a8f73 | ITER: 38 START
2018-04-26 00:47:25.684 24006 INFO rally.task.runner [-] Task 18e2093a-33e6-49f4-9837-2659309a8f73 | ITER: 34 END: OK
2018-04-26 00:47:25.689 24006 INFO rally.task.runner [-] Task 18e2093a-33e6-49f4-9837-2659309a8f73 | ITER: 39 START
2018-04-26 00:47:35.539 24005 INFO rally.task.runner [-] Task 18e2093a-33e6-49f4-9837-2659309a8f73 | ITER: 35 END: OK
2018-04-26 00:47:35.544 24005 INFO rally.task.runner [-] Task 18e2093a-33e6-49f4-9837-2659309a8f73 | ITER: 40 START
2018-04-26 00:47:56.554 24004 INFO rally.task.runner [-] Task 18e2093a-33e6-49f4-9837-2659309a8f73 | ITER: 36 END: OK
2018-04-26 00:47:56.557 24004 INFO rally.task.runner [-] Task 18e2093a-33e6-49f4-9837-2659309a8f73 | ITER: 41 START
2018-04-26 00:47:58.295 24009 INFO rally.task.runner [-] Task 18e2093a-33e6-49f4-9837-2659309a8f73 | ITER: 37 END: OK
2018-04-26 00:47:58.299 24009 INFO rally.task.runner [-] Task 18e2093a-33e6-49f4-9837-2659309a8f73 | ITER: 42 START
2018-04-26 00:48:05.774 24006 INFO rally.task.runner [-] Task 18e2093a-33e6-49f4-9837-2659309a8f73 | ITER: 39 END: OK
2018-04-26 00:48:05.778 24006 INFO rally.task.runner [-] Task 18e2093a-33e6-49f4-9837-2659309a8f73 | ITER: 43 START
2018-04-26 00:48:18.546 24012 INFO rally.task.runner [-] Task 18e2093a-33e6-49f4-9837-2659309a8f73 | ITER: 38 END: OK
2018-04-26 00:48:18.549 24012 INFO rally.task.runner [-] Task 18e2093a-33e6-49f4-9837-2659309a8f73 | ITER: 44 START
2018-04-26 00:48:24.460 24005 INFO rally.task.runner [-] Task 18e2093a-33e6-49f4-9837-2659309a8f73 | ITER: 40 END: OK
2018-04-26 00:48:24.464 24005 INFO rally.task.runner [-] Task 18e2093a-33e6-49f4-9837-2659309a8f73 | ITER: 45 START
2018-04-26 00:48:45.688 24004 INFO rally.task.runner [-] Task 18e2093a-33e6-49f4-9837-2659309a8f73 | ITER: 41 END: OK
2018-04-26 00:48:45.692 24004 INFO rally.task.runner [-] Task 18e2093a-33e6-49f4-9837-2659309a8f73 | ITER: 46 START
2018-04-26 00:49:02.007 24009 INFO rally.task.runner [-] Task 18e2093a-33e6-49f4-9837-2659309a8f73 | ITER: 42 END: OK
2018-04-26 00:49:02.010 24009 INFO rally.task.runner [-] Task 18e2093a-33e6-49f4-9837-2659309a8f73 | ITER: 47 START
2018-04-26 00:49:11.144 24012 INFO rally.task.runner [-] Task 18e2093a-33e6-49f4-9837-2659309a8f73 | ITER: 44 END: OK
2018-04-26 00:49:11.148 24012 INFO rally.task.runner [-] Task 18e2093a-33e6-49f4-9837-2659309a8f73 | ITER: 48 START
2018-04-26 00:49:19.638 24006 INFO rally.task.runner [-] Task 18e2093a-33e6-49f4-9837-2659309a8f73 | ITER: 43 END: OK
2018-04-26 00:49:19.640 24006 INFO rally.task.runner [-] Task 18e2093a-33e6-49f4-9837-2659309a8f73 | ITER: 49 START
2018-04-26 00:49:27.280 24005 INFO rally.task.runner [-] Task 18e2093a-33e6-49f4-9837-2659309a8f73 | ITER: 45 END: OK
2018-04-26 00:49:27.284 24005 INFO rally.task.runner [-] Task 18e2093a-33e6-49f4-9837-2659309a8f73 | ITER: 50 START
2018-04-26 00:49:44.688 24004 INFO rally.task.runner [-] Task 18e2093a-33e6-49f4-9837-2659309a8f73 | ITER: 46 END: OK
2018-04-26 00:49:58.656 24009 INFO rally.task.runner [-] Task 18e2093a-33e6-49f4-9837-2659309a8f73 | ITER: 47 END: OK
2018-04-26 00:50:02.189 24006 INFO rally.task.runner [-] Task 18e2093a-33e6-49f4-9837-2659309a8f73 | ITER: 49 END: OK
2018-04-26 00:50:09.391 24005 INFO rally.task.runner [-] Task 18e2093a-33e6-49f4-9837-2659309a8f73 | ITER: 50 END: OK
2018-04-26 00:50:13.940 24012 INFO rally.task.runner [-] Task 18e2093a-33e6-49f4-9837-2659309a8f73 | ITER: 48 END: OK
2018-04-26 00:50:13.965 23876 INFO rally.task.context [-] Task 18e2093a-33e6-49f4-9837-2659309a8f73 | Context cleanup@openstack cleanup() started
2018-04-26 00:50:17.246 23876 INFO rally.task.context [-] Task 18e2093a-33e6-49f4-9837-2659309a8f73 | Context cleanup@openstack cleanup() finished in 3.28 sec
2018-04-26 00:50:17.246 23876 INFO rally.task.context [-] Task 18e2093a-33e6-49f4-9837-2659309a8f73 | Context users@openstack cleanup() started
2018-04-26 00:50:20.157 23876 INFO rally.task.context [-] Task 18e2093a-33e6-49f4-9837-2659309a8f73 | Context users@openstack cleanup() finished in 2.91 sec
2018-04-26 00:50:20.421 23876 INFO rally.task.engine [-] Load duration is: 550.317385
2018-04-26 00:50:20.422 23876 INFO rally.task.engine [-] Full runner duration is: 551.365404
2018-04-26 00:50:20.422 23876 INFO rally.task.engine [-] Full duration is: 560.63462
2018-04-26 00:50:20.532 23876 INFO rally.task.engine [-] Task 18e2093a-33e6-49f4-9837-2659309a8f73 | Completed: Running task.

--------------------------------------------------------------------------------
Task 18e2093a-33e6-49f4-9837-2659309a8f73: finished
--------------------------------------------------------------------------------

test scenario NovaServers.boot_server_from_volume_and_delete
args position 0
args values:
{
  "runner": {
    "times": 50, 
    "concurrency": 5
  }, 
  "contexts": {}, 
  "args": {
    "flavor": {
      "name": "m1.medium"
    }, 
    "image": {
      "name": "CentOS 7"
    }, 
    "volume_size": 50, 
    "volume_type": "", 
    "force_delete": false
  }, 
  "sla": {
    "failure_rate": {
      "max": 0
    }
  }, 
  "hooks": []
}

--------------------------------------------------------------------------------
Task 18e2093a-33e6-49f4-9837-2659309a8f73 has 0 error(s)
--------------------------------------------------------------------------------

+----------------------------------------------------------------------------------------------------------------------------+
|                                                    Response Times (sec)                                                    |
+-------------------------+-----------+--------------+--------------+--------------+-----------+-----------+---------+-------+
| Action                  | Min (sec) | Median (sec) | 90%ile (sec) | 95%ile (sec) | Max (sec) | Avg (sec) | Success | Count |
+-------------------------+-----------+--------------+--------------+--------------+-----------+-----------+---------+-------+
| cinder_v2.create_volume | 19.545    | 25.01        | 47.067       | 55.371       | 76.174    | 30.445    | 100.0%  | 50    |
| nova.boot_server        | 13.809    | 18.101       | 24.83        | 25.438       | 27.114    | 18.585    | 100.0%  | 50    |
| nova.delete_server      | 2.485     | 4.673        | 6.947        | 7.629        | 8.994     | 4.878     | 100.0%  | 50    |
| total                   | 38.264    | 49.021       | 72.337       | 79.359       | 96.675    | 53.909    | 100.0%  | 50    |
|  -> duration            | 37.264    | 48.021       | 71.337       | 78.359       | 95.675    | 52.909    | 100.0%  | 50    |
|  -> idle_duration       | 1.0       | 1.0          | 1.0          | 1.0          | 1.0       | 1.0       | 100.0%  | 50    |
+-------------------------+-----------+--------------+--------------+--------------+-----------+-----------+---------+-------+

Load duration: 550.317385
Full duration: 560.63462

HINTS:
* To plot HTML graphics with this data, run:
	rally task report 18e2093a-33e6-49f4-9837-2659309a8f73 --out output.html

* To generate a JUnit report, run:
	rally task export 18e2093a-33e6-49f4-9837-2659309a8f73 --type junit --to output.xml

* To get raw JSON output of task results, run:
	rally task report 18e2093a-33e6-49f4-9837-2659309a8f73 --json --out output.json

--------------------------------------------------------------------------------
Preparing input task
--------------------------------------------------------------------------------

Task is:
{
    "CinderVolumes.create_volume": [
        {
            "args": {
                "size": 1
            },
            "runner": {
                "type": "constant",
                "times": 10,
                "concurrency": 2
            },
            "context": {
                "users": {
                    "tenants": 2,
                    "users_per_tenant": 2
                }
            },
            "sla": {
                "failure_rate": {
                    "max": 0
                }
            }
        },
        {
            "args": {
                "size": {
                    "min": 20,
                    "max": 50
                }
            },
            "runner": {
                "type": "constant",
                "times": 10,
                "concurrency": 2
            },
            "context": {
                "users": {
                    "tenants": 2,
                    "users_per_tenant": 2
                }
            },
            "sla": {
                "failure_rate": {
                    "max": 0
                }
            }
        }
    ]
}

Task syntax is correct :)
Running Rally version 0.10.1~dev119
--------------------------------------------------------------------------------
Task  4e88cb6d-d409-47d0-9c5f-9a1d354837c1: started
--------------------------------------------------------------------------------

Running Task... This can take a while...

To track task status use:

	rally task status
	or
	rally task detailed

Using task: 4e88cb6d-d409-47d0-9c5f-9a1d354837c1
2018-04-26 00:50:22.298 24250 INFO rally.task.engine [-] Task 4e88cb6d-d409-47d0-9c5f-9a1d354837c1 | Starting:  Task validation.
2018-04-26 00:50:22.305 24250 INFO rally.task.engine [-] Task 4e88cb6d-d409-47d0-9c5f-9a1d354837c1 | Starting:  Task validation of syntax.
2018-04-26 00:50:22.324 24250 INFO rally.task.engine [-] Task 4e88cb6d-d409-47d0-9c5f-9a1d354837c1 | Completed: Task validation of syntax.
2018-04-26 00:50:22.324 24250 INFO rally.task.engine [-] Task 4e88cb6d-d409-47d0-9c5f-9a1d354837c1 | Starting:  Task validation of required platforms.
2018-04-26 00:50:22.333 24250 INFO rally.task.engine [-] Task 4e88cb6d-d409-47d0-9c5f-9a1d354837c1 | Completed: Task validation of required platforms.
2018-04-26 00:50:22.333 24250 INFO rally.task.engine [-] Task 4e88cb6d-d409-47d0-9c5f-9a1d354837c1 | Starting:  Task validation of semantic.
2018-04-26 00:50:25.295 24250 INFO rally.task.context [-] Task 4e88cb6d-d409-47d0-9c5f-9a1d354837c1 | Context users@openstack setup()  finished in 2.35 sec
2018-04-26 00:50:26.051 24250 INFO rally.task.context [-] Task 4e88cb6d-d409-47d0-9c5f-9a1d354837c1 | Context users@openstack cleanup() started
2018-04-26 00:50:29.163 24250 INFO rally.task.context [-] Task 4e88cb6d-d409-47d0-9c5f-9a1d354837c1 | Context users@openstack cleanup() finished in 3.11 sec
2018-04-26 00:50:29.164 24250 INFO rally.task.engine [-] Task 4e88cb6d-d409-47d0-9c5f-9a1d354837c1 | Completed: Task validation of semantic.
2018-04-26 00:50:29.164 24250 INFO rally.task.engine [-] Task 4e88cb6d-d409-47d0-9c5f-9a1d354837c1 | Completed: Task validation.
2018-04-26 00:50:29.165 24250 INFO rally.api [-] Task 4e88cb6d-d409-47d0-9c5f-9a1d354837c1 input file is valid.
2018-04-26 00:50:29.165 24250 INFO rally.api [-] Run Task 4e88cb6d-d409-47d0-9c5f-9a1d354837c1 against Deployment ab52c4ca-1635-4294-83f0-32b091812a67
2018-04-26 00:50:29.165 24250 INFO rally.task.engine [-] Task 4e88cb6d-d409-47d0-9c5f-9a1d354837c1 | Starting:  Running task.
2018-04-26 00:50:29.229 24250 INFO rally.task.engine [-] Running workload: 
  position = 0
  config = {
   "version": 2, 
   "title": "A cropped version of a bigger task.", 
   "description": "Auto-generated task from a single workload (uuid=10b95933-da95-4ff5-867b-b1b66c23d614)", 
   "subtasks": [
      {
         "title": "CinderVolumes.create_volume", 
         "description": "Create a volume.", 
         "scenario": {
            "CinderVolumes.create_volume": {
               "size": 1
            }
         }, 
         "contexts": {
            "users": {
               "tenants": 2, 
               "users_per_tenant": 2
            }
         }, 
         "runner": {
            "constant": {
               "times": 10, 
               "concurrency": 2
            }
         }, 
         "hooks": [], 
         "sla": {
            "failure_rate": {
               "max": 0
            }
         }
      }
   ]
}
2018-04-26 00:50:31.762 24250 INFO rally.task.context [-] Task 4e88cb6d-d409-47d0-9c5f-9a1d354837c1 | Context users@openstack setup()  finished in 2.50 sec
2018-04-26 00:50:31.762 24250 INFO rally.task.context [-] Task 4e88cb6d-d409-47d0-9c5f-9a1d354837c1 | Context cleanup@openstack setup()  finished in 0.01 msec
2018-04-26 00:50:31.787 24378 INFO rally.task.runner [-] Task 4e88cb6d-d409-47d0-9c5f-9a1d354837c1 | ITER: 1 START
2018-04-26 00:50:31.789 24379 INFO rally.task.runner [-] Task 4e88cb6d-d409-47d0-9c5f-9a1d354837c1 | ITER: 2 START
2018-04-26 00:50:34.829 24378 INFO rally.task.runner [-] Task 4e88cb6d-d409-47d0-9c5f-9a1d354837c1 | ITER: 1 END: OK
2018-04-26 00:50:34.833 24378 INFO rally.task.runner [-] Task 4e88cb6d-d409-47d0-9c5f-9a1d354837c1 | ITER: 3 START
2018-04-26 00:50:34.951 24379 INFO rally.task.runner [-] Task 4e88cb6d-d409-47d0-9c5f-9a1d354837c1 | ITER: 2 END: OK
2018-04-26 00:50:34.956 24379 INFO rally.task.runner [-] Task 4e88cb6d-d409-47d0-9c5f-9a1d354837c1 | ITER: 4 START
2018-04-26 00:50:37.662 24378 INFO rally.task.runner [-] Task 4e88cb6d-d409-47d0-9c5f-9a1d354837c1 | ITER: 3 END: OK
2018-04-26 00:50:37.665 24378 INFO rally.task.runner [-] Task 4e88cb6d-d409-47d0-9c5f-9a1d354837c1 | ITER: 5 START
2018-04-26 00:50:37.740 24379 INFO rally.task.runner [-] Task 4e88cb6d-d409-47d0-9c5f-9a1d354837c1 | ITER: 4 END: OK
2018-04-26 00:50:37.744 24379 INFO rally.task.runner [-] Task 4e88cb6d-d409-47d0-9c5f-9a1d354837c1 | ITER: 6 START
2018-04-26 00:50:40.468 24378 INFO rally.task.runner [-] Task 4e88cb6d-d409-47d0-9c5f-9a1d354837c1 | ITER: 5 END: OK
2018-04-26 00:50:40.471 24378 INFO rally.task.runner [-] Task 4e88cb6d-d409-47d0-9c5f-9a1d354837c1 | ITER: 7 START
2018-04-26 00:50:40.665 24379 INFO rally.task.runner [-] Task 4e88cb6d-d409-47d0-9c5f-9a1d354837c1 | ITER: 6 END: OK
2018-04-26 00:50:40.669 24379 INFO rally.task.runner [-] Task 4e88cb6d-d409-47d0-9c5f-9a1d354837c1 | ITER: 8 START
2018-04-26 00:50:43.367 24378 INFO rally.task.runner [-] Task 4e88cb6d-d409-47d0-9c5f-9a1d354837c1 | ITER: 7 END: OK
2018-04-26 00:50:43.371 24378 INFO rally.task.runner [-] Task 4e88cb6d-d409-47d0-9c5f-9a1d354837c1 | ITER: 9 START
2018-04-26 00:50:43.415 24379 INFO rally.task.runner [-] Task 4e88cb6d-d409-47d0-9c5f-9a1d354837c1 | ITER: 8 END: OK
2018-04-26 00:50:43.419 24379 INFO rally.task.runner [-] Task 4e88cb6d-d409-47d0-9c5f-9a1d354837c1 | ITER: 10 START
2018-04-26 00:50:46.142 24379 INFO rally.task.runner [-] Task 4e88cb6d-d409-47d0-9c5f-9a1d354837c1 | ITER: 10 END: OK
2018-04-26 00:50:46.146 24378 INFO rally.task.runner [-] Task 4e88cb6d-d409-47d0-9c5f-9a1d354837c1 | ITER: 9 END: OK
2018-04-26 00:50:46.167 24250 INFO rally.task.context [-] Task 4e88cb6d-d409-47d0-9c5f-9a1d354837c1 | Context cleanup@openstack cleanup() started
2018-04-26 00:50:54.062 24250 INFO rally.task.context [-] Task 4e88cb6d-d409-47d0-9c5f-9a1d354837c1 | Context cleanup@openstack cleanup() finished in 7.90 sec
2018-04-26 00:50:54.063 24250 INFO rally.task.context [-] Task 4e88cb6d-d409-47d0-9c5f-9a1d354837c1 | Context users@openstack cleanup() started
2018-04-26 00:50:58.200 24250 INFO rally.task.context [-] Task 4e88cb6d-d409-47d0-9c5f-9a1d354837c1 | Context users@openstack cleanup() finished in 4.14 sec
2018-04-26 00:50:59.433 24250 INFO rally.task.engine [-] Load duration is: 14.354237
2018-04-26 00:50:59.434 24250 INFO rally.task.engine [-] Full runner duration is: 14.39723
2018-04-26 00:50:59.434 24250 INFO rally.task.engine [-] Full duration is: 28.963019
2018-04-26 00:50:59.503 24250 INFO rally.task.engine [-] Running workload: 
  position = 0
  config = {
   "version": 2, 
   "title": "A cropped version of a bigger task.", 
   "description": "Auto-generated task from a single workload (uuid=18c37e7e-d37d-4e45-b6ad-699b57b45e7d)", 
   "subtasks": [
      {
         "title": "CinderVolumes.create_volume", 
         "description": "Create a volume.", 
         "scenario": {
            "CinderVolumes.create_volume": {
               "size": {
                  "min": 20, 
                  "max": 50
               }
            }
         }, 
         "contexts": {
            "users": {
               "tenants": 2, 
               "users_per_tenant": 2
            }
         }, 
         "runner": {
            "constant": {
               "times": 10, 
               "concurrency": 2
            }
         }, 
         "hooks": [], 
         "sla": {
            "failure_rate": {
               "max": 0
            }
         }
      }
   ]
}
2018-04-26 00:51:01.981 24250 INFO rally.task.context [-] Task 4e88cb6d-d409-47d0-9c5f-9a1d354837c1 | Context users@openstack setup()  finished in 2.44 sec
2018-04-26 00:51:01.981 24250 INFO rally.task.context [-] Task 4e88cb6d-d409-47d0-9c5f-9a1d354837c1 | Context cleanup@openstack setup()  finished in 0.01 msec
2018-04-26 00:51:02.005 24556 INFO rally.task.runner [-] Task 4e88cb6d-d409-47d0-9c5f-9a1d354837c1 | ITER: 1 START
2018-04-26 00:51:02.008 24557 INFO rally.task.runner [-] Task 4e88cb6d-d409-47d0-9c5f-9a1d354837c1 | ITER: 2 START
2018-04-26 00:51:04.896 24556 INFO rally.task.runner [-] Task 4e88cb6d-d409-47d0-9c5f-9a1d354837c1 | ITER: 1 END: OK
2018-04-26 00:51:04.900 24556 INFO rally.task.runner [-] Task 4e88cb6d-d409-47d0-9c5f-9a1d354837c1 | ITER: 3 START
2018-04-26 00:51:05.012 24557 INFO rally.task.runner [-] Task 4e88cb6d-d409-47d0-9c5f-9a1d354837c1 | ITER: 2 END: OK
2018-04-26 00:51:05.016 24557 INFO rally.task.runner [-] Task 4e88cb6d-d409-47d0-9c5f-9a1d354837c1 | ITER: 4 START
2018-04-26 00:51:07.691 24556 INFO rally.task.runner [-] Task 4e88cb6d-d409-47d0-9c5f-9a1d354837c1 | ITER: 3 END: OK
2018-04-26 00:51:07.695 24556 INFO rally.task.runner [-] Task 4e88cb6d-d409-47d0-9c5f-9a1d354837c1 | ITER: 5 START
2018-04-26 00:51:07.900 24557 INFO rally.task.runner [-] Task 4e88cb6d-d409-47d0-9c5f-9a1d354837c1 | ITER: 4 END: OK
2018-04-26 00:51:07.904 24557 INFO rally.task.runner [-] Task 4e88cb6d-d409-47d0-9c5f-9a1d354837c1 | ITER: 6 START
2018-04-26 00:51:10.615 24556 INFO rally.task.runner [-] Task 4e88cb6d-d409-47d0-9c5f-9a1d354837c1 | ITER: 5 END: OK
2018-04-26 00:51:10.619 24556 INFO rally.task.runner [-] Task 4e88cb6d-d409-47d0-9c5f-9a1d354837c1 | ITER: 7 START
2018-04-26 00:51:10.725 24557 INFO rally.task.runner [-] Task 4e88cb6d-d409-47d0-9c5f-9a1d354837c1 | ITER: 6 END: OK
2018-04-26 00:51:10.729 24557 INFO rally.task.runner [-] Task 4e88cb6d-d409-47d0-9c5f-9a1d354837c1 | ITER: 8 START
2018-04-26 00:51:13.451 24556 INFO rally.task.runner [-] Task 4e88cb6d-d409-47d0-9c5f-9a1d354837c1 | ITER: 7 END: OK
2018-04-26 00:51:13.455 24556 INFO rally.task.runner [-] Task 4e88cb6d-d409-47d0-9c5f-9a1d354837c1 | ITER: 9 START
2018-04-26 00:51:13.598 24557 INFO rally.task.runner [-] Task 4e88cb6d-d409-47d0-9c5f-9a1d354837c1 | ITER: 8 END: OK
2018-04-26 00:51:13.602 24557 INFO rally.task.runner [-] Task 4e88cb6d-d409-47d0-9c5f-9a1d354837c1 | ITER: 10 START
2018-04-26 00:51:16.205 24556 INFO rally.task.runner [-] Task 4e88cb6d-d409-47d0-9c5f-9a1d354837c1 | ITER: 9 END: OK
2018-04-26 00:51:16.440 24557 INFO rally.task.runner [-] Task 4e88cb6d-d409-47d0-9c5f-9a1d354837c1 | ITER: 10 END: OK
2018-04-26 00:51:16.467 24250 INFO rally.task.context [-] Task 4e88cb6d-d409-47d0-9c5f-9a1d354837c1 | Context cleanup@openstack cleanup() started
2018-04-26 00:51:24.618 24250 INFO rally.task.context [-] Task 4e88cb6d-d409-47d0-9c5f-9a1d354837c1 | Context cleanup@openstack cleanup() finished in 8.15 sec
2018-04-26 00:51:24.619 24250 INFO rally.task.context [-] Task 4e88cb6d-d409-47d0-9c5f-9a1d354837c1 | Context users@openstack cleanup() started
2018-04-26 00:51:28.723 24250 INFO rally.task.context [-] Task 4e88cb6d-d409-47d0-9c5f-9a1d354837c1 | Context users@openstack cleanup() finished in 4.10 sec
2018-04-26 00:51:29.722 24250 INFO rally.task.engine [-] Load duration is: 14.430324
2018-04-26 00:51:29.723 24250 INFO rally.task.engine [-] Full runner duration is: 14.477794
2018-04-26 00:51:29.723 24250 INFO rally.task.engine [-] Full duration is: 29.212447
2018-04-26 00:51:29.780 24250 INFO rally.task.engine [-] Task 4e88cb6d-d409-47d0-9c5f-9a1d354837c1 | Completed: Running task.

--------------------------------------------------------------------------------
Task 4e88cb6d-d409-47d0-9c5f-9a1d354837c1: finished
--------------------------------------------------------------------------------

test scenario CinderVolumes.create_volume
args position 0
args values:
{
  "runner": {
    "times": 10, 
    "concurrency": 2
  }, 
  "contexts": {
    "users": {
      "tenants": 2, 
      "users_per_tenant": 2
    }
  }, 
  "args": {
    "size": 1
  }, 
  "sla": {
    "failure_rate": {
      "max": 0
    }
  }, 
  "hooks": []
}

--------------------------------------------------------------------------------
Task 4e88cb6d-d409-47d0-9c5f-9a1d354837c1 has 0 error(s)
--------------------------------------------------------------------------------

+----------------------------------------------------------------------------------------------------------------------------+
|                                                    Response Times (sec)                                                    |
+-------------------------+-----------+--------------+--------------+--------------+-----------+-----------+---------+-------+
| Action                  | Min (sec) | Median (sec) | 90%ile (sec) | 95%ile (sec) | Max (sec) | Avg (sec) | Success | Count |
+-------------------------+-----------+--------------+--------------+--------------+-----------+-----------+---------+-------+
| cinder_v2.create_volume | 2.721     | 2.814        | 3.049        | 3.103        | 3.157     | 2.865     | 100.0%  | 10    |
| total                   | 2.721     | 2.814        | 3.049        | 3.103        | 3.157     | 2.866     | 100.0%  | 10    |
|  -> duration            | 2.721     | 2.814        | 3.049        | 3.103        | 3.157     | 2.866     | 100.0%  | 10    |
|  -> idle_duration       | 0.0       | 0.0          | 0.0          | 0.0          | 0.0       | 0.0       | 100.0%  | 10    |
+-------------------------+-----------+--------------+--------------+--------------+-----------+-----------+---------+-------+

Load duration: 14.354237
Full duration: 28.963019
--------------------------------------------------------------------------------

test scenario CinderVolumes.create_volume
args position 0
args values:
{
  "runner": {
    "times": 10, 
    "concurrency": 2
  }, 
  "contexts": {
    "users": {
      "tenants": 2, 
      "users_per_tenant": 2
    }
  }, 
  "args": {
    "size": {
      "min": 20, 
      "max": 50
    }
  }, 
  "sla": {
    "failure_rate": {
      "max": 0
    }
  }, 
  "hooks": []
}

--------------------------------------------------------------------------------
Task 4e88cb6d-d409-47d0-9c5f-9a1d354837c1 has 0 error(s)
--------------------------------------------------------------------------------

+----------------------------------------------------------------------------------------------------------------------------+
|                                                    Response Times (sec)                                                    |
+-------------------------+-----------+--------------+--------------+--------------+-----------+-----------+---------+-------+
| Action                  | Min (sec) | Median (sec) | 90%ile (sec) | 95%ile (sec) | Max (sec) | Avg (sec) | Success | Count |
+-------------------------+-----------+--------------+--------------+--------------+-----------+-----------+---------+-------+
| cinder_v2.create_volume | 2.748     | 2.852        | 2.927        | 2.963        | 2.999     | 2.857     | 100.0%  | 10    |
| total                   | 2.748     | 2.852        | 2.927        | 2.963        | 2.999     | 2.858     | 100.0%  | 10    |
|  -> duration            | 2.748     | 2.852        | 2.927        | 2.963        | 2.999     | 2.858     | 100.0%  | 10    |
|  -> idle_duration       | 0.0       | 0.0          | 0.0          | 0.0          | 0.0       | 0.0       | 100.0%  | 10    |
+-------------------------+-----------+--------------+--------------+--------------+-----------+-----------+---------+-------+

Load duration: 14.430324
Full duration: 29.212447

HINTS:
* To plot HTML graphics with this data, run:
	rally task report 4e88cb6d-d409-47d0-9c5f-9a1d354837c1 --out output.html

* To generate a JUnit report, run:
	rally task export 4e88cb6d-d409-47d0-9c5f-9a1d354837c1 --type junit --to output.xml

* To get raw JSON output of task results, run:
	rally task report 4e88cb6d-d409-47d0-9c5f-9a1d354837c1 --json --out output.json

