--------------------------------------------------------------------------------
Preparing input task
--------------------------------------------------------------------------------

Task is:
{
    "NeutronNetworks.create_and_delete_networks": [
        {
            "args": {
                "network_create_args": {}
            },
            "runner": {
                "type": "constant",
                "times": 10,
                "concurrency": 10
            },
            "context": {
                "users": {
                    "tenants": 3,
                    "users_per_tenant": 3
                },
                "quotas": {
                    "neutron": {
                        "network": -1
                    }
                }
            },
            "sla": {
                "failure_rate": {
                    "max": 0
                }
            }
        }
    ]
}

Task syntax is correct :)
Running Rally version 0.10.1~dev119
--------------------------------------------------------------------------------
Task  903e8d24-ce02-4a27-b1f5-a50564c958e4: started
--------------------------------------------------------------------------------

Running Task... This can take a while...

To track task status use:

	rally task status
	or
	rally task detailed

Using task: 903e8d24-ce02-4a27-b1f5-a50564c958e4
2018-06-28 21:29:56.356 15886 INFO rally.task.engine [-] Task 903e8d24-ce02-4a27-b1f5-a50564c958e4 | Starting:  Task validation.
2018-06-28 21:29:56.364 15886 INFO rally.task.engine [-] Task 903e8d24-ce02-4a27-b1f5-a50564c958e4 | Starting:  Task validation of syntax.
2018-06-28 21:29:56.380 15886 INFO rally.task.engine [-] Task 903e8d24-ce02-4a27-b1f5-a50564c958e4 | Completed: Task validation of syntax.
2018-06-28 21:29:56.380 15886 INFO rally.task.engine [-] Task 903e8d24-ce02-4a27-b1f5-a50564c958e4 | Starting:  Task validation of required platforms.
2018-06-28 21:29:56.386 15886 INFO rally.task.engine [-] Task 903e8d24-ce02-4a27-b1f5-a50564c958e4 | Completed: Task validation of required platforms.
2018-06-28 21:29:56.386 15886 INFO rally.task.engine [-] Task 903e8d24-ce02-4a27-b1f5-a50564c958e4 | Starting:  Task validation of semantic.
2018-06-28 21:29:59.453 15886 INFO rally.task.context [-] Task 903e8d24-ce02-4a27-b1f5-a50564c958e4 | Context users@openstack setup()  finished in 2.39 sec
2018-06-28 21:29:59.889 15886 INFO rally.task.context [-] Task 903e8d24-ce02-4a27-b1f5-a50564c958e4 | Context users@openstack cleanup() started
2018-06-28 21:30:03.307 15886 INFO rally.task.context [-] Task 903e8d24-ce02-4a27-b1f5-a50564c958e4 | Context users@openstack cleanup() finished in 3.42 sec
2018-06-28 21:30:03.307 15886 INFO rally.task.engine [-] Task 903e8d24-ce02-4a27-b1f5-a50564c958e4 | Completed: Task validation of semantic.
2018-06-28 21:30:03.307 15886 INFO rally.task.engine [-] Task 903e8d24-ce02-4a27-b1f5-a50564c958e4 | Completed: Task validation.
2018-06-28 21:30:03.308 15886 INFO rally.api [-] Task 903e8d24-ce02-4a27-b1f5-a50564c958e4 input file is valid.
2018-06-28 21:30:03.308 15886 INFO rally.api [-] Run Task 903e8d24-ce02-4a27-b1f5-a50564c958e4 against Deployment 7a37a5af-20ae-460e-97c7-4fdb337cc0b6
2018-06-28 21:30:03.308 15886 INFO rally.task.engine [-] Task 903e8d24-ce02-4a27-b1f5-a50564c958e4 | Starting:  Running task.
2018-06-28 21:30:03.358 15886 INFO rally.task.engine [-] Running workload: 
  position = 0
  config = {
   "version": 2, 
   "title": "A cropped version of a bigger task.", 
   "description": "Auto-generated task from a single workload (uuid=6ec693ab-a19f-475e-acaa-947d8ca4133d)", 
   "subtasks": [
      {
         "title": "NeutronNetworks.create_and_delete_networks", 
         "description": "Create and delete a network.", 
         "scenario": {
            "NeutronNetworks.create_and_delete_networks": {
               "network_create_args": {}
            }
         }, 
         "contexts": {
            "users": {
               "tenants": 3, 
               "users_per_tenant": 3
            }, 
            "quotas": {
               "neutron": {
                  "network": -1
               }
            }
         }, 
         "runner": {
            "constant": {
               "times": 10, 
               "concurrency": 10
            }
         }, 
         "hooks": [], 
         "sla": {
            "failure_rate": {
               "max": 0
            }
         }
      }
   ]
}
2018-06-28 21:30:06.232 15886 INFO rally.task.context [-] Task 903e8d24-ce02-4a27-b1f5-a50564c958e4 | Context users@openstack setup()  finished in 2.84 sec
2018-06-28 21:30:06.874 15886 INFO rally.task.context [-] Task 903e8d24-ce02-4a27-b1f5-a50564c958e4 | Context quotas@openstack setup()  finished in 0.64 sec
2018-06-28 21:30:06.875 15886 INFO rally.task.context [-] Task 903e8d24-ce02-4a27-b1f5-a50564c958e4 | Context cleanup@openstack setup()  finished in 0.04 msec
2018-06-28 21:30:06.907 16101 INFO rally.task.runner [-] Task 903e8d24-ce02-4a27-b1f5-a50564c958e4 | ITER: 1 START
2018-06-28 21:30:06.913 16102 INFO rally.task.runner [-] Task 903e8d24-ce02-4a27-b1f5-a50564c958e4 | ITER: 2 START
2018-06-28 21:30:06.915 16103 INFO rally.task.runner [-] Task 903e8d24-ce02-4a27-b1f5-a50564c958e4 | ITER: 3 START
2018-06-28 21:30:06.920 16104 INFO rally.task.runner [-] Task 903e8d24-ce02-4a27-b1f5-a50564c958e4 | ITER: 4 START
2018-06-28 21:30:06.923 16110 INFO rally.task.runner [-] Task 903e8d24-ce02-4a27-b1f5-a50564c958e4 | ITER: 6 START
2018-06-28 21:30:06.924 16105 INFO rally.task.runner [-] Task 903e8d24-ce02-4a27-b1f5-a50564c958e4 | ITER: 5 START
2018-06-28 21:30:06.931 16114 INFO rally.task.runner [-] Task 903e8d24-ce02-4a27-b1f5-a50564c958e4 | ITER: 8 START
2018-06-28 21:30:06.931 16116 INFO rally.task.runner [-] Task 903e8d24-ce02-4a27-b1f5-a50564c958e4 | ITER: 9 START
2018-06-28 21:30:06.931 16113 INFO rally.task.runner [-] Task 903e8d24-ce02-4a27-b1f5-a50564c958e4 | ITER: 7 START
2018-06-28 21:30:06.935 16118 INFO rally.task.runner [-] Task 903e8d24-ce02-4a27-b1f5-a50564c958e4 | ITER: 10 START
2018-06-28 21:30:08.652 16103 INFO rally.task.runner [-] Task 903e8d24-ce02-4a27-b1f5-a50564c958e4 | ITER: 3 END: OK
2018-06-28 21:30:08.698 16110 INFO rally.task.runner [-] Task 903e8d24-ce02-4a27-b1f5-a50564c958e4 | ITER: 6 END: OK
2018-06-28 21:30:08.797 16104 INFO rally.task.runner [-] Task 903e8d24-ce02-4a27-b1f5-a50564c958e4 | ITER: 4 END: OK
2018-06-28 21:30:08.865 16113 INFO rally.task.runner [-] Task 903e8d24-ce02-4a27-b1f5-a50564c958e4 | ITER: 7 END: OK
2018-06-28 21:30:08.867 16102 INFO rally.task.runner [-] Task 903e8d24-ce02-4a27-b1f5-a50564c958e4 | ITER: 2 END: OK
2018-06-28 21:30:08.875 16101 INFO rally.task.runner [-] Task 903e8d24-ce02-4a27-b1f5-a50564c958e4 | ITER: 1 END: OK
2018-06-28 21:30:08.912 16114 INFO rally.task.runner [-] Task 903e8d24-ce02-4a27-b1f5-a50564c958e4 | ITER: 8 END: OK
2018-06-28 21:30:08.981 16118 INFO rally.task.runner [-] Task 903e8d24-ce02-4a27-b1f5-a50564c958e4 | ITER: 10 END: OK
2018-06-28 21:30:09.000 16105 INFO rally.task.runner [-] Task 903e8d24-ce02-4a27-b1f5-a50564c958e4 | ITER: 5 END: OK
2018-06-28 21:30:09.024 16116 INFO rally.task.runner [-] Task 903e8d24-ce02-4a27-b1f5-a50564c958e4 | ITER: 9 END: OK
2018-06-28 21:30:09.054 15886 INFO rally.task.context [-] Task 903e8d24-ce02-4a27-b1f5-a50564c958e4 | Context cleanup@openstack cleanup() started
2018-06-28 21:30:25.504 15886 INFO rally.task.context [-] Task 903e8d24-ce02-4a27-b1f5-a50564c958e4 | Context cleanup@openstack cleanup() finished in 16.45 sec
2018-06-28 21:30:25.505 15886 INFO rally.task.context [-] Task 903e8d24-ce02-4a27-b1f5-a50564c958e4 | Context quotas@openstack cleanup() started
2018-06-28 21:30:25.584 15886 INFO rally.task.context [-] Task 903e8d24-ce02-4a27-b1f5-a50564c958e4 | Context quotas@openstack cleanup() finished in 79.66 msec
2018-06-28 21:30:25.585 15886 INFO rally.task.context [-] Task 903e8d24-ce02-4a27-b1f5-a50564c958e4 | Context users@openstack cleanup() started
2018-06-28 21:30:30.547 15886 INFO rally.task.context [-] Task 903e8d24-ce02-4a27-b1f5-a50564c958e4 | Context users@openstack cleanup() finished in 4.96 sec
2018-06-28 21:30:31.566 15886 INFO rally.task.engine [-] Load duration is: 2.110784
2018-06-28 21:30:31.567 15886 INFO rally.task.engine [-] Full runner duration is: 2.171066
2018-06-28 21:30:31.567 15886 INFO rally.task.engine [-] Full duration is: 27.179964
2018-06-28 21:30:31.635 15886 INFO rally.task.engine [-] Task 903e8d24-ce02-4a27-b1f5-a50564c958e4 | Completed: Running task.

--------------------------------------------------------------------------------
Task 903e8d24-ce02-4a27-b1f5-a50564c958e4: finished
--------------------------------------------------------------------------------

test scenario NeutronNetworks.create_and_delete_networks
args position 0
args values:
{
  "runner": {
    "times": 10, 
    "concurrency": 10
  }, 
  "contexts": {
    "users": {
      "tenants": 3, 
      "users_per_tenant": 3
    }, 
    "quotas": {
      "neutron": {
        "network": -1
      }
    }
  }, 
  "args": {
    "network_create_args": {}
  }, 
  "sla": {
    "failure_rate": {
      "max": 0
    }
  }, 
  "hooks": []
}

--------------------------------------------------------------------------------
Task 903e8d24-ce02-4a27-b1f5-a50564c958e4 has 0 error(s)
--------------------------------------------------------------------------------

+---------------------------------------------------------------------------------------------------------------------------+
|                                                   Response Times (sec)                                                    |
+------------------------+-----------+--------------+--------------+--------------+-----------+-----------+---------+-------+
| Action                 | Min (sec) | Median (sec) | 90%ile (sec) | 95%ile (sec) | Max (sec) | Avg (sec) | Success | Count |
+------------------------+-----------+--------------+--------------+--------------+-----------+-----------+---------+-------+
| neutron.create_network | 0.936     | 1.072        | 1.211        | 1.225        | 1.24      | 1.101     | 100.0%  | 10    |
| neutron.delete_network | 0.695     | 0.835        | 1.016        | 1.019        | 1.021     | 0.841     | 100.0%  | 10    |
| total                  | 1.735     | 1.957        | 2.074        | 2.082        | 2.091     | 1.942     | 100.0%  | 10    |
|  -> duration           | 1.735     | 1.957        | 2.074        | 2.082        | 2.091     | 1.942     | 100.0%  | 10    |
|  -> idle_duration      | 0.0       | 0.0          | 0.0          | 0.0          | 0.0       | 0.0       | 100.0%  | 10    |
+------------------------+-----------+--------------+--------------+--------------+-----------+-----------+---------+-------+

Load duration: 2.110784
Full duration: 27.179964

HINTS:
* To plot HTML graphics with this data, run:
	rally task report 903e8d24-ce02-4a27-b1f5-a50564c958e4 --out output.html

* To generate a JUnit report, run:
	rally task export 903e8d24-ce02-4a27-b1f5-a50564c958e4 --type junit --to output.xml

* To get raw JSON output of task results, run:
	rally task report 903e8d24-ce02-4a27-b1f5-a50564c958e4 --json --out output.json

--------------------------------------------------------------------------------
Preparing input task
--------------------------------------------------------------------------------

Task is:
{
    "NeutronNetworks.create_and_delete_subnets": [
        {
            "args": {
                "network_create_args": {},
                "subnet_create_args": {},
                "subnet_cidr_start": "1.1.0.0/30",
                "subnets_per_network": 2
            },
            "runner": {
                "type": "constant",
                "times": 10,
                "concurrency": 10
            },
            "context": {
                "network": {},
                "users": {
                    "tenants": 3,
                    "users_per_tenant": 3
                },
                "quotas": {
                    "neutron": {
                        "network": -1,
                        "subnet": -1
                    }
                }
            },
            "sla": {
                "failure_rate": {
                    "max": 0
                }
            }
        }
    ]
}

Task syntax is correct :)
Running Rally version 0.10.1~dev119
--------------------------------------------------------------------------------
Task  cb1d67b6-2718-4e3a-be86-8079301dd3c2: started
--------------------------------------------------------------------------------

Running Task... This can take a while...

To track task status use:

	rally task status
	or
	rally task detailed

Using task: cb1d67b6-2718-4e3a-be86-8079301dd3c2
2018-06-28 21:30:33.470 16470 INFO rally.task.engine [-] Task cb1d67b6-2718-4e3a-be86-8079301dd3c2 | Starting:  Task validation.
2018-06-28 21:30:33.477 16470 INFO rally.task.engine [-] Task cb1d67b6-2718-4e3a-be86-8079301dd3c2 | Starting:  Task validation of syntax.
2018-06-28 21:30:33.492 16470 INFO rally.task.engine [-] Task cb1d67b6-2718-4e3a-be86-8079301dd3c2 | Completed: Task validation of syntax.
2018-06-28 21:30:33.492 16470 INFO rally.task.engine [-] Task cb1d67b6-2718-4e3a-be86-8079301dd3c2 | Starting:  Task validation of required platforms.
2018-06-28 21:30:33.498 16470 INFO rally.task.engine [-] Task cb1d67b6-2718-4e3a-be86-8079301dd3c2 | Completed: Task validation of required platforms.
2018-06-28 21:30:33.498 16470 INFO rally.task.engine [-] Task cb1d67b6-2718-4e3a-be86-8079301dd3c2 | Starting:  Task validation of semantic.
2018-06-28 21:30:36.466 16470 INFO rally.task.context [-] Task cb1d67b6-2718-4e3a-be86-8079301dd3c2 | Context users@openstack setup()  finished in 2.37 sec
2018-06-28 21:30:36.961 16470 INFO rally.task.context [-] Task cb1d67b6-2718-4e3a-be86-8079301dd3c2 | Context users@openstack cleanup() started
2018-06-28 21:30:40.431 16470 INFO rally.task.context [-] Task cb1d67b6-2718-4e3a-be86-8079301dd3c2 | Context users@openstack cleanup() finished in 3.47 sec
2018-06-28 21:30:40.433 16470 INFO rally.task.engine [-] Task cb1d67b6-2718-4e3a-be86-8079301dd3c2 | Completed: Task validation of semantic.
2018-06-28 21:30:40.433 16470 INFO rally.task.engine [-] Task cb1d67b6-2718-4e3a-be86-8079301dd3c2 | Completed: Task validation.
2018-06-28 21:30:40.434 16470 INFO rally.api [-] Task cb1d67b6-2718-4e3a-be86-8079301dd3c2 input file is valid.
2018-06-28 21:30:40.435 16470 INFO rally.api [-] Run Task cb1d67b6-2718-4e3a-be86-8079301dd3c2 against Deployment 7a37a5af-20ae-460e-97c7-4fdb337cc0b6
2018-06-28 21:30:40.435 16470 INFO rally.task.engine [-] Task cb1d67b6-2718-4e3a-be86-8079301dd3c2 | Starting:  Running task.
2018-06-28 21:30:40.497 16470 INFO rally.task.engine [-] Running workload: 
  position = 0
  config = {
   "version": 2, 
   "title": "A cropped version of a bigger task.", 
   "description": "Auto-generated task from a single workload (uuid=1bfc7834-e3cd-4f62-b942-561ea824413b)", 
   "subtasks": [
      {
         "title": "NeutronNetworks.create_and_delete_subnets", 
         "description": "Create and delete a given number of subnets.", 
         "scenario": {
            "NeutronNetworks.create_and_delete_subnets": {
               "network_create_args": {}, 
               "subnet_create_args": {}, 
               "subnet_cidr_start": "1.1.0.0/30", 
               "subnets_per_network": 2
            }
         }, 
         "contexts": {
            "network": {}, 
            "users": {
               "tenants": 3, 
               "users_per_tenant": 3
            }, 
            "quotas": {
               "neutron": {
                  "network": -1, 
                  "subnet": -1
               }
            }
         }, 
         "runner": {
            "constant": {
               "times": 10, 
               "concurrency": 10
            }
         }, 
         "hooks": [], 
         "sla": {
            "failure_rate": {
               "max": 0
            }
         }
      }
   ]
}
2018-06-28 21:30:43.523 16470 INFO rally.task.context [-] Task cb1d67b6-2718-4e3a-be86-8079301dd3c2 | Context users@openstack setup()  finished in 2.98 sec
2018-06-28 21:30:44.209 16470 INFO rally.task.context [-] Task cb1d67b6-2718-4e3a-be86-8079301dd3c2 | Context quotas@openstack setup()  finished in 0.69 sec
2018-06-28 21:30:58.613 16470 INFO rally.task.context [-] Task cb1d67b6-2718-4e3a-be86-8079301dd3c2 | Context network@openstack setup()  finished in 14.40 sec
2018-06-28 21:30:58.613 16470 INFO rally.task.context [-] Task cb1d67b6-2718-4e3a-be86-8079301dd3c2 | Context cleanup@openstack setup()  finished in 0.04 msec
2018-06-28 21:30:58.655 16598 INFO rally.task.runner [-] Task cb1d67b6-2718-4e3a-be86-8079301dd3c2 | ITER: 1 START
2018-06-28 21:30:58.658 16599 INFO rally.task.runner [-] Task cb1d67b6-2718-4e3a-be86-8079301dd3c2 | ITER: 2 START
2018-06-28 21:30:58.663 16600 INFO rally.task.runner [-] Task cb1d67b6-2718-4e3a-be86-8079301dd3c2 | ITER: 3 START
2018-06-28 21:30:58.668 16603 INFO rally.task.runner [-] Task cb1d67b6-2718-4e3a-be86-8079301dd3c2 | ITER: 4 START
2018-06-28 21:30:58.671 16606 INFO rally.task.runner [-] Task cb1d67b6-2718-4e3a-be86-8079301dd3c2 | ITER: 5 START
2018-06-28 21:30:58.679 16611 INFO rally.task.runner [-] Task cb1d67b6-2718-4e3a-be86-8079301dd3c2 | ITER: 6 START
2018-06-28 21:30:58.685 16614 INFO rally.task.runner [-] Task cb1d67b6-2718-4e3a-be86-8079301dd3c2 | ITER: 7 START
2018-06-28 21:30:58.686 16615 INFO rally.task.runner [-] Task cb1d67b6-2718-4e3a-be86-8079301dd3c2 | ITER: 8 START
2018-06-28 21:30:58.691 16618 INFO rally.task.runner [-] Task cb1d67b6-2718-4e3a-be86-8079301dd3c2 | ITER: 9 START
2018-06-28 21:30:58.694 16619 INFO rally.task.runner [-] Task cb1d67b6-2718-4e3a-be86-8079301dd3c2 | ITER: 10 START
2018-06-28 21:31:03.523 16600 INFO rally.task.runner [-] Task cb1d67b6-2718-4e3a-be86-8079301dd3c2 | ITER: 3 END: OK
2018-06-28 21:31:03.939 16611 INFO rally.task.runner [-] Task cb1d67b6-2718-4e3a-be86-8079301dd3c2 | ITER: 6 END: OK
2018-06-28 21:31:03.987 16614 INFO rally.task.runner [-] Task cb1d67b6-2718-4e3a-be86-8079301dd3c2 | ITER: 7 END: OK
2018-06-28 21:31:04.252 16618 INFO rally.task.runner [-] Task cb1d67b6-2718-4e3a-be86-8079301dd3c2 | ITER: 9 END: OK
2018-06-28 21:31:04.504 16615 INFO rally.task.runner [-] Task cb1d67b6-2718-4e3a-be86-8079301dd3c2 | ITER: 8 END: OK
2018-06-28 21:31:04.527 16599 INFO rally.task.runner [-] Task cb1d67b6-2718-4e3a-be86-8079301dd3c2 | ITER: 2 END: OK
2018-06-28 21:31:04.769 16598 INFO rally.task.runner [-] Task cb1d67b6-2718-4e3a-be86-8079301dd3c2 | ITER: 1 END: OK
2018-06-28 21:31:05.686 16619 INFO rally.task.runner [-] Task cb1d67b6-2718-4e3a-be86-8079301dd3c2 | ITER: 10 END: OK
2018-06-28 21:31:05.732 16603 INFO rally.task.runner [-] Task cb1d67b6-2718-4e3a-be86-8079301dd3c2 | ITER: 4 END: OK
2018-06-28 21:31:06.299 16606 INFO rally.task.runner [-] Task cb1d67b6-2718-4e3a-be86-8079301dd3c2 | ITER: 5 END: OK
2018-06-28 21:31:06.328 16470 INFO rally.task.context [-] Task cb1d67b6-2718-4e3a-be86-8079301dd3c2 | Context cleanup@openstack cleanup() started
2018-06-28 21:31:24.617 16470 INFO rally.task.context [-] Task cb1d67b6-2718-4e3a-be86-8079301dd3c2 | Context cleanup@openstack cleanup() finished in 18.29 sec
2018-06-28 21:31:24.618 16470 INFO rally.task.context [-] Task cb1d67b6-2718-4e3a-be86-8079301dd3c2 | Context network@openstack cleanup() started
2018-06-28 21:31:55.073 16470 INFO rally.task.context [-] Task cb1d67b6-2718-4e3a-be86-8079301dd3c2 | Context network@openstack cleanup() finished in 30.45 sec
2018-06-28 21:31:55.074 16470 INFO rally.task.context [-] Task cb1d67b6-2718-4e3a-be86-8079301dd3c2 | Context quotas@openstack cleanup() started
2018-06-28 21:31:55.141 16470 INFO rally.task.context [-] Task cb1d67b6-2718-4e3a-be86-8079301dd3c2 | Context quotas@openstack cleanup() finished in 67.57 msec
2018-06-28 21:31:55.142 16470 INFO rally.task.context [-] Task cb1d67b6-2718-4e3a-be86-8079301dd3c2 | Context users@openstack cleanup() started
2018-06-28 21:31:59.999 16470 INFO rally.task.context [-] Task cb1d67b6-2718-4e3a-be86-8079301dd3c2 | Context users@openstack cleanup() finished in 4.86 sec
2018-06-28 21:32:01.089 16470 INFO rally.task.engine [-] Load duration is: 7.640543
2018-06-28 21:32:01.089 16470 INFO rally.task.engine [-] Full runner duration is: 7.706094
2018-06-28 21:32:01.090 16470 INFO rally.task.engine [-] Full duration is: 79.48746
2018-06-28 21:32:01.160 16470 INFO rally.task.engine [-] Task cb1d67b6-2718-4e3a-be86-8079301dd3c2 | Completed: Running task.

--------------------------------------------------------------------------------
Task cb1d67b6-2718-4e3a-be86-8079301dd3c2: finished
--------------------------------------------------------------------------------

test scenario NeutronNetworks.create_and_delete_subnets
args position 0
args values:
{
  "runner": {
    "times": 10, 
    "concurrency": 10
  }, 
  "contexts": {
    "network": {}, 
    "users": {
      "tenants": 3, 
      "users_per_tenant": 3
    }, 
    "quotas": {
      "neutron": {
        "network": -1, 
        "subnet": -1
      }
    }
  }, 
  "args": {
    "network_create_args": {}, 
    "subnet_create_args": {}, 
    "subnet_cidr_start": "1.1.0.0/30", 
    "subnets_per_network": 2
  }, 
  "sla": {
    "failure_rate": {
      "max": 0
    }
  }, 
  "hooks": []
}

--------------------------------------------------------------------------------
Task cb1d67b6-2718-4e3a-be86-8079301dd3c2 has 0 error(s)
--------------------------------------------------------------------------------

+-------------------------------------------------------------------------------------------------------------------------------+
|                                                     Response Times (sec)                                                      |
+----------------------------+-----------+--------------+--------------+--------------+-----------+-----------+---------+-------+
| Action                     | Min (sec) | Median (sec) | 90%ile (sec) | 95%ile (sec) | Max (sec) | Avg (sec) | Success | Count |
+----------------------------+-----------+--------------+--------------+--------------+-----------+-----------+---------+-------+
| neutron.create_subnet (x2) | 2.2       | 2.803        | 4.516        | 4.556        | 4.596     | 3.187     | 100.0%  | 10    |
| neutron.delete_subnet (x2) | 1.271     | 2.7          | 3.755        | 4.288        | 4.82      | 2.857     | 100.0%  | 10    |
| total                      | 4.858     | 5.841        | 7.118        | 7.372        | 7.626     | 6.045     | 100.0%  | 10    |
|  -> duration               | 4.858     | 5.841        | 7.118        | 7.372        | 7.626     | 6.045     | 100.0%  | 10    |
|  -> idle_duration          | 0.0       | 0.0          | 0.0          | 0.0          | 0.0       | 0.0       | 100.0%  | 10    |
+----------------------------+-----------+--------------+--------------+--------------+-----------+-----------+---------+-------+

Load duration: 7.640543
Full duration: 79.48746

HINTS:
* To plot HTML graphics with this data, run:
	rally task report cb1d67b6-2718-4e3a-be86-8079301dd3c2 --out output.html

* To generate a JUnit report, run:
	rally task export cb1d67b6-2718-4e3a-be86-8079301dd3c2 --type junit --to output.xml

* To get raw JSON output of task results, run:
	rally task report cb1d67b6-2718-4e3a-be86-8079301dd3c2 --json --out output.json

--------------------------------------------------------------------------------
Preparing input task
--------------------------------------------------------------------------------

Task is:
{
    "NeutronNetworks.create_and_list_networks": [
        {
            "args": {
                "network_create_args": {}
            },
            "runner": {
                "type": "constant",
                "times": 100,
                "concurrency": 10
            },
            "context": {
                "users": {
                    "tenants": 3,
                    "users_per_tenant": 3
                },
                "quotas": {
                    "neutron": {
                        "network": -1
                    }
                }
            },
            "sla": {
                "failure_rate": {
                    "max": 0
                }
            }
        },
        {
            "args": {
                "network_create_args": {
                    "provider:network_type": "vxlan"
                }
            },
            "runner": {
                "type": "constant",
                "times": 100,
                "concurrency": 10
            },
            "context": {
                "users": {
                    "tenants": 3,
                    "users_per_tenant": 3
                },
                "quotas": {
                    "neutron": {
                        "network": -1
                    }
                },
                "roles": ["admin"]
            },
            "sla": {
                "failure_rate": {
                    "max": 0
                }
            }
        }
    ]
}

Task syntax is correct :)
Running Rally version 0.10.1~dev119
--------------------------------------------------------------------------------
Task  295e04fb-67e5-4269-8533-d24d5b91a21e: started
--------------------------------------------------------------------------------

Running Task... This can take a while...

To track task status use:

	rally task status
	or
	rally task detailed

Using task: 295e04fb-67e5-4269-8533-d24d5b91a21e
2018-06-28 21:32:03.125 17142 INFO rally.task.engine [-] Task 295e04fb-67e5-4269-8533-d24d5b91a21e | Starting:  Task validation.
2018-06-28 21:32:03.137 17142 INFO rally.task.engine [-] Task 295e04fb-67e5-4269-8533-d24d5b91a21e | Starting:  Task validation of syntax.
2018-06-28 21:32:03.178 17142 INFO rally.task.engine [-] Task 295e04fb-67e5-4269-8533-d24d5b91a21e | Completed: Task validation of syntax.
2018-06-28 21:32:03.179 17142 INFO rally.task.engine [-] Task 295e04fb-67e5-4269-8533-d24d5b91a21e | Starting:  Task validation of required platforms.
2018-06-28 21:32:03.190 17142 INFO rally.task.engine [-] Task 295e04fb-67e5-4269-8533-d24d5b91a21e | Completed: Task validation of required platforms.
2018-06-28 21:32:03.191 17142 INFO rally.task.engine [-] Task 295e04fb-67e5-4269-8533-d24d5b91a21e | Starting:  Task validation of semantic.
2018-06-28 21:32:05.975 17142 INFO rally.task.context [-] Task 295e04fb-67e5-4269-8533-d24d5b91a21e | Context users@openstack setup()  finished in 2.20 sec
2018-06-28 21:32:06.860 17142 INFO rally.task.context [-] Task 295e04fb-67e5-4269-8533-d24d5b91a21e | Context users@openstack cleanup() started
2018-06-28 21:32:10.040 17142 INFO rally.task.context [-] Task 295e04fb-67e5-4269-8533-d24d5b91a21e | Context users@openstack cleanup() finished in 3.18 sec
2018-06-28 21:32:10.040 17142 INFO rally.task.engine [-] Task 295e04fb-67e5-4269-8533-d24d5b91a21e | Completed: Task validation of semantic.
2018-06-28 21:32:10.040 17142 INFO rally.task.engine [-] Task 295e04fb-67e5-4269-8533-d24d5b91a21e | Completed: Task validation.
2018-06-28 21:32:10.041 17142 INFO rally.api [-] Task 295e04fb-67e5-4269-8533-d24d5b91a21e input file is valid.
2018-06-28 21:32:10.041 17142 INFO rally.api [-] Run Task 295e04fb-67e5-4269-8533-d24d5b91a21e against Deployment 7a37a5af-20ae-460e-97c7-4fdb337cc0b6
2018-06-28 21:32:10.041 17142 INFO rally.task.engine [-] Task 295e04fb-67e5-4269-8533-d24d5b91a21e | Starting:  Running task.
2018-06-28 21:32:10.088 17142 INFO rally.task.engine [-] Running workload: 
  position = 0
  config = {
   "version": 2, 
   "title": "A cropped version of a bigger task.", 
   "description": "Auto-generated task from a single workload (uuid=0594c646-08f3-43bd-85a7-ce748bea056c)", 
   "subtasks": [
      {
         "title": "NeutronNetworks.create_and_list_networks", 
         "description": "Create a network and then list all networks.", 
         "scenario": {
            "NeutronNetworks.create_and_list_networks": {
               "network_create_args": {}
            }
         }, 
         "contexts": {
            "users": {
               "tenants": 3, 
               "users_per_tenant": 3
            }, 
            "quotas": {
               "neutron": {
                  "network": -1
               }
            }
         }, 
         "runner": {
            "constant": {
               "times": 100, 
               "concurrency": 10
            }
         }, 
         "hooks": [], 
         "sla": {
            "failure_rate": {
               "max": 0
            }
         }
      }
   ]
}
2018-06-28 21:32:12.847 17142 INFO rally.task.context [-] Task 295e04fb-67e5-4269-8533-d24d5b91a21e | Context users@openstack setup()  finished in 2.73 sec
2018-06-28 21:32:13.460 17142 INFO rally.task.context [-] Task 295e04fb-67e5-4269-8533-d24d5b91a21e | Context quotas@openstack setup()  finished in 0.61 sec
2018-06-28 21:32:13.460 17142 INFO rally.task.context [-] Task 295e04fb-67e5-4269-8533-d24d5b91a21e | Context cleanup@openstack setup()  finished in 0.01 msec
2018-06-28 21:32:13.488 17332 INFO rally.task.runner [-] Task 295e04fb-67e5-4269-8533-d24d5b91a21e | ITER: 1 START
2018-06-28 21:32:13.495 17333 INFO rally.task.runner [-] Task 295e04fb-67e5-4269-8533-d24d5b91a21e | ITER: 2 START
2018-06-28 21:32:13.499 17335 INFO rally.task.runner [-] Task 295e04fb-67e5-4269-8533-d24d5b91a21e | ITER: 4 START
2018-06-28 21:32:13.501 17334 INFO rally.task.runner [-] Task 295e04fb-67e5-4269-8533-d24d5b91a21e | ITER: 3 START
2018-06-28 21:32:13.502 17338 INFO rally.task.runner [-] Task 295e04fb-67e5-4269-8533-d24d5b91a21e | ITER: 5 START
2018-06-28 21:32:13.511 17344 INFO rally.task.runner [-] Task 295e04fb-67e5-4269-8533-d24d5b91a21e | ITER: 7 START
2018-06-28 21:32:13.512 17340 INFO rally.task.runner [-] Task 295e04fb-67e5-4269-8533-d24d5b91a21e | ITER: 6 START
2018-06-28 21:32:13.513 17348 INFO rally.task.runner [-] Task 295e04fb-67e5-4269-8533-d24d5b91a21e | ITER: 9 START
2018-06-28 21:32:13.513 17345 INFO rally.task.runner [-] Task 295e04fb-67e5-4269-8533-d24d5b91a21e | ITER: 8 START
2018-06-28 21:32:13.519 17351 INFO rally.task.runner [-] Task 295e04fb-67e5-4269-8533-d24d5b91a21e | ITER: 10 START
2018-06-28 21:32:14.694 17340 INFO rally.task.runner [-] Task 295e04fb-67e5-4269-8533-d24d5b91a21e | ITER: 6 END: OK
2018-06-28 21:32:14.700 17340 INFO rally.task.runner [-] Task 295e04fb-67e5-4269-8533-d24d5b91a21e | ITER: 11 START
2018-06-28 21:32:14.831 17345 INFO rally.task.runner [-] Task 295e04fb-67e5-4269-8533-d24d5b91a21e | ITER: 8 END: OK
2018-06-28 21:32:14.836 17345 INFO rally.task.runner [-] Task 295e04fb-67e5-4269-8533-d24d5b91a21e | ITER: 12 START
2018-06-28 21:32:14.874 17348 INFO rally.task.runner [-] Task 295e04fb-67e5-4269-8533-d24d5b91a21e | ITER: 9 END: OK
2018-06-28 21:32:14.878 17348 INFO rally.task.runner [-] Task 295e04fb-67e5-4269-8533-d24d5b91a21e | ITER: 13 START
2018-06-28 21:32:14.888 17333 INFO rally.task.runner [-] Task 295e04fb-67e5-4269-8533-d24d5b91a21e | ITER: 2 END: OK
2018-06-28 21:32:14.892 17333 INFO rally.task.runner [-] Task 295e04fb-67e5-4269-8533-d24d5b91a21e | ITER: 14 START
2018-06-28 21:32:14.945 17332 INFO rally.task.runner [-] Task 295e04fb-67e5-4269-8533-d24d5b91a21e | ITER: 1 END: OK
2018-06-28 21:32:14.950 17332 INFO rally.task.runner [-] Task 295e04fb-67e5-4269-8533-d24d5b91a21e | ITER: 15 START
2018-06-28 21:32:14.970 17351 INFO rally.task.runner [-] Task 295e04fb-67e5-4269-8533-d24d5b91a21e | ITER: 10 END: OK
2018-06-28 21:32:14.974 17351 INFO rally.task.runner [-] Task 295e04fb-67e5-4269-8533-d24d5b91a21e | ITER: 16 START
2018-06-28 21:32:15.199 17338 INFO rally.task.runner [-] Task 295e04fb-67e5-4269-8533-d24d5b91a21e | ITER: 5 END: OK
2018-06-28 21:32:15.204 17338 INFO rally.task.runner [-] Task 295e04fb-67e5-4269-8533-d24d5b91a21e | ITER: 17 START
2018-06-28 21:32:15.272 17334 INFO rally.task.runner [-] Task 295e04fb-67e5-4269-8533-d24d5b91a21e | ITER: 3 END: OK
2018-06-28 21:32:15.278 17334 INFO rally.task.runner [-] Task 295e04fb-67e5-4269-8533-d24d5b91a21e | ITER: 18 START
2018-06-28 21:32:15.401 17335 INFO rally.task.runner [-] Task 295e04fb-67e5-4269-8533-d24d5b91a21e | ITER: 4 END: OK
2018-06-28 21:32:15.407 17335 INFO rally.task.runner [-] Task 295e04fb-67e5-4269-8533-d24d5b91a21e | ITER: 19 START
2018-06-28 21:32:15.636 17344 INFO rally.task.runner [-] Task 295e04fb-67e5-4269-8533-d24d5b91a21e | ITER: 7 END: OK
2018-06-28 21:32:15.643 17344 INFO rally.task.runner [-] Task 295e04fb-67e5-4269-8533-d24d5b91a21e | ITER: 20 START
2018-06-28 21:32:15.754 17345 INFO rally.task.runner [-] Task 295e04fb-67e5-4269-8533-d24d5b91a21e | ITER: 12 END: OK
2018-06-28 21:32:15.759 17345 INFO rally.task.runner [-] Task 295e04fb-67e5-4269-8533-d24d5b91a21e | ITER: 21 START
2018-06-28 21:32:15.923 17351 INFO rally.task.runner [-] Task 295e04fb-67e5-4269-8533-d24d5b91a21e | ITER: 16 END: OK
2018-06-28 21:32:15.928 17351 INFO rally.task.runner [-] Task 295e04fb-67e5-4269-8533-d24d5b91a21e | ITER: 22 START
2018-06-28 21:32:16.011 17340 INFO rally.task.runner [-] Task 295e04fb-67e5-4269-8533-d24d5b91a21e | ITER: 11 END: OK
2018-06-28 21:32:16.012 17348 INFO rally.task.runner [-] Task 295e04fb-67e5-4269-8533-d24d5b91a21e | ITER: 13 END: OK
2018-06-28 21:32:16.016 17340 INFO rally.task.runner [-] Task 295e04fb-67e5-4269-8533-d24d5b91a21e | ITER: 23 START
2018-06-28 21:32:16.018 17348 INFO rally.task.runner [-] Task 295e04fb-67e5-4269-8533-d24d5b91a21e | ITER: 24 START
2018-06-28 21:32:16.037 17332 INFO rally.task.runner [-] Task 295e04fb-67e5-4269-8533-d24d5b91a21e | ITER: 15 END: OK
2018-06-28 21:32:16.042 17332 INFO rally.task.runner [-] Task 295e04fb-67e5-4269-8533-d24d5b91a21e | ITER: 25 START
2018-06-28 21:32:16.204 17333 INFO rally.task.runner [-] Task 295e04fb-67e5-4269-8533-d24d5b91a21e | ITER: 14 END: OK
2018-06-28 21:32:16.208 17333 INFO rally.task.runner [-] Task 295e04fb-67e5-4269-8533-d24d5b91a21e | ITER: 26 START
2018-06-28 21:32:16.286 17334 INFO rally.task.runner [-] Task 295e04fb-67e5-4269-8533-d24d5b91a21e | ITER: 18 END: OK
2018-06-28 21:32:16.291 17334 INFO rally.task.runner [-] Task 295e04fb-67e5-4269-8533-d24d5b91a21e | ITER: 27 START
2018-06-28 21:32:16.294 17338 INFO rally.task.runner [-] Task 295e04fb-67e5-4269-8533-d24d5b91a21e | ITER: 17 END: OK
2018-06-28 21:32:16.299 17338 INFO rally.task.runner [-] Task 295e04fb-67e5-4269-8533-d24d5b91a21e | ITER: 28 START
2018-06-28 21:32:16.370 17335 INFO rally.task.runner [-] Task 295e04fb-67e5-4269-8533-d24d5b91a21e | ITER: 19 END: OK
2018-06-28 21:32:16.375 17335 INFO rally.task.runner [-] Task 295e04fb-67e5-4269-8533-d24d5b91a21e | ITER: 29 START
2018-06-28 21:32:16.573 17344 INFO rally.task.runner [-] Task 295e04fb-67e5-4269-8533-d24d5b91a21e | ITER: 20 END: OK
2018-06-28 21:32:16.577 17344 INFO rally.task.runner [-] Task 295e04fb-67e5-4269-8533-d24d5b91a21e | ITER: 30 START
2018-06-28 21:32:16.784 17345 INFO rally.task.runner [-] Task 295e04fb-67e5-4269-8533-d24d5b91a21e | ITER: 21 END: OK
2018-06-28 21:32:16.789 17345 INFO rally.task.runner [-] Task 295e04fb-67e5-4269-8533-d24d5b91a21e | ITER: 31 START
2018-06-28 21:32:17.015 17348 INFO rally.task.runner [-] Task 295e04fb-67e5-4269-8533-d24d5b91a21e | ITER: 24 END: OK
2018-06-28 21:32:17.020 17348 INFO rally.task.runner [-] Task 295e04fb-67e5-4269-8533-d24d5b91a21e | ITER: 32 START
2018-06-28 21:32:17.051 17332 INFO rally.task.runner [-] Task 295e04fb-67e5-4269-8533-d24d5b91a21e | ITER: 25 END: OK
2018-06-28 21:32:17.057 17332 INFO rally.task.runner [-] Task 295e04fb-67e5-4269-8533-d24d5b91a21e | ITER: 33 START
2018-06-28 21:32:17.101 17340 INFO rally.task.runner [-] Task 295e04fb-67e5-4269-8533-d24d5b91a21e | ITER: 23 END: OK
2018-06-28 21:32:17.105 17340 INFO rally.task.runner [-] Task 295e04fb-67e5-4269-8533-d24d5b91a21e | ITER: 34 START
2018-06-28 21:32:17.166 17333 INFO rally.task.runner [-] Task 295e04fb-67e5-4269-8533-d24d5b91a21e | ITER: 26 END: OK
2018-06-28 21:32:17.172 17333 INFO rally.task.runner [-] Task 295e04fb-67e5-4269-8533-d24d5b91a21e | ITER: 35 START
2018-06-28 21:32:17.294 17351 INFO rally.task.runner [-] Task 295e04fb-67e5-4269-8533-d24d5b91a21e | ITER: 22 END: OK
2018-06-28 21:32:17.298 17351 INFO rally.task.runner [-] Task 295e04fb-67e5-4269-8533-d24d5b91a21e | ITER: 36 START
2018-06-28 21:32:17.424 17338 INFO rally.task.runner [-] Task 295e04fb-67e5-4269-8533-d24d5b91a21e | ITER: 28 END: OK
2018-06-28 21:32:17.428 17338 INFO rally.task.runner [-] Task 295e04fb-67e5-4269-8533-d24d5b91a21e | ITER: 37 START
2018-06-28 21:32:17.565 17335 INFO rally.task.runner [-] Task 295e04fb-67e5-4269-8533-d24d5b91a21e | ITER: 29 END: OK
2018-06-28 21:32:17.570 17335 INFO rally.task.runner [-] Task 295e04fb-67e5-4269-8533-d24d5b91a21e | ITER: 38 START
2018-06-28 21:32:17.587 17334 INFO rally.task.runner [-] Task 295e04fb-67e5-4269-8533-d24d5b91a21e | ITER: 27 END: OK
2018-06-28 21:32:17.591 17334 INFO rally.task.runner [-] Task 295e04fb-67e5-4269-8533-d24d5b91a21e | ITER: 39 START
2018-06-28 21:32:17.852 17344 INFO rally.task.runner [-] Task 295e04fb-67e5-4269-8533-d24d5b91a21e | ITER: 30 END: OK
2018-06-28 21:32:17.856 17344 INFO rally.task.runner [-] Task 295e04fb-67e5-4269-8533-d24d5b91a21e | ITER: 40 START
2018-06-28 21:32:18.063 17345 INFO rally.task.runner [-] Task 295e04fb-67e5-4269-8533-d24d5b91a21e | ITER: 31 END: OK
2018-06-28 21:32:18.068 17345 INFO rally.task.runner [-] Task 295e04fb-67e5-4269-8533-d24d5b91a21e | ITER: 41 START
2018-06-28 21:32:18.182 17340 INFO rally.task.runner [-] Task 295e04fb-67e5-4269-8533-d24d5b91a21e | ITER: 34 END: OK
2018-06-28 21:32:18.187 17340 INFO rally.task.runner [-] Task 295e04fb-67e5-4269-8533-d24d5b91a21e | ITER: 42 START
2018-06-28 21:32:18.285 17332 INFO rally.task.runner [-] Task 295e04fb-67e5-4269-8533-d24d5b91a21e | ITER: 33 END: OK
2018-06-28 21:32:18.290 17332 INFO rally.task.runner [-] Task 295e04fb-67e5-4269-8533-d24d5b91a21e | ITER: 43 START
2018-06-28 21:32:18.319 17333 INFO rally.task.runner [-] Task 295e04fb-67e5-4269-8533-d24d5b91a21e | ITER: 35 END: OK
2018-06-28 21:32:18.323 17333 INFO rally.task.runner [-] Task 295e04fb-67e5-4269-8533-d24d5b91a21e | ITER: 44 START
2018-06-28 21:32:18.565 17348 INFO rally.task.runner [-] Task 295e04fb-67e5-4269-8533-d24d5b91a21e | ITER: 32 END: OK
2018-06-28 21:32:18.570 17348 INFO rally.task.runner [-] Task 295e04fb-67e5-4269-8533-d24d5b91a21e | ITER: 45 START
2018-06-28 21:32:18.571 17351 INFO rally.task.runner [-] Task 295e04fb-67e5-4269-8533-d24d5b91a21e | ITER: 36 END: OK
2018-06-28 21:32:18.575 17351 INFO rally.task.runner [-] Task 295e04fb-67e5-4269-8533-d24d5b91a21e | ITER: 46 START
2018-06-28 21:32:18.618 17338 INFO rally.task.runner [-] Task 295e04fb-67e5-4269-8533-d24d5b91a21e | ITER: 37 END: OK
2018-06-28 21:32:18.622 17338 INFO rally.task.runner [-] Task 295e04fb-67e5-4269-8533-d24d5b91a21e | ITER: 47 START
2018-06-28 21:32:18.629 17335 INFO rally.task.runner [-] Task 295e04fb-67e5-4269-8533-d24d5b91a21e | ITER: 38 END: OK
2018-06-28 21:32:18.634 17335 INFO rally.task.runner [-] Task 295e04fb-67e5-4269-8533-d24d5b91a21e | ITER: 48 START
2018-06-28 21:32:18.686 17334 INFO rally.task.runner [-] Task 295e04fb-67e5-4269-8533-d24d5b91a21e | ITER: 39 END: OK
2018-06-28 21:32:18.691 17334 INFO rally.task.runner [-] Task 295e04fb-67e5-4269-8533-d24d5b91a21e | ITER: 49 START
2018-06-28 21:32:18.882 17344 INFO rally.task.runner [-] Task 295e04fb-67e5-4269-8533-d24d5b91a21e | ITER: 40 END: OK
2018-06-28 21:32:18.887 17344 INFO rally.task.runner [-] Task 295e04fb-67e5-4269-8533-d24d5b91a21e | ITER: 50 START
2018-06-28 21:32:19.177 17345 INFO rally.task.runner [-] Task 295e04fb-67e5-4269-8533-d24d5b91a21e | ITER: 41 END: OK
2018-06-28 21:32:19.181 17345 INFO rally.task.runner [-] Task 295e04fb-67e5-4269-8533-d24d5b91a21e | ITER: 51 START
2018-06-28 21:32:19.369 17340 INFO rally.task.runner [-] Task 295e04fb-67e5-4269-8533-d24d5b91a21e | ITER: 42 END: OK
2018-06-28 21:32:19.375 17340 INFO rally.task.runner [-] Task 295e04fb-67e5-4269-8533-d24d5b91a21e | ITER: 52 START
2018-06-28 21:32:19.443 17332 INFO rally.task.runner [-] Task 295e04fb-67e5-4269-8533-d24d5b91a21e | ITER: 43 END: OK
2018-06-28 21:32:19.448 17332 INFO rally.task.runner [-] Task 295e04fb-67e5-4269-8533-d24d5b91a21e | ITER: 53 START
2018-06-28 21:32:19.451 17333 INFO rally.task.runner [-] Task 295e04fb-67e5-4269-8533-d24d5b91a21e | ITER: 44 END: OK
2018-06-28 21:32:19.456 17333 INFO rally.task.runner [-] Task 295e04fb-67e5-4269-8533-d24d5b91a21e | ITER: 54 START
2018-06-28 21:32:19.802 17338 INFO rally.task.runner [-] Task 295e04fb-67e5-4269-8533-d24d5b91a21e | ITER: 47 END: OK
2018-06-28 21:32:19.805 17338 INFO rally.task.runner [-] Task 295e04fb-67e5-4269-8533-d24d5b91a21e | ITER: 55 START
2018-06-28 21:32:19.815 17348 INFO rally.task.runner [-] Task 295e04fb-67e5-4269-8533-d24d5b91a21e | ITER: 45 END: OK
2018-06-28 21:32:19.820 17348 INFO rally.task.runner [-] Task 295e04fb-67e5-4269-8533-d24d5b91a21e | ITER: 56 START
2018-06-28 21:32:19.867 17334 INFO rally.task.runner [-] Task 295e04fb-67e5-4269-8533-d24d5b91a21e | ITER: 49 END: OK
2018-06-28 21:32:19.871 17334 INFO rally.task.runner [-] Task 295e04fb-67e5-4269-8533-d24d5b91a21e | ITER: 57 START
2018-06-28 21:32:19.976 17351 INFO rally.task.runner [-] Task 295e04fb-67e5-4269-8533-d24d5b91a21e | ITER: 46 END: OK
2018-06-28 21:32:19.980 17351 INFO rally.task.runner [-] Task 295e04fb-67e5-4269-8533-d24d5b91a21e | ITER: 58 START
2018-06-28 21:32:20.065 17335 INFO rally.task.runner [-] Task 295e04fb-67e5-4269-8533-d24d5b91a21e | ITER: 48 END: OK
2018-06-28 21:32:20.070 17335 INFO rally.task.runner [-] Task 295e04fb-67e5-4269-8533-d24d5b91a21e | ITER: 59 START
2018-06-28 21:32:20.074 17344 INFO rally.task.runner [-] Task 295e04fb-67e5-4269-8533-d24d5b91a21e | ITER: 50 END: OK
2018-06-28 21:32:20.080 17344 INFO rally.task.runner [-] Task 295e04fb-67e5-4269-8533-d24d5b91a21e | ITER: 60 START
2018-06-28 21:32:20.444 17345 INFO rally.task.runner [-] Task 295e04fb-67e5-4269-8533-d24d5b91a21e | ITER: 51 END: OK
2018-06-28 21:32:20.450 17345 INFO rally.task.runner [-] Task 295e04fb-67e5-4269-8533-d24d5b91a21e | ITER: 61 START
2018-06-28 21:32:20.547 17340 INFO rally.task.runner [-] Task 295e04fb-67e5-4269-8533-d24d5b91a21e | ITER: 52 END: OK
2018-06-28 21:32:20.552 17340 INFO rally.task.runner [-] Task 295e04fb-67e5-4269-8533-d24d5b91a21e | ITER: 62 START
2018-06-28 21:32:20.629 17332 INFO rally.task.runner [-] Task 295e04fb-67e5-4269-8533-d24d5b91a21e | ITER: 53 END: OK
2018-06-28 21:32:20.634 17332 INFO rally.task.runner [-] Task 295e04fb-67e5-4269-8533-d24d5b91a21e | ITER: 63 START
2018-06-28 21:32:20.645 17333 INFO rally.task.runner [-] Task 295e04fb-67e5-4269-8533-d24d5b91a21e | ITER: 54 END: OK
2018-06-28 21:32:20.650 17333 INFO rally.task.runner [-] Task 295e04fb-67e5-4269-8533-d24d5b91a21e | ITER: 64 START
2018-06-28 21:32:20.913 17348 INFO rally.task.runner [-] Task 295e04fb-67e5-4269-8533-d24d5b91a21e | ITER: 56 END: OK
2018-06-28 21:32:20.918 17348 INFO rally.task.runner [-] Task 295e04fb-67e5-4269-8533-d24d5b91a21e | ITER: 65 START
2018-06-28 21:32:21.176 17334 INFO rally.task.runner [-] Task 295e04fb-67e5-4269-8533-d24d5b91a21e | ITER: 57 END: OK
2018-06-28 21:32:21.181 17334 INFO rally.task.runner [-] Task 295e04fb-67e5-4269-8533-d24d5b91a21e | ITER: 66 START
2018-06-28 21:32:21.245 17351 INFO rally.task.runner [-] Task 295e04fb-67e5-4269-8533-d24d5b91a21e | ITER: 58 END: OK
2018-06-28 21:32:21.250 17351 INFO rally.task.runner [-] Task 295e04fb-67e5-4269-8533-d24d5b91a21e | ITER: 67 START
2018-06-28 21:32:21.273 17335 INFO rally.task.runner [-] Task 295e04fb-67e5-4269-8533-d24d5b91a21e | ITER: 59 END: OK
2018-06-28 21:32:21.279 17335 INFO rally.task.runner [-] Task 295e04fb-67e5-4269-8533-d24d5b91a21e | ITER: 68 START
2018-06-28 21:32:21.317 17338 INFO rally.task.runner [-] Task 295e04fb-67e5-4269-8533-d24d5b91a21e | ITER: 55 END: OK
2018-06-28 21:32:21.322 17338 INFO rally.task.runner [-] Task 295e04fb-67e5-4269-8533-d24d5b91a21e | ITER: 69 START
2018-06-28 21:32:21.420 17344 INFO rally.task.runner [-] Task 295e04fb-67e5-4269-8533-d24d5b91a21e | ITER: 60 END: OK
2018-06-28 21:32:21.425 17344 INFO rally.task.runner [-] Task 295e04fb-67e5-4269-8533-d24d5b91a21e | ITER: 70 START
2018-06-28 21:32:21.728 17345 INFO rally.task.runner [-] Task 295e04fb-67e5-4269-8533-d24d5b91a21e | ITER: 61 END: OK
2018-06-28 21:32:21.733 17345 INFO rally.task.runner [-] Task 295e04fb-67e5-4269-8533-d24d5b91a21e | ITER: 71 START
2018-06-28 21:32:21.797 17333 INFO rally.task.runner [-] Task 295e04fb-67e5-4269-8533-d24d5b91a21e | ITER: 64 END: OK
2018-06-28 21:32:21.801 17333 INFO rally.task.runner [-] Task 295e04fb-67e5-4269-8533-d24d5b91a21e | ITER: 72 START
2018-06-28 21:32:21.806 17332 INFO rally.task.runner [-] Task 295e04fb-67e5-4269-8533-d24d5b91a21e | ITER: 63 END: OK
2018-06-28 21:32:21.811 17332 INFO rally.task.runner [-] Task 295e04fb-67e5-4269-8533-d24d5b91a21e | ITER: 73 START
2018-06-28 21:32:21.938 17340 INFO rally.task.runner [-] Task 295e04fb-67e5-4269-8533-d24d5b91a21e | ITER: 62 END: OK
2018-06-28 21:32:21.943 17340 INFO rally.task.runner [-] Task 295e04fb-67e5-4269-8533-d24d5b91a21e | ITER: 74 START
2018-06-28 21:32:22.107 17348 INFO rally.task.runner [-] Task 295e04fb-67e5-4269-8533-d24d5b91a21e | ITER: 65 END: OK
2018-06-28 21:32:22.111 17348 INFO rally.task.runner [-] Task 295e04fb-67e5-4269-8533-d24d5b91a21e | ITER: 75 START
2018-06-28 21:32:22.608 17335 INFO rally.task.runner [-] Task 295e04fb-67e5-4269-8533-d24d5b91a21e | ITER: 68 END: OK
2018-06-28 21:32:22.613 17335 INFO rally.task.runner [-] Task 295e04fb-67e5-4269-8533-d24d5b91a21e | ITER: 76 START
2018-06-28 21:32:22.676 17344 INFO rally.task.runner [-] Task 295e04fb-67e5-4269-8533-d24d5b91a21e | ITER: 70 END: OK
2018-06-28 21:32:22.681 17344 INFO rally.task.runner [-] Task 295e04fb-67e5-4269-8533-d24d5b91a21e | ITER: 77 START
2018-06-28 21:32:23.018 17338 INFO rally.task.runner [-] Task 295e04fb-67e5-4269-8533-d24d5b91a21e | ITER: 69 END: OK
2018-06-28 21:32:23.024 17338 INFO rally.task.runner [-] Task 295e04fb-67e5-4269-8533-d24d5b91a21e | ITER: 78 START
2018-06-28 21:32:23.072 17333 INFO rally.task.runner [-] Task 295e04fb-67e5-4269-8533-d24d5b91a21e | ITER: 72 END: OK
2018-06-28 21:32:23.072 17345 INFO rally.task.runner [-] Task 295e04fb-67e5-4269-8533-d24d5b91a21e | ITER: 71 END: OK
2018-06-28 21:32:23.076 17345 INFO rally.task.runner [-] Task 295e04fb-67e5-4269-8533-d24d5b91a21e | ITER: 79 START
2018-06-28 21:32:23.078 17333 INFO rally.task.runner [-] Task 295e04fb-67e5-4269-8533-d24d5b91a21e | ITER: 80 START
2018-06-28 21:32:23.176 17351 INFO rally.task.runner [-] Task 295e04fb-67e5-4269-8533-d24d5b91a21e | ITER: 67 END: OK
2018-06-28 21:32:23.180 17334 INFO rally.task.runner [-] Task 295e04fb-67e5-4269-8533-d24d5b91a21e | ITER: 66 END: OK
2018-06-28 21:32:23.181 17351 INFO rally.task.runner [-] Task 295e04fb-67e5-4269-8533-d24d5b91a21e | ITER: 81 START
2018-06-28 21:32:23.185 17334 INFO rally.task.runner [-] Task 295e04fb-67e5-4269-8533-d24d5b91a21e | ITER: 82 START
2018-06-28 21:32:23.223 17332 INFO rally.task.runner [-] Task 295e04fb-67e5-4269-8533-d24d5b91a21e | ITER: 73 END: OK
2018-06-28 21:32:23.227 17332 INFO rally.task.runner [-] Task 295e04fb-67e5-4269-8533-d24d5b91a21e | ITER: 83 START
2018-06-28 21:32:23.362 17340 INFO rally.task.runner [-] Task 295e04fb-67e5-4269-8533-d24d5b91a21e | ITER: 74 END: OK
2018-06-28 21:32:23.367 17340 INFO rally.task.runner [-] Task 295e04fb-67e5-4269-8533-d24d5b91a21e | ITER: 84 START
2018-06-28 21:32:23.830 17348 INFO rally.task.runner [-] Task 295e04fb-67e5-4269-8533-d24d5b91a21e | ITER: 75 END: OK
2018-06-28 21:32:23.835 17348 INFO rally.task.runner [-] Task 295e04fb-67e5-4269-8533-d24d5b91a21e | ITER: 85 START
2018-06-28 21:32:23.939 17335 INFO rally.task.runner [-] Task 295e04fb-67e5-4269-8533-d24d5b91a21e | ITER: 76 END: OK
2018-06-28 21:32:23.944 17335 INFO rally.task.runner [-] Task 295e04fb-67e5-4269-8533-d24d5b91a21e | ITER: 86 START
2018-06-28 21:32:24.031 17344 INFO rally.task.runner [-] Task 295e04fb-67e5-4269-8533-d24d5b91a21e | ITER: 77 END: OK
2018-06-28 21:32:24.037 17344 INFO rally.task.runner [-] Task 295e04fb-67e5-4269-8533-d24d5b91a21e | ITER: 87 START
2018-06-28 21:32:24.343 17338 INFO rally.task.runner [-] Task 295e04fb-67e5-4269-8533-d24d5b91a21e | ITER: 78 END: OK
2018-06-28 21:32:24.348 17338 INFO rally.task.runner [-] Task 295e04fb-67e5-4269-8533-d24d5b91a21e | ITER: 88 START
2018-06-28 21:32:24.530 17334 INFO rally.task.runner [-] Task 295e04fb-67e5-4269-8533-d24d5b91a21e | ITER: 82 END: OK
2018-06-28 21:32:24.536 17334 INFO rally.task.runner [-] Task 295e04fb-67e5-4269-8533-d24d5b91a21e | ITER: 89 START
2018-06-28 21:32:24.580 17333 INFO rally.task.runner [-] Task 295e04fb-67e5-4269-8533-d24d5b91a21e | ITER: 80 END: OK
2018-06-28 21:32:24.585 17333 INFO rally.task.runner [-] Task 295e04fb-67e5-4269-8533-d24d5b91a21e | ITER: 90 START
2018-06-28 21:32:24.609 17332 INFO rally.task.runner [-] Task 295e04fb-67e5-4269-8533-d24d5b91a21e | ITER: 83 END: OK
2018-06-28 21:32:24.614 17332 INFO rally.task.runner [-] Task 295e04fb-67e5-4269-8533-d24d5b91a21e | ITER: 91 START
2018-06-28 21:32:24.710 17340 INFO rally.task.runner [-] Task 295e04fb-67e5-4269-8533-d24d5b91a21e | ITER: 84 END: OK
2018-06-28 21:32:24.715 17340 INFO rally.task.runner [-] Task 295e04fb-67e5-4269-8533-d24d5b91a21e | ITER: 92 START
2018-06-28 21:32:24.733 17345 INFO rally.task.runner [-] Task 295e04fb-67e5-4269-8533-d24d5b91a21e | ITER: 79 END: OK
2018-06-28 21:32:24.738 17345 INFO rally.task.runner [-] Task 295e04fb-67e5-4269-8533-d24d5b91a21e | ITER: 93 START
2018-06-28 21:32:25.089 17351 INFO rally.task.runner [-] Task 295e04fb-67e5-4269-8533-d24d5b91a21e | ITER: 81 END: OK
2018-06-28 21:32:25.094 17351 INFO rally.task.runner [-] Task 295e04fb-67e5-4269-8533-d24d5b91a21e | ITER: 94 START
