2018-04-19 19:00:56.801 34453 INFO rally.task.runner [-] Task 432eb9a2-f7aa-40c1-b6d6-f01d1611a1fa | ITER: 79 START
2018-04-19 19:00:57.090 34466 INFO rally.task.runner [-] Task 432eb9a2-f7aa-40c1-b6d6-f01d1611a1fa | ITER: 72 END: OK
2018-04-19 19:00:57.095 34466 INFO rally.task.runner [-] Task 432eb9a2-f7aa-40c1-b6d6-f01d1611a1fa | ITER: 80 START
2018-04-19 19:00:57.152 34456 INFO rally.task.runner [-] Task 432eb9a2-f7aa-40c1-b6d6-f01d1611a1fa | ITER: 73 END: OK
2018-04-19 19:00:57.158 34456 INFO rally.task.runner [-] Task 432eb9a2-f7aa-40c1-b6d6-f01d1611a1fa | ITER: 81 START
2018-04-19 19:00:57.177 34465 INFO rally.task.runner [-] Task 432eb9a2-f7aa-40c1-b6d6-f01d1611a1fa | ITER: 70 END: OK
2018-04-19 19:00:57.183 34465 INFO rally.task.runner [-] Task 432eb9a2-f7aa-40c1-b6d6-f01d1611a1fa | ITER: 82 START
2018-04-19 19:00:57.194 34450 INFO rally.task.runner [-] Task 432eb9a2-f7aa-40c1-b6d6-f01d1611a1fa | ITER: 71 END: OK
2018-04-19 19:00:57.200 34450 INFO rally.task.runner [-] Task 432eb9a2-f7aa-40c1-b6d6-f01d1611a1fa | ITER: 83 START
2018-04-19 19:00:57.435 34459 INFO rally.task.runner [-] Task 432eb9a2-f7aa-40c1-b6d6-f01d1611a1fa | ITER: 75 END: OK
2018-04-19 19:00:57.440 34459 INFO rally.task.runner [-] Task 432eb9a2-f7aa-40c1-b6d6-f01d1611a1fa | ITER: 84 START
2018-04-19 19:00:57.597 34452 INFO rally.task.runner [-] Task 432eb9a2-f7aa-40c1-b6d6-f01d1611a1fa | ITER: 74 END: OK
2018-04-19 19:00:57.601 34452 INFO rally.task.runner [-] Task 432eb9a2-f7aa-40c1-b6d6-f01d1611a1fa | ITER: 85 START
2018-04-19 19:00:57.651 34453 INFO rally.task.runner [-] Task 432eb9a2-f7aa-40c1-b6d6-f01d1611a1fa | ITER: 79 END: OK
2018-04-19 19:00:57.655 34453 INFO rally.task.runner [-] Task 432eb9a2-f7aa-40c1-b6d6-f01d1611a1fa | ITER: 86 START
2018-04-19 19:00:57.684 34451 INFO rally.task.runner [-] Task 432eb9a2-f7aa-40c1-b6d6-f01d1611a1fa | ITER: 77 END: OK
2018-04-19 19:00:57.689 34451 INFO rally.task.runner [-] Task 432eb9a2-f7aa-40c1-b6d6-f01d1611a1fa | ITER: 87 START
2018-04-19 19:00:57.754 34471 INFO rally.task.runner [-] Task 432eb9a2-f7aa-40c1-b6d6-f01d1611a1fa | ITER: 76 END: OK
2018-04-19 19:00:57.759 34471 INFO rally.task.runner [-] Task 432eb9a2-f7aa-40c1-b6d6-f01d1611a1fa | ITER: 88 START
2018-04-19 19:00:57.823 34457 INFO rally.task.runner [-] Task 432eb9a2-f7aa-40c1-b6d6-f01d1611a1fa | ITER: 78 END: OK
2018-04-19 19:00:57.827 34457 INFO rally.task.runner [-] Task 432eb9a2-f7aa-40c1-b6d6-f01d1611a1fa | ITER: 89 START
2018-04-19 19:00:58.004 34466 INFO rally.task.runner [-] Task 432eb9a2-f7aa-40c1-b6d6-f01d1611a1fa | ITER: 80 END: OK
2018-04-19 19:00:58.009 34466 INFO rally.task.runner [-] Task 432eb9a2-f7aa-40c1-b6d6-f01d1611a1fa | ITER: 90 START
2018-04-19 19:00:58.025 34465 INFO rally.task.runner [-] Task 432eb9a2-f7aa-40c1-b6d6-f01d1611a1fa | ITER: 82 END: OK
2018-04-19 19:00:58.029 34465 INFO rally.task.runner [-] Task 432eb9a2-f7aa-40c1-b6d6-f01d1611a1fa | ITER: 91 START
2018-04-19 19:00:58.066 34456 INFO rally.task.runner [-] Task 432eb9a2-f7aa-40c1-b6d6-f01d1611a1fa | ITER: 81 END: OK
2018-04-19 19:00:58.071 34456 INFO rally.task.runner [-] Task 432eb9a2-f7aa-40c1-b6d6-f01d1611a1fa | ITER: 92 START
2018-04-19 19:00:58.109 34450 INFO rally.task.runner [-] Task 432eb9a2-f7aa-40c1-b6d6-f01d1611a1fa | ITER: 83 END: OK
2018-04-19 19:00:58.114 34450 INFO rally.task.runner [-] Task 432eb9a2-f7aa-40c1-b6d6-f01d1611a1fa | ITER: 93 START
2018-04-19 19:00:58.305 34459 INFO rally.task.runner [-] Task 432eb9a2-f7aa-40c1-b6d6-f01d1611a1fa | ITER: 84 END: OK
2018-04-19 19:00:58.309 34459 INFO rally.task.runner [-] Task 432eb9a2-f7aa-40c1-b6d6-f01d1611a1fa | ITER: 94 START
2018-04-19 19:00:58.490 34452 INFO rally.task.runner [-] Task 432eb9a2-f7aa-40c1-b6d6-f01d1611a1fa | ITER: 85 END: OK
2018-04-19 19:00:58.495 34452 INFO rally.task.runner [-] Task 432eb9a2-f7aa-40c1-b6d6-f01d1611a1fa | ITER: 95 START
2018-04-19 19:00:58.513 34453 INFO rally.task.runner [-] Task 432eb9a2-f7aa-40c1-b6d6-f01d1611a1fa | ITER: 86 END: OK
2018-04-19 19:00:58.517 34453 INFO rally.task.runner [-] Task 432eb9a2-f7aa-40c1-b6d6-f01d1611a1fa | ITER: 96 START
2018-04-19 19:00:58.554 34451 INFO rally.task.runner [-] Task 432eb9a2-f7aa-40c1-b6d6-f01d1611a1fa | ITER: 87 END: OK
2018-04-19 19:00:58.559 34451 INFO rally.task.runner [-] Task 432eb9a2-f7aa-40c1-b6d6-f01d1611a1fa | ITER: 97 START
2018-04-19 19:00:58.691 34457 INFO rally.task.runner [-] Task 432eb9a2-f7aa-40c1-b6d6-f01d1611a1fa | ITER: 89 END: OK
2018-04-19 19:00:58.697 34457 INFO rally.task.runner [-] Task 432eb9a2-f7aa-40c1-b6d6-f01d1611a1fa | ITER: 98 START
2018-04-19 19:00:58.721 34471 INFO rally.task.runner [-] Task 432eb9a2-f7aa-40c1-b6d6-f01d1611a1fa | ITER: 88 END: OK
2018-04-19 19:00:58.726 34471 INFO rally.task.runner [-] Task 432eb9a2-f7aa-40c1-b6d6-f01d1611a1fa | ITER: 99 START
2018-04-19 19:00:58.925 34465 INFO rally.task.runner [-] Task 432eb9a2-f7aa-40c1-b6d6-f01d1611a1fa | ITER: 91 END: OK
2018-04-19 19:00:58.930 34465 INFO rally.task.runner [-] Task 432eb9a2-f7aa-40c1-b6d6-f01d1611a1fa | ITER: 100 START
2018-04-19 19:00:58.960 34466 INFO rally.task.runner [-] Task 432eb9a2-f7aa-40c1-b6d6-f01d1611a1fa | ITER: 90 END: OK
2018-04-19 19:00:58.991 34450 INFO rally.task.runner [-] Task 432eb9a2-f7aa-40c1-b6d6-f01d1611a1fa | ITER: 93 END: OK
2018-04-19 19:00:59.063 34456 INFO rally.task.runner [-] Task 432eb9a2-f7aa-40c1-b6d6-f01d1611a1fa | ITER: 92 END: OK
2018-04-19 19:00:59.297 34459 INFO rally.task.runner [-] Task 432eb9a2-f7aa-40c1-b6d6-f01d1611a1fa | ITER: 94 END: OK
2018-04-19 19:00:59.437 34451 INFO rally.task.runner [-] Task 432eb9a2-f7aa-40c1-b6d6-f01d1611a1fa | ITER: 97 END: OK
2018-04-19 19:00:59.450 34453 INFO rally.task.runner [-] Task 432eb9a2-f7aa-40c1-b6d6-f01d1611a1fa | ITER: 96 END: OK
2018-04-19 19:00:59.457 34452 INFO rally.task.runner [-] Task 432eb9a2-f7aa-40c1-b6d6-f01d1611a1fa | ITER: 95 END: OK
2018-04-19 19:00:59.642 34457 INFO rally.task.runner [-] Task 432eb9a2-f7aa-40c1-b6d6-f01d1611a1fa | ITER: 98 END: OK
2018-04-19 19:00:59.701 34471 INFO rally.task.runner [-] Task 432eb9a2-f7aa-40c1-b6d6-f01d1611a1fa | ITER: 99 END: OK
2018-04-19 19:00:59.764 34465 INFO rally.task.runner [-] Task 432eb9a2-f7aa-40c1-b6d6-f01d1611a1fa | ITER: 100 END: OK
2018-04-19 19:00:59.789 33880 INFO rally.task.context [-] Task 432eb9a2-f7aa-40c1-b6d6-f01d1611a1fa | Context cleanup@openstack cleanup() started
2018-04-19 19:01:26.380 33880 INFO rally.task.context [-] Task 432eb9a2-f7aa-40c1-b6d6-f01d1611a1fa | Context cleanup@openstack cleanup() finished in 26.59 sec
2018-04-19 19:01:26.381 33880 INFO rally.task.context [-] Task 432eb9a2-f7aa-40c1-b6d6-f01d1611a1fa | Context roles@openstack cleanup() started
2018-04-19 19:01:27.576 33880 INFO rally.task.context [-] Task 432eb9a2-f7aa-40c1-b6d6-f01d1611a1fa | Context roles@openstack cleanup() finished in 1.19 sec
2018-04-19 19:01:27.576 33880 INFO rally.task.context [-] Task 432eb9a2-f7aa-40c1-b6d6-f01d1611a1fa | Context quotas@openstack cleanup() started
2018-04-19 19:01:27.642 33880 INFO rally.task.context [-] Task 432eb9a2-f7aa-40c1-b6d6-f01d1611a1fa | Context quotas@openstack cleanup() finished in 65.18 msec
2018-04-19 19:01:27.642 33880 INFO rally.task.context [-] Task 432eb9a2-f7aa-40c1-b6d6-f01d1611a1fa | Context users@openstack cleanup() started
2018-04-19 19:01:33.170 33880 INFO rally.task.context [-] Task 432eb9a2-f7aa-40c1-b6d6-f01d1611a1fa | Context users@openstack cleanup() finished in 5.53 sec
2018-04-19 19:01:33.223 33880 INFO rally.task.engine [-] Load duration is: 9.738879
2018-04-19 19:01:33.223 33880 INFO rally.task.engine [-] Full runner duration is: 9.784087
2018-04-19 19:01:33.223 33880 INFO rally.task.engine [-] Full duration is: 56.391064
2018-04-19 19:01:33.335 33880 INFO rally.task.engine [-] Task 432eb9a2-f7aa-40c1-b6d6-f01d1611a1fa | Completed: Running task.

--------------------------------------------------------------------------------
Task 432eb9a2-f7aa-40c1-b6d6-f01d1611a1fa: finished
--------------------------------------------------------------------------------

test scenario NeutronNetworks.create_and_list_networks
args position 0
args values:
{
  "runner": {
    "times": 100, 
    "concurrency": 10
  }, 
  "contexts": {
    "users": {
      "tenants": 3, 
      "users_per_tenant": 3
    }, 
    "quotas": {
      "neutron": {
        "network": -1
      }
    }
  }, 
  "args": {
    "network_create_args": {}
  }, 
  "sla": {
    "failure_rate": {
      "max": 0
    }
  }, 
  "hooks": []
}

--------------------------------------------------------------------------------
Task 432eb9a2-f7aa-40c1-b6d6-f01d1611a1fa has 0 error(s)
--------------------------------------------------------------------------------

+---------------------------------------------------------------------------------------------------------------------------+
|                                                   Response Times (sec)                                                    |
+------------------------+-----------+--------------+--------------+--------------+-----------+-----------+---------+-------+
| Action                 | Min (sec) | Median (sec) | 90%ile (sec) | 95%ile (sec) | Max (sec) | Avg (sec) | Success | Count |
+------------------------+-----------+--------------+--------------+--------------+-----------+-----------+---------+-------+
| neutron.create_network | 0.61      | 0.702        | 1.006        | 1.097        | 1.219     | 0.755     | 100.0%  | 100   |
| neutron.list_networks  | 0.137     | 0.401        | 0.591        | 0.64         | 0.818     | 0.405     | 100.0%  | 100   |
| total                  | 0.833     | 1.129        | 1.406        | 1.464        | 1.746     | 1.16      | 100.0%  | 100   |
|  -> duration           | 0.833     | 1.129        | 1.406        | 1.464        | 1.746     | 1.16      | 100.0%  | 100   |
|  -> idle_duration      | 0.0       | 0.0          | 0.0          | 0.0          | 0.0       | 0.0       | 100.0%  | 100   |
+------------------------+-----------+--------------+--------------+--------------+-----------+-----------+---------+-------+

Load duration: 12.56869
Full duration: 48.901526
--------------------------------------------------------------------------------

test scenario NeutronNetworks.create_and_list_networks
args position 0
args values:
{
  "runner": {
    "times": 100, 
    "concurrency": 10
  }, 
  "contexts": {
    "users": {
      "tenants": 3, 
      "users_per_tenant": 3
    }, 
    "quotas": {
      "neutron": {
        "network": -1
      }
    }, 
    "roles": [
      "admin"
    ]
  }, 
  "args": {
    "network_create_args": {
      "provider:network_type": "vxlan"
    }
  }, 
  "sla": {
    "failure_rate": {
      "max": 0
    }
  }, 
  "hooks": []
}

--------------------------------------------------------------------------------
Task 432eb9a2-f7aa-40c1-b6d6-f01d1611a1fa has 0 error(s)
--------------------------------------------------------------------------------

+---------------------------------------------------------------------------------------------------------------------------+
|                                                   Response Times (sec)                                                    |
+------------------------+-----------+--------------+--------------+--------------+-----------+-----------+---------+-------+
| Action                 | Min (sec) | Median (sec) | 90%ile (sec) | 95%ile (sec) | Max (sec) | Avg (sec) | Success | Count |
+------------------------+-----------+--------------+--------------+--------------+-----------+-----------+---------+-------+
| neutron.create_network | 0.587     | 0.675        | 0.918        | 0.993        | 1.226     | 0.719     | 100.0%  | 100   |
| neutron.list_networks  | 0.111     | 0.198        | 0.319        | 0.342        | 0.399     | 0.209     | 100.0%  | 100   |
| total                  | 0.747     | 0.905        | 1.108        | 1.205        | 1.357     | 0.928     | 100.0%  | 100   |
|  -> duration           | 0.747     | 0.905        | 1.108        | 1.205        | 1.357     | 0.928     | 100.0%  | 100   |
|  -> idle_duration      | 0.0       | 0.0          | 0.0          | 0.0          | 0.0       | 0.0       | 100.0%  | 100   |
+------------------------+-----------+--------------+--------------+--------------+-----------+-----------+---------+-------+

Load duration: 9.738879
Full duration: 56.391064

HINTS:
* To plot HTML graphics with this data, run:
	rally task report 432eb9a2-f7aa-40c1-b6d6-f01d1611a1fa --out output.html

* To generate a JUnit report, run:
	rally task export 432eb9a2-f7aa-40c1-b6d6-f01d1611a1fa --type junit --to output.xml

* To get raw JSON output of task results, run:
	rally task report 432eb9a2-f7aa-40c1-b6d6-f01d1611a1fa --json --out output.json

--------------------------------------------------------------------------------
Preparing input task
--------------------------------------------------------------------------------

Task is:
{
   "NovaServers.boot_and_migrate_server": [
        {
            "args": {
                "flavor": {
                    "name": "m1.large"
                },
                "image": {
                    "name": "CentOS 7"
                }
            },
            "runner": {
                "type": "constant",
                "times": 100,
                "concurrency": 5
            },
            "context": {
                "users": {
                    "tenants": 1,
                    "users_per_tenant": 1
                }
            },
            "sla": {
                "failure_rate": {
                    "max": 0
                }
            }
        }
    ]
}

Task syntax is correct :)
Running Rally version 0.10.1~dev119
--------------------------------------------------------------------------------
Task  1cafd111-3dac-429a-8e7a-abada00388ea: started
--------------------------------------------------------------------------------

Running Task... This can take a while...

To track task status use:

	rally task status
	or
	rally task detailed

Using task: 1cafd111-3dac-429a-8e7a-abada00388ea
2018-04-19 19:01:35.224 34851 INFO rally.task.engine [-] Task 1cafd111-3dac-429a-8e7a-abada00388ea | Starting:  Task validation.
2018-04-19 19:01:35.235 34851 INFO rally.task.engine [-] Task 1cafd111-3dac-429a-8e7a-abada00388ea | Starting:  Task validation of syntax.
2018-04-19 19:01:35.252 34851 INFO rally.task.engine [-] Task 1cafd111-3dac-429a-8e7a-abada00388ea | Completed: Task validation of syntax.
2018-04-19 19:01:35.252 34851 INFO rally.task.engine [-] Task 1cafd111-3dac-429a-8e7a-abada00388ea | Starting:  Task validation of required platforms.
2018-04-19 19:01:35.259 34851 INFO rally.task.engine [-] Task 1cafd111-3dac-429a-8e7a-abada00388ea | Completed: Task validation of required platforms.
2018-04-19 19:01:35.260 34851 INFO rally.task.engine [-] Task 1cafd111-3dac-429a-8e7a-abada00388ea | Starting:  Task validation of semantic.
2018-04-19 19:01:38.640 34851 INFO rally.task.context [-] Task 1cafd111-3dac-429a-8e7a-abada00388ea | Context users@openstack setup()  finished in 2.67 sec
2018-04-19 19:01:40.011 34851 INFO rally.task.context [-] Task 1cafd111-3dac-429a-8e7a-abada00388ea | Context users@openstack cleanup() started
2018-04-19 19:01:43.169 34851 INFO rally.task.context [-] Task 1cafd111-3dac-429a-8e7a-abada00388ea | Context users@openstack cleanup() finished in 3.16 sec
2018-04-19 19:01:43.170 34851 INFO rally.task.engine [-] Task 1cafd111-3dac-429a-8e7a-abada00388ea | Completed: Task validation of semantic.
2018-04-19 19:01:43.170 34851 INFO rally.task.engine [-] Task 1cafd111-3dac-429a-8e7a-abada00388ea | Completed: Task validation.
2018-04-19 19:01:43.171 34851 INFO rally.api [-] Task 1cafd111-3dac-429a-8e7a-abada00388ea input file is valid.
2018-04-19 19:01:43.171 34851 INFO rally.api [-] Run Task 1cafd111-3dac-429a-8e7a-abada00388ea against Deployment ab52c4ca-1635-4294-83f0-32b091812a67
2018-04-19 19:01:43.171 34851 INFO rally.task.engine [-] Task 1cafd111-3dac-429a-8e7a-abada00388ea | Starting:  Running task.
2018-04-19 19:01:43.215 34851 INFO rally.task.engine [-] Running workload: 
  position = 0
  config = {
   "version": 2, 
   "title": "A cropped version of a bigger task.", 
   "description": "Auto-generated task from a single workload (uuid=305da4a4-7791-4492-bd15-97db28c5bce1)", 
   "subtasks": [
      {
         "title": "NovaServers.boot_and_migrate_server", 
         "description": "Migrate a server.", 
         "scenario": {
            "NovaServers.boot_and_migrate_server": {
               "flavor": {
                  "name": "m1.large"
               }, 
               "image": {
                  "name": "CentOS 7"
               }
            }
         }, 
         "contexts": {
            "users": {
               "tenants": 1, 
               "users_per_tenant": 1
            }
         }, 
         "runner": {
            "constant": {
               "times": 100, 
               "concurrency": 5
            }
         }, 
         "hooks": [], 
         "sla": {
            "failure_rate": {
               "max": 0
            }
         }
      }
   ]
}
2018-04-19 19:01:45.966 34851 INFO rally.task.context [-] Task 1cafd111-3dac-429a-8e7a-abada00388ea | Context users@openstack setup()  finished in 2.72 sec
2018-04-19 19:01:45.967 34851 INFO rally.task.context [-] Task 1cafd111-3dac-429a-8e7a-abada00388ea | Context cleanup@openstack setup()  finished in 0.14 msec
2018-04-19 19:01:46.830 34979 INFO rally.task.runner [-] Task 1cafd111-3dac-429a-8e7a-abada00388ea | ITER: 1 START
2018-04-19 19:01:46.832 34980 INFO rally.task.runner [-] Task 1cafd111-3dac-429a-8e7a-abada00388ea | ITER: 2 START
2018-04-19 19:01:46.838 34981 INFO rally.task.runner [-] Task 1cafd111-3dac-429a-8e7a-abada00388ea | ITER: 3 START
2018-04-19 19:01:46.839 34983 INFO rally.task.runner [-] Task 1cafd111-3dac-429a-8e7a-abada00388ea | ITER: 4 START
2018-04-19 19:01:46.843 34987 INFO rally.task.runner [-] Task 1cafd111-3dac-429a-8e7a-abada00388ea | ITER: 5 START
2018-04-19 19:03:39.545 34981 INFO rally.task.runner [-] Task 1cafd111-3dac-429a-8e7a-abada00388ea | ITER: 3 END: OK
2018-04-19 19:03:39.550 34981 INFO rally.task.runner [-] Task 1cafd111-3dac-429a-8e7a-abada00388ea | ITER: 6 START
2018-04-19 19:03:39.789 34979 INFO rally.task.runner [-] Task 1cafd111-3dac-429a-8e7a-abada00388ea | ITER: 1 END: OK
2018-04-19 19:03:39.795 34979 INFO rally.task.runner [-] Task 1cafd111-3dac-429a-8e7a-abada00388ea | ITER: 7 START
2018-04-19 19:03:47.326 34987 INFO rally.task.runner [-] Task 1cafd111-3dac-429a-8e7a-abada00388ea | ITER: 5 END: OK
2018-04-19 19:03:47.331 34987 INFO rally.task.runner [-] Task 1cafd111-3dac-429a-8e7a-abada00388ea | ITER: 8 START
2018-04-19 19:03:48.781 34983 INFO rally.task.runner [-] Task 1cafd111-3dac-429a-8e7a-abada00388ea | ITER: 4 END: OK
2018-04-19 19:03:48.785 34983 INFO rally.task.runner [-] Task 1cafd111-3dac-429a-8e7a-abada00388ea | ITER: 9 START
2018-04-19 19:04:34.134 34980 INFO rally.task.runner [-] Task 1cafd111-3dac-429a-8e7a-abada00388ea | ITER: 2 END: OK
2018-04-19 19:04:34.140 34980 INFO rally.task.runner [-] Task 1cafd111-3dac-429a-8e7a-abada00388ea | ITER: 10 START
2018-04-19 19:05:18.226 34979 INFO rally.task.runner [-] Task 1cafd111-3dac-429a-8e7a-abada00388ea | ITER: 7 END: OK
2018-04-19 19:05:18.231 34979 INFO rally.task.runner [-] Task 1cafd111-3dac-429a-8e7a-abada00388ea | ITER: 11 START
2018-04-19 19:05:24.398 34981 INFO rally.task.runner [-] Task 1cafd111-3dac-429a-8e7a-abada00388ea | ITER: 6 END: OK
2018-04-19 19:05:24.402 34981 INFO rally.task.runner [-] Task 1cafd111-3dac-429a-8e7a-abada00388ea | ITER: 12 START
2018-04-19 19:05:31.073 34987 INFO rally.task.runner [-] Task 1cafd111-3dac-429a-8e7a-abada00388ea | ITER: 8 END: OK
2018-04-19 19:05:31.077 34987 INFO rally.task.runner [-] Task 1cafd111-3dac-429a-8e7a-abada00388ea | ITER: 13 START
2018-04-19 19:05:31.698 34983 INFO rally.task.runner [-] Task 1cafd111-3dac-429a-8e7a-abada00388ea | ITER: 9 END: OK
2018-04-19 19:05:31.703 34983 INFO rally.task.runner [-] Task 1cafd111-3dac-429a-8e7a-abada00388ea | ITER: 14 START
2018-04-19 19:06:06.881 34980 INFO rally.task.runner [-] Task 1cafd111-3dac-429a-8e7a-abada00388ea | ITER: 10 END: OK
2018-04-19 19:06:06.885 34980 INFO rally.task.runner [-] Task 1cafd111-3dac-429a-8e7a-abada00388ea | ITER: 15 START
2018-04-19 19:06:50.404 34979 INFO rally.task.runner [-] Task 1cafd111-3dac-429a-8e7a-abada00388ea | ITER: 11 END: OK
2018-04-19 19:06:50.409 34979 INFO rally.task.runner [-] Task 1cafd111-3dac-429a-8e7a-abada00388ea | ITER: 16 START
2018-04-19 19:06:58.950 34981 INFO rally.task.runner [-] Task 1cafd111-3dac-429a-8e7a-abada00388ea | ITER: 12 END: OK
2018-04-19 19:06:58.955 34981 INFO rally.task.runner [-] Task 1cafd111-3dac-429a-8e7a-abada00388ea | ITER: 17 START
2018-04-19 19:07:10.456 34987 INFO rally.task.runner [-] Task 1cafd111-3dac-429a-8e7a-abada00388ea | ITER: 13 END: OK
2018-04-19 19:07:10.460 34987 INFO rally.task.runner [-] Task 1cafd111-3dac-429a-8e7a-abada00388ea | ITER: 18 START
2018-04-19 19:07:19.925 34983 INFO rally.task.runner [-] Task 1cafd111-3dac-429a-8e7a-abada00388ea | ITER: 14 END: OK
2018-04-19 19:07:19.929 34983 INFO rally.task.runner [-] Task 1cafd111-3dac-429a-8e7a-abada00388ea | ITER: 19 START
2018-04-19 19:07:41.049 34980 INFO rally.task.runner [-] Task 1cafd111-3dac-429a-8e7a-abada00388ea | ITER: 15 END: OK
2018-04-19 19:07:41.053 34980 INFO rally.task.runner [-] Task 1cafd111-3dac-429a-8e7a-abada00388ea | ITER: 20 START
2018-04-19 19:08:23.995 34979 INFO rally.task.runner [-] Task 1cafd111-3dac-429a-8e7a-abada00388ea | ITER: 16 END: OK
2018-04-19 19:08:23.999 34979 INFO rally.task.runner [-] Task 1cafd111-3dac-429a-8e7a-abada00388ea | ITER: 21 START
2018-04-19 19:08:35.392 34981 INFO rally.task.runner [-] Task 1cafd111-3dac-429a-8e7a-abada00388ea | ITER: 17 END: OK
2018-04-19 19:08:35.397 34981 INFO rally.task.runner [-] Task 1cafd111-3dac-429a-8e7a-abada00388ea | ITER: 22 START
2018-04-19 19:08:51.627 34987 INFO rally.task.runner [-] Task 1cafd111-3dac-429a-8e7a-abada00388ea | ITER: 18 END: OK
2018-04-19 19:08:51.632 34987 INFO rally.task.runner [-] Task 1cafd111-3dac-429a-8e7a-abada00388ea | ITER: 23 START
2018-04-19 19:08:59.027 34983 INFO rally.task.runner [-] Task 1cafd111-3dac-429a-8e7a-abada00388ea | ITER: 19 END: OK
2018-04-19 19:08:59.032 34983 INFO rally.task.runner [-] Task 1cafd111-3dac-429a-8e7a-abada00388ea | ITER: 24 START
2018-04-19 19:09:16.006 34980 INFO rally.task.runner [-] Task 1cafd111-3dac-429a-8e7a-abada00388ea | ITER: 20 END: OK
2018-04-19 19:09:16.010 34980 INFO rally.task.runner [-] Task 1cafd111-3dac-429a-8e7a-abada00388ea | ITER: 25 START
2018-04-19 19:10:04.522 34979 INFO rally.task.runner [-] Task 1cafd111-3dac-429a-8e7a-abada00388ea | ITER: 21 END: OK
2018-04-19 19:10:04.526 34979 INFO rally.task.runner [-] Task 1cafd111-3dac-429a-8e7a-abada00388ea | ITER: 26 START
2018-04-19 19:10:06.974 34981 INFO rally.task.runner [-] Task 1cafd111-3dac-429a-8e7a-abada00388ea | ITER: 22 END: OK
2018-04-19 19:10:06.978 34981 INFO rally.task.runner [-] Task 1cafd111-3dac-429a-8e7a-abada00388ea | ITER: 27 START
2018-04-19 19:10:26.766 34987 INFO rally.task.runner [-] Task 1cafd111-3dac-429a-8e7a-abada00388ea | ITER: 23 END: OK
2018-04-19 19:10:26.769 34987 INFO rally.task.runner [-] Task 1cafd111-3dac-429a-8e7a-abada00388ea | ITER: 28 START
2018-04-19 19:10:30.812 34983 INFO rally.task.runner [-] Task 1cafd111-3dac-429a-8e7a-abada00388ea | ITER: 24 END: OK
2018-04-19 19:10:30.815 34983 INFO rally.task.runner [-] Task 1cafd111-3dac-429a-8e7a-abada00388ea | ITER: 29 START
2018-04-19 19:10:47.346 34980 INFO rally.task.runner [-] Task 1cafd111-3dac-429a-8e7a-abada00388ea | ITER: 25 END: OK
2018-04-19 19:10:47.350 34980 INFO rally.task.runner [-] Task 1cafd111-3dac-429a-8e7a-abada00388ea | ITER: 30 START
2018-04-19 19:11:41.342 34979 INFO rally.task.runner [-] Task 1cafd111-3dac-429a-8e7a-abada00388ea | ITER: 26 END: OK
2018-04-19 19:11:41.346 34979 INFO rally.task.runner [-] Task 1cafd111-3dac-429a-8e7a-abada00388ea | ITER: 31 START
2018-04-19 19:11:42.725 34981 INFO rally.task.runner [-] Task 1cafd111-3dac-429a-8e7a-abada00388ea | ITER: 27 END: OK
2018-04-19 19:11:42.729 34981 INFO rally.task.runner [-] Task 1cafd111-3dac-429a-8e7a-abada00388ea | ITER: 32 START
2018-04-19 19:12:02.913 34987 INFO rally.task.runner [-] Task 1cafd111-3dac-429a-8e7a-abada00388ea | ITER: 28 END: OK
2018-04-19 19:12:02.917 34987 INFO rally.task.runner [-] Task 1cafd111-3dac-429a-8e7a-abada00388ea | ITER: 33 START
2018-04-19 19:12:05.020 34983 INFO rally.task.runner [-] Task 1cafd111-3dac-429a-8e7a-abada00388ea | ITER: 29 END: OK
2018-04-19 19:12:05.023 34983 INFO rally.task.runner [-] Task 1cafd111-3dac-429a-8e7a-abada00388ea | ITER: 34 START
2018-04-19 19:12:18.923 34980 INFO rally.task.runner [-] Task 1cafd111-3dac-429a-8e7a-abada00388ea | ITER: 30 END: OK
2018-04-19 19:12:18.927 34980 INFO rally.task.runner [-] Task 1cafd111-3dac-429a-8e7a-abada00388ea | ITER: 35 START
2018-04-19 19:13:18.725 34979 INFO rally.task.runner [-] Task 1cafd111-3dac-429a-8e7a-abada00388ea | ITER: 31 END: OK
2018-04-19 19:13:18.728 34979 INFO rally.task.runner [-] Task 1cafd111-3dac-429a-8e7a-abada00388ea | ITER: 36 START
2018-04-19 19:13:19.131 34981 INFO rally.task.runner [-] Task 1cafd111-3dac-429a-8e7a-abada00388ea | ITER: 32 END: OK
2018-04-19 19:13:19.135 34981 INFO rally.task.runner [-] Task 1cafd111-3dac-429a-8e7a-abada00388ea | ITER: 37 START
2018-04-19 19:13:43.535 34983 INFO rally.task.runner [-] Task 1cafd111-3dac-429a-8e7a-abada00388ea | ITER: 34 END: OK
2018-04-19 19:13:43.539 34983 INFO rally.task.runner [-] Task 1cafd111-3dac-429a-8e7a-abada00388ea | ITER: 38 START
2018-04-19 19:13:47.107 34987 INFO rally.task.runner [-] Task 1cafd111-3dac-429a-8e7a-abada00388ea | ITER: 33 END: OK
2018-04-19 19:13:47.111 34987 INFO rally.task.runner [-] Task 1cafd111-3dac-429a-8e7a-abada00388ea | ITER: 39 START
2018-04-19 19:13:55.131 34980 INFO rally.task.runner [-] Task 1cafd111-3dac-429a-8e7a-abada00388ea | ITER: 35 END: OK
2018-04-19 19:13:55.135 34980 INFO rally.task.runner [-] Task 1cafd111-3dac-429a-8e7a-abada00388ea | ITER: 40 START
2018-04-19 19:14:52.336 34979 INFO rally.task.runner [-] Task 1cafd111-3dac-429a-8e7a-abada00388ea | ITER: 36 END: OK
2018-04-19 19:14:52.340 34979 INFO rally.task.runner [-] Task 1cafd111-3dac-429a-8e7a-abada00388ea | ITER: 41 START
2018-04-19 19:14:59.116 34981 INFO rally.task.runner [-] Task 1cafd111-3dac-429a-8e7a-abada00388ea | ITER: 37 END: OK
2018-04-19 19:14:59.120 34981 INFO rally.task.runner [-] Task 1cafd111-3dac-429a-8e7a-abada00388ea | ITER: 42 START
2018-04-19 19:15:14.939 34983 INFO rally.task.runner [-] Task 1cafd111-3dac-429a-8e7a-abada00388ea | ITER: 38 END: OK
2018-04-19 19:15:14.944 34983 INFO rally.task.runner [-] Task 1cafd111-3dac-429a-8e7a-abada00388ea | ITER: 43 START
2018-04-19 19:15:23.345 34987 INFO rally.task.runner [-] Task 1cafd111-3dac-429a-8e7a-abada00388ea | ITER: 39 END: OK
2018-04-19 19:15:23.349 34987 INFO rally.task.runner [-] Task 1cafd111-3dac-429a-8e7a-abada00388ea | ITER: 44 START
2018-04-19 19:15:31.044 34980 INFO rally.task.runner [-] Task 1cafd111-3dac-429a-8e7a-abada00388ea | ITER: 40 END: OK
2018-04-19 19:15:31.049 34980 INFO rally.task.runner [-] Task 1cafd111-3dac-429a-8e7a-abada00388ea | ITER: 45 START
2018-04-19 19:16:21.805 34979 INFO rally.task.runner [-] Task 1cafd111-3dac-429a-8e7a-abada00388ea | ITER: 41 END: OK
2018-04-19 19:16:21.809 34979 INFO rally.task.runner [-] Task 1cafd111-3dac-429a-8e7a-abada00388ea | ITER: 46 START
2018-04-19 19:16:28.356 34981 INFO rally.task.runner [-] Task 1cafd111-3dac-429a-8e7a-abada00388ea | ITER: 42 END: OK
2018-04-19 19:16:28.360 34981 INFO rally.task.runner [-] Task 1cafd111-3dac-429a-8e7a-abada00388ea | ITER: 47 START
2018-04-19 19:16:54.866 34987 INFO rally.task.runner [-] Task 1cafd111-3dac-429a-8e7a-abada00388ea | ITER: 44 END: OK
2018-04-19 19:16:54.870 34987 INFO rally.task.runner [-] Task 1cafd111-3dac-429a-8e7a-abada00388ea | ITER: 48 START
2018-04-19 19:16:57.304 34983 INFO rally.task.runner [-] Task 1cafd111-3dac-429a-8e7a-abada00388ea | ITER: 43 END: OK
2018-04-19 19:16:57.308 34983 INFO rally.task.runner [-] Task 1cafd111-3dac-429a-8e7a-abada00388ea | ITER: 49 START
2018-04-19 19:17:06.880 34980 INFO rally.task.runner [-] Task 1cafd111-3dac-429a-8e7a-abada00388ea | ITER: 45 END: OK
2018-04-19 19:17:06.883 34980 INFO rally.task.runner [-] Task 1cafd111-3dac-429a-8e7a-abada00388ea | ITER: 50 START
2018-04-19 19:18:00.641 34981 INFO rally.task.runner [-] Task 1cafd111-3dac-429a-8e7a-abada00388ea | ITER: 47 END: OK
2018-04-19 19:18:00.644 34981 INFO rally.task.runner [-] Task 1cafd111-3dac-429a-8e7a-abada00388ea | ITER: 51 START
2018-04-19 19:18:00.737 34979 INFO rally.task.runner [-] Task 1cafd111-3dac-429a-8e7a-abada00388ea | ITER: 46 END: OK
2018-04-19 19:18:00.740 34979 INFO rally.task.runner [-] Task 1cafd111-3dac-429a-8e7a-abada00388ea | ITER: 52 START
2018-04-19 19:18:29.659 34987 INFO rally.task.runner [-] Task 1cafd111-3dac-429a-8e7a-abada00388ea | ITER: 48 END: OK
2018-04-19 19:18:29.662 34987 INFO rally.task.runner [-] Task 1cafd111-3dac-429a-8e7a-abada00388ea | ITER: 53 START
2018-04-19 19:18:31.405 34983 INFO rally.task.runner [-] Task 1cafd111-3dac-429a-8e7a-abada00388ea | ITER: 49 END: OK
2018-04-19 19:18:31.409 34983 INFO rally.task.runner [-] Task 1cafd111-3dac-429a-8e7a-abada00388ea | ITER: 54 START
2018-04-19 19:18:44.321 34980 INFO rally.task.runner [-] Task 1cafd111-3dac-429a-8e7a-abada00388ea | ITER: 50 END: OK
2018-04-19 19:18:44.325 34980 INFO rally.task.runner [-] Task 1cafd111-3dac-429a-8e7a-abada00388ea | ITER: 55 START
2018-04-19 19:19:37.544 34979 INFO rally.task.runner [-] Task 1cafd111-3dac-429a-8e7a-abada00388ea | ITER: 52 END: OK
2018-04-19 19:19:37.548 34979 INFO rally.task.runner [-] Task 1cafd111-3dac-429a-8e7a-abada00388ea | ITER: 56 START
2018-04-19 19:19:37.560 34981 INFO rally.task.runner [-] Task 1cafd111-3dac-429a-8e7a-abada00388ea | ITER: 51 END: OK
2018-04-19 19:19:37.564 34981 INFO rally.task.runner [-] Task 1cafd111-3dac-429a-8e7a-abada00388ea | ITER: 57 START
2018-04-19 19:20:03.937 34987 INFO rally.task.runner [-] Task 1cafd111-3dac-429a-8e7a-abada00388ea | ITER: 53 END: OK
2018-04-19 19:20:03.940 34987 INFO rally.task.runner [-] Task 1cafd111-3dac-429a-8e7a-abada00388ea | ITER: 58 START
2018-04-19 19:20:13.909 34983 INFO rally.task.runner [-] Task 1cafd111-3dac-429a-8e7a-abada00388ea | ITER: 54 END: OK
2018-04-19 19:20:13.912 34983 INFO rally.task.runner [-] Task 1cafd111-3dac-429a-8e7a-abada00388ea | ITER: 59 START
2018-04-19 19:20:20.554 34980 INFO rally.task.runner [-] Task 1cafd111-3dac-429a-8e7a-abada00388ea | ITER: 55 END: OK
2018-04-19 19:20:20.558 34980 INFO rally.task.runner [-] Task 1cafd111-3dac-429a-8e7a-abada00388ea | ITER: 60 START
2018-04-19 19:21:14.171 34981 INFO rally.task.runner [-] Task 1cafd111-3dac-429a-8e7a-abada00388ea | ITER: 57 END: OK
2018-04-19 19:21:14.175 34981 INFO rally.task.runner [-] Task 1cafd111-3dac-429a-8e7a-abada00388ea | ITER: 61 START
2018-04-19 19:21:16.256 34979 INFO rally.task.runner [-] Task 1cafd111-3dac-429a-8e7a-abada00388ea | ITER: 56 END: OK
2018-04-19 19:21:16.260 34979 INFO rally.task.runner [-] Task 1cafd111-3dac-429a-8e7a-abada00388ea | ITER: 62 START
2018-04-19 19:21:36.266 34987 INFO rally.task.runner [-] Task 1cafd111-3dac-429a-8e7a-abada00388ea | ITER: 58 END: OK
2018-04-19 19:21:36.270 34987 INFO rally.task.runner [-] Task 1cafd111-3dac-429a-8e7a-abada00388ea | ITER: 63 START
2018-04-19 19:21:50.279 34983 INFO rally.task.runner [-] Task 1cafd111-3dac-429a-8e7a-abada00388ea | ITER: 59 END: OK
2018-04-19 19:21:50.283 34983 INFO rally.task.runner [-] Task 1cafd111-3dac-429a-8e7a-abada00388ea | ITER: 64 START
2018-04-19 19:21:52.672 34980 INFO rally.task.runner [-] Task 1cafd111-3dac-429a-8e7a-abada00388ea | ITER: 60 END: OK
2018-04-19 19:21:52.675 34980 INFO rally.task.runner [-] Task 1cafd111-3dac-429a-8e7a-abada00388ea | ITER: 65 START
2018-04-19 19:22:50.202 34979 INFO rally.task.runner [-] Task 1cafd111-3dac-429a-8e7a-abada00388ea | ITER: 62 END: OK
2018-04-19 19:22:50.206 34979 INFO rally.task.runner [-] Task 1cafd111-3dac-429a-8e7a-abada00388ea | ITER: 66 START
2018-04-19 19:22:52.834 34981 INFO rally.task.runner [-] Task 1cafd111-3dac-429a-8e7a-abada00388ea | ITER: 61 END: OK
2018-04-19 19:22:52.839 34981 INFO rally.task.runner [-] Task 1cafd111-3dac-429a-8e7a-abada00388ea | ITER: 67 START
2018-04-19 19:23:10.320 34987 INFO rally.task.runner [-] Task 1cafd111-3dac-429a-8e7a-abada00388ea | ITER: 63 END: OK
2018-04-19 19:23:10.323 34987 INFO rally.task.runner [-] Task 1cafd111-3dac-429a-8e7a-abada00388ea | ITER: 68 START
2018-04-19 19:23:24.316 34983 INFO rally.task.runner [-] Task 1cafd111-3dac-429a-8e7a-abada00388ea | ITER: 64 END: OK
2018-04-19 19:23:24.320 34983 INFO rally.task.runner [-] Task 1cafd111-3dac-429a-8e7a-abada00388ea | ITER: 69 START
2018-04-19 19:23:26.742 34980 INFO rally.task.runner [-] Task 1cafd111-3dac-429a-8e7a-abada00388ea | ITER: 65 END: OK
2018-04-19 19:23:26.746 34980 INFO rally.task.runner [-] Task 1cafd111-3dac-429a-8e7a-abada00388ea | ITER: 70 START
2018-04-19 19:24:23.100 34979 INFO rally.task.runner [-] Task 1cafd111-3dac-429a-8e7a-abada00388ea | ITER: 66 END: OK
2018-04-19 19:24:23.104 34979 INFO rally.task.runner [-] Task 1cafd111-3dac-429a-8e7a-abada00388ea | ITER: 71 START
2018-04-19 19:24:29.978 34981 INFO rally.task.runner [-] Task 1cafd111-3dac-429a-8e7a-abada00388ea | ITER: 67 END: OK
2018-04-19 19:24:29.982 34981 INFO rally.task.runner [-] Task 1cafd111-3dac-429a-8e7a-abada00388ea | ITER: 72 START
2018-04-19 19:24:42.370 34987 INFO rally.task.runner [-] Task 1cafd111-3dac-429a-8e7a-abada00388ea | ITER: 68 END: OK
2018-04-19 19:24:42.373 34987 INFO rally.task.runner [-] Task 1cafd111-3dac-429a-8e7a-abada00388ea | ITER: 73 START
2018-04-19 19:25:04.908 34983 INFO rally.task.runner [-] Task 1cafd111-3dac-429a-8e7a-abada00388ea | ITER: 69 END: OK
2018-04-19 19:25:04.911 34983 INFO rally.task.runner [-] Task 1cafd111-3dac-429a-8e7a-abada00388ea | ITER: 74 START
2018-04-19 19:25:05.047 34980 INFO rally.task.runner [-] Task 1cafd111-3dac-429a-8e7a-abada00388ea | ITER: 70 END: OK
2018-04-19 19:25:05.051 34980 INFO rally.task.runner [-] Task 1cafd111-3dac-429a-8e7a-abada00388ea | ITER: 75 START
2018-04-19 19:25:54.734 34979 INFO rally.task.runner [-] Task 1cafd111-3dac-429a-8e7a-abada00388ea | ITER: 71 END: OK
2018-04-19 19:25:54.738 34979 INFO rally.task.runner [-] Task 1cafd111-3dac-429a-8e7a-abada00388ea | ITER: 76 START
2018-04-19 19:26:01.709 34981 INFO rally.task.runner [-] Task 1cafd111-3dac-429a-8e7a-abada00388ea | ITER: 72 END: OK
2018-04-19 19:26:01.712 34981 INFO rally.task.runner [-] Task 1cafd111-3dac-429a-8e7a-abada00388ea | ITER: 77 START
2018-04-19 19:26:13.597 34987 INFO rally.task.runner [-] Task 1cafd111-3dac-429a-8e7a-abada00388ea | ITER: 73 END: OK
2018-04-19 19:26:13.601 34987 INFO rally.task.runner [-] Task 1cafd111-3dac-429a-8e7a-abada00388ea | ITER: 78 START
2018-04-19 19:26:36.704 34983 INFO rally.task.runner [-] Task 1cafd111-3dac-429a-8e7a-abada00388ea | ITER: 74 END: OK
2018-04-19 19:26:36.708 34983 INFO rally.task.runner [-] Task 1cafd111-3dac-429a-8e7a-abada00388ea | ITER: 79 START
2018-04-19 19:26:43.147 34980 INFO rally.task.runner [-] Task 1cafd111-3dac-429a-8e7a-abada00388ea | ITER: 75 END: OK
2018-04-19 19:26:43.151 34980 INFO rally.task.runner [-] Task 1cafd111-3dac-429a-8e7a-abada00388ea | ITER: 80 START
2018-04-19 19:27:29.275 34979 INFO rally.task.runner [-] Task 1cafd111-3dac-429a-8e7a-abada00388ea | ITER: 76 END: OK
2018-04-19 19:27:29.279 34979 INFO rally.task.runner [-] Task 1cafd111-3dac-429a-8e7a-abada00388ea | ITER: 81 START
2018-04-19 19:27:35.784 34981 INFO rally.task.runner [-] Task 1cafd111-3dac-429a-8e7a-abada00388ea | ITER: 77 END: OK
2018-04-19 19:27:35.789 34981 INFO rally.task.runner [-] Task 1cafd111-3dac-429a-8e7a-abada00388ea | ITER: 82 START
2018-04-19 19:27:45.589 34987 INFO rally.task.runner [-] Task 1cafd111-3dac-429a-8e7a-abada00388ea | ITER: 78 END: OK
2018-04-19 19:27:45.593 34987 INFO rally.task.runner [-] Task 1cafd111-3dac-429a-8e7a-abada00388ea | ITER: 83 START
2018-04-19 19:28:08.463 34983 INFO rally.task.runner [-] Task 1cafd111-3dac-429a-8e7a-abada00388ea | ITER: 79 END: OK
2018-04-19 19:28:08.466 34983 INFO rally.task.runner [-] Task 1cafd111-3dac-429a-8e7a-abada00388ea | ITER: 84 START
2018-04-19 19:28:17.235 34980 INFO rally.task.runner [-] Task 1cafd111-3dac-429a-8e7a-abada00388ea | ITER: 80 END: OK
2018-04-19 19:28:17.239 34980 INFO rally.task.runner [-] Task 1cafd111-3dac-429a-8e7a-abada00388ea | ITER: 85 START
2018-04-19 19:29:06.021 34979 INFO rally.task.runner [-] Task 1cafd111-3dac-429a-8e7a-abada00388ea | ITER: 81 END: OK
2018-04-19 19:29:06.025 34979 INFO rally.task.runner [-] Task 1cafd111-3dac-429a-8e7a-abada00388ea | ITER: 86 START
2018-04-19 19:29:07.929 34981 INFO rally.task.runner [-] Task 1cafd111-3dac-429a-8e7a-abada00388ea | ITER: 82 END: OK
2018-04-19 19:29:07.933 34981 INFO rally.task.runner [-] Task 1cafd111-3dac-429a-8e7a-abada00388ea | ITER: 87 START
2018-04-19 19:29:19.859 34987 INFO rally.task.runner [-] Task 1cafd111-3dac-429a-8e7a-abada00388ea | ITER: 83 END: OK
2018-04-19 19:29:19.863 34987 INFO rally.task.runner [-] Task 1cafd111-3dac-429a-8e7a-abada00388ea | ITER: 88 START
2018-04-19 19:29:40.928 34983 INFO rally.task.runner [-] Task 1cafd111-3dac-429a-8e7a-abada00388ea | ITER: 84 END: OK
2018-04-19 19:29:40.932 34983 INFO rally.task.runner [-] Task 1cafd111-3dac-429a-8e7a-abada00388ea | ITER: 89 START
2018-04-19 19:29:49.112 34980 INFO rally.task.runner [-] Task 1cafd111-3dac-429a-8e7a-abada00388ea | ITER: 85 END: OK
2018-04-19 19:29:49.116 34980 INFO rally.task.runner [-] Task 1cafd111-3dac-429a-8e7a-abada00388ea | ITER: 90 START
2018-04-19 19:30:39.414 34979 INFO rally.task.runner [-] Task 1cafd111-3dac-429a-8e7a-abada00388ea | ITER: 86 END: OK
2018-04-19 19:30:39.417 34979 INFO rally.task.runner [-] Task 1cafd111-3dac-429a-8e7a-abada00388ea | ITER: 91 START
2018-04-19 19:30:48.403 34981 INFO rally.task.runner [-] Task 1cafd111-3dac-429a-8e7a-abada00388ea | ITER: 87 END: OK
2018-04-19 19:30:48.407 34981 INFO rally.task.runner [-] Task 1cafd111-3dac-429a-8e7a-abada00388ea | ITER: 92 START
2018-04-19 19:30:55.660 34987 INFO rally.task.runner [-] Task 1cafd111-3dac-429a-8e7a-abada00388ea | ITER: 88 END: OK
2018-04-19 19:30:55.664 34987 INFO rally.task.runner [-] Task 1cafd111-3dac-429a-8e7a-abada00388ea | ITER: 93 START
2018-04-19 19:31:13.437 34983 INFO rally.task.runner [-] Task 1cafd111-3dac-429a-8e7a-abada00388ea | ITER: 89 END: OK
2018-04-19 19:31:13.441 34983 INFO rally.task.runner [-] Task 1cafd111-3dac-429a-8e7a-abada00388ea | ITER: 94 START
2018-04-19 19:31:20.393 34980 INFO rally.task.runner [-] Task 1cafd111-3dac-429a-8e7a-abada00388ea | ITER: 90 END: OK
2018-04-19 19:31:20.396 34980 INFO rally.task.runner [-] Task 1cafd111-3dac-429a-8e7a-abada00388ea | ITER: 95 START
2018-04-19 19:32:09.362 34979 INFO rally.task.runner [-] Task 1cafd111-3dac-429a-8e7a-abada00388ea | ITER: 91 END: OK
2018-04-19 19:32:09.366 34979 INFO rally.task.runner [-] Task 1cafd111-3dac-429a-8e7a-abada00388ea | ITER: 96 START
2018-04-19 19:32:19.977 34981 INFO rally.task.runner [-] Task 1cafd111-3dac-429a-8e7a-abada00388ea | ITER: 92 END: OK
2018-04-19 19:32:19.981 34981 INFO rally.task.runner [-] Task 1cafd111-3dac-429a-8e7a-abada00388ea | ITER: 97 START
2018-04-19 19:32:31.965 34987 INFO rally.task.runner [-] Task 1cafd111-3dac-429a-8e7a-abada00388ea | ITER: 93 END: OK
2018-04-19 19:32:31.969 34987 INFO rally.task.runner [-] Task 1cafd111-3dac-429a-8e7a-abada00388ea | ITER: 98 START
2018-04-19 19:32:49.525 34983 INFO rally.task.runner [-] Task 1cafd111-3dac-429a-8e7a-abada00388ea | ITER: 94 END: OK
2018-04-19 19:32:49.528 34983 INFO rally.task.runner [-] Task 1cafd111-3dac-429a-8e7a-abada00388ea | ITER: 99 START
2018-04-19 19:32:51.899 34980 INFO rally.task.runner [-] Task 1cafd111-3dac-429a-8e7a-abada00388ea | ITER: 95 END: OK
2018-04-19 19:32:51.902 34980 INFO rally.task.runner [-] Task 1cafd111-3dac-429a-8e7a-abada00388ea | ITER: 100 START
2018-04-19 19:33:41.333 34979 INFO rally.task.runner [-] Task 1cafd111-3dac-429a-8e7a-abada00388ea | ITER: 96 END: OK
2018-04-19 19:33:49.880 34981 INFO rally.task.runner [-] Task 1cafd111-3dac-429a-8e7a-abada00388ea | ITER: 97 END: OK
2018-04-19 19:34:06.506 34987 INFO rally.task.runner [-] Task 1cafd111-3dac-429a-8e7a-abada00388ea | ITER: 98 END: OK
2018-04-19 19:34:29.196 34980 INFO rally.task.runner [-] Task 1cafd111-3dac-429a-8e7a-abada00388ea | ITER: 100 END: OK
2018-04-19 19:34:30.933 34983 INFO rally.task.runner [-] Task 1cafd111-3dac-429a-8e7a-abada00388ea | ITER: 99 END: OK
2018-04-19 19:34:30.959 34851 INFO rally.task.context [-] Task 1cafd111-3dac-429a-8e7a-abada00388ea | Context cleanup@openstack cleanup() started
2018-04-19 19:34:32.448 34851 INFO rally.task.context [-] Task 1cafd111-3dac-429a-8e7a-abada00388ea | Context cleanup@openstack cleanup() finished in 1.49 sec
2018-04-19 19:34:32.448 34851 INFO rally.task.context [-] Task 1cafd111-3dac-429a-8e7a-abada00388ea | Context users@openstack cleanup() started
2018-04-19 19:34:35.615 34851 INFO rally.task.context [-] Task 1cafd111-3dac-429a-8e7a-abada00388ea | Context users@openstack cleanup() finished in 3.17 sec
2018-04-19 19:34:37.240 34851 INFO rally.task.engine [-] Load duration is: 1963.099694
2018-04-19 19:34:37.241 34851 INFO rally.task.engine [-] Full runner duration is: 1964.14424
2018-04-19 19:34:37.241 34851 INFO rally.task.engine [-] Full duration is: 1972.393447
2018-04-19 19:34:37.381 34851 INFO rally.task.engine [-] Task 1cafd111-3dac-429a-8e7a-abada00388ea | Completed: Running task.

--------------------------------------------------------------------------------
Task 1cafd111-3dac-429a-8e7a-abada00388ea: finished
--------------------------------------------------------------------------------

test scenario NovaServers.boot_and_migrate_server
args position 0
args values:
{
  "runner": {
    "times": 100, 
    "concurrency": 5
  }, 
  "contexts": {
    "users": {
      "tenants": 1, 
      "users_per_tenant": 1
    }
  }, 
  "args": {
    "flavor": {
      "name": "m1.large"
    }, 
    "image": {
      "name": "CentOS 7"
    }
  }, 
  "sla": {
    "failure_rate": {
      "max": 0
    }
  }, 
  "hooks": []
}

--------------------------------------------------------------------------------
Task 1cafd111-3dac-429a-8e7a-abada00388ea has 0 error(s)
--------------------------------------------------------------------------------

+------------------------------------------------------------------------------------------------------------------------+
|                                                  Response Times (sec)                                                  |
+---------------------+-----------+--------------+--------------+--------------+-----------+-----------+---------+-------+
| Action              | Min (sec) | Median (sec) | 90%ile (sec) | 95%ile (sec) | Max (sec) | Avg (sec) | Success | Count |
+---------------------+-----------+--------------+--------------+--------------+-----------+-----------+---------+-------+
| nova.boot_server    | 61.335    | 66.221       | 71.415       | 75.962       | 138.673   | 67.885    | 100.0%  | 100   |
| nova.migrate        | 20.022    | 22.573       | 25.012       | 25.215       | 27.218    | 23.206    | 100.0%  | 100   |
| nova.resize_confirm | 2.548     | 2.67         | 2.821        | 2.93         | 5.0       | 2.77      | 100.0%  | 100   |
| nova.delete_server  | 2.43      | 2.578        | 4.752        | 4.786        | 7.078     | 3.17      | 100.0%  | 100   |
| total               | 89.235    | 95.042       | 102.54       | 108.446      | 167.3     | 97.032    | 100.0%  | 100   |
|  -> duration        | 88.235    | 94.042       | 101.54       | 107.446      | 166.3     | 96.032    | 100.0%  | 100   |
|  -> idle_duration   | 1.0       | 1.0          | 1.0          | 1.0          | 1.0       | 1.0       | 100.0%  | 100   |
+---------------------+-----------+--------------+--------------+--------------+-----------+-----------+---------+-------+

Load duration: 1963.099694
Full duration: 1972.393447

HINTS:
* To plot HTML graphics with this data, run:
	rally task report 1cafd111-3dac-429a-8e7a-abada00388ea --out output.html

* To generate a JUnit report, run:
	rally task export 1cafd111-3dac-429a-8e7a-abada00388ea --type junit --to output.xml

* To get raw JSON output of task results, run:
	rally task report 1cafd111-3dac-429a-8e7a-abada00388ea --json --out output.json

--------------------------------------------------------------------------------
Preparing input task
--------------------------------------------------------------------------------

Task is:
{
    "NovaServers.boot_and_delete_server": [
        {
            "args": {
                "flavor": {
                    "name": "m1.medium"
                },
                "image": {
                    "name": "Ubuntu 16.04"
                },
                "force_delete": false
            },
            "runner": {
                "type": "constant",
                "times": 200,
                "concurrency": 10
            },
            "context": {
                "users": {
                    "tenants": 3,
                    "users_per_tenant": 5
                }
            },
            "sla": {
                "failure_rate": {
                    "max": 0
                }
            }
        },
        {
            "args": {
                "flavor": {
                    "name": "m1.medium"
                },
                "image": {
                    "name": "Ubuntu 16.04"
                },
                "auto_assign_nic": true
            },
            "runner": {
                "type": "constant",
                "times": 200,
                "concurrency": 10
            },
            "context": {
                "users": {
                    "tenants": 3,
                    "users_per_tenant": 5
                },
                "network": {
                    "start_cidr": "192.168.74.0/24",
                    "networks_per_tenant": 2
                }
            },
            "sla": {
                "failure_rate": {
                    "max": 0
                }
            }
        }
    ]
}

Task syntax is correct :)
Running Rally version 0.10.1~dev119
--------------------------------------------------------------------------------
Task  5f4f4de8-f420-4ccd-a367-893cd4b08c9d: started
--------------------------------------------------------------------------------

Running Task... This can take a while...

To track task status use:

	rally task status
	or
	rally task detailed

Using task: 5f4f4de8-f420-4ccd-a367-893cd4b08c9d
2018-04-19 19:34:39.267 35222 INFO rally.task.engine [-] Task 5f4f4de8-f420-4ccd-a367-893cd4b08c9d | Starting:  Task validation.
2018-04-19 19:34:39.278 35222 INFO rally.task.engine [-] Task 5f4f4de8-f420-4ccd-a367-893cd4b08c9d | Starting:  Task validation of syntax.
2018-04-19 19:34:39.311 35222 INFO rally.task.engine [-] Task 5f4f4de8-f420-4ccd-a367-893cd4b08c9d | Completed: Task validation of syntax.
2018-04-19 19:34:39.311 35222 INFO rally.task.engine [-] Task 5f4f4de8-f420-4ccd-a367-893cd4b08c9d | Starting:  Task validation of required platforms.
2018-04-19 19:34:39.325 35222 INFO rally.task.engine [-] Task 5f4f4de8-f420-4ccd-a367-893cd4b08c9d | Completed: Task validation of required platforms.
2018-04-19 19:34:39.325 35222 INFO rally.task.engine [-] Task 5f4f4de8-f420-4ccd-a367-893cd4b08c9d | Starting:  Task validation of semantic.
2018-04-19 19:34:42.563 35222 INFO rally.task.context [-] Task 5f4f4de8-f420-4ccd-a367-893cd4b08c9d | Context users@openstack setup()  finished in 2.54 sec
2018-04-19 19:34:45.018 35222 INFO rally.task.context [-] Task 5f4f4de8-f420-4ccd-a367-893cd4b08c9d | Context users@openstack cleanup() started
2018-04-19 19:34:48.082 35222 INFO rally.task.context [-] Task 5f4f4de8-f420-4ccd-a367-893cd4b08c9d | Context users@openstack cleanup() finished in 3.06 sec
2018-04-19 19:34:48.083 35222 INFO rally.task.engine [-] Task 5f4f4de8-f420-4ccd-a367-893cd4b08c9d | Completed: Task validation of semantic.
2018-04-19 19:34:48.083 35222 INFO rally.task.engine [-] Task 5f4f4de8-f420-4ccd-a367-893cd4b08c9d | Completed: Task validation.
2018-04-19 19:34:48.084 35222 INFO rally.api [-] Task 5f4f4de8-f420-4ccd-a367-893cd4b08c9d input file is valid.
2018-04-19 19:34:48.084 35222 INFO rally.api [-] Run Task 5f4f4de8-f420-4ccd-a367-893cd4b08c9d against Deployment ab52c4ca-1635-4294-83f0-32b091812a67
2018-04-19 19:34:48.084 35222 INFO rally.task.engine [-] Task 5f4f4de8-f420-4ccd-a367-893cd4b08c9d | Starting:  Running task.
2018-04-19 19:34:48.142 35222 INFO rally.task.engine [-] Running workload: 
  position = 0
  config = {
   "version": 2, 
   "title": "A cropped version of a bigger task.", 
   "description": "Auto-generated task from a single workload (uuid=58836fe4-3bac-4dca-98b1-52a904fa67a5)", 
   "subtasks": [
      {
         "title": "NovaServers.boot_and_delete_server", 
         "description": "Boot and delete a server.", 
         "scenario": {
            "NovaServers.boot_and_delete_server": {
               "flavor": {
                  "name": "m1.medium"
               }, 
               "image": {
                  "name": "Ubuntu 16.04"
               }, 
               "force_delete": false
            }
         }, 
         "contexts": {
            "users": {
               "tenants": 3, 
               "users_per_tenant": 5
            }
         }, 
         "runner": {
            "constant": {
               "times": 200, 
               "concurrency": 10
            }
         }, 
         "hooks": [], 
         "sla": {
            "failure_rate": {
