--------------------------------------------------------------------------------

test scenario NeutronNetworks.create_and_list_networks
args position 0
args values:
{
  "runner": {
    "times": 100, 
    "concurrency": 10
  }, 
  "contexts": {
    "users": {
      "tenants": 3, 
      "users_per_tenant": 3
    }, 
    "quotas": {
      "neutron": {
        "network": -1
      }
    }
  }, 
  "args": {
    "network_create_args": {}
  }, 
  "sla": {
    "failure_rate": {
      "max": 0
    }
  }, 
  "hooks": []
}

--------------------------------------------------------------------------------
Task 6d7b9f2b-f12d-40b9-873f-48a1ed2c2cfa has 0 error(s)
--------------------------------------------------------------------------------

+---------------------------------------------------------------------------------------------------------------------------+
|                                                   Response Times (sec)                                                    |
+------------------------+-----------+--------------+--------------+--------------+-----------+-----------+---------+-------+
| Action                 | Min (sec) | Median (sec) | 90%ile (sec) | 95%ile (sec) | Max (sec) | Avg (sec) | Success | Count |
+------------------------+-----------+--------------+--------------+--------------+-----------+-----------+---------+-------+
| neutron.create_network | 0.65      | 0.72         | 0.957        | 1.135        | 1.252     | 0.774     | 100.0%  | 100   |
| neutron.list_networks  | 0.147     | 0.441        | 0.618        | 0.661        | 1.203     | 0.441     | 100.0%  | 100   |
| total                  | 0.884     | 1.193        | 1.431        | 1.523        | 1.88      | 1.216     | 100.0%  | 100   |
|  -> duration           | 0.884     | 1.193        | 1.431        | 1.523        | 1.88      | 1.216     | 100.0%  | 100   |
|  -> idle_duration      | 0.0       | 0.0          | 0.0          | 0.0          | 0.0       | 0.0       | 100.0%  | 100   |
+------------------------+-----------+--------------+--------------+--------------+-----------+-----------+---------+-------+

Load duration: 12.740764
Full duration: 52.200576
--------------------------------------------------------------------------------

test scenario NeutronNetworks.create_and_list_networks
args position 0
args values:
{
  "runner": {
    "times": 100, 
    "concurrency": 10
  }, 
  "contexts": {
    "users": {
      "tenants": 3, 
      "users_per_tenant": 3
    }, 
    "quotas": {
      "neutron": {
        "network": -1
      }
    }, 
    "roles": [
      "admin"
    ]
  }, 
  "args": {
    "network_create_args": {
      "provider:network_type": "vxlan"
    }
  }, 
  "sla": {
    "failure_rate": {
      "max": 0
    }
  }, 
  "hooks": []
}

--------------------------------------------------------------------------------
Task 6d7b9f2b-f12d-40b9-873f-48a1ed2c2cfa has 0 error(s)
--------------------------------------------------------------------------------

+---------------------------------------------------------------------------------------------------------------------------+
|                                                   Response Times (sec)                                                    |
+------------------------+-----------+--------------+--------------+--------------+-----------+-----------+---------+-------+
| Action                 | Min (sec) | Median (sec) | 90%ile (sec) | 95%ile (sec) | Max (sec) | Avg (sec) | Success | Count |
+------------------------+-----------+--------------+--------------+--------------+-----------+-----------+---------+-------+
| neutron.create_network | 0.639     | 0.732        | 0.983        | 1.129        | 1.376     | 0.789     | 100.0%  | 100   |
| neutron.list_networks  | 0.121     | 0.204        | 0.339        | 0.364        | 0.389     | 0.219     | 100.0%  | 100   |
| total                  | 0.791     | 0.982        | 1.149        | 1.27         | 1.612     | 1.008     | 100.0%  | 100   |
|  -> duration           | 0.791     | 0.982        | 1.149        | 1.27         | 1.612     | 1.008     | 100.0%  | 100   |
|  -> idle_duration      | 0.0       | 0.0          | 0.0          | 0.0          | 0.0       | 0.0       | 100.0%  | 100   |
+------------------------+-----------+--------------+--------------+--------------+-----------+-----------+---------+-------+

Load duration: 10.553489
Full duration: 60.877751

HINTS:
* To plot HTML graphics with this data, run:
	rally task report 6d7b9f2b-f12d-40b9-873f-48a1ed2c2cfa --out output.html

* To generate a JUnit report, run:
	rally task export 6d7b9f2b-f12d-40b9-873f-48a1ed2c2cfa --type junit --to output.xml

* To get raw JSON output of task results, run:
	rally task report 6d7b9f2b-f12d-40b9-873f-48a1ed2c2cfa --json --out output.json

--------------------------------------------------------------------------------
Preparing input task
--------------------------------------------------------------------------------

Task is:
{
   "NovaServers.boot_and_migrate_server": [
        {
            "args": {
                "flavor": {
                    "name": "m1.large"
                },
                "image": {
                    "name": "CentOS 7"
                }
            },
            "runner": {
                "type": "constant",
                "times": 100,
                "concurrency": 5
            },
            "context": {
                "users": {
                    "tenants": 1,
                    "users_per_tenant": 1
                }
            },
            "sla": {
                "failure_rate": {
                    "max": 0
                }
            }
        }
    ]
}

Task syntax is correct :)
Running Rally version 0.10.1~dev119
--------------------------------------------------------------------------------
Task  5f656dd3-314e-4daa-b286-d18fa0255b57: started
--------------------------------------------------------------------------------

Running Task... This can take a while...

To track task status use:

	rally task status
	or
	rally task detailed

Using task: 5f656dd3-314e-4daa-b286-d18fa0255b57
2018-04-02 21:15:28.970 34503 INFO rally.task.engine [-] Task 5f656dd3-314e-4daa-b286-d18fa0255b57 | Starting:  Task validation.
2018-04-02 21:15:28.981 34503 INFO rally.task.engine [-] Task 5f656dd3-314e-4daa-b286-d18fa0255b57 | Starting:  Task validation of syntax.
2018-04-02 21:15:28.998 34503 INFO rally.task.engine [-] Task 5f656dd3-314e-4daa-b286-d18fa0255b57 | Completed: Task validation of syntax.
2018-04-02 21:15:28.999 34503 INFO rally.task.engine [-] Task 5f656dd3-314e-4daa-b286-d18fa0255b57 | Starting:  Task validation of required platforms.
2018-04-02 21:15:29.007 34503 INFO rally.task.engine [-] Task 5f656dd3-314e-4daa-b286-d18fa0255b57 | Completed: Task validation of required platforms.
2018-04-02 21:15:29.007 34503 INFO rally.task.engine [-] Task 5f656dd3-314e-4daa-b286-d18fa0255b57 | Starting:  Task validation of semantic.
2018-04-02 21:15:32.555 34503 INFO rally.task.context [-] Task 5f656dd3-314e-4daa-b286-d18fa0255b57 | Context users@openstack setup()  finished in 2.76 sec
2018-04-02 21:15:34.016 34503 INFO rally.task.context [-] Task 5f656dd3-314e-4daa-b286-d18fa0255b57 | Context users@openstack cleanup() started
2018-04-02 21:15:37.544 34503 INFO rally.task.context [-] Task 5f656dd3-314e-4daa-b286-d18fa0255b57 | Context users@openstack cleanup() finished in 3.53 sec
2018-04-02 21:15:37.545 34503 INFO rally.task.engine [-] Task 5f656dd3-314e-4daa-b286-d18fa0255b57 | Completed: Task validation of semantic.
2018-04-02 21:15:37.545 34503 INFO rally.task.engine [-] Task 5f656dd3-314e-4daa-b286-d18fa0255b57 | Completed: Task validation.
2018-04-02 21:15:37.546 34503 INFO rally.api [-] Task 5f656dd3-314e-4daa-b286-d18fa0255b57 input file is valid.
2018-04-02 21:15:37.546 34503 INFO rally.api [-] Run Task 5f656dd3-314e-4daa-b286-d18fa0255b57 against Deployment 9178e466-7f95-4c72-934c-364758361d2d
2018-04-02 21:15:37.546 34503 INFO rally.task.engine [-] Task 5f656dd3-314e-4daa-b286-d18fa0255b57 | Starting:  Running task.
2018-04-02 21:15:37.595 34503 INFO rally.task.engine [-] Running workload: 
  position = 0
  config = {
   "version": 2, 
   "title": "A cropped version of a bigger task.", 
   "description": "Auto-generated task from a single workload (uuid=6cd991ac-6b42-487d-8ccd-352f808b56b1)", 
   "subtasks": [
      {
         "title": "NovaServers.boot_and_migrate_server", 
         "description": "Migrate a server.", 
         "scenario": {
            "NovaServers.boot_and_migrate_server": {
               "flavor": {
                  "name": "m1.large"
               }, 
               "image": {
                  "name": "CentOS 7"
               }
            }
         }, 
         "contexts": {
            "users": {
               "tenants": 1, 
               "users_per_tenant": 1
            }
         }, 
         "runner": {
            "constant": {
               "times": 100, 
               "concurrency": 5
            }
         }, 
         "hooks": [], 
         "sla": {
            "failure_rate": {
               "max": 0
            }
         }
      }
   ]
}
2018-04-02 21:15:40.530 34503 INFO rally.task.context [-] Task 5f656dd3-314e-4daa-b286-d18fa0255b57 | Context users@openstack setup()  finished in 2.90 sec
2018-04-02 21:15:40.531 34503 INFO rally.task.context [-] Task 5f656dd3-314e-4daa-b286-d18fa0255b57 | Context cleanup@openstack setup()  finished in 0.02 msec
2018-04-02 21:15:41.392 34632 INFO rally.task.runner [-] Task 5f656dd3-314e-4daa-b286-d18fa0255b57 | ITER: 2 START
2018-04-02 21:15:41.395 34633 INFO rally.task.runner [-] Task 5f656dd3-314e-4daa-b286-d18fa0255b57 | ITER: 3 START
2018-04-02 21:15:41.397 34631 INFO rally.task.runner [-] Task 5f656dd3-314e-4daa-b286-d18fa0255b57 | ITER: 1 START
2018-04-02 21:15:41.398 34634 INFO rally.task.runner [-] Task 5f656dd3-314e-4daa-b286-d18fa0255b57 | ITER: 4 START
2018-04-02 21:15:41.401 34636 INFO rally.task.runner [-] Task 5f656dd3-314e-4daa-b286-d18fa0255b57 | ITER: 5 START
2018-04-02 21:15:43.965 34632 INFO rally.task.runner [-] Task 5f656dd3-314e-4daa-b286-d18fa0255b57 | ITER: 2 END: Error GetResourceErrorStatus: Resource <Server: s_rally_6cd991ac_9FSNFLgV> has ERROR status.
 Fault: {u'message': u'Quota exceeded for cores: Requested 12, but already used 20 of 20 cores', u'code': 413, u'created': u'2018-04-02T21:15:42Z'}
2018-04-02 21:15:43.968 34632 INFO rally.task.runner [-] Task 5f656dd3-314e-4daa-b286-d18fa0255b57 | ITER: 6 START
2018-04-02 21:15:43.988 34634 INFO rally.task.runner [-] Task 5f656dd3-314e-4daa-b286-d18fa0255b57 | ITER: 4 END: Error GetResourceErrorStatus: Resource <Server: s_rally_6cd991ac_D31FmyR0> has ERROR status.
 Fault: {u'message': u'Quota exceeded for cores: Requested 12, but already used 20 of 20 cores', u'code': 413, u'created': u'2018-04-02T21:15:43Z'}
2018-04-02 21:15:43.992 34634 INFO rally.task.runner [-] Task 5f656dd3-314e-4daa-b286-d18fa0255b57 | ITER: 7 START
2018-04-02 21:15:44.965 34632 INFO rally.task.runner [-] Task 5f656dd3-314e-4daa-b286-d18fa0255b57 | ITER: 6 END: Error Forbidden: Quota exceeded for cores: Requested 12, but already used 60 of 20 cores (HTTP 403) (Request-ID: req-a2e8f6f2-e428-46ab-9b7a-c05f6865eaec)
2018-04-02 21:15:44.968 34632 INFO rally.task.runner [-] Task 5f656dd3-314e-4daa-b286-d18fa0255b57 | ITER: 8 START
2018-04-02 21:15:45.151 34634 INFO rally.task.runner [-] Task 5f656dd3-314e-4daa-b286-d18fa0255b57 | ITER: 7 END: Error Forbidden: Quota exceeded for cores: Requested 12, but already used 60 of 20 cores (HTTP 403) (Request-ID: req-fd047e30-a589-4d2c-87d3-2acc49f1b2cb)
2018-04-02 21:15:45.154 34634 INFO rally.task.runner [-] Task 5f656dd3-314e-4daa-b286-d18fa0255b57 | ITER: 9 START
2018-04-02 21:15:46.040 34631 INFO rally.task.runner [-] Task 5f656dd3-314e-4daa-b286-d18fa0255b57 | ITER: 1 END: Error GetResourceErrorStatus: Resource <Server: s_rally_6cd991ac_H4ukiReZ> has ERROR status.
 Fault: {u'message': u'No valid host was found. There are not enough hosts available.', u'code': 500, u'created': u'2018-04-02T21:15:43Z'}
2018-04-02 21:15:46.042 34632 INFO rally.task.runner [-] Task 5f656dd3-314e-4daa-b286-d18fa0255b57 | ITER: 8 END: Error Forbidden: Quota exceeded for cores: Requested 12, but already used 60 of 20 cores (HTTP 403) (Request-ID: req-1d9e9f3b-ed29-4361-b789-b30d2cbe4c21)
2018-04-02 21:15:46.044 34631 INFO rally.task.runner [-] Task 5f656dd3-314e-4daa-b286-d18fa0255b57 | ITER: 10 START
2018-04-02 21:15:46.045 34632 INFO rally.task.runner [-] Task 5f656dd3-314e-4daa-b286-d18fa0255b57 | ITER: 11 START
2018-04-02 21:15:46.108 34633 INFO rally.task.runner [-] Task 5f656dd3-314e-4daa-b286-d18fa0255b57 | ITER: 3 END: Error GetResourceErrorStatus: Resource <Server: s_rally_6cd991ac_olVynSG9> has ERROR status.
 Fault: {u'message': u'Quota exceeded for cores: Requested 12, but already used 20 of 20 cores', u'code': 413, u'created': u'2018-04-02T21:15:44Z'}
2018-04-02 21:15:46.112 34633 INFO rally.task.runner [-] Task 5f656dd3-314e-4daa-b286-d18fa0255b57 | ITER: 12 START
2018-04-02 21:15:46.609 34634 INFO rally.task.runner [-] Task 5f656dd3-314e-4daa-b286-d18fa0255b57 | ITER: 9 END: Error Forbidden: Quota exceeded for cores: Requested 12, but already used 60 of 20 cores (HTTP 403) (Request-ID: req-aedd237b-f27f-41d3-9971-9fff58fcb9f9)
2018-04-02 21:15:46.612 34634 INFO rally.task.runner [-] Task 5f656dd3-314e-4daa-b286-d18fa0255b57 | ITER: 13 START
2018-04-02 21:15:47.057 34631 INFO rally.task.runner [-] Task 5f656dd3-314e-4daa-b286-d18fa0255b57 | ITER: 10 END: Error Forbidden: Quota exceeded for cores: Requested 12, but already used 60 of 20 cores (HTTP 403) (Request-ID: req-261eb703-3afd-48f3-a81e-37ad0d063b03)
2018-04-02 21:15:47.060 34631 INFO rally.task.runner [-] Task 5f656dd3-314e-4daa-b286-d18fa0255b57 | ITER: 14 START
2018-04-02 21:15:47.202 34633 INFO rally.task.runner [-] Task 5f656dd3-314e-4daa-b286-d18fa0255b57 | ITER: 12 END: Error Forbidden: Quota exceeded for cores: Requested 12, but already used 60 of 20 cores (HTTP 403) (Request-ID: req-4d6e7d9e-fc28-4d6b-a357-b637d3b93dae)
2018-04-02 21:15:47.205 34633 INFO rally.task.runner [-] Task 5f656dd3-314e-4daa-b286-d18fa0255b57 | ITER: 15 START
2018-04-02 21:15:47.379 34632 INFO rally.task.runner [-] Task 5f656dd3-314e-4daa-b286-d18fa0255b57 | ITER: 11 END: Error Forbidden: Quota exceeded for cores: Requested 12, but already used 60 of 20 cores (HTTP 403) (Request-ID: req-dc769ade-5d0f-4db6-a928-853f8389d229)
2018-04-02 21:15:47.381 34632 INFO rally.task.runner [-] Task 5f656dd3-314e-4daa-b286-d18fa0255b57 | ITER: 16 START
2018-04-02 21:15:47.700 34634 INFO rally.task.runner [-] Task 5f656dd3-314e-4daa-b286-d18fa0255b57 | ITER: 13 END: Error Forbidden: Quota exceeded for cores: Requested 12, but already used 60 of 20 cores (HTTP 403) (Request-ID: req-5f365e22-21c8-4c78-ae39-5aebb9881eb9)
2018-04-02 21:15:47.703 34634 INFO rally.task.runner [-] Task 5f656dd3-314e-4daa-b286-d18fa0255b57 | ITER: 17 START
2018-04-02 21:15:47.996 34631 INFO rally.task.runner [-] Task 5f656dd3-314e-4daa-b286-d18fa0255b57 | ITER: 14 END: Error Forbidden: Quota exceeded for cores: Requested 12, but already used 60 of 20 cores (HTTP 403) (Request-ID: req-bd2104b3-251d-4845-bcdb-4c7c6c876205)
2018-04-02 21:15:47.999 34631 INFO rally.task.runner [-] Task 5f656dd3-314e-4daa-b286-d18fa0255b57 | ITER: 18 START
2018-04-02 21:15:48.302 34632 INFO rally.task.runner [-] Task 5f656dd3-314e-4daa-b286-d18fa0255b57 | ITER: 16 END: Error Forbidden: Quota exceeded for cores: Requested 12, but already used 60 of 20 cores (HTTP 403) (Request-ID: req-0a656170-0fd6-4a90-9957-3c2098c3ec67)
2018-04-02 21:15:48.306 34632 INFO rally.task.runner [-] Task 5f656dd3-314e-4daa-b286-d18fa0255b57 | ITER: 19 START
2018-04-02 21:15:48.371 34633 INFO rally.task.runner [-] Task 5f656dd3-314e-4daa-b286-d18fa0255b57 | ITER: 15 END: Error Forbidden: Quota exceeded for cores: Requested 12, but already used 60 of 20 cores (HTTP 403) (Request-ID: req-ec45f651-2902-4ec0-af4c-e0850ba9f073)
2018-04-02 21:15:48.375 34633 INFO rally.task.runner [-] Task 5f656dd3-314e-4daa-b286-d18fa0255b57 | ITER: 20 START
2018-04-02 21:15:48.685 34634 INFO rally.task.runner [-] Task 5f656dd3-314e-4daa-b286-d18fa0255b57 | ITER: 17 END: Error Forbidden: Quota exceeded for cores: Requested 12, but already used 60 of 20 cores (HTTP 403) (Request-ID: req-8120ca17-e89e-4987-9ebd-474c8caf1fc8)
2018-04-02 21:15:48.688 34634 INFO rally.task.runner [-] Task 5f656dd3-314e-4daa-b286-d18fa0255b57 | ITER: 21 START
2018-04-02 21:15:48.954 34631 INFO rally.task.runner [-] Task 5f656dd3-314e-4daa-b286-d18fa0255b57 | ITER: 18 END: Error Forbidden: Quota exceeded for cores: Requested 12, but already used 60 of 20 cores (HTTP 403) (Request-ID: req-ec423622-61d5-4b1a-a72a-b0eee40f615c)
2018-04-02 21:15:48.958 34631 INFO rally.task.runner [-] Task 5f656dd3-314e-4daa-b286-d18fa0255b57 | ITER: 22 START
2018-04-02 21:15:49.234 34632 INFO rally.task.runner [-] Task 5f656dd3-314e-4daa-b286-d18fa0255b57 | ITER: 19 END: Error Forbidden: Quota exceeded for cores: Requested 12, but already used 60 of 20 cores (HTTP 403) (Request-ID: req-d2d3d464-e5de-4912-be78-fca01e66e2b3)
2018-04-02 21:15:49.237 34632 INFO rally.task.runner [-] Task 5f656dd3-314e-4daa-b286-d18fa0255b57 | ITER: 23 START
2018-04-02 21:15:49.370 34633 INFO rally.task.runner [-] Task 5f656dd3-314e-4daa-b286-d18fa0255b57 | ITER: 20 END: Error Forbidden: Quota exceeded for cores: Requested 12, but already used 60 of 20 cores (HTTP 403) (Request-ID: req-647bdc52-6aa5-4ec3-b071-8e9bc74c2075)
2018-04-02 21:15:49.373 34633 INFO rally.task.runner [-] Task 5f656dd3-314e-4daa-b286-d18fa0255b57 | ITER: 24 START
2018-04-02 21:15:49.637 34634 INFO rally.task.runner [-] Task 5f656dd3-314e-4daa-b286-d18fa0255b57 | ITER: 21 END: Error Forbidden: Quota exceeded for cores: Requested 12, but already used 60 of 20 cores (HTTP 403) (Request-ID: req-4bfa1909-ad04-4063-84a8-acea521211ee)
2018-04-02 21:15:49.640 34634 INFO rally.task.runner [-] Task 5f656dd3-314e-4daa-b286-d18fa0255b57 | ITER: 25 START
2018-04-02 21:15:50.120 34632 INFO rally.task.runner [-] Task 5f656dd3-314e-4daa-b286-d18fa0255b57 | ITER: 23 END: Error Forbidden: Quota exceeded for cores: Requested 12, but already used 60 of 20 cores (HTTP 403) (Request-ID: req-9c3a19e0-fe40-4363-95c7-fd9fa608bd08)
2018-04-02 21:15:50.124 34632 INFO rally.task.runner [-] Task 5f656dd3-314e-4daa-b286-d18fa0255b57 | ITER: 26 START
2018-04-02 21:15:50.288 34631 INFO rally.task.runner [-] Task 5f656dd3-314e-4daa-b286-d18fa0255b57 | ITER: 22 END: Error Forbidden: Quota exceeded for cores: Requested 12, but already used 60 of 20 cores (HTTP 403) (Request-ID: req-43a10bb5-b043-4d87-aab8-093e534ca06b)
2018-04-02 21:15:50.291 34631 INFO rally.task.runner [-] Task 5f656dd3-314e-4daa-b286-d18fa0255b57 | ITER: 27 START
2018-04-02 21:15:50.378 34633 INFO rally.task.runner [-] Task 5f656dd3-314e-4daa-b286-d18fa0255b57 | ITER: 24 END: Error Forbidden: Quota exceeded for cores: Requested 12, but already used 60 of 20 cores (HTTP 403) (Request-ID: req-d292ca43-7040-4678-83ba-08d222cd529f)
2018-04-02 21:15:50.382 34633 INFO rally.task.runner [-] Task 5f656dd3-314e-4daa-b286-d18fa0255b57 | ITER: 28 START
2018-04-02 21:15:50.981 34634 INFO rally.task.runner [-] Task 5f656dd3-314e-4daa-b286-d18fa0255b57 | ITER: 25 END: Error Forbidden: Quota exceeded for cores: Requested 12, but already used 60 of 20 cores (HTTP 403) (Request-ID: req-b9e62cd4-0aab-471e-841a-6c5c062fb902)
2018-04-02 21:15:50.984 34634 INFO rally.task.runner [-] Task 5f656dd3-314e-4daa-b286-d18fa0255b57 | ITER: 29 START
2018-04-02 21:15:51.026 34632 INFO rally.task.runner [-] Task 5f656dd3-314e-4daa-b286-d18fa0255b57 | ITER: 26 END: Error Forbidden: Quota exceeded for cores: Requested 12, but already used 60 of 20 cores (HTTP 403) (Request-ID: req-3f9cf480-e2c0-4ec9-9a62-8db160fdfd98)
2018-04-02 21:15:51.028 34632 INFO rally.task.runner [-] Task 5f656dd3-314e-4daa-b286-d18fa0255b57 | ITER: 30 START
2018-04-02 21:15:51.283 34633 INFO rally.task.runner [-] Task 5f656dd3-314e-4daa-b286-d18fa0255b57 | ITER: 28 END: Error Forbidden: Quota exceeded for cores: Requested 12, but already used 60 of 20 cores (HTTP 403) (Request-ID: req-6cd24a24-0751-4d07-8f71-b6c6c25b1df0)
2018-04-02 21:15:51.287 34633 INFO rally.task.runner [-] Task 5f656dd3-314e-4daa-b286-d18fa0255b57 | ITER: 31 START
2018-04-02 21:15:51.574 34631 INFO rally.task.runner [-] Task 5f656dd3-314e-4daa-b286-d18fa0255b57 | ITER: 27 END: Error Forbidden: Quota exceeded for cores: Requested 12, but already used 60 of 20 cores (HTTP 403) (Request-ID: req-7d202829-d257-47db-8612-5be24f92ba0b)
2018-04-02 21:15:51.577 34631 INFO rally.task.runner [-] Task 5f656dd3-314e-4daa-b286-d18fa0255b57 | ITER: 32 START
2018-04-02 21:15:51.907 34632 INFO rally.task.runner [-] Task 5f656dd3-314e-4daa-b286-d18fa0255b57 | ITER: 30 END: Error Forbidden: Quota exceeded for cores: Requested 12, but already used 60 of 20 cores (HTTP 403) (Request-ID: req-393ef8b5-fa25-47ba-8a9f-52fd8501d213)
2018-04-02 21:15:51.910 34632 INFO rally.task.runner [-] Task 5f656dd3-314e-4daa-b286-d18fa0255b57 | ITER: 33 START
2018-04-02 21:15:51.939 34634 INFO rally.task.runner [-] Task 5f656dd3-314e-4daa-b286-d18fa0255b57 | ITER: 29 END: Error Forbidden: Quota exceeded for cores: Requested 12, but already used 60 of 20 cores (HTTP 403) (Request-ID: req-f654a899-2307-49a6-a227-cde2ccd3ec34)
2018-04-02 21:15:51.942 34634 INFO rally.task.runner [-] Task 5f656dd3-314e-4daa-b286-d18fa0255b57 | ITER: 34 START
2018-04-02 21:15:52.224 34633 INFO rally.task.runner [-] Task 5f656dd3-314e-4daa-b286-d18fa0255b57 | ITER: 31 END: Error Forbidden: Quota exceeded for cores: Requested 12, but already used 60 of 20 cores (HTTP 403) (Request-ID: req-a41b6466-9a14-4e0a-825a-a1a52a1fbeaf)
2018-04-02 21:15:52.227 34633 INFO rally.task.runner [-] Task 5f656dd3-314e-4daa-b286-d18fa0255b57 | ITER: 35 START
2018-04-02 21:15:52.492 34631 INFO rally.task.runner [-] Task 5f656dd3-314e-4daa-b286-d18fa0255b57 | ITER: 32 END: Error Forbidden: Quota exceeded for cores: Requested 12, but already used 60 of 20 cores (HTTP 403) (Request-ID: req-ac5e7508-fff6-4d66-8eef-c822e174cc4f)
2018-04-02 21:15:52.495 34631 INFO rally.task.runner [-] Task 5f656dd3-314e-4daa-b286-d18fa0255b57 | ITER: 36 START
2018-04-02 21:15:52.806 34634 INFO rally.task.runner [-] Task 5f656dd3-314e-4daa-b286-d18fa0255b57 | ITER: 34 END: Error Forbidden: Quota exceeded for cores: Requested 12, but already used 60 of 20 cores (HTTP 403) (Request-ID: req-f782a0f9-842b-4863-9266-bb7ad314f54d)
2018-04-02 21:15:52.809 34634 INFO rally.task.runner [-] Task 5f656dd3-314e-4daa-b286-d18fa0255b57 | ITER: 37 START
2018-04-02 21:15:52.825 34632 INFO rally.task.runner [-] Task 5f656dd3-314e-4daa-b286-d18fa0255b57 | ITER: 33 END: Error Forbidden: Quota exceeded for cores: Requested 12, but already used 60 of 20 cores (HTTP 403) (Request-ID: req-851d2541-7b60-4f54-87b9-49a66043c940)
2018-04-02 21:15:52.828 34632 INFO rally.task.runner [-] Task 5f656dd3-314e-4daa-b286-d18fa0255b57 | ITER: 38 START
2018-04-02 21:15:53.186 34633 INFO rally.task.runner [-] Task 5f656dd3-314e-4daa-b286-d18fa0255b57 | ITER: 35 END: Error Forbidden: Quota exceeded for cores: Requested 12, but already used 60 of 20 cores (HTTP 403) (Request-ID: req-9fa84459-c96d-494c-a8b3-e558e4bc9239)
2018-04-02 21:15:53.188 34633 INFO rally.task.runner [-] Task 5f656dd3-314e-4daa-b286-d18fa0255b57 | ITER: 39 START
2018-04-02 21:15:53.439 34631 INFO rally.task.runner [-] Task 5f656dd3-314e-4daa-b286-d18fa0255b57 | ITER: 36 END: Error Forbidden: Quota exceeded for cores: Requested 12, but already used 60 of 20 cores (HTTP 403) (Request-ID: req-a63e196f-d655-4e20-a7c6-1c18396aff8b)
2018-04-02 21:15:53.442 34631 INFO rally.task.runner [-] Task 5f656dd3-314e-4daa-b286-d18fa0255b57 | ITER: 40 START
2018-04-02 21:15:53.758 34632 INFO rally.task.runner [-] Task 5f656dd3-314e-4daa-b286-d18fa0255b57 | ITER: 38 END: Error Forbidden: Quota exceeded for cores: Requested 12, but already used 60 of 20 cores (HTTP 403) (Request-ID: req-27444014-5e58-4bb9-b677-b5f22aa412e5)
2018-04-02 21:15:53.762 34632 INFO rally.task.runner [-] Task 5f656dd3-314e-4daa-b286-d18fa0255b57 | ITER: 41 START
2018-04-02 21:15:53.792 34634 INFO rally.task.runner [-] Task 5f656dd3-314e-4daa-b286-d18fa0255b57 | ITER: 37 END: Error Forbidden: Quota exceeded for cores: Requested 12, but already used 60 of 20 cores (HTTP 403) (Request-ID: req-9fa0f34e-eb85-4d50-90af-245c61f2cfc5)
2018-04-02 21:15:53.795 34634 INFO rally.task.runner [-] Task 5f656dd3-314e-4daa-b286-d18fa0255b57 | ITER: 42 START
2018-04-02 21:15:54.246 34633 INFO rally.task.runner [-] Task 5f656dd3-314e-4daa-b286-d18fa0255b57 | ITER: 39 END: Error Forbidden: Quota exceeded for cores: Requested 12, but already used 60 of 20 cores (HTTP 403) (Request-ID: req-55ff207c-4146-45fb-9caa-5b7d415681e7)
2018-04-02 21:15:54.250 34633 INFO rally.task.runner [-] Task 5f656dd3-314e-4daa-b286-d18fa0255b57 | ITER: 43 START
2018-04-02 21:15:54.391 34631 INFO rally.task.runner [-] Task 5f656dd3-314e-4daa-b286-d18fa0255b57 | ITER: 40 END: Error Forbidden: Quota exceeded for cores: Requested 12, but already used 60 of 20 cores (HTTP 403) (Request-ID: req-74778c71-9b59-4bd6-89a5-d04ac136ebf8)
2018-04-02 21:15:54.394 34631 INFO rally.task.runner [-] Task 5f656dd3-314e-4daa-b286-d18fa0255b57 | ITER: 44 START
2018-04-02 21:15:54.687 34632 INFO rally.task.runner [-] Task 5f656dd3-314e-4daa-b286-d18fa0255b57 | ITER: 41 END: Error Forbidden: Quota exceeded for cores: Requested 12, but already used 60 of 20 cores (HTTP 403) (Request-ID: req-dce5f2ce-d3e1-47ff-a544-ca632cef266e)
2018-04-02 21:15:54.690 34632 INFO rally.task.runner [-] Task 5f656dd3-314e-4daa-b286-d18fa0255b57 | ITER: 45 START
2018-04-02 21:15:54.753 34634 INFO rally.task.runner [-] Task 5f656dd3-314e-4daa-b286-d18fa0255b57 | ITER: 42 END: Error Forbidden: Quota exceeded for cores: Requested 12, but already used 60 of 20 cores (HTTP 403) (Request-ID: req-593aed98-4e58-4537-bf80-02ebd7150520)
2018-04-02 21:15:54.756 34634 INFO rally.task.runner [-] Task 5f656dd3-314e-4daa-b286-d18fa0255b57 | ITER: 46 START
2018-04-02 21:15:55.290 34631 INFO rally.task.runner [-] Task 5f656dd3-314e-4daa-b286-d18fa0255b57 | ITER: 44 END: Error Forbidden: Quota exceeded for cores: Requested 12, but already used 60 of 20 cores (HTTP 403) (Request-ID: req-bda035c1-a2aa-4412-8b05-543896bf21e2)
2018-04-02 21:15:55.293 34631 INFO rally.task.runner [-] Task 5f656dd3-314e-4daa-b286-d18fa0255b57 | ITER: 47 START
2018-04-02 21:15:55.344 34633 INFO rally.task.runner [-] Task 5f656dd3-314e-4daa-b286-d18fa0255b57 | ITER: 43 END: Error Forbidden: Quota exceeded for cores: Requested 12, but already used 60 of 20 cores (HTTP 403) (Request-ID: req-c4b9e965-be48-4286-a884-506d05ca1900)
2018-04-02 21:15:55.346 34633 INFO rally.task.runner [-] Task 5f656dd3-314e-4daa-b286-d18fa0255b57 | ITER: 48 START
2018-04-02 21:15:55.595 34632 INFO rally.task.runner [-] Task 5f656dd3-314e-4daa-b286-d18fa0255b57 | ITER: 45 END: Error Forbidden: Quota exceeded for cores: Requested 12, but already used 60 of 20 cores (HTTP 403) (Request-ID: req-cb67242f-38bb-43ee-b92d-86475a55ea71)
2018-04-02 21:15:55.598 34632 INFO rally.task.runner [-] Task 5f656dd3-314e-4daa-b286-d18fa0255b57 | ITER: 49 START
2018-04-02 21:15:55.663 34634 INFO rally.task.runner [-] Task 5f656dd3-314e-4daa-b286-d18fa0255b57 | ITER: 46 END: Error Forbidden: Quota exceeded for cores: Requested 12, but already used 60 of 20 cores (HTTP 403) (Request-ID: req-87e7caa8-24c0-48d1-814e-ae7778633a0a)
2018-04-02 21:15:55.665 34634 INFO rally.task.runner [-] Task 5f656dd3-314e-4daa-b286-d18fa0255b57 | ITER: 50 START
2018-04-02 21:15:56.195 34631 INFO rally.task.runner [-] Task 5f656dd3-314e-4daa-b286-d18fa0255b57 | ITER: 47 END: Error Forbidden: Quota exceeded for cores: Requested 12, but already used 60 of 20 cores (HTTP 403) (Request-ID: req-0b257706-0d33-47ec-8c7b-3140e2da367f)
2018-04-02 21:15:56.199 34631 INFO rally.task.runner [-] Task 5f656dd3-314e-4daa-b286-d18fa0255b57 | ITER: 51 START
2018-04-02 21:15:56.421 34633 INFO rally.task.runner [-] Task 5f656dd3-314e-4daa-b286-d18fa0255b57 | ITER: 48 END: Error Forbidden: Quota exceeded for cores: Requested 12, but already used 60 of 20 cores (HTTP 403) (Request-ID: req-b2fc586e-2dd3-43ca-ad1f-5af0e0cb68a6)
2018-04-02 21:15:56.423 34633 INFO rally.task.runner [-] Task 5f656dd3-314e-4daa-b286-d18fa0255b57 | ITER: 52 START
2018-04-02 21:15:56.490 34632 INFO rally.task.runner [-] Task 5f656dd3-314e-4daa-b286-d18fa0255b57 | ITER: 49 END: Error Forbidden: Quota exceeded for cores: Requested 12, but already used 60 of 20 cores (HTTP 403) (Request-ID: req-4bded111-94b4-41d7-ba94-fe377499a7aa)
2018-04-02 21:15:56.492 34632 INFO rally.task.runner [-] Task 5f656dd3-314e-4daa-b286-d18fa0255b57 | ITER: 53 START
2018-04-02 21:15:56.837 34634 INFO rally.task.runner [-] Task 5f656dd3-314e-4daa-b286-d18fa0255b57 | ITER: 50 END: Error Forbidden: Quota exceeded for cores: Requested 12, but already used 60 of 20 cores (HTTP 403) (Request-ID: req-2249a34c-aac2-4831-b6e2-059c5e579e3f)
2018-04-02 21:15:56.840 34634 INFO rally.task.runner [-] Task 5f656dd3-314e-4daa-b286-d18fa0255b57 | ITER: 54 START
2018-04-02 21:15:57.125 34631 INFO rally.task.runner [-] Task 5f656dd3-314e-4daa-b286-d18fa0255b57 | ITER: 51 END: Error Forbidden: Quota exceeded for cores: Requested 12, but already used 60 of 20 cores (HTTP 403) (Request-ID: req-f2358b85-a855-4058-a95e-b6b0364367e2)
2018-04-02 21:15:57.129 34631 INFO rally.task.runner [-] Task 5f656dd3-314e-4daa-b286-d18fa0255b57 | ITER: 55 START
2018-04-02 21:15:57.440 34632 INFO rally.task.runner [-] Task 5f656dd3-314e-4daa-b286-d18fa0255b57 | ITER: 53 END: Error Forbidden: Quota exceeded for cores: Requested 12, but already used 60 of 20 cores (HTTP 403) (Request-ID: req-8ae996f2-3ba7-4399-b37e-f8ea00fdd9b1)
2018-04-02 21:15:57.443 34632 INFO rally.task.runner [-] Task 5f656dd3-314e-4daa-b286-d18fa0255b57 | ITER: 56 START
2018-04-02 21:15:57.487 34633 INFO rally.task.runner [-] Task 5f656dd3-314e-4daa-b286-d18fa0255b57 | ITER: 52 END: Error Forbidden: Quota exceeded for cores: Requested 12, but already used 60 of 20 cores (HTTP 403) (Request-ID: req-8a65d3b5-2751-4620-b37b-e199058eec83)
2018-04-02 21:15:57.489 34633 INFO rally.task.runner [-] Task 5f656dd3-314e-4daa-b286-d18fa0255b57 | ITER: 57 START
2018-04-02 21:15:57.786 34634 INFO rally.task.runner [-] Task 5f656dd3-314e-4daa-b286-d18fa0255b57 | ITER: 54 END: Error Forbidden: Quota exceeded for cores: Requested 12, but already used 60 of 20 cores (HTTP 403) (Request-ID: req-5ff37be6-a07e-4c3e-a6bc-8ecca47eeeea)
2018-04-02 21:15:57.789 34634 INFO rally.task.runner [-] Task 5f656dd3-314e-4daa-b286-d18fa0255b57 | ITER: 58 START
2018-04-02 21:15:57.997 34631 INFO rally.task.runner [-] Task 5f656dd3-314e-4daa-b286-d18fa0255b57 | ITER: 55 END: Error Forbidden: Quota exceeded for cores: Requested 12, but already used 60 of 20 cores (HTTP 403) (Request-ID: req-64f17ec7-31ba-45bf-ae31-351d0d8a9120)
2018-04-02 21:15:58.000 34631 INFO rally.task.runner [-] Task 5f656dd3-314e-4daa-b286-d18fa0255b57 | ITER: 59 START
2018-04-02 21:15:58.369 34632 INFO rally.task.runner [-] Task 5f656dd3-314e-4daa-b286-d18fa0255b57 | ITER: 56 END: Error Forbidden: Quota exceeded for cores: Requested 12, but already used 60 of 20 cores (HTTP 403) (Request-ID: req-bd3c5f62-1953-4f43-92ec-11191fb00d29)
2018-04-02 21:15:58.372 34632 INFO rally.task.runner [-] Task 5f656dd3-314e-4daa-b286-d18fa0255b57 | ITER: 60 START
2018-04-02 21:15:58.417 34633 INFO rally.task.runner [-] Task 5f656dd3-314e-4daa-b286-d18fa0255b57 | ITER: 57 END: Error Forbidden: Quota exceeded for cores: Requested 12, but already used 60 of 20 cores (HTTP 403) (Request-ID: req-4723cd95-24f2-4c76-8d94-9992d117194f)
2018-04-02 21:15:58.420 34633 INFO rally.task.runner [-] Task 5f656dd3-314e-4daa-b286-d18fa0255b57 | ITER: 61 START
2018-04-02 21:15:58.740 34634 INFO rally.task.runner [-] Task 5f656dd3-314e-4daa-b286-d18fa0255b57 | ITER: 58 END: Error Forbidden: Quota exceeded for cores: Requested 12, but already used 60 of 20 cores (HTTP 403) (Request-ID: req-877fef2e-770d-412e-8d8d-5bcc3ec55e26)
2018-04-02 21:15:58.743 34634 INFO rally.task.runner [-] Task 5f656dd3-314e-4daa-b286-d18fa0255b57 | ITER: 62 START
2018-04-02 21:15:58.916 34631 INFO rally.task.runner [-] Task 5f656dd3-314e-4daa-b286-d18fa0255b57 | ITER: 59 END: Error Forbidden: Quota exceeded for cores: Requested 12, but already used 60 of 20 cores (HTTP 403) (Request-ID: req-b4e62bec-ea1c-4af4-8717-20fdd7b72dc0)
2018-04-02 21:15:58.919 34631 INFO rally.task.runner [-] Task 5f656dd3-314e-4daa-b286-d18fa0255b57 | ITER: 63 START
2018-04-02 21:15:59.251 34632 INFO rally.task.runner [-] Task 5f656dd3-314e-4daa-b286-d18fa0255b57 | ITER: 60 END: Error Forbidden: Quota exceeded for cores: Requested 12, but already used 60 of 20 cores (HTTP 403) (Request-ID: req-1087a692-fd20-4bd7-aeec-9855d8a70efe)
2018-04-02 21:15:59.254 34632 INFO rally.task.runner [-] Task 5f656dd3-314e-4daa-b286-d18fa0255b57 | ITER: 64 START
2018-04-02 21:15:59.295 34633 INFO rally.task.runner [-] Task 5f656dd3-314e-4daa-b286-d18fa0255b57 | ITER: 61 END: Error Forbidden: Quota exceeded for cores: Requested 12, but already used 60 of 20 cores (HTTP 403) (Request-ID: req-5fc32638-80db-4115-952d-ef2304432729)
2018-04-02 21:15:59.297 34633 INFO rally.task.runner [-] Task 5f656dd3-314e-4daa-b286-d18fa0255b57 | ITER: 65 START
2018-04-02 21:15:59.732 34634 INFO rally.task.runner [-] Task 5f656dd3-314e-4daa-b286-d18fa0255b57 | ITER: 62 END: Error Forbidden: Quota exceeded for cores: Requested 12, but already used 60 of 20 cores (HTTP 403) (Request-ID: req-0db04a0e-1502-4dbb-b6a9-92c315912cd8)
2018-04-02 21:15:59.734 34634 INFO rally.task.runner [-] Task 5f656dd3-314e-4daa-b286-d18fa0255b57 | ITER: 66 START
2018-04-02 21:15:59.868 34631 INFO rally.task.runner [-] Task 5f656dd3-314e-4daa-b286-d18fa0255b57 | ITER: 63 END: Error Forbidden: Quota exceeded for cores: Requested 12, but already used 60 of 20 cores (HTTP 403) (Request-ID: req-69437615-34ee-4fa0-a62d-a99b32a31dd1)
2018-04-02 21:15:59.871 34631 INFO rally.task.runner [-] Task 5f656dd3-314e-4daa-b286-d18fa0255b57 | ITER: 67 START
2018-04-02 21:16:00.163 34632 INFO rally.task.runner [-] Task 5f656dd3-314e-4daa-b286-d18fa0255b57 | ITER: 64 END: Error Forbidden: Quota exceeded for cores: Requested 12, but already used 60 of 20 cores (HTTP 403) (Request-ID: req-0028a056-51c8-40c0-962a-f9d199adeb5a)
2018-04-02 21:16:00.166 34632 INFO rally.task.runner [-] Task 5f656dd3-314e-4daa-b286-d18fa0255b57 | ITER: 68 START
2018-04-02 21:16:00.207 34633 INFO rally.task.runner [-] Task 5f656dd3-314e-4daa-b286-d18fa0255b57 | ITER: 65 END: Error Forbidden: Quota exceeded for cores: Requested 12, but already used 60 of 20 cores (HTTP 403) (Request-ID: req-99449930-8d41-4758-96a5-fb63e94aa50e)
2018-04-02 21:16:00.210 34633 INFO rally.task.runner [-] Task 5f656dd3-314e-4daa-b286-d18fa0255b57 | ITER: 69 START
2018-04-02 21:16:00.644 34634 INFO rally.task.runner [-] Task 5f656dd3-314e-4daa-b286-d18fa0255b57 | ITER: 66 END: Error Forbidden: Quota exceeded for cores: Requested 12, but already used 60 of 20 cores (HTTP 403) (Request-ID: req-633dfd76-5a00-4cc7-b8a6-3c181bedb023)
2018-04-02 21:16:00.647 34634 INFO rally.task.runner [-] Task 5f656dd3-314e-4daa-b286-d18fa0255b57 | ITER: 70 START
2018-04-02 21:16:00.748 34631 INFO rally.task.runner [-] Task 5f656dd3-314e-4daa-b286-d18fa0255b57 | ITER: 67 END: Error Forbidden: Quota exceeded for cores: Requested 12, but already used 60 of 20 cores (HTTP 403) (Request-ID: req-4a83b31b-f6f6-4058-a01c-a5285aeac8eb)
2018-04-02 21:16:00.751 34631 INFO rally.task.runner [-] Task 5f656dd3-314e-4daa-b286-d18fa0255b57 | ITER: 71 START
2018-04-02 21:16:01.048 34632 INFO rally.task.runner [-] Task 5f656dd3-314e-4daa-b286-d18fa0255b57 | ITER: 68 END: Error Forbidden: Quota exceeded for cores: Requested 12, but already used 60 of 20 cores (HTTP 403) (Request-ID: req-26550385-c9a9-4ae7-94b2-75f843cbded7)
2018-04-02 21:16:01.051 34632 INFO rally.task.runner [-] Task 5f656dd3-314e-4daa-b286-d18fa0255b57 | ITER: 72 START
2018-04-02 21:16:01.145 34633 INFO rally.task.runner [-] Task 5f656dd3-314e-4daa-b286-d18fa0255b57 | ITER: 69 END: Error Forbidden: Quota exceeded for cores: Requested 12, but already used 60 of 20 cores (HTTP 403) (Request-ID: req-ed6e27d8-845f-4286-a081-97a134d88f24)
2018-04-02 21:16:01.147 34633 INFO rally.task.runner [-] Task 5f656dd3-314e-4daa-b286-d18fa0255b57 | ITER: 73 START
2018-04-02 21:16:01.535 34634 INFO rally.task.runner [-] Task 5f656dd3-314e-4daa-b286-d18fa0255b57 | ITER: 70 END: Error Forbidden: Quota exceeded for cores: Requested 12, but already used 60 of 20 cores (HTTP 403) (Request-ID: req-a70192e7-31c3-4cef-82c7-89c5f2f80ef2)
2018-04-02 21:16:01.538 34634 INFO rally.task.runner [-] Task 5f656dd3-314e-4daa-b286-d18fa0255b57 | ITER: 74 START
2018-04-02 21:16:01.706 34631 INFO rally.task.runner [-] Task 5f656dd3-314e-4daa-b286-d18fa0255b57 | ITER: 71 END: Error Forbidden: Quota exceeded for cores: Requested 12, but already used 60 of 20 cores (HTTP 403) (Request-ID: req-57e9d654-6eeb-473f-895c-8ad743eeee04)
2018-04-02 21:16:01.709 34631 INFO rally.task.runner [-] Task 5f656dd3-314e-4daa-b286-d18fa0255b57 | ITER: 75 START
2018-04-02 21:16:02.078 34632 INFO rally.task.runner [-] Task 5f656dd3-314e-4daa-b286-d18fa0255b57 | ITER: 72 END: Error Forbidden: Quota exceeded for cores: Requested 12, but already used 60 of 20 cores (HTTP 403) (Request-ID: req-7864c8c0-2e21-4f17-881f-f0accf3ef09f)
2018-04-02 21:16:02.079 34633 INFO rally.task.runner [-] Task 5f656dd3-314e-4daa-b286-d18fa0255b57 | ITER: 73 END: Error Forbidden: Quota exceeded for cores: Requested 12, but already used 60 of 20 cores (HTTP 403) (Request-ID: req-56b852a3-5e3f-4c72-8f56-c5b7eddda3e2)
2018-04-02 21:16:02.081 34632 INFO rally.task.runner [-] Task 5f656dd3-314e-4daa-b286-d18fa0255b57 | ITER: 76 START
2018-04-02 21:16:02.081 34633 INFO rally.task.runner [-] Task 5f656dd3-314e-4daa-b286-d18fa0255b57 | ITER: 77 START
2018-04-02 21:16:02.630 34634 INFO rally.task.runner [-] Task 5f656dd3-314e-4daa-b286-d18fa0255b57 | ITER: 74 END: Error Forbidden: Quota exceeded for cores: Requested 12, but already used 60 of 20 cores (HTTP 403) (Request-ID: req-8fa97e3d-a225-4f5c-b2a4-a6663df06cf2)
2018-04-02 21:16:02.633 34634 INFO rally.task.runner [-] Task 5f656dd3-314e-4daa-b286-d18fa0255b57 | ITER: 78 START
2018-04-02 21:16:02.648 34631 INFO rally.task.runner [-] Task 5f656dd3-314e-4daa-b286-d18fa0255b57 | ITER: 75 END: Error Forbidden: Quota exceeded for cores: Requested 12, but already used 60 of 20 cores (HTTP 403) (Request-ID: req-138f421c-0499-469d-862c-da37f23df901)
2018-04-02 21:16:02.651 34631 INFO rally.task.runner [-] Task 5f656dd3-314e-4daa-b286-d18fa0255b57 | ITER: 79 START
2018-04-02 21:16:02.956 34632 INFO rally.task.runner [-] Task 5f656dd3-314e-4daa-b286-d18fa0255b57 | ITER: 76 END: Error Forbidden: Quota exceeded for cores: Requested 12, but already used 60 of 20 cores (HTTP 403) (Request-ID: req-1a0b45fc-0620-4794-a485-b7bc5acf996c)
2018-04-02 21:16:02.960 34632 INFO rally.task.runner [-] Task 5f656dd3-314e-4daa-b286-d18fa0255b57 | ITER: 80 START
2018-04-02 21:16:02.977 34633 INFO rally.task.runner [-] Task 5f656dd3-314e-4daa-b286-d18fa0255b57 | ITER: 77 END: Error Forbidden: Quota exceeded for cores: Requested 12, but already used 60 of 20 cores (HTTP 403) (Request-ID: req-00a295d5-6ba5-4bbd-835e-2f27139e43f0)
2018-04-02 21:16:02.980 34633 INFO rally.task.runner [-] Task 5f656dd3-314e-4daa-b286-d18fa0255b57 | ITER: 81 START
2018-04-02 21:16:03.518 34634 INFO rally.task.runner [-] Task 5f656dd3-314e-4daa-b286-d18fa0255b57 | ITER: 78 END: Error Forbidden: Quota exceeded for cores: Requested 12, but already used 60 of 20 cores (HTTP 403) (Request-ID: req-06b88093-6694-4785-80ce-7a0f74c40b52)
2018-04-02 21:16:03.520 34634 INFO rally.task.runner [-] Task 5f656dd3-314e-4daa-b286-d18fa0255b57 | ITER: 82 START
2018-04-02 21:16:03.564 34631 INFO rally.task.runner [-] Task 5f656dd3-314e-4daa-b286-d18fa0255b57 | ITER: 79 END: Error Forbidden: Quota exceeded for cores: Requested 12, but already used 60 of 20 cores (HTTP 403) (Request-ID: req-ec207a22-1d6f-4548-8e88-fe550b2e9d53)
2018-04-02 21:16:03.571 34631 INFO rally.task.runner [-] Task 5f656dd3-314e-4daa-b286-d18fa0255b57 | ITER: 83 START
2018-04-02 21:16:03.928 34632 INFO rally.task.runner [-] Task 5f656dd3-314e-4daa-b286-d18fa0255b57 | ITER: 80 END: Error Forbidden: Quota exceeded for cores: Requested 12, but already used 60 of 20 cores (HTTP 403) (Request-ID: req-b6905212-9a72-48ab-8f24-423a567d78e1)
2018-04-02 21:16:03.934 34632 INFO rally.task.runner [-] Task 5f656dd3-314e-4daa-b286-d18fa0255b57 | ITER: 84 START
2018-04-02 21:16:03.984 34633 INFO rally.task.runner [-] Task 5f656dd3-314e-4daa-b286-d18fa0255b57 | ITER: 81 END: Error Forbidden: Quota exceeded for cores: Requested 12, but already used 60 of 20 cores (HTTP 403) (Request-ID: req-ddc138b0-5202-4fe5-b5fe-79a52482193b)
2018-04-02 21:16:03.989 34633 INFO rally.task.runner [-] Task 5f656dd3-314e-4daa-b286-d18fa0255b57 | ITER: 85 START
2018-04-02 21:16:04.578 34634 INFO rally.task.runner [-] Task 5f656dd3-314e-4daa-b286-d18fa0255b57 | ITER: 82 END: Error Forbidden: Quota exceeded for cores: Requested 12, but already used 60 of 20 cores (HTTP 403) (Request-ID: req-905bf3d9-913d-4493-954a-8829cdfb37b8)
2018-04-02 21:16:04.582 34631 INFO rally.task.runner [-] Task 5f656dd3-314e-4daa-b286-d18fa0255b57 | ITER: 83 END: Error Forbidden: Quota exceeded for cores: Requested 12, but already used 60 of 20 cores (HTTP 403) (Request-ID: req-df2edd7a-6b97-43eb-a8ac-d6c60f989a3c)
2018-04-02 21:16:04.582 34634 INFO rally.task.runner [-] Task 5f656dd3-314e-4daa-b286-d18fa0255b57 | ITER: 86 START
2018-04-02 21:16:04.586 34631 INFO rally.task.runner [-] Task 5f656dd3-314e-4daa-b286-d18fa0255b57 | ITER: 87 START
2018-04-02 21:16:04.885 34633 INFO rally.task.runner [-] Task 5f656dd3-314e-4daa-b286-d18fa0255b57 | ITER: 85 END: Error Forbidden: Quota exceeded for cores: Requested 12, but already used 60 of 20 cores (HTTP 403) (Request-ID: req-7fe9c7c6-3e13-4d61-9558-b9c484992c8c)
2018-04-02 21:16:04.888 34633 INFO rally.task.runner [-] Task 5f656dd3-314e-4daa-b286-d18fa0255b57 | ITER: 88 START
2018-04-02 21:16:04.965 34632 INFO rally.task.runner [-] Task 5f656dd3-314e-4daa-b286-d18fa0255b57 | ITER: 84 END: Error Forbidden: Quota exceeded for cores: Requested 12, but already used 60 of 20 cores (HTTP 403) (Request-ID: req-bf066fa3-673f-45fc-8e15-e2ff0808797e)
2018-04-02 21:16:04.968 34632 INFO rally.task.runner [-] Task 5f656dd3-314e-4daa-b286-d18fa0255b57 | ITER: 89 START
2018-04-02 21:16:05.464 34634 INFO rally.task.runner [-] Task 5f656dd3-314e-4daa-b286-d18fa0255b57 | ITER: 86 END: Error Forbidden: Quota exceeded for cores: Requested 12, but already used 60 of 20 cores (HTTP 403) (Request-ID: req-b4bb7771-7685-444e-8981-bac482159d11)
2018-04-02 21:16:05.467 34634 INFO rally.task.runner [-] Task 5f656dd3-314e-4daa-b286-d18fa0255b57 | ITER: 90 START
2018-04-02 21:16:05.502 34631 INFO rally.task.runner [-] Task 5f656dd3-314e-4daa-b286-d18fa0255b57 | ITER: 87 END: Error Forbidden: Quota exceeded for cores: Requested 12, but already used 60 of 20 cores (HTTP 403) (Request-ID: req-268fdf91-7b43-425f-8700-f208f0de8fb6)
2018-04-02 21:16:05.505 34631 INFO rally.task.runner [-] Task 5f656dd3-314e-4daa-b286-d18fa0255b57 | ITER: 91 START
2018-04-02 21:16:05.819 34633 INFO rally.task.runner [-] Task 5f656dd3-314e-4daa-b286-d18fa0255b57 | ITER: 88 END: Error Forbidden: Quota exceeded for cores: Requested 12, but already used 60 of 20 cores (HTTP 403) (Request-ID: req-4587d1dc-a452-4bbe-ae7b-e541e80aa35b)
2018-04-02 21:16:05.822 34633 INFO rally.task.runner [-] Task 5f656dd3-314e-4daa-b286-d18fa0255b57 | ITER: 92 START
2018-04-02 21:16:05.881 34632 INFO rally.task.runner [-] Task 5f656dd3-314e-4daa-b286-d18fa0255b57 | ITER: 89 END: Error Forbidden: Quota exceeded for cores: Requested 12, but already used 60 of 20 cores (HTTP 403) (Request-ID: req-e8908f90-9eea-48e7-b1cf-bde18ddd7e92)
2018-04-02 21:16:05.884 34632 INFO rally.task.runner [-] Task 5f656dd3-314e-4daa-b286-d18fa0255b57 | ITER: 93 START
2018-04-02 21:16:06.363 34634 INFO rally.task.runner [-] Task 5f656dd3-314e-4daa-b286-d18fa0255b57 | ITER: 90 END: Error Forbidden: Quota exceeded for cores: Requested 12, but already used 60 of 20 cores (HTTP 403) (Request-ID: req-d99017b5-62f4-41f8-8ec2-3d8757a8a280)
2018-04-02 21:16:06.367 34634 INFO rally.task.runner [-] Task 5f656dd3-314e-4daa-b286-d18fa0255b57 | ITER: 94 START
2018-04-02 21:16:06.458 34631 INFO rally.task.runner [-] Task 5f656dd3-314e-4daa-b286-d18fa0255b57 | ITER: 91 END: Error Forbidden: Quota exceeded for cores: Requested 12, but already used 60 of 20 cores (HTTP 403) (Request-ID: req-cbaf2a4a-5aeb-46dd-8868-761c16d7c5f4)
2018-04-02 21:16:06.461 34631 INFO rally.task.runner [-] Task 5f656dd3-314e-4daa-b286-d18fa0255b57 | ITER: 95 START
2018-04-02 21:16:06.776 34632 INFO rally.task.runner [-] Task 5f656dd3-314e-4daa-b286-d18fa0255b57 | ITER: 93 END: Error Forbidden: Quota exceeded for cores: Requested 12, but already used 60 of 20 cores (HTTP 403) (Request-ID: req-87f61e4d-925e-4de3-8a1f-9bfd72de2ce6)
2018-04-02 21:16:06.779 34632 INFO rally.task.runner [-] Task 5f656dd3-314e-4daa-b286-d18fa0255b57 | ITER: 96 START
2018-04-02 21:16:06.888 34633 INFO rally.task.runner [-] Task 5f656dd3-314e-4daa-b286-d18fa0255b57 | ITER: 92 END: Error Forbidden: Quota exceeded for cores: Requested 12, but already used 60 of 20 cores (HTTP 403) (Request-ID: req-bcfe682e-cfa0-4d12-a20e-4ee90db10bee)
2018-04-02 21:16:06.891 34633 INFO rally.task.runner [-] Task 5f656dd3-314e-4daa-b286-d18fa0255b57 | ITER: 97 START
2018-04-02 21:16:07.268 34634 INFO rally.task.runner [-] Task 5f656dd3-314e-4daa-b286-d18fa0255b57 | ITER: 94 END: Error Forbidden: Quota exceeded for cores: Requested 12, but already used 60 of 20 cores (HTTP 403) (Request-ID: req-26de165a-6d23-4d98-abc1-d8891ee0bd89)
2018-04-02 21:16:07.272 34634 INFO rally.task.runner [-] Task 5f656dd3-314e-4daa-b286-d18fa0255b57 | ITER: 98 START
2018-04-02 21:16:07.763 34632 INFO rally.task.runner [-] Task 5f656dd3-314e-4daa-b286-d18fa0255b57 | ITER: 96 END: Error Forbidden: Quota exceeded for cores: Requested 12, but already used 60 of 20 cores (HTTP 403) (Request-ID: req-e30470bc-93af-432c-9e2f-3fac4555a920)
2018-04-02 21:16:07.766 34632 INFO rally.task.runner [-] Task 5f656dd3-314e-4daa-b286-d18fa0255b57 | ITER: 99 START
2018-04-02 21:16:07.812 34631 INFO rally.task.runner [-] Task 5f656dd3-314e-4daa-b286-d18fa0255b57 | ITER: 95 END: Error Forbidden: Quota exceeded for cores: Requested 12, but already used 60 of 20 cores (HTTP 403) (Request-ID: req-83dc5df0-bd2a-407a-9974-d30b58a3818d)
2018-04-02 21:16:07.814 34633 INFO rally.task.runner [-] Task 5f656dd3-314e-4daa-b286-d18fa0255b57 | ITER: 97 END: Error Forbidden: Quota exceeded for cores: Requested 12, but already used 60 of 20 cores (HTTP 403) (Request-ID: req-3205a51d-2c3f-4fec-a047-3381c3621fbd)
2018-04-02 21:16:07.815 34631 INFO rally.task.runner [-] Task 5f656dd3-314e-4daa-b286-d18fa0255b57 | ITER: 100 START
2018-04-02 21:16:08.178 34634 INFO rally.task.runner [-] Task 5f656dd3-314e-4daa-b286-d18fa0255b57 | ITER: 98 END: Error Forbidden: Quota exceeded for cores: Requested 12, but already used 60 of 20 cores (HTTP 403) (Request-ID: req-79ba7e86-aa2b-4ec2-b6da-2efa70f41572)
2018-04-02 21:16:08.734 34632 INFO rally.task.runner [-] Task 5f656dd3-314e-4daa-b286-d18fa0255b57 | ITER: 99 END: Error Forbidden: Quota exceeded for cores: Requested 12, but already used 60 of 20 cores (HTTP 403) (Request-ID: req-16aacedd-6f8a-4ec1-9976-6d20423e6a3c)
2018-04-02 21:16:08.798 34631 INFO rally.task.runner [-] Task 5f656dd3-314e-4daa-b286-d18fa0255b57 | ITER: 100 END: Error Forbidden: Quota exceeded for cores: Requested 12, but already used 60 of 20 cores (HTTP 403) (Request-ID: req-2722fd5f-c22f-4fa1-8050-180aab285ddf)
2018-04-02 21:16:50.696 34636 INFO rally.task.runner [-] Task 5f656dd3-314e-4daa-b286-d18fa0255b57 | ITER: 5 END: Error BadRequest: No valid host was found. No valid host found for cold migrate (HTTP 400) (Request-ID: req-117f9533-52a2-49f3-b335-f75317794b00)
2018-04-02 21:16:50.722 34503 INFO rally.task.context [-] Task 5f656dd3-314e-4daa-b286-d18fa0255b57 | Context cleanup@openstack cleanup() started
2018-04-02 21:16:57.441 34503 INFO rally.task.context [-] Task 5f656dd3-314e-4daa-b286-d18fa0255b57 | Context cleanup@openstack cleanup() finished in 6.72 sec
2018-04-02 21:16:57.441 34503 INFO rally.task.context [-] Task 5f656dd3-314e-4daa-b286-d18fa0255b57 | Context users@openstack cleanup() started
2018-04-02 21:17:00.770 34503 INFO rally.task.context [-] Task 5f656dd3-314e-4daa-b286-d18fa0255b57 | Context users@openstack cleanup() finished in 3.33 sec
2018-04-02 21:17:02.082 34503 INFO rally.task.engine [-] Load duration is: 68.299182
2018-04-02 21:17:02.083 34503 INFO rally.task.engine [-] Full runner duration is: 69.351287
2018-04-02 21:17:02.083 34503 INFO rally.task.engine [-] Full duration is: 83.166992
2018-04-02 21:17:02.199 34503 INFO rally.task.engine [-] Task 5f656dd3-314e-4daa-b286-d18fa0255b57 | Completed: Running task.

--------------------------------------------------------------------------------
Task 5f656dd3-314e-4daa-b286-d18fa0255b57: finished
--------------------------------------------------------------------------------

test scenario NovaServers.boot_and_migrate_server
args position 0
args values:
{
  "runner": {
    "times": 100, 
    "concurrency": 5
  }, 
  "contexts": {
    "users": {
      "tenants": 1, 
      "users_per_tenant": 1
    }
  }, 
  "args": {
    "flavor": {
      "name": "m1.large"
    }, 
    "image": {
      "name": "CentOS 7"
    }
  }, 
  "sla": {
