| nova.delete_server | 2.429     | 11.708       | 16.023       | 16.222       | 20.567    | 11.353    | 100.0%  | 200   |
| total              | 34.296    | 61.845       | 70.603       | 72.785       | 91.381    | 62.594    | 100.0%  | 200   |
|  -> duration       | 33.296    | 60.845       | 69.603       | 71.785       | 90.381    | 61.594    | 100.0%  | 200   |
|  -> idle_duration  | 1.0       | 1.0          | 1.0          | 1.0          | 1.0       | 1.0       | 100.0%  | 200   |
+--------------------+-----------+--------------+--------------+--------------+-----------+-----------+---------+-------+

Load duration: 1263.331524
Full duration: 1285.978153
--------------------------------------------------------------------------------

test scenario NovaServers.boot_and_delete_server
args position 0
args values:
{
  "runner": {
    "times": 200, 
    "concurrency": 10
  }, 
  "contexts": {
    "users": {
      "tenants": 3, 
      "users_per_tenant": 5
    }, 
    "network": {
      "start_cidr": "192.168.74.0/24", 
      "networks_per_tenant": 2
    }
  }, 
  "args": {
    "flavor": {
      "name": "m1.medium"
    }, 
    "image": {
      "name": "Ubuntu 16.04"
    }, 
    "auto_assign_nic": true
  }, 
  "sla": {
    "failure_rate": {
      "max": 0
    }
  }, 
  "hooks": []
}

--------------------------------------------------------------------------------
Task 5f4f4de8-f420-4ccd-a367-893cd4b08c9d has 0 error(s)
--------------------------------------------------------------------------------

+-----------------------------------------------------------------------------------------------------------------------+
|                                                 Response Times (sec)                                                  |
+--------------------+-----------+--------------+--------------+--------------+-----------+-----------+---------+-------+
| Action             | Min (sec) | Median (sec) | 90%ile (sec) | 95%ile (sec) | Max (sec) | Avg (sec) | Success | Count |
+--------------------+-----------+--------------+--------------+--------------+-----------+-----------+---------+-------+
| nova.boot_server   | 25.052    | 50.144       | 66.788       | 69.352       | 77.815    | 52.481    | 100.0%  | 200   |
| nova.delete_server | 2.426     | 11.606       | 16.128       | 16.365       | 23.152    | 10.756    | 100.0%  | 200   |
| total              | 34.746    | 63.709       | 70.808       | 78.178       | 82.448    | 63.237    | 100.0%  | 200   |
|  -> duration       | 33.746    | 62.709       | 69.808       | 77.178       | 81.448    | 62.237    | 100.0%  | 200   |
|  -> idle_duration  | 1.0       | 1.0          | 1.0          | 1.0          | 1.0       | 1.0       | 100.0%  | 200   |
+--------------------+-----------+--------------+--------------+--------------+-----------+-----------+---------+-------+

Load duration: 1273.324816
Full duration: 1348.820144

HINTS:
* To plot HTML graphics with this data, run:
	rally task report 5f4f4de8-f420-4ccd-a367-893cd4b08c9d --out output.html

* To generate a JUnit report, run:
	rally task export 5f4f4de8-f420-4ccd-a367-893cd4b08c9d --type junit --to output.xml

* To get raw JSON output of task results, run:
	rally task report 5f4f4de8-f420-4ccd-a367-893cd4b08c9d --json --out output.json

--------------------------------------------------------------------------------
Preparing input task
--------------------------------------------------------------------------------

Task is:
{
    "CinderVolumes.create_and_extend_volume": [
        {
            "args": {
                "size": 20,
                "new_size": 50
            },
            "runner": {
                "type": "constant",
                "times": 20,
                "concurrency": 2
            },
            "context": {
                "users": {
                    "tenants": 1,
                    "users_per_tenant": 1
                }
            },
            "sla": {
                "failure_rate": {
                    "max": 0
                }
            }
        }
    ]
}

Task syntax is correct :)
Running Rally version 0.10.1~dev119
--------------------------------------------------------------------------------
Task  7101ad67-43e1-4eab-9561-1925f14f2e9e: started
--------------------------------------------------------------------------------

Running Task... This can take a while...

To track task status use:

	rally task status
	or
	rally task detailed

Using task: 7101ad67-43e1-4eab-9561-1925f14f2e9e
2018-04-19 20:18:46.011 36080 INFO rally.task.engine [-] Task 7101ad67-43e1-4eab-9561-1925f14f2e9e | Starting:  Task validation.
2018-04-19 20:18:46.018 36080 INFO rally.task.engine [-] Task 7101ad67-43e1-4eab-9561-1925f14f2e9e | Starting:  Task validation of syntax.
2018-04-19 20:18:46.027 36080 INFO rally.task.engine [-] Task 7101ad67-43e1-4eab-9561-1925f14f2e9e | Completed: Task validation of syntax.
2018-04-19 20:18:46.027 36080 INFO rally.task.engine [-] Task 7101ad67-43e1-4eab-9561-1925f14f2e9e | Starting:  Task validation of required platforms.
2018-04-19 20:18:46.032 36080 INFO rally.task.engine [-] Task 7101ad67-43e1-4eab-9561-1925f14f2e9e | Completed: Task validation of required platforms.
2018-04-19 20:18:46.032 36080 INFO rally.task.engine [-] Task 7101ad67-43e1-4eab-9561-1925f14f2e9e | Starting:  Task validation of semantic.
2018-04-19 20:18:48.809 36080 INFO rally.task.context [-] Task 7101ad67-43e1-4eab-9561-1925f14f2e9e | Context users@openstack setup()  finished in 2.13 sec
2018-04-19 20:18:49.225 36080 INFO rally.task.context [-] Task 7101ad67-43e1-4eab-9561-1925f14f2e9e | Context users@openstack cleanup() started
2018-04-19 20:18:52.478 36080 INFO rally.task.context [-] Task 7101ad67-43e1-4eab-9561-1925f14f2e9e | Context users@openstack cleanup() finished in 3.25 sec
2018-04-19 20:18:52.478 36080 INFO rally.task.engine [-] Task 7101ad67-43e1-4eab-9561-1925f14f2e9e | Completed: Task validation of semantic.
2018-04-19 20:18:52.479 36080 INFO rally.task.engine [-] Task 7101ad67-43e1-4eab-9561-1925f14f2e9e | Completed: Task validation.
2018-04-19 20:18:52.479 36080 INFO rally.api [-] Task 7101ad67-43e1-4eab-9561-1925f14f2e9e input file is valid.
2018-04-19 20:18:52.479 36080 INFO rally.api [-] Run Task 7101ad67-43e1-4eab-9561-1925f14f2e9e against Deployment ab52c4ca-1635-4294-83f0-32b091812a67
2018-04-19 20:18:52.480 36080 INFO rally.task.engine [-] Task 7101ad67-43e1-4eab-9561-1925f14f2e9e | Starting:  Running task.
2018-04-19 20:18:52.523 36080 INFO rally.task.engine [-] Running workload: 
  position = 0
  config = {
   "version": 2, 
   "title": "A cropped version of a bigger task.", 
   "description": "Auto-generated task from a single workload (uuid=baf70f8d-d602-47b6-8187-af8cbd7e7f81)", 
   "subtasks": [
      {
         "title": "CinderVolumes.create_and_extend_volume", 
         "description": "Create and extend a volume and then delete it.", 
         "scenario": {
            "CinderVolumes.create_and_extend_volume": {
               "size": 20, 
               "new_size": 50
            }
         }, 
         "contexts": {
            "users": {
               "tenants": 1, 
               "users_per_tenant": 1
            }
         }, 
         "runner": {
            "constant": {
               "times": 20, 
               "concurrency": 2
            }
         }, 
         "hooks": [], 
         "sla": {
            "failure_rate": {
               "max": 0
            }
         }
      }
   ]
}
2018-04-19 20:18:54.847 36080 INFO rally.task.context [-] Task 7101ad67-43e1-4eab-9561-1925f14f2e9e | Context users@openstack setup()  finished in 2.29 sec
2018-04-19 20:18:54.848 36080 INFO rally.task.context [-] Task 7101ad67-43e1-4eab-9561-1925f14f2e9e | Context cleanup@openstack setup()  finished in 0.01 msec
2018-04-19 20:18:54.871 36208 INFO rally.task.runner [-] Task 7101ad67-43e1-4eab-9561-1925f14f2e9e | ITER: 1 START
2018-04-19 20:18:54.874 36209 INFO rally.task.runner [-] Task 7101ad67-43e1-4eab-9561-1925f14f2e9e | ITER: 2 START
2018-04-19 20:19:02.262 36209 INFO rally.task.runner [-] Task 7101ad67-43e1-4eab-9561-1925f14f2e9e | ITER: 2 END: OK
2018-04-19 20:19:02.266 36209 INFO rally.task.runner [-] Task 7101ad67-43e1-4eab-9561-1925f14f2e9e | ITER: 3 START
2018-04-19 20:19:02.401 36208 INFO rally.task.runner [-] Task 7101ad67-43e1-4eab-9561-1925f14f2e9e | ITER: 1 END: OK
2018-04-19 20:19:02.404 36208 INFO rally.task.runner [-] Task 7101ad67-43e1-4eab-9561-1925f14f2e9e | ITER: 4 START
2018-04-19 20:19:07.741 36209 INFO rally.task.runner [-] Task 7101ad67-43e1-4eab-9561-1925f14f2e9e | ITER: 3 END: OK
2018-04-19 20:19:07.744 36209 INFO rally.task.runner [-] Task 7101ad67-43e1-4eab-9561-1925f14f2e9e | ITER: 5 START
2018-04-19 20:19:09.932 36208 INFO rally.task.runner [-] Task 7101ad67-43e1-4eab-9561-1925f14f2e9e | ITER: 4 END: OK
2018-04-19 20:19:09.935 36208 INFO rally.task.runner [-] Task 7101ad67-43e1-4eab-9561-1925f14f2e9e | ITER: 6 START
2018-04-19 20:19:15.150 36209 INFO rally.task.runner [-] Task 7101ad67-43e1-4eab-9561-1925f14f2e9e | ITER: 5 END: OK
2018-04-19 20:19:15.152 36209 INFO rally.task.runner [-] Task 7101ad67-43e1-4eab-9561-1925f14f2e9e | ITER: 7 START
2018-04-19 20:19:17.273 36208 INFO rally.task.runner [-] Task 7101ad67-43e1-4eab-9561-1925f14f2e9e | ITER: 6 END: OK
2018-04-19 20:19:17.276 36208 INFO rally.task.runner [-] Task 7101ad67-43e1-4eab-9561-1925f14f2e9e | ITER: 8 START
2018-04-19 20:19:22.361 36209 INFO rally.task.runner [-] Task 7101ad67-43e1-4eab-9561-1925f14f2e9e | ITER: 7 END: OK
2018-04-19 20:19:22.368 36209 INFO rally.task.runner [-] Task 7101ad67-43e1-4eab-9561-1925f14f2e9e | ITER: 9 START
2018-04-19 20:19:24.503 36208 INFO rally.task.runner [-] Task 7101ad67-43e1-4eab-9561-1925f14f2e9e | ITER: 8 END: OK
2018-04-19 20:19:24.508 36208 INFO rally.task.runner [-] Task 7101ad67-43e1-4eab-9561-1925f14f2e9e | ITER: 10 START
2018-04-19 20:19:29.555 36209 INFO rally.task.runner [-] Task 7101ad67-43e1-4eab-9561-1925f14f2e9e | ITER: 9 END: OK
2018-04-19 20:19:29.558 36209 INFO rally.task.runner [-] Task 7101ad67-43e1-4eab-9561-1925f14f2e9e | ITER: 11 START
2018-04-19 20:19:31.784 36208 INFO rally.task.runner [-] Task 7101ad67-43e1-4eab-9561-1925f14f2e9e | ITER: 10 END: OK
2018-04-19 20:19:31.787 36208 INFO rally.task.runner [-] Task 7101ad67-43e1-4eab-9561-1925f14f2e9e | ITER: 12 START
2018-04-19 20:19:36.967 36209 INFO rally.task.runner [-] Task 7101ad67-43e1-4eab-9561-1925f14f2e9e | ITER: 11 END: OK
2018-04-19 20:19:36.969 36209 INFO rally.task.runner [-] Task 7101ad67-43e1-4eab-9561-1925f14f2e9e | ITER: 13 START
2018-04-19 20:19:39.072 36208 INFO rally.task.runner [-] Task 7101ad67-43e1-4eab-9561-1925f14f2e9e | ITER: 12 END: OK
2018-04-19 20:19:39.076 36208 INFO rally.task.runner [-] Task 7101ad67-43e1-4eab-9561-1925f14f2e9e | ITER: 14 START
2018-04-19 20:19:44.272 36209 INFO rally.task.runner [-] Task 7101ad67-43e1-4eab-9561-1925f14f2e9e | ITER: 13 END: OK
2018-04-19 20:19:44.276 36209 INFO rally.task.runner [-] Task 7101ad67-43e1-4eab-9561-1925f14f2e9e | ITER: 15 START
2018-04-19 20:19:46.431 36208 INFO rally.task.runner [-] Task 7101ad67-43e1-4eab-9561-1925f14f2e9e | ITER: 14 END: OK
2018-04-19 20:19:46.435 36208 INFO rally.task.runner [-] Task 7101ad67-43e1-4eab-9561-1925f14f2e9e | ITER: 16 START
2018-04-19 20:19:51.636 36209 INFO rally.task.runner [-] Task 7101ad67-43e1-4eab-9561-1925f14f2e9e | ITER: 15 END: OK
2018-04-19 20:19:51.640 36209 INFO rally.task.runner [-] Task 7101ad67-43e1-4eab-9561-1925f14f2e9e | ITER: 17 START
2018-04-19 20:19:53.755 36208 INFO rally.task.runner [-] Task 7101ad67-43e1-4eab-9561-1925f14f2e9e | ITER: 16 END: OK
2018-04-19 20:19:53.758 36208 INFO rally.task.runner [-] Task 7101ad67-43e1-4eab-9561-1925f14f2e9e | ITER: 18 START
2018-04-19 20:19:58.923 36209 INFO rally.task.runner [-] Task 7101ad67-43e1-4eab-9561-1925f14f2e9e | ITER: 17 END: OK
2018-04-19 20:19:58.926 36209 INFO rally.task.runner [-] Task 7101ad67-43e1-4eab-9561-1925f14f2e9e | ITER: 19 START
2018-04-19 20:20:00.981 36208 INFO rally.task.runner [-] Task 7101ad67-43e1-4eab-9561-1925f14f2e9e | ITER: 18 END: OK
2018-04-19 20:20:00.984 36208 INFO rally.task.runner [-] Task 7101ad67-43e1-4eab-9561-1925f14f2e9e | ITER: 20 START
2018-04-19 20:20:06.127 36209 INFO rally.task.runner [-] Task 7101ad67-43e1-4eab-9561-1925f14f2e9e | ITER: 19 END: OK
2018-04-19 20:20:08.257 36208 INFO rally.task.runner [-] Task 7101ad67-43e1-4eab-9561-1925f14f2e9e | ITER: 20 END: OK
2018-04-19 20:20:08.279 36080 INFO rally.task.context [-] Task 7101ad67-43e1-4eab-9561-1925f14f2e9e | Context cleanup@openstack cleanup() started
2018-04-19 20:20:10.138 36080 INFO rally.task.context [-] Task 7101ad67-43e1-4eab-9561-1925f14f2e9e | Context cleanup@openstack cleanup() finished in 1.86 sec
2018-04-19 20:20:10.139 36080 INFO rally.task.context [-] Task 7101ad67-43e1-4eab-9561-1925f14f2e9e | Context users@openstack cleanup() started
2018-04-19 20:20:13.239 36080 INFO rally.task.context [-] Task 7101ad67-43e1-4eab-9561-1925f14f2e9e | Context users@openstack cleanup() finished in 3.10 sec
2018-04-19 20:20:15.002 36080 INFO rally.task.engine [-] Load duration is: 73.380781
2018-04-19 20:20:15.003 36080 INFO rally.task.engine [-] Full runner duration is: 73.423622
2018-04-19 20:20:15.003 36080 INFO rally.task.engine [-] Full duration is: 80.709875
2018-04-19 20:20:15.074 36080 INFO rally.task.engine [-] Task 7101ad67-43e1-4eab-9561-1925f14f2e9e | Completed: Running task.

--------------------------------------------------------------------------------
Task 7101ad67-43e1-4eab-9561-1925f14f2e9e: finished
--------------------------------------------------------------------------------

test scenario CinderVolumes.create_and_extend_volume
args position 0
args values:
{
  "runner": {
    "times": 20, 
    "concurrency": 2
  }, 
  "contexts": {
    "users": {
      "tenants": 1, 
      "users_per_tenant": 1
    }
  }, 
  "args": {
    "size": 20, 
    "new_size": 50
  }, 
  "sla": {
    "failure_rate": {
      "max": 0
    }
  }, 
  "hooks": []
}

--------------------------------------------------------------------------------
Task 7101ad67-43e1-4eab-9561-1925f14f2e9e has 0 error(s)
--------------------------------------------------------------------------------

+----------------------------------------------------------------------------------------------------------------------------+
|                                                    Response Times (sec)                                                    |
+-------------------------+-----------+--------------+--------------+--------------+-----------+-----------+---------+-------+
| Action                  | Min (sec) | Median (sec) | 90%ile (sec) | 95%ile (sec) | Max (sec) | Avg (sec) | Success | Count |
+-------------------------+-----------+--------------+--------------+--------------+-----------+-----------+---------+-------+
| cinder_v2.create_volume | 2.685     | 2.808        | 2.886        | 2.908        | 2.975     | 2.806     | 100.0%  | 20    |
| cinder_v2.extend_volume | 2.244     | 2.285        | 2.348        | 2.355        | 2.399     | 2.295     | 100.0%  | 20    |
| cinder_v2.delete_volume | 0.311     | 2.217        | 2.247        | 2.249        | 2.252     | 2.125     | 100.0%  | 20    |
| total                   | 5.473     | 7.292        | 7.419        | 7.525        | 7.525     | 7.226     | 100.0%  | 20    |
|  -> duration            | 5.473     | 7.292        | 7.419        | 7.525        | 7.525     | 7.226     | 100.0%  | 20    |
|  -> idle_duration       | 0.0       | 0.0          | 0.0          | 0.0          | 0.0       | 0.0       | 100.0%  | 20    |
+-------------------------+-----------+--------------+--------------+--------------+-----------+-----------+---------+-------+

Load duration: 73.380781
Full duration: 80.709875

HINTS:
* To plot HTML graphics with this data, run:
	rally task report 7101ad67-43e1-4eab-9561-1925f14f2e9e --out output.html

* To generate a JUnit report, run:
	rally task export 7101ad67-43e1-4eab-9561-1925f14f2e9e --type junit --to output.xml

* To get raw JSON output of task results, run:
	rally task report 7101ad67-43e1-4eab-9561-1925f14f2e9e --json --out output.json

--------------------------------------------------------------------------------
Preparing input task
--------------------------------------------------------------------------------

Task is:
{
   "NovaServers.boot_and_rebuild_server": [
        {
            "args": {
                "flavor": {
                    "name": "m1.xlarge"
                },
                "from_image": {
                    "name": "Debian 9"
                },
                "to_image": {
                    "name": "Ubuntu 14.04 LTS"
                }
            },
            "runner": {
                "type": "constant",
                "times": 50,
                "concurrency": 2
            },
            "context": {
                "users": {
                    "tenants": 1,
                    "users_per_tenant": 1
                }
            },
            "sla": {
                "failure_rate": {
                    "max": 0
                }
            }
        }
    ]
}

Task syntax is correct :)
Running Rally version 0.10.1~dev119
--------------------------------------------------------------------------------
Task  b994529c-2ecc-4b38-a460-57d82b1d902e: started
--------------------------------------------------------------------------------

Running Task... This can take a while...

To track task status use:

	rally task status
	or
	rally task detailed

Using task: b994529c-2ecc-4b38-a460-57d82b1d902e
2018-04-19 20:20:16.827 36355 INFO rally.task.engine [-] Task b994529c-2ecc-4b38-a460-57d82b1d902e | Starting:  Task validation.
2018-04-19 20:20:16.839 36355 INFO rally.task.engine [-] Task b994529c-2ecc-4b38-a460-57d82b1d902e | Starting:  Task validation of syntax.
2018-04-19 20:20:16.856 36355 INFO rally.task.engine [-] Task b994529c-2ecc-4b38-a460-57d82b1d902e | Completed: Task validation of syntax.
2018-04-19 20:20:16.857 36355 INFO rally.task.engine [-] Task b994529c-2ecc-4b38-a460-57d82b1d902e | Starting:  Task validation of required platforms.
2018-04-19 20:20:16.865 36355 INFO rally.task.engine [-] Task b994529c-2ecc-4b38-a460-57d82b1d902e | Completed: Task validation of required platforms.
2018-04-19 20:20:16.865 36355 INFO rally.task.engine [-] Task b994529c-2ecc-4b38-a460-57d82b1d902e | Starting:  Task validation of semantic.
2018-04-19 20:20:19.957 36355 INFO rally.task.context [-] Task b994529c-2ecc-4b38-a460-57d82b1d902e | Context users@openstack setup()  finished in 2.33 sec
2018-04-19 20:20:22.060 36355 INFO rally.task.context [-] Task b994529c-2ecc-4b38-a460-57d82b1d902e | Context users@openstack cleanup() started
2018-04-19 20:20:25.309 36355 INFO rally.task.context [-] Task b994529c-2ecc-4b38-a460-57d82b1d902e | Context users@openstack cleanup() finished in 3.25 sec
2018-04-19 20:20:25.310 36355 INFO rally.task.engine [-] Task b994529c-2ecc-4b38-a460-57d82b1d902e | Completed: Task validation of semantic.
2018-04-19 20:20:25.311 36355 INFO rally.task.engine [-] Task b994529c-2ecc-4b38-a460-57d82b1d902e | Completed: Task validation.
2018-04-19 20:20:25.311 36355 INFO rally.api [-] Task b994529c-2ecc-4b38-a460-57d82b1d902e input file is valid.
2018-04-19 20:20:25.312 36355 INFO rally.api [-] Run Task b994529c-2ecc-4b38-a460-57d82b1d902e against Deployment ab52c4ca-1635-4294-83f0-32b091812a67
2018-04-19 20:20:25.312 36355 INFO rally.task.engine [-] Task b994529c-2ecc-4b38-a460-57d82b1d902e | Starting:  Running task.
2018-04-19 20:20:25.370 36355 INFO rally.task.engine [-] Running workload: 
  position = 0
  config = {
   "version": 2, 
   "title": "A cropped version of a bigger task.", 
   "description": "Auto-generated task from a single workload (uuid=c0e9d57e-e1fc-413b-bf8d-fe0891e7ae29)", 
   "subtasks": [
      {
         "title": "NovaServers.boot_and_rebuild_server", 
         "description": "Rebuild a server.", 
         "scenario": {
            "NovaServers.boot_and_rebuild_server": {
               "flavor": {
                  "name": "m1.xlarge"
               }, 
               "from_image": {
                  "name": "Debian 9"
               }, 
               "to_image": {
                  "name": "Ubuntu 14.04 LTS"
               }
            }
         }, 
         "contexts": {
            "users": {
               "tenants": 1, 
               "users_per_tenant": 1
            }
         }, 
         "runner": {
            "constant": {
               "times": 50, 
               "concurrency": 2
            }
         }, 
         "hooks": [], 
         "sla": {
            "failure_rate": {
               "max": 0
            }
         }
      }
   ]
}
2018-04-19 20:20:27.895 36355 INFO rally.task.context [-] Task b994529c-2ecc-4b38-a460-57d82b1d902e | Context users@openstack setup()  finished in 2.49 sec
2018-04-19 20:20:27.896 36355 INFO rally.task.context [-] Task b994529c-2ecc-4b38-a460-57d82b1d902e | Context cleanup@openstack setup()  finished in 0.02 msec
2018-04-19 20:20:28.826 36483 INFO rally.task.runner [-] Task b994529c-2ecc-4b38-a460-57d82b1d902e | ITER: 1 START
2018-04-19 20:20:28.829 36484 INFO rally.task.runner [-] Task b994529c-2ecc-4b38-a460-57d82b1d902e | ITER: 2 START
2018-04-19 20:28:19.608 36483 INFO rally.task.runner [-] Task b994529c-2ecc-4b38-a460-57d82b1d902e | ITER: 1 END: OK
2018-04-19 20:28:19.613 36483 INFO rally.task.runner [-] Task b994529c-2ecc-4b38-a460-57d82b1d902e | ITER: 3 START
2018-04-19 20:28:55.695 36484 INFO rally.task.runner [-] Task b994529c-2ecc-4b38-a460-57d82b1d902e | ITER: 2 END: OK
2018-04-19 20:28:55.701 36484 INFO rally.task.runner [-] Task b994529c-2ecc-4b38-a460-57d82b1d902e | ITER: 4 START
2018-04-19 20:36:04.443 36483 INFO rally.task.runner [-] Task b994529c-2ecc-4b38-a460-57d82b1d902e | ITER: 3 END: OK
2018-04-19 20:36:04.447 36483 INFO rally.task.runner [-] Task b994529c-2ecc-4b38-a460-57d82b1d902e | ITER: 5 START
2018-04-19 20:36:24.211 36484 INFO rally.task.runner [-] Task b994529c-2ecc-4b38-a460-57d82b1d902e | ITER: 4 END: OK
2018-04-19 20:36:24.215 36484 INFO rally.task.runner [-] Task b994529c-2ecc-4b38-a460-57d82b1d902e | ITER: 6 START
2018-04-19 20:43:02.017 36483 INFO rally.task.runner [-] Task b994529c-2ecc-4b38-a460-57d82b1d902e | ITER: 5 END: OK
2018-04-19 20:43:02.022 36483 INFO rally.task.runner [-] Task b994529c-2ecc-4b38-a460-57d82b1d902e | ITER: 7 START
2018-04-19 20:44:18.502 36484 INFO rally.task.runner [-] Task b994529c-2ecc-4b38-a460-57d82b1d902e | ITER: 6 END: OK
2018-04-19 20:44:18.507 36484 INFO rally.task.runner [-] Task b994529c-2ecc-4b38-a460-57d82b1d902e | ITER: 8 START
2018-04-19 20:50:44.973 36483 INFO rally.task.runner [-] Task b994529c-2ecc-4b38-a460-57d82b1d902e | ITER: 7 END: OK
2018-04-19 20:50:44.977 36483 INFO rally.task.runner [-] Task b994529c-2ecc-4b38-a460-57d82b1d902e | ITER: 9 START
2018-04-19 20:51:12.999 36484 INFO rally.task.runner [-] Task b994529c-2ecc-4b38-a460-57d82b1d902e | ITER: 8 END: OK
2018-04-19 20:51:13.003 36484 INFO rally.task.runner [-] Task b994529c-2ecc-4b38-a460-57d82b1d902e | ITER: 10 START
2018-04-19 20:56:05.815 36483 INFO rally.task.runner [-] Task b994529c-2ecc-4b38-a460-57d82b1d902e | ITER: 9 END: OK
2018-04-19 20:56:05.819 36483 INFO rally.task.runner [-] Task b994529c-2ecc-4b38-a460-57d82b1d902e | ITER: 11 START
2018-04-19 20:59:00.550 36484 INFO rally.task.runner [-] Task b994529c-2ecc-4b38-a460-57d82b1d902e | ITER: 10 END: OK
2018-04-19 20:59:00.555 36484 INFO rally.task.runner [-] Task b994529c-2ecc-4b38-a460-57d82b1d902e | ITER: 12 START
2018-04-19 21:03:15.962 36483 INFO rally.task.runner [-] Task b994529c-2ecc-4b38-a460-57d82b1d902e | ITER: 11 END: OK
2018-04-19 21:03:15.966 36483 INFO rally.task.runner [-] Task b994529c-2ecc-4b38-a460-57d82b1d902e | ITER: 13 START
2018-04-19 21:04:15.407 36484 INFO rally.task.runner [-] Task b994529c-2ecc-4b38-a460-57d82b1d902e | ITER: 12 END: OK
2018-04-19 21:04:15.410 36484 INFO rally.task.runner [-] Task b994529c-2ecc-4b38-a460-57d82b1d902e | ITER: 14 START
2018-04-19 21:09:56.528 36483 INFO rally.task.runner [-] Task b994529c-2ecc-4b38-a460-57d82b1d902e | ITER: 13 END: OK
2018-04-19 21:09:56.532 36483 INFO rally.task.runner [-] Task b994529c-2ecc-4b38-a460-57d82b1d902e | ITER: 15 START
2018-04-19 21:11:03.409 36484 INFO rally.task.runner [-] Task b994529c-2ecc-4b38-a460-57d82b1d902e | ITER: 14 END: OK
2018-04-19 21:11:03.413 36484 INFO rally.task.runner [-] Task b994529c-2ecc-4b38-a460-57d82b1d902e | ITER: 16 START
2018-04-19 21:15:36.313 36483 INFO rally.task.runner [-] Task b994529c-2ecc-4b38-a460-57d82b1d902e | ITER: 15 END: OK
2018-04-19 21:15:36.317 36483 INFO rally.task.runner [-] Task b994529c-2ecc-4b38-a460-57d82b1d902e | ITER: 17 START
2018-04-19 21:16:40.125 36484 INFO rally.task.runner [-] Task b994529c-2ecc-4b38-a460-57d82b1d902e | ITER: 16 END: OK
2018-04-19 21:16:40.129 36484 INFO rally.task.runner [-] Task b994529c-2ecc-4b38-a460-57d82b1d902e | ITER: 18 START
2018-04-19 21:22:35.775 36483 INFO rally.task.runner [-] Task b994529c-2ecc-4b38-a460-57d82b1d902e | ITER: 17 END: OK
2018-04-19 21:22:35.780 36483 INFO rally.task.runner [-] Task b994529c-2ecc-4b38-a460-57d82b1d902e | ITER: 19 START
2018-04-19 21:24:47.937 36484 INFO rally.task.runner [-] Task b994529c-2ecc-4b38-a460-57d82b1d902e | ITER: 18 END: OK
2018-04-19 21:24:47.941 36484 INFO rally.task.runner [-] Task b994529c-2ecc-4b38-a460-57d82b1d902e | ITER: 20 START
2018-04-19 21:29:44.424 36483 INFO rally.task.runner [-] Task b994529c-2ecc-4b38-a460-57d82b1d902e | ITER: 19 END: OK
2018-04-19 21:29:44.428 36483 INFO rally.task.runner [-] Task b994529c-2ecc-4b38-a460-57d82b1d902e | ITER: 21 START
2018-04-19 21:30:43.871 36484 INFO rally.task.runner [-] Task b994529c-2ecc-4b38-a460-57d82b1d902e | ITER: 20 END: OK
2018-04-19 21:30:43.876 36484 INFO rally.task.runner [-] Task b994529c-2ecc-4b38-a460-57d82b1d902e | ITER: 22 START
2018-04-19 21:35:10.468 36483 INFO rally.task.runner [-] Task b994529c-2ecc-4b38-a460-57d82b1d902e | ITER: 21 END: OK
2018-04-19 21:35:10.471 36483 INFO rally.task.runner [-] Task b994529c-2ecc-4b38-a460-57d82b1d902e | ITER: 23 START
2018-04-19 21:38:29.175 36484 INFO rally.task.runner [-] Task b994529c-2ecc-4b38-a460-57d82b1d902e | ITER: 22 END: OK
2018-04-19 21:38:29.179 36484 INFO rally.task.runner [-] Task b994529c-2ecc-4b38-a460-57d82b1d902e | ITER: 24 START
2018-04-19 21:41:15.555 36483 INFO rally.task.runner [-] Task b994529c-2ecc-4b38-a460-57d82b1d902e | ITER: 23 END: OK
2018-04-19 21:41:15.559 36483 INFO rally.task.runner [-] Task b994529c-2ecc-4b38-a460-57d82b1d902e | ITER: 25 START
2018-04-19 21:44:33.600 36484 INFO rally.task.runner [-] Task b994529c-2ecc-4b38-a460-57d82b1d902e | ITER: 24 END: OK
2018-04-19 21:44:33.604 36484 INFO rally.task.runner [-] Task b994529c-2ecc-4b38-a460-57d82b1d902e | ITER: 26 START
2018-04-19 21:46:56.835 36483 INFO rally.task.runner [-] Task b994529c-2ecc-4b38-a460-57d82b1d902e | ITER: 25 END: OK
2018-04-19 21:46:56.839 36483 INFO rally.task.runner [-] Task b994529c-2ecc-4b38-a460-57d82b1d902e | ITER: 27 START
2018-04-19 21:50:05.454 36484 INFO rally.task.runner [-] Task b994529c-2ecc-4b38-a460-57d82b1d902e | ITER: 26 END: OK
2018-04-19 21:50:05.458 36484 INFO rally.task.runner [-] Task b994529c-2ecc-4b38-a460-57d82b1d902e | ITER: 28 START
2018-04-19 21:54:23.215 36483 INFO rally.task.runner [-] Task b994529c-2ecc-4b38-a460-57d82b1d902e | ITER: 27 END: OK
2018-04-19 21:54:23.219 36483 INFO rally.task.runner [-] Task b994529c-2ecc-4b38-a460-57d82b1d902e | ITER: 29 START
2018-04-19 21:56:50.291 36484 INFO rally.task.runner [-] Task b994529c-2ecc-4b38-a460-57d82b1d902e | ITER: 28 END: OK
2018-04-19 21:56:50.295 36484 INFO rally.task.runner [-] Task b994529c-2ecc-4b38-a460-57d82b1d902e | ITER: 30 START
2018-04-19 22:00:41.065 36483 INFO rally.task.runner [-] Task b994529c-2ecc-4b38-a460-57d82b1d902e | ITER: 29 END: OK
2018-04-19 22:00:41.069 36483 INFO rally.task.runner [-] Task b994529c-2ecc-4b38-a460-57d82b1d902e | ITER: 31 START
2018-04-19 22:03:19.722 36484 INFO rally.task.runner [-] Task b994529c-2ecc-4b38-a460-57d82b1d902e | ITER: 30 END: OK
2018-04-19 22:03:19.726 36484 INFO rally.task.runner [-] Task b994529c-2ecc-4b38-a460-57d82b1d902e | ITER: 32 START
2018-04-19 22:06:18.626 36483 INFO rally.task.runner [-] Task b994529c-2ecc-4b38-a460-57d82b1d902e | ITER: 31 END: OK
2018-04-19 22:06:18.631 36483 INFO rally.task.runner [-] Task b994529c-2ecc-4b38-a460-57d82b1d902e | ITER: 33 START
2018-04-19 22:08:43.004 36484 INFO rally.task.runner [-] Task b994529c-2ecc-4b38-a460-57d82b1d902e | ITER: 32 END: OK
2018-04-19 22:08:43.008 36484 INFO rally.task.runner [-] Task b994529c-2ecc-4b38-a460-57d82b1d902e | ITER: 34 START
2018-04-19 22:12:03.424 36483 INFO rally.task.runner [-] Task b994529c-2ecc-4b38-a460-57d82b1d902e | ITER: 33 END: OK
2018-04-19 22:12:03.428 36483 INFO rally.task.runner [-] Task b994529c-2ecc-4b38-a460-57d82b1d902e | ITER: 35 START
2018-04-19 22:14:38.511 36484 INFO rally.task.runner [-] Task b994529c-2ecc-4b38-a460-57d82b1d902e | ITER: 34 END: OK
2018-04-19 22:14:38.515 36484 INFO rally.task.runner [-] Task b994529c-2ecc-4b38-a460-57d82b1d902e | ITER: 36 START
2018-04-19 22:17:39.151 36483 INFO rally.task.runner [-] Task b994529c-2ecc-4b38-a460-57d82b1d902e | ITER: 35 END: OK
2018-04-19 22:17:39.155 36483 INFO rally.task.runner [-] Task b994529c-2ecc-4b38-a460-57d82b1d902e | ITER: 37 START
2018-04-19 22:20:26.828 36484 INFO rally.task.runner [-] Task b994529c-2ecc-4b38-a460-57d82b1d902e | ITER: 36 END: OK
2018-04-19 22:20:26.831 36484 INFO rally.task.runner [-] Task b994529c-2ecc-4b38-a460-57d82b1d902e | ITER: 38 START
2018-04-19 22:23:37.333 36483 INFO rally.task.runner [-] Task b994529c-2ecc-4b38-a460-57d82b1d902e | ITER: 37 END: OK
2018-04-19 22:23:37.338 36483 INFO rally.task.runner [-] Task b994529c-2ecc-4b38-a460-57d82b1d902e | ITER: 39 START
2018-04-19 22:27:13.144 36484 INFO rally.task.runner [-] Task b994529c-2ecc-4b38-a460-57d82b1d902e | ITER: 38 END: OK
2018-04-19 22:27:13.148 36484 INFO rally.task.runner [-] Task b994529c-2ecc-4b38-a460-57d82b1d902e | ITER: 40 START
2018-04-19 22:29:05.295 36483 INFO rally.task.runner [-] Task b994529c-2ecc-4b38-a460-57d82b1d902e | ITER: 39 END: OK
2018-04-19 22:29:05.299 36483 INFO rally.task.runner [-] Task b994529c-2ecc-4b38-a460-57d82b1d902e | ITER: 41 START
2018-04-19 22:33:02.743 36484 INFO rally.task.runner [-] Task b994529c-2ecc-4b38-a460-57d82b1d902e | ITER: 40 END: OK
2018-04-19 22:33:02.748 36484 INFO rally.task.runner [-] Task b994529c-2ecc-4b38-a460-57d82b1d902e | ITER: 42 START
2018-04-19 22:35:10.317 36483 INFO rally.task.runner [-] Task b994529c-2ecc-4b38-a460-57d82b1d902e | ITER: 41 END: OK
2018-04-19 22:35:10.321 36483 INFO rally.task.runner [-] Task b994529c-2ecc-4b38-a460-57d82b1d902e | ITER: 43 START
2018-04-19 22:38:35.076 36484 INFO rally.task.runner [-] Task b994529c-2ecc-4b38-a460-57d82b1d902e | ITER: 42 END: OK
2018-04-19 22:38:35.080 36484 INFO rally.task.runner [-] Task b994529c-2ecc-4b38-a460-57d82b1d902e | ITER: 44 START
2018-04-19 22:41:16.529 36483 INFO rally.task.runner [-] Task b994529c-2ecc-4b38-a460-57d82b1d902e | ITER: 43 END: OK
2018-04-19 22:41:16.533 36483 INFO rally.task.runner [-] Task b994529c-2ecc-4b38-a460-57d82b1d902e | ITER: 45 START
2018-04-19 22:44:39.323 36484 INFO rally.task.runner [-] Task b994529c-2ecc-4b38-a460-57d82b1d902e | ITER: 44 END: OK
2018-04-19 22:44:39.327 36484 INFO rally.task.runner [-] Task b994529c-2ecc-4b38-a460-57d82b1d902e | ITER: 46 START
2018-04-19 22:47:20.208 36483 INFO rally.task.runner [-] Task b994529c-2ecc-4b38-a460-57d82b1d902e | ITER: 45 END: OK
2018-04-19 22:47:20.212 36483 INFO rally.task.runner [-] Task b994529c-2ecc-4b38-a460-57d82b1d902e | ITER: 47 START
2018-04-19 22:50:16.491 36484 INFO rally.task.runner [-] Task b994529c-2ecc-4b38-a460-57d82b1d902e | ITER: 46 END: OK
2018-04-19 22:50:16.496 36484 INFO rally.task.runner [-] Task b994529c-2ecc-4b38-a460-57d82b1d902e | ITER: 48 START
2018-04-19 22:53:10.331 36483 INFO rally.task.runner [-] Task b994529c-2ecc-4b38-a460-57d82b1d902e | ITER: 47 END: OK
2018-04-19 22:53:10.336 36483 INFO rally.task.runner [-] Task b994529c-2ecc-4b38-a460-57d82b1d902e | ITER: 49 START
2018-04-19 22:58:03.196 36484 INFO rally.task.runner [-] Task b994529c-2ecc-4b38-a460-57d82b1d902e | ITER: 48 END: OK
2018-04-19 22:58:03.200 36484 INFO rally.task.runner [-] Task b994529c-2ecc-4b38-a460-57d82b1d902e | ITER: 50 START
2018-04-19 22:58:21.311 36483 INFO rally.task.runner [-] Task b994529c-2ecc-4b38-a460-57d82b1d902e | ITER: 49 END: OK
2018-04-19 23:03:39.520 36484 INFO rally.task.runner [-] Task b994529c-2ecc-4b38-a460-57d82b1d902e | ITER: 50 END: OK
2018-04-19 23:03:39.545 36355 INFO rally.task.context [-] Task b994529c-2ecc-4b38-a460-57d82b1d902e | Context cleanup@openstack cleanup() started
2018-04-19 23:03:41.135 36355 INFO rally.task.context [-] Task b994529c-2ecc-4b38-a460-57d82b1d902e | Context cleanup@openstack cleanup() finished in 1.59 sec
2018-04-19 23:03:41.136 36355 INFO rally.task.context [-] Task b994529c-2ecc-4b38-a460-57d82b1d902e | Context users@openstack cleanup() started
2018-04-19 23:03:44.104 36355 INFO rally.task.context [-] Task b994529c-2ecc-4b38-a460-57d82b1d902e | Context users@openstack cleanup() finished in 2.97 sec
2018-04-19 23:03:44.928 36355 INFO rally.task.engine [-] Load duration is: 9788.690876
2018-04-19 23:03:44.929 36355 INFO rally.task.engine [-] Full runner duration is: 9790.735729
2018-04-19 23:03:44.929 36355 INFO rally.task.engine [-] Full duration is: 9798.723396
2018-04-19 23:03:45.150 36355 INFO rally.task.engine [-] Task b994529c-2ecc-4b38-a460-57d82b1d902e | Completed: Running task.

--------------------------------------------------------------------------------
Task b994529c-2ecc-4b38-a460-57d82b1d902e: finished
--------------------------------------------------------------------------------

test scenario NovaServers.boot_and_rebuild_server
args position 0
args values:
{
  "runner": {
    "times": 50, 
    "concurrency": 2
  }, 
  "contexts": {
    "users": {
      "tenants": 1, 
      "users_per_tenant": 1
    }
  }, 
  "args": {
    "flavor": {
      "name": "m1.xlarge"
    }, 
    "from_image": {
      "name": "Debian 9"
    }, 
    "to_image": {
      "name": "Ubuntu 14.04 LTS"
    }
  }, 
  "sla": {
    "failure_rate": {
      "max": 0
    }
  }, 
  "hooks": []
}

--------------------------------------------------------------------------------
Task b994529c-2ecc-4b38-a460-57d82b1d902e has 0 error(s)
--------------------------------------------------------------------------------

+------------------------------------------------------------------------------------------------------------------------+
|                                                  Response Times (sec)                                                  |
+---------------------+-----------+--------------+--------------+--------------+-----------+-----------+---------+-------+
| Action              | Min (sec) | Median (sec) | 90%ile (sec) | 95%ile (sec) | Max (sec) | Avg (sec) | Success | Count |
+---------------------+-----------+--------------+--------------+--------------+-----------+-----------+---------+-------+
| nova.boot_server    | 114.558   | 160.51       | 208.11       | 213.208      | 235.247   | 165.794   | 100.0%  | 50    |
| nova.rebuild_server | 170.301   | 216.571      | 258.525      | 261.712      | 269.303   | 216.194   | 100.0%  | 50    |
| nova.delete_server  | 2.434     | 2.569        | 4.71         | 4.751        | 4.945     | 3.271     | 100.0%  | 50    |
| total               | 310.975   | 364.718      | 466.784      | 472.707      | 506.864   | 385.258   | 100.0%  | 50    |
|  -> duration        | 308.975   | 362.718      | 464.784      | 470.707      | 504.864   | 383.258   | 100.0%  | 50    |
|  -> idle_duration   | 2.0       | 2.0          | 2.0          | 2.0          | 2.0       | 2.0       | 100.0%  | 50    |
+---------------------+-----------+--------------+--------------+--------------+-----------+-----------+---------+-------+

Load duration: 9788.690876
Full duration: 9798.723396

HINTS:
* To plot HTML graphics with this data, run:
	rally task report b994529c-2ecc-4b38-a460-57d82b1d902e --out output.html

* To generate a JUnit report, run:
	rally task export b994529c-2ecc-4b38-a460-57d82b1d902e --type junit --to output.xml

* To get raw JSON output of task results, run:
	rally task report b994529c-2ecc-4b38-a460-57d82b1d902e --json --out output.json

--------------------------------------------------------------------------------
Preparing input task
--------------------------------------------------------------------------------

Task is:
{
    "NovaServers.boot_server_from_volume_and_delete": [
        {
            "args": {
                "flavor": {
                    "name": "m1.medium"
                },
                "image": {
                    "name": "CentOS 7"
                },
                "volume_size": 50,
                "volume_type": "",
                "force_delete": false
            },
            "runner": {
                "type": "constant",
                "times": 50,
                "concurrency": 5
            },
            "context": {
            },
            "sla": {
                "failure_rate": {
                    "max": 0
                }
            }
        }
    ]
}

Task syntax is correct :)
Running Rally version 0.10.1~dev119
--------------------------------------------------------------------------------
Task  9caa4676-76c0-4dde-96bd-d0c00dc1f092: started
--------------------------------------------------------------------------------

Running Task... This can take a while...

To track task status use:

	rally task status
	or
	rally task detailed

Using task: 9caa4676-76c0-4dde-96bd-d0c00dc1f092
2018-04-19 23:03:46.904 36781 INFO rally.task.engine [-] Task 9caa4676-76c0-4dde-96bd-d0c00dc1f092 | Starting:  Task validation.
2018-04-19 23:03:46.916 36781 INFO rally.task.engine [-] Task 9caa4676-76c0-4dde-96bd-d0c00dc1f092 | Starting:  Task validation of syntax.
2018-04-19 23:03:46.929 36781 INFO rally.task.engine [-] Task 9caa4676-76c0-4dde-96bd-d0c00dc1f092 | Completed: Task validation of syntax.
2018-04-19 23:03:46.930 36781 INFO rally.task.engine [-] Task 9caa4676-76c0-4dde-96bd-d0c00dc1f092 | Starting:  Task validation of required platforms.
2018-04-19 23:03:46.937 36781 INFO rally.task.engine [-] Task 9caa4676-76c0-4dde-96bd-d0c00dc1f092 | Completed: Task validation of required platforms.
2018-04-19 23:03:46.937 36781 INFO rally.task.engine [-] Task 9caa4676-76c0-4dde-96bd-d0c00dc1f092 | Starting:  Task validation of semantic.
2018-04-19 23:03:49.874 36781 INFO rally.task.context [-] Task 9caa4676-76c0-4dde-96bd-d0c00dc1f092 | Context users@openstack setup()  finished in 2.28 sec
2018-04-19 23:03:51.163 36781 INFO rally.task.context [-] Task 9caa4676-76c0-4dde-96bd-d0c00dc1f092 | Context users@openstack cleanup() started
2018-04-19 23:03:54.405 36781 INFO rally.task.context [-] Task 9caa4676-76c0-4dde-96bd-d0c00dc1f092 | Context users@openstack cleanup() finished in 3.24 sec
2018-04-19 23:03:54.405 36781 INFO rally.task.engine [-] Task 9caa4676-76c0-4dde-96bd-d0c00dc1f092 | Completed: Task validation of semantic.
2018-04-19 23:03:54.406 36781 INFO rally.task.engine [-] Task 9caa4676-76c0-4dde-96bd-d0c00dc1f092 | Completed: Task validation.
2018-04-19 23:03:54.406 36781 INFO rally.api [-] Task 9caa4676-76c0-4dde-96bd-d0c00dc1f092 input file is valid.
2018-04-19 23:03:54.407 36781 INFO rally.api [-] Run Task 9caa4676-76c0-4dde-96bd-d0c00dc1f092 against Deployment ab52c4ca-1635-4294-83f0-32b091812a67
2018-04-19 23:03:54.407 36781 INFO rally.task.engine [-] Task 9caa4676-76c0-4dde-96bd-d0c00dc1f092 | Starting:  Running task.
2018-04-19 23:03:54.462 36781 INFO rally.task.engine [-] Running workload: 
  position = 0
  config = {
   "version": 2, 
   "title": "A cropped version of a bigger task.", 
   "description": "Auto-generated task from a single workload (uuid=91754cc0-8d93-42e5-86a4-f9cd4a35662e)", 
   "subtasks": [
      {
         "title": "NovaServers.boot_server_from_volume_and_delete", 
         "description": "Boot a server from volume and then delete it.", 
         "scenario": {
            "NovaServers.boot_server_from_volume_and_delete": {
               "flavor": {
                  "name": "m1.medium"
               }, 
               "image": {
                  "name": "CentOS 7"
               }, 
               "volume_size": 50, 
               "volume_type": "", 
               "force_delete": false
            }
         }, 
         "contexts": {}, 
         "runner": {
            "constant": {
               "times": 50, 
               "concurrency": 5
            }
         }, 
         "hooks": [], 
         "sla": {
            "failure_rate": {
               "max": 0
            }
         }
      }
   ]
}
2018-04-19 23:03:56.955 36781 INFO rally.task.context [-] Task 9caa4676-76c0-4dde-96bd-d0c00dc1f092 | Context users@openstack setup()  finished in 2.46 sec
2018-04-19 23:03:56.956 36781 INFO rally.task.context [-] Task 9caa4676-76c0-4dde-96bd-d0c00dc1f092 | Context cleanup@openstack setup()  finished in 0.05 msec
2018-04-19 23:03:57.670 36909 INFO rally.task.runner [-] Task 9caa4676-76c0-4dde-96bd-d0c00dc1f092 | ITER: 1 START
2018-04-19 23:03:57.673 36910 INFO rally.task.runner [-] Task 9caa4676-76c0-4dde-96bd-d0c00dc1f092 | ITER: 2 START
2018-04-19 23:03:57.677 36911 INFO rally.task.runner [-] Task 9caa4676-76c0-4dde-96bd-d0c00dc1f092 | ITER: 3 START
2018-04-19 23:03:57.679 36913 INFO rally.task.runner [-] Task 9caa4676-76c0-4dde-96bd-d0c00dc1f092 | ITER: 4 START
2018-04-19 23:03:57.683 36917 INFO rally.task.runner [-] Task 9caa4676-76c0-4dde-96bd-d0c00dc1f092 | ITER: 5 START
2018-04-19 23:04:43.299 36909 INFO rally.task.runner [-] Task 9caa4676-76c0-4dde-96bd-d0c00dc1f092 | ITER: 1 END: OK
2018-04-19 23:04:43.306 36909 INFO rally.task.runner [-] Task 9caa4676-76c0-4dde-96bd-d0c00dc1f092 | ITER: 6 START
2018-04-19 23:04:45.084 36913 INFO rally.task.runner [-] Task 9caa4676-76c0-4dde-96bd-d0c00dc1f092 | ITER: 4 END: OK
2018-04-19 23:04:45.090 36913 INFO rally.task.runner [-] Task 9caa4676-76c0-4dde-96bd-d0c00dc1f092 | ITER: 7 START
2018-04-19 23:04:46.591 36917 INFO rally.task.runner [-] Task 9caa4676-76c0-4dde-96bd-d0c00dc1f092 | ITER: 5 END: OK
2018-04-19 23:04:46.596 36917 INFO rally.task.runner [-] Task 9caa4676-76c0-4dde-96bd-d0c00dc1f092 | ITER: 8 START
2018-04-19 23:04:59.384 36911 INFO rally.task.runner [-] Task 9caa4676-76c0-4dde-96bd-d0c00dc1f092 | ITER: 3 END: OK
2018-04-19 23:04:59.390 36911 INFO rally.task.runner [-] Task 9caa4676-76c0-4dde-96bd-d0c00dc1f092 | ITER: 9 START
2018-04-19 23:04:59.543 36910 INFO rally.task.runner [-] Task 9caa4676-76c0-4dde-96bd-d0c00dc1f092 | ITER: 2 END: OK
2018-04-19 23:04:59.549 36910 INFO rally.task.runner [-] Task 9caa4676-76c0-4dde-96bd-d0c00dc1f092 | ITER: 10 START
2018-04-19 23:05:22.036 36909 INFO rally.task.runner [-] Task 9caa4676-76c0-4dde-96bd-d0c00dc1f092 | ITER: 6 END: OK
2018-04-19 23:05:22.040 36909 INFO rally.task.runner [-] Task 9caa4676-76c0-4dde-96bd-d0c00dc1f092 | ITER: 11 START
2018-04-19 23:05:33.882 36910 INFO rally.task.runner [-] Task 9caa4676-76c0-4dde-96bd-d0c00dc1f092 | ITER: 10 END: OK
2018-04-19 23:05:33.887 36910 INFO rally.task.runner [-] Task 9caa4676-76c0-4dde-96bd-d0c00dc1f092 | ITER: 12 START
2018-04-19 23:05:51.661 36909 INFO rally.task.runner [-] Task 9caa4676-76c0-4dde-96bd-d0c00dc1f092 | ITER: 11 END: OK
2018-04-19 23:05:51.664 36909 INFO rally.task.runner [-] Task 9caa4676-76c0-4dde-96bd-d0c00dc1f092 | ITER: 13 START
2018-04-19 23:06:21.401 36909 INFO rally.task.runner [-] Task 9caa4676-76c0-4dde-96bd-d0c00dc1f092 | ITER: 13 END: OK
2018-04-19 23:06:21.405 36909 INFO rally.task.runner [-] Task 9caa4676-76c0-4dde-96bd-d0c00dc1f092 | ITER: 14 START
2018-04-19 23:06:51.515 36909 INFO rally.task.runner [-] Task 9caa4676-76c0-4dde-96bd-d0c00dc1f092 | ITER: 14 END: OK
2018-04-19 23:06:51.520 36909 INFO rally.task.runner [-] Task 9caa4676-76c0-4dde-96bd-d0c00dc1f092 | ITER: 15 START
2018-04-19 23:07:23.954 36909 INFO rally.task.runner [-] Task 9caa4676-76c0-4dde-96bd-d0c00dc1f092 | ITER: 15 END: OK
2018-04-19 23:07:23.958 36909 INFO rally.task.runner [-] Task 9caa4676-76c0-4dde-96bd-d0c00dc1f092 | ITER: 16 START
2018-04-19 23:07:56.270 36909 INFO rally.task.runner [-] Task 9caa4676-76c0-4dde-96bd-d0c00dc1f092 | ITER: 16 END: OK
2018-04-19 23:07:56.275 36909 INFO rally.task.runner [-] Task 9caa4676-76c0-4dde-96bd-d0c00dc1f092 | ITER: 17 START
2018-04-19 23:08:23.560 36909 INFO rally.task.runner [-] Task 9caa4676-76c0-4dde-96bd-d0c00dc1f092 | ITER: 17 END: OK
2018-04-19 23:08:23.564 36909 INFO rally.task.runner [-] Task 9caa4676-76c0-4dde-96bd-d0c00dc1f092 | ITER: 18 START
2018-04-19 23:08:53.455 36909 INFO rally.task.runner [-] Task 9caa4676-76c0-4dde-96bd-d0c00dc1f092 | ITER: 18 END: OK
2018-04-19 23:08:53.459 36909 INFO rally.task.runner [-] Task 9caa4676-76c0-4dde-96bd-d0c00dc1f092 | ITER: 19 START
2018-04-19 23:09:22.951 36909 INFO rally.task.runner [-] Task 9caa4676-76c0-4dde-96bd-d0c00dc1f092 | ITER: 19 END: OK
2018-04-19 23:09:22.955 36909 INFO rally.task.runner [-] Task 9caa4676-76c0-4dde-96bd-d0c00dc1f092 | ITER: 20 START
2018-04-19 23:09:55.142 36909 INFO rally.task.runner [-] Task 9caa4676-76c0-4dde-96bd-d0c00dc1f092 | ITER: 20 END: OK
2018-04-19 23:09:55.145 36909 INFO rally.task.runner [-] Task 9caa4676-76c0-4dde-96bd-d0c00dc1f092 | ITER: 21 START
2018-04-19 23:10:25.551 36909 INFO rally.task.runner [-] Task 9caa4676-76c0-4dde-96bd-d0c00dc1f092 | ITER: 21 END: OK
2018-04-19 23:10:25.554 36909 INFO rally.task.runner [-] Task 9caa4676-76c0-4dde-96bd-d0c00dc1f092 | ITER: 22 START
2018-04-19 23:11:04.534 36909 INFO rally.task.runner [-] Task 9caa4676-76c0-4dde-96bd-d0c00dc1f092 | ITER: 22 END: OK
2018-04-19 23:11:04.538 36909 INFO rally.task.runner [-] Task 9caa4676-76c0-4dde-96bd-d0c00dc1f092 | ITER: 23 START
2018-04-19 23:11:36.422 36909 INFO rally.task.runner [-] Task 9caa4676-76c0-4dde-96bd-d0c00dc1f092 | ITER: 23 END: OK
2018-04-19 23:11:36.425 36909 INFO rally.task.runner [-] Task 9caa4676-76c0-4dde-96bd-d0c00dc1f092 | ITER: 24 START
2018-04-19 23:12:08.682 36909 INFO rally.task.runner [-] Task 9caa4676-76c0-4dde-96bd-d0c00dc1f092 | ITER: 24 END: OK
2018-04-19 23:12:08.685 36909 INFO rally.task.runner [-] Task 9caa4676-76c0-4dde-96bd-d0c00dc1f092 | ITER: 25 START
2018-04-19 23:12:38.367 36909 INFO rally.task.runner [-] Task 9caa4676-76c0-4dde-96bd-d0c00dc1f092 | ITER: 25 END: OK
2018-04-19 23:12:38.371 36909 INFO rally.task.runner [-] Task 9caa4676-76c0-4dde-96bd-d0c00dc1f092 | ITER: 26 START
2018-04-19 23:14:49.880 36913 INFO rally.task.runner [-] Task 9caa4676-76c0-4dde-96bd-d0c00dc1f092 | ITER: 7 END: Error TimeoutException: Rally tired waiting 600.00 seconds for Volume s_rally_91754cc0_VRFDYR2z:4e53b871-d032-4d39-bcb2-113d55cfb22d to become ('AVAILABLE') current status ERROR
2018-04-19 23:14:49.885 36913 INFO rally.task.runner [-] Task 9caa4676-76c0-4dde-96bd-d0c00dc1f092 | ITER: 27 START
2018-04-19 23:14:49.921 36917 INFO rally.task.runner [-] Task 9caa4676-76c0-4dde-96bd-d0c00dc1f092 | ITER: 8 END: Error TimeoutException: Rally tired waiting 600.00 seconds for Volume s_rally_91754cc0_g6W1g7Mh:e1b6c7a0-73df-49ea-92ce-6112f3a5adac to become ('AVAILABLE') current status ERROR
2018-04-19 23:14:49.925 36917 INFO rally.task.runner [-] Task 9caa4676-76c0-4dde-96bd-d0c00dc1f092 | ITER: 28 START
2018-04-19 23:15:04.152 36911 INFO rally.task.runner [-] Task 9caa4676-76c0-4dde-96bd-d0c00dc1f092 | ITER: 9 END: Error TimeoutException: Rally tired waiting 600.00 seconds for Volume s_rally_91754cc0_c4Q3qoym:b02aaf03-2aa2-421a-acf6-1137efb83580 to become ('AVAILABLE') current status ERROR
2018-04-19 23:15:04.157 36911 INFO rally.task.runner [-] Task 9caa4676-76c0-4dde-96bd-d0c00dc1f092 | ITER: 29 START
2018-04-19 23:15:24.729 36913 INFO rally.task.runner [-] Task 9caa4676-76c0-4dde-96bd-d0c00dc1f092 | ITER: 27 END: OK
2018-04-19 23:15:24.733 36913 INFO rally.task.runner [-] Task 9caa4676-76c0-4dde-96bd-d0c00dc1f092 | ITER: 30 START
2018-04-19 23:15:30.555 36917 INFO rally.task.runner [-] Task 9caa4676-76c0-4dde-96bd-d0c00dc1f092 | ITER: 28 END: OK
2018-04-19 23:15:30.558 36917 INFO rally.task.runner [-] Task 9caa4676-76c0-4dde-96bd-d0c00dc1f092 | ITER: 31 START
2018-04-19 23:15:37.050 36910 INFO rally.task.runner [-] Task 9caa4676-76c0-4dde-96bd-d0c00dc1f092 | ITER: 12 END: Error TimeoutException: Rally tired waiting 600.00 seconds for Volume s_rally_91754cc0_TGyWialL:ddb8eeea-bcbb-4300-94a5-cfb860d6648e to become ('AVAILABLE') current status ERROR
2018-04-19 23:15:37.055 36910 INFO rally.task.runner [-] Task 9caa4676-76c0-4dde-96bd-d0c00dc1f092 | ITER: 32 START
2018-04-19 23:16:06.964 36917 INFO rally.task.runner [-] Task 9caa4676-76c0-4dde-96bd-d0c00dc1f092 | ITER: 31 END: OK
2018-04-19 23:16:06.968 36917 INFO rally.task.runner [-] Task 9caa4676-76c0-4dde-96bd-d0c00dc1f092 | ITER: 33 START
2018-04-19 23:16:10.981 36910 INFO rally.task.runner [-] Task 9caa4676-76c0-4dde-96bd-d0c00dc1f092 | ITER: 32 END: OK
2018-04-19 23:16:10.985 36910 INFO rally.task.runner [-] Task 9caa4676-76c0-4dde-96bd-d0c00dc1f092 | ITER: 34 START
2018-04-19 23:16:39.101 36917 INFO rally.task.runner [-] Task 9caa4676-76c0-4dde-96bd-d0c00dc1f092 | ITER: 33 END: OK
2018-04-19 23:16:39.105 36917 INFO rally.task.runner [-] Task 9caa4676-76c0-4dde-96bd-d0c00dc1f092 | ITER: 35 START
2018-04-19 23:16:40.743 36910 INFO rally.task.runner [-] Task 9caa4676-76c0-4dde-96bd-d0c00dc1f092 | ITER: 34 END: OK
2018-04-19 23:16:40.747 36910 INFO rally.task.runner [-] Task 9caa4676-76c0-4dde-96bd-d0c00dc1f092 | ITER: 36 START
